2025-09-15 21:43:54 [TRACE] 【线程启动】全局监听
2025-09-15 21:43:54 [TRACE] 【线程启动】终止监听
2025-09-15 21:43:55 [INFO] 现在执行 1 次零号空洞
2025-09-15 21:43:57 [DEBUG] 初始化完毕..启动{零号空洞}模块
2025-09-15 21:44:00 [DEBUG] 启动游戏：D:/Game Files/ZenlessZoneZero Game/ZenlessZoneZero.exe
2025-09-15 21:44:05 [SUCCESS] 程序开始接管操作，请保持游戏画面处于前台，终止按下Alt键
2025-09-15 21:44:05 [TRACE] 【线程启动】空洞搜索
2025-09-15 21:44:05 [TRACE] 【线程启动】空洞监听
2025-09-15 21:44:05 [TRACE] 【线程启动】空洞战斗
2025-09-15 21:44:05 [DEBUG] 正在返回菜单
2025-09-15 21:44:05 [TRACE] 正在返回菜单,请保持游戏画面处于前台
2025-09-15 21:44:07 [TRACE] 正在返回菜单,请保持游戏画面处于前台
2025-09-15 21:44:09 [TRACE] 正在返回菜单,请保持游戏画面处于前台
2025-09-15 21:44:11 [TRACE] 正在返回菜单,请保持游戏画面处于前台
2025-09-15 21:44:14 [TRACE] 正在返回菜单,请保持游戏画面处于前台
2025-09-15 21:44:16 [TRACE] 正在返回菜单,请保持游戏画面处于前台
2025-09-15 21:44:18 [TRACE] 正在返回菜单,请保持游戏画面处于前台
2025-09-15 21:44:20 [TRACE] 正在返回菜单,请保持游戏画面处于前台
2025-09-15 21:44:22 [TRACE] 正在返回菜单,请保持游戏画面处于前台
2025-09-15 21:44:24 [TRACE] 正在返回菜单,请保持游戏画面处于前台
2025-09-15 21:44:27 [TRACE] 正在返回菜单,请保持游戏画面处于前台
2025-09-15 21:44:29 [TRACE] 正在返回菜单,请保持游戏画面处于前台
2025-09-15 21:44:31 [TRACE] 正在返回菜单,请保持游戏画面处于前台
2025-09-15 21:44:33 [TRACE] 正在返回菜单,请保持游戏画面处于前台
2025-09-15 21:44:35 [TRACE] 正在返回菜单,请保持游戏画面处于前台
2025-09-15 21:44:37 [TRACE] 正在返回菜单,请保持游戏画面处于前台
2025-09-15 21:44:39 [TRACE] 正在返回菜单,请保持游戏画面处于前台
2025-09-15 21:44:41 [TRACE] 正在返回菜单,请保持游戏画面处于前台
2025-09-15 21:44:43 [TRACE] 正在返回菜单,请保持游戏画面处于前台
2025-09-15 21:44:46 [TRACE] 正在返回菜单,请保持游戏画面处于前台
2025-09-15 21:44:48 [TRACE] 正在返回菜单,请保持游戏画面处于前台
2025-09-15 21:44:50 [TRACE] 正在返回菜单,请保持游戏画面处于前台
2025-09-15 21:44:52 [TRACE] 正在返回菜单,请保持游戏画面处于前台
2025-09-15 21:44:54 [TRACE] 正在返回菜单,请保持游戏画面处于前台
2025-09-15 21:44:56 [TRACE] 正在返回菜单,请保持游戏画面处于前台
2025-09-15 21:44:58 [TRACE] 正在返回菜单,请保持游戏画面处于前台
2025-09-15 21:45:01 [TRACE] 正在返回菜单,请保持游戏画面处于前台
2025-09-15 21:45:03 [TRACE] 正在返回菜单,请保持游戏画面处于前台
2025-09-15 21:45:05 [TRACE] 正在返回菜单,请保持游戏画面处于前台
2025-09-15 21:45:07 [TRACE] 正在返回菜单,请保持游戏画面处于前台
2025-09-15 21:45:09 [TRACE] 正在返回菜单,请保持游戏画面处于前台
2025-09-15 21:45:11 [TRACE] 正在返回菜单,请保持游戏画面处于前台
2025-09-15 21:45:14 [TRACE] 正在返回菜单,请保持游戏画面处于前台
2025-09-15 21:45:16 [TRACE] 正在返回菜单,请保持游戏画面处于前台
2025-09-15 21:45:18 [TRACE] 正在返回菜单,请保持游戏画面处于前台
2025-09-15 21:45:20 [TRACE] 正在返回菜单,请保持游戏画面处于前台
2025-09-15 21:45:22 [TRACE] 正在返回菜单,请保持游戏画面处于前台
2025-09-15 21:45:24 [TRACE] 正在返回菜单,请保持游戏画面处于前台
2025-09-15 21:45:26 [TRACE] 正在返回菜单,请保持游戏画面处于前台
2025-09-15 21:45:29 [TRACE] 正在返回菜单,请保持游戏画面处于前台
2025-09-15 21:45:31 [TRACE] 正在返回菜单,请保持游戏画面处于前台
2025-09-15 21:45:33 [TRACE] 正在返回菜单,请保持游戏画面处于前台
2025-09-15 21:45:35 [TRACE] 正在返回菜单,请保持游戏画面处于前台
2025-09-15 21:45:37 [TRACE] 正在返回菜单,请保持游戏画面处于前台
2025-09-15 21:45:39 [TRACE] 正在返回菜单,请保持游戏画面处于前台
2025-09-15 21:45:41 [TRACE] 正在返回菜单,请保持游戏画面处于前台
2025-09-15 21:45:44 [TRACE] 正在返回菜单,请保持游戏画面处于前台
2025-09-15 21:45:46 [TRACE] 正在返回菜单,请保持游戏画面处于前台
2025-09-15 21:45:48 [TRACE] 正在返回菜单,请保持游戏画面处于前台
2025-09-15 21:45:50 [TRACE] 正在返回菜单,请保持游戏画面处于前台
2025-09-15 21:45:52 [TRACE] 正在返回菜单,请保持游戏画面处于前台
2025-09-15 21:45:54 [TRACE] 正在返回菜单,请保持游戏画面处于前台
2025-09-15 21:45:57 [TRACE] 正在返回菜单,请保持游戏画面处于前台
2025-09-15 21:45:59 [TRACE] 正在返回菜单,请保持游戏画面处于前台
2025-09-15 21:46:01 [TRACE] 正在返回菜单,请保持游戏画面处于前台
2025-09-15 21:46:03 [TRACE] 正在返回菜单,请保持游戏画面处于前台
2025-09-15 21:46:05 [TRACE] 正在返回菜单,请保持游戏画面处于前台
2025-09-15 21:46:07 [TRACE] 正在返回菜单,请保持游戏画面处于前台
2025-09-15 21:46:10 [TRACE] 正在返回菜单,请保持游戏画面处于前台
2025-09-15 21:46:12 [TRACE] 正在返回菜单,请保持游戏画面处于前台
2025-09-15 21:46:14 [TRACE] 正在返回菜单,请保持游戏画面处于前台
2025-09-15 21:46:16 [TRACE] 正在返回菜单,请保持游戏画面处于前台
2025-09-15 21:46:18 [TRACE] 正在返回菜单,请保持游戏画面处于前台
2025-09-15 21:46:20 [TRACE] 正在返回菜单,请保持游戏画面处于前台
2025-09-15 21:46:22 [TRACE] 正在返回菜单,请保持游戏画面处于前台
2025-09-15 21:46:25 [TRACE] 正在返回菜单,请保持游戏画面处于前台
2025-09-15 21:46:27 [TRACE] 正在返回菜单,请保持游戏画面处于前台
2025-09-15 21:46:29 [TRACE] 正在返回菜单,请保持游戏画面处于前台
2025-09-15 21:46:31 [TRACE] 正在返回菜单,请保持游戏画面处于前台
2025-09-15 21:46:33 [TRACE] 正在返回菜单,请保持游戏画面处于前台
2025-09-15 21:46:35 [TRACE] 正在返回菜单,请保持游戏画面处于前台
2025-09-15 21:46:38 [TRACE] 正在返回菜单,请保持游戏画面处于前台
2025-09-15 21:46:40 [TRACE] 正在返回菜单,请保持游戏画面处于前台
2025-09-15 21:46:42 [TRACE] 正在返回菜单,请保持游戏画面处于前台
2025-09-15 21:46:44 [TRACE] 正在返回菜单,请保持游戏画面处于前台
2025-09-15 21:46:46 [TRACE] 正在返回菜单,请保持游戏画面处于前台
2025-09-15 21:46:48 [TRACE] 正在返回菜单,请保持游戏画面处于前台
2025-09-15 21:46:50 [TRACE] 正在返回菜单,请保持游戏画面处于前台
2025-09-15 21:46:53 [TRACE] 正在返回菜单,请保持游戏画面处于前台
2025-09-15 21:46:55 [TRACE] 正在返回菜单,请保持游戏画面处于前台
2025-09-15 21:46:57 [TRACE] 正在返回菜单,请保持游戏画面处于前台
2025-09-15 21:46:59 [TRACE] 正在返回菜单,请保持游戏画面处于前台
2025-09-15 21:47:01 [TRACE] 正在返回菜单,请保持游戏画面处于前台
2025-09-15 21:47:03 [TRACE] 正在返回菜单,请保持游戏画面处于前台
2025-09-15 21:47:05 [TRACE] 正在返回菜单,请保持游戏画面处于前台
2025-09-15 21:47:08 [TRACE] 正在返回菜单,请保持游戏画面处于前台
2025-09-15 21:47:10 [TRACE] 正在返回菜单,请保持游戏画面处于前台
2025-09-15 21:47:12 [TRACE] 正在返回菜单,请保持游戏画面处于前台
2025-09-15 21:47:14 [TRACE] 正在返回菜单,请保持游戏画面处于前台
2025-09-15 21:47:16 [TRACE] 正在返回菜单,请保持游戏画面处于前台
2025-09-15 21:47:18 [TRACE] 正在返回菜单,请保持游戏画面处于前台
2025-09-15 21:47:21 [TRACE] 正在返回菜单,请保持游戏画面处于前台
2025-09-15 21:47:23 [TRACE] 正在返回菜单,请保持游戏画面处于前台
2025-09-15 21:47:25 [TRACE] 正在返回菜单,请保持游戏画面处于前台
2025-09-15 21:47:27 [TRACE] 正在返回菜单,请保持游戏画面处于前台
2025-09-15 21:47:29 [TRACE] 正在返回菜单,请保持游戏画面处于前台
2025-09-15 21:47:31 [TRACE] 正在返回菜单,请保持游戏画面处于前台
2025-09-15 21:47:33 [TRACE] 正在返回菜单,请保持游戏画面处于前台
2025-09-15 21:47:36 [TRACE] 正在返回菜单,请保持游戏画面处于前台
2025-09-15 21:47:38 [TRACE] 正在返回菜单,请保持游戏画面处于前台
2025-09-15 21:47:40 [TRACE] 正在返回菜单,请保持游戏画面处于前台
2025-09-15 21:47:42 [TRACE] 正在返回菜单,请保持游戏画面处于前台
2025-09-15 21:47:44 [TRACE] 正在返回菜单,请保持游戏画面处于前台
2025-09-15 21:47:46 [TRACE] 正在返回菜单,请保持游戏画面处于前台
2025-09-15 21:47:48 [TRACE] 正在返回菜单,请保持游戏画面处于前台
2025-09-15 21:47:50 [TRACE] 正在返回菜单,请保持游戏画面处于前台
2025-09-15 21:47:53 [TRACE] 正在返回菜单,请保持游戏画面处于前台
2025-09-15 21:47:55 [TRACE] 正在返回菜单,请保持游戏画面处于前台
2025-09-15 21:47:57 [TRACE] 正在返回菜单,请保持游戏画面处于前台
2025-09-15 21:47:59 [TRACE] 正在返回菜单,请保持游戏画面处于前台
2025-09-15 21:48:01 [TRACE] 正在返回菜单,请保持游戏画面处于前台
2025-09-15 21:48:03 [TRACE] 正在返回菜单,请保持游戏画面处于前台
2025-09-15 21:48:05 [TRACE] 正在返回菜单,请保持游戏画面处于前台
2025-09-15 21:48:07 [TRACE] 正在返回菜单,请保持游戏画面处于前台
2025-09-15 21:48:10 [TRACE] 正在返回菜单,请保持游戏画面处于前台
2025-09-15 21:48:12 [TRACE] 正在返回菜单,请保持游戏画面处于前台
2025-09-15 21:48:14 [TRACE] 正在返回菜单,请保持游戏画面处于前台
2025-09-15 21:48:16 [TRACE] 正在返回菜单,请保持游戏画面处于前台
2025-09-15 21:48:18 [TRACE] 正在返回菜单,请保持游戏画面处于前台
2025-09-15 21:48:20 [TRACE] 正在返回菜单,请保持游戏画面处于前台
2025-09-15 21:48:22 [TRACE] 正在返回菜单,请保持游戏画面处于前台
2025-09-15 21:48:24 [TRACE] 正在返回菜单,请保持游戏画面处于前台
2025-09-15 21:48:27 [TRACE] 正在返回菜单,请保持游戏画面处于前台
2025-09-15 21:48:29 [TRACE] 正在返回菜单,请保持游戏画面处于前台
2025-09-15 21:48:31 [TRACE] 正在返回菜单,请保持游戏画面处于前台
2025-09-15 21:48:33 [TRACE] 正在返回菜单,请保持游戏画面处于前台
2025-09-15 21:48:35 [TRACE] 正在返回菜单,请保持游戏画面处于前台
2025-09-15 21:48:37 [TRACE] 正在返回菜单,请保持游戏画面处于前台
2025-09-15 21:48:39 [TRACE] 正在返回菜单,请保持游戏画面处于前台
2025-09-15 21:48:41 [TRACE] 正在返回菜单,请保持游戏画面处于前台
2025-09-15 21:48:44 [TRACE] 正在返回菜单,请保持游戏画面处于前台
2025-09-15 21:48:46 [TRACE] 正在返回菜单,请保持游戏画面处于前台
2025-09-15 21:48:48 [TRACE] 正在返回菜单,请保持游戏画面处于前台
2025-09-15 21:48:50 [TRACE] 正在返回菜单,请保持游戏画面处于前台
2025-09-15 21:48:52 [TRACE] 正在返回菜单,请保持游戏画面处于前台
2025-09-15 21:48:54 [TRACE] 正在返回菜单,请保持游戏画面处于前台
2025-09-15 21:48:56 [TRACE] 正在返回菜单,请保持游戏画面处于前台
2025-09-15 21:48:58 [TRACE] 正在返回菜单,请保持游戏画面处于前台
2025-09-15 21:49:00 [TRACE] 正在返回菜单,请保持游戏画面处于前台
2025-09-15 21:49:03 [TRACE] 正在返回菜单,请保持游戏画面处于前台
2025-09-15 21:49:05 [TRACE] 正在返回菜单,请保持游戏画面处于前台
2025-09-15 21:49:07 [TRACE] 正在返回菜单,请保持游戏画面处于前台
2025-09-15 21:49:09 [TRACE] 正在返回菜单,请保持游戏画面处于前台
2025-09-15 21:49:11 [TRACE] 正在返回菜单,请保持游戏画面处于前台
2025-09-15 21:49:13 [TRACE] 正在返回菜单,请保持游戏画面处于前台
2025-09-15 21:49:15 [TRACE] 正在返回菜单,请保持游戏画面处于前台
2025-09-15 21:49:17 [TRACE] 正在返回菜单,请保持游戏画面处于前台
2025-09-15 21:49:20 [TRACE] 正在返回菜单,请保持游戏画面处于前台
2025-09-15 21:49:22 [TRACE] 正在返回菜单,请保持游戏画面处于前台
2025-09-15 21:49:24 [TRACE] 正在返回菜单,请保持游戏画面处于前台
2025-09-15 21:49:26 [TRACE] 正在返回菜单,请保持游戏画面处于前台
2025-09-15 21:49:28 [TRACE] 正在返回菜单,请保持游戏画面处于前台
2025-09-15 21:49:30 [TRACE] 正在返回菜单,请保持游戏画面处于前台
2025-09-15 21:49:32 [TRACE] 正在返回菜单,请保持游戏画面处于前台
2025-09-15 21:49:34 [TRACE] 正在返回菜单,请保持游戏画面处于前台
2025-09-15 21:49:37 [TRACE] 正在返回菜单,请保持游戏画面处于前台
2025-09-15 21:49:39 [TRACE] 正在返回菜单,请保持游戏画面处于前台
2025-09-15 21:49:41 [TRACE] 正在返回菜单,请保持游戏画面处于前台
2025-09-15 21:49:43 [TRACE] 正在返回菜单,请保持游戏画面处于前台
2025-09-15 21:49:45 [TRACE] 正在返回菜单,请保持游戏画面处于前台
2025-09-15 21:49:47 [TRACE] 正在返回菜单,请保持游戏画面处于前台
2025-09-15 21:49:49 [TRACE] 正在返回菜单,请保持游戏画面处于前台
2025-09-15 21:49:51 [TRACE] 正在返回菜单,请保持游戏画面处于前台
2025-09-15 21:49:54 [TRACE] 正在返回菜单,请保持游戏画面处于前台
2025-09-15 21:49:56 [TRACE] 正在返回菜单,请保持游戏画面处于前台
2025-09-15 21:49:58 [TRACE] 正在返回菜单,请保持游戏画面处于前台
2025-09-15 21:50:00 [TRACE] 正在返回菜单,请保持游戏画面处于前台
2025-09-15 21:50:02 [TRACE] 正在返回菜单,请保持游戏画面处于前台
2025-09-15 21:50:04 [TRACE] 正在返回菜单,请保持游戏画面处于前台
2025-09-15 21:50:06 [TRACE] 正在返回菜单,请保持游戏画面处于前台
2025-09-15 21:50:09 [TRACE] 正在返回菜单,请保持游戏画面处于前台
2025-09-15 21:50:11 [TRACE] 正在返回菜单,请保持游戏画面处于前台
2025-09-15 21:50:13 [TRACE] 正在返回菜单,请保持游戏画面处于前台
2025-09-15 21:50:15 [TRACE] 正在返回菜单,请保持游戏画面处于前台
2025-09-15 21:50:17 [TRACE] 正在返回菜单,请保持游戏画面处于前台
2025-09-15 21:50:19 [TRACE] 正在返回菜单,请保持游戏画面处于前台
2025-09-15 21:50:22 [TRACE] 正在返回菜单,请保持游戏画面处于前台
2025-09-15 21:50:24 [TRACE] 正在返回菜单,请保持游戏画面处于前台
2025-09-15 21:50:26 [TRACE] 正在返回菜单,请保持游戏画面处于前台
2025-09-15 21:50:28 [TRACE] 正在返回菜单,请保持游戏画面处于前台
2025-09-15 21:50:30 [TRACE] 正在返回菜单,请保持游戏画面处于前台
2025-09-15 21:50:32 [TRACE] 正在返回菜单,请保持游戏画面处于前台
2025-09-15 21:50:34 [TRACE] 正在返回菜单,请保持游戏画面处于前台
2025-09-15 21:50:37 [TRACE] 正在返回菜单,请保持游戏画面处于前台
2025-09-15 21:50:39 [TRACE] 正在返回菜单,请保持游戏画面处于前台
2025-09-15 21:50:41 [TRACE] 正在返回菜单,请保持游戏画面处于前台
2025-09-15 21:50:43 [TRACE] 正在返回菜单,请保持游戏画面处于前台
2025-09-15 21:50:45 [TRACE] 正在返回菜单,请保持游戏画面处于前台
2025-09-15 21:50:47 [TRACE] 正在返回菜单,请保持游戏画面处于前台
2025-09-15 21:50:49 [TRACE] 正在返回菜单,请保持游戏画面处于前台
2025-09-15 21:50:52 [TRACE] 正在返回菜单,请保持游戏画面处于前台
2025-09-15 21:50:54 [TRACE] 正在返回菜单,请保持游戏画面处于前台
2025-09-15 21:50:56 [TRACE] 正在返回菜单,请保持游戏画面处于前台
2025-09-15 21:50:58 [TRACE] 正在返回菜单,请保持游戏画面处于前台
2025-09-15 21:51:00 [TRACE] 正在返回菜单,请保持游戏画面处于前台
2025-09-15 21:51:02 [TRACE] 正在返回菜单,请保持游戏画面处于前台
2025-09-15 21:51:04 [TRACE] 正在返回菜单,请保持游戏画面处于前台
2025-09-15 21:51:06 [TRACE] 正在返回菜单,请保持游戏画面处于前台
2025-09-15 21:51:09 [TRACE] 正在返回菜单,请保持游戏画面处于前台
2025-09-15 21:51:11 [TRACE] 正在返回菜单,请保持游戏画面处于前台
2025-09-15 21:51:13 [TRACE] 正在返回菜单,请保持游戏画面处于前台
2025-09-15 21:51:15 [TRACE] 正在返回菜单,请保持游戏画面处于前台
2025-09-15 21:51:17 [TRACE] 正在返回菜单,请保持游戏画面处于前台
2025-09-15 21:51:19 [TRACE] 正在返回菜单,请保持游戏画面处于前台
2025-09-15 21:51:22 [TRACE] 正在返回菜单,请保持游戏画面处于前台
2025-09-15 21:51:24 [TRACE] 正在返回菜单,请保持游戏画面处于前台
2025-09-15 21:51:26 [TRACE] 正在返回菜单,请保持游戏画面处于前台
2025-09-15 21:51:28 [TRACE] 正在返回菜单,请保持游戏画面处于前台
2025-09-15 21:51:30 [TRACE] 正在返回菜单,请保持游戏画面处于前台
2025-09-15 21:51:32 [TRACE] 正在返回菜单,请保持游戏画面处于前台
2025-09-15 21:51:34 [TRACE] 正在返回菜单,请保持游戏画面处于前台
2025-09-15 21:51:37 [TRACE] 正在返回菜单,请保持游戏画面处于前台
2025-09-15 21:51:39 [TRACE] 正在返回菜单,请保持游戏画面处于前台
2025-09-15 21:51:41 [TRACE] 正在返回菜单,请保持游戏画面处于前台
2025-09-15 21:51:43 [TRACE] 正在返回菜单,请保持游戏画面处于前台
2025-09-15 21:51:45 [TRACE] 正在返回菜单,请保持游戏画面处于前台
2025-09-15 21:51:47 [TRACE] 正在返回菜单,请保持游戏画面处于前台
2025-09-15 21:51:49 [TRACE] 正在返回菜单,请保持游戏画面处于前台
2025-09-15 21:51:52 [TRACE] 正在返回菜单,请保持游戏画面处于前台
2025-09-15 21:51:54 [TRACE] 正在返回菜单,请保持游戏画面处于前台
2025-09-15 21:51:56 [TRACE] 正在返回菜单,请保持游戏画面处于前台
2025-09-15 21:51:58 [TRACE] 正在返回菜单,请保持游戏画面处于前台
2025-09-15 21:52:00 [TRACE] 正在返回菜单,请保持游戏画面处于前台
2025-09-15 21:52:02 [TRACE] 正在返回菜单,请保持游戏画面处于前台
2025-09-15 21:52:04 [TRACE] 正在返回菜单,请保持游戏画面处于前台
2025-09-15 21:52:07 [TRACE] 正在返回菜单,请保持游戏画面处于前台
2025-09-15 21:52:09 [TRACE] 正在返回菜单,请保持游戏画面处于前台
2025-09-15 21:52:11 [TRACE] 正在返回菜单,请保持游戏画面处于前台
2025-09-15 21:52:13 [TRACE] 正在返回菜单,请保持游戏画面处于前台
2025-09-15 21:52:15 [TRACE] 正在返回菜单,请保持游戏画面处于前台
2025-09-15 21:52:17 [TRACE] 正在返回菜单,请保持游戏画面处于前台
2025-09-15 21:52:19 [TRACE] 正在返回菜单,请保持游戏画面处于前台
2025-09-15 21:52:21 [TRACE] 正在返回菜单,请保持游戏画面处于前台
2025-09-15 21:52:24 [TRACE] 正在返回菜单,请保持游戏画面处于前台
2025-09-15 21:52:26 [TRACE] 正在返回菜单,请保持游戏画面处于前台
2025-09-15 21:52:28 [TRACE] 正在返回菜单,请保持游戏画面处于前台
2025-09-15 21:52:30 [TRACE] 正在返回菜单,请保持游戏画面处于前台
2025-09-15 21:52:32 [TRACE] 正在返回菜单,请保持游戏画面处于前台
2025-09-15 21:52:34 [TRACE] 正在返回菜单,请保持游戏画面处于前台
2025-09-15 21:52:37 [TRACE] 正在返回菜单,请保持游戏画面处于前台
2025-09-15 21:52:39 [TRACE] 正在返回菜单,请保持游戏画面处于前台
2025-09-15 21:52:41 [TRACE] 正在返回菜单,请保持游戏画面处于前台
2025-09-15 21:52:43 [TRACE] 正在返回菜单,请保持游戏画面处于前台
2025-09-15 21:52:45 [TRACE] 正在返回菜单,请保持游戏画面处于前台
2025-09-15 21:52:47 [TRACE] 正在返回菜单,请保持游戏画面处于前台
2025-09-15 21:52:50 [TRACE] 正在返回菜单,请保持游戏画面处于前台
2025-09-15 21:52:52 [TRACE] 正在返回菜单,请保持游戏画面处于前台
2025-09-15 21:52:54 [TRACE] 正在返回菜单,请保持游戏画面处于前台
2025-09-15 21:52:56 [TRACE] 正在返回菜单,请保持游戏画面处于前台
2025-09-15 21:52:58 [TRACE] 正在返回菜单,请保持游戏画面处于前台
2025-09-15 21:53:00 [TRACE] 正在返回菜单,请保持游戏画面处于前台
2025-09-15 21:53:02 [TRACE] 正在返回菜单,请保持游戏画面处于前台
2025-09-15 21:53:04 [TRACE] 正在返回菜单,请保持游戏画面处于前台
2025-09-15 21:53:07 [TRACE] 正在返回菜单,请保持游戏画面处于前台
2025-09-15 21:53:09 [TRACE] 正在返回菜单,请保持游戏画面处于前台
2025-09-15 21:53:11 [TRACE] 正在返回菜单,请保持游戏画面处于前台
2025-09-15 21:53:13 [TRACE] 正在返回菜单,请保持游戏画面处于前台
2025-09-15 21:53:15 [TRACE] 正在返回菜单,请保持游戏画面处于前台
2025-09-15 21:53:17 [TRACE] 正在返回菜单,请保持游戏画面处于前台
2025-09-15 21:53:19 [TRACE] 正在返回菜单,请保持游戏画面处于前台
2025-09-15 21:53:22 [TRACE] 正在返回菜单,请保持游戏画面处于前台
2025-09-15 21:53:24 [TRACE] 正在返回菜单,请保持游戏画面处于前台
2025-09-15 21:53:26 [TRACE] 正在返回菜单,请保持游戏画面处于前台
2025-09-15 21:53:28 [TRACE] 正在返回菜单,请保持游戏画面处于前台
2025-09-15 21:53:30 [TRACE] 正在返回菜单,请保持游戏画面处于前台
2025-09-15 21:53:32 [TRACE] 正在返回菜单,请保持游戏画面处于前台
2025-09-15 21:53:34 [TRACE] 正在返回菜单,请保持游戏画面处于前台
2025-09-15 21:53:37 [TRACE] 正在返回菜单,请保持游戏画面处于前台
2025-09-15 21:53:39 [TRACE] 正在返回菜单,请保持游戏画面处于前台
2025-09-15 21:53:41 [TRACE] 正在返回菜单,请保持游戏画面处于前台
2025-09-15 21:53:43 [TRACE] 正在返回菜单,请保持游戏画面处于前台
2025-09-15 21:53:45 [TRACE] 正在返回菜单,请保持游戏画面处于前台
2025-09-15 21:53:47 [TRACE] 正在返回菜单,请保持游戏画面处于前台
2025-09-15 21:53:50 [TRACE] 正在返回菜单,请保持游戏画面处于前台
2025-09-15 21:53:52 [TRACE] 正在返回菜单,请保持游戏画面处于前台
2025-09-15 21:53:54 [TRACE] 正在返回菜单,请保持游戏画面处于前台
2025-09-15 21:53:56 [TRACE] 正在返回菜单,请保持游戏画面处于前台
2025-09-15 21:53:58 [TRACE] 正在返回菜单,请保持游戏画面处于前台
2025-09-15 21:54:00 [TRACE] 正在返回菜单,请保持游戏画面处于前台
2025-09-15 21:54:02 [TRACE] 正在返回菜单,请保持游戏画面处于前台
2025-09-15 21:54:04 [TRACE] 正在返回菜单,请保持游戏画面处于前台
2025-09-15 21:54:07 [TRACE] 正在返回菜单,请保持游戏画面处于前台
2025-09-15 21:54:09 [TRACE] 正在返回菜单,请保持游戏画面处于前台
2025-09-15 21:54:11 [TRACE] 正在返回菜单,请保持游戏画面处于前台
2025-09-15 21:54:13 [TRACE] 正在返回菜单,请保持游戏画面处于前台
2025-09-15 21:54:15 [TRACE] 正在返回菜单,请保持游戏画面处于前台
2025-09-15 21:54:17 [TRACE] 正在返回菜单,请保持游戏画面处于前台
2025-09-15 21:54:19 [TRACE] 正在返回菜单,请保持游戏画面处于前台
2025-09-15 21:54:22 [TRACE] 正在返回菜单,请保持游戏画面处于前台
2025-09-15 21:54:24 [TRACE] 正在返回菜单,请保持游戏画面处于前台
2025-09-15 21:54:26 [TRACE] 正在返回菜单,请保持游戏画面处于前台
2025-09-15 21:54:28 [TRACE] 正在返回菜单,请保持游戏画面处于前台
2025-09-15 21:54:30 [TRACE] 正在返回菜单,请保持游戏画面处于前台
2025-09-15 21:54:32 [TRACE] 正在返回菜单,请保持游戏画面处于前台
2025-09-15 21:54:34 [TRACE] 正在返回菜单,请保持游戏画面处于前台
2025-09-15 21:54:37 [TRACE] 正在返回菜单,请保持游戏画面处于前台
2025-09-15 21:54:39 [TRACE] 正在返回菜单,请保持游戏画面处于前台
2025-09-15 21:54:41 [TRACE] 正在返回菜单,请保持游戏画面处于前台
2025-09-15 21:54:43 [TRACE] 正在返回菜单,请保持游戏画面处于前台
2025-09-15 21:54:45 [TRACE] 正在返回菜单,请保持游戏画面处于前台
2025-09-15 21:54:47 [TRACE] 正在返回菜单,请保持游戏画面处于前台
2025-09-15 21:54:49 [TRACE] 正在返回菜单,请保持游戏画面处于前台
2025-09-15 21:54:52 [TRACE] 正在返回菜单,请保持游戏画面处于前台
2025-09-15 21:54:54 [TRACE] 正在返回菜单,请保持游戏画面处于前台
2025-09-15 21:54:56 [TRACE] 正在返回菜单,请保持游戏画面处于前台
2025-09-15 21:54:58 [TRACE] 正在返回菜单,请保持游戏画面处于前台
2025-09-15 21:55:00 [TRACE] 正在返回菜单,请保持游戏画面处于前台
2025-09-15 21:55:03 [TRACE] 正在返回菜单,请保持游戏画面处于前台
2025-09-15 21:55:05 [TRACE] 正在返回菜单,请保持游戏画面处于前台
2025-09-15 21:55:07 [TRACE] 正在返回菜单,请保持游戏画面处于前台
2025-09-15 21:55:09 [TRACE] 正在返回菜单,请保持游戏画面处于前台
2025-09-15 21:55:11 [TRACE] 正在返回菜单,请保持游戏画面处于前台
2025-09-15 21:55:13 [TRACE] 正在返回菜单,请保持游戏画面处于前台
2025-09-15 21:55:15 [TRACE] 正在返回菜单,请保持游戏画面处于前台
2025-09-15 21:55:18 [TRACE] 正在返回菜单,请保持游戏画面处于前台
2025-09-15 21:55:20 [TRACE] 正在返回菜单,请保持游戏画面处于前台
2025-09-15 21:55:22 [TRACE] 正在返回菜单,请保持游戏画面处于前台
2025-09-15 21:55:24 [TRACE] 正在返回菜单,请保持游戏画面处于前台
2025-09-15 21:55:26 [TRACE] 正在返回菜单,请保持游戏画面处于前台
2025-09-15 21:55:28 [TRACE] 正在返回菜单,请保持游戏画面处于前台
2025-09-15 21:55:30 [TRACE] 正在返回菜单,请保持游戏画面处于前台
2025-09-15 21:55:32 [TRACE] 正在返回菜单,请保持游戏画面处于前台
2025-09-15 21:55:35 [TRACE] 正在返回菜单,请保持游戏画面处于前台
2025-09-15 21:55:37 [TRACE] 正在返回菜单,请保持游戏画面处于前台
2025-09-15 21:55:39 [TRACE] 正在返回菜单,请保持游戏画面处于前台
2025-09-15 21:55:41 [TRACE] 正在返回菜单,请保持游戏画面处于前台
2025-09-15 21:55:43 [TRACE] 正在返回菜单,请保持游戏画面处于前台
2025-09-15 21:55:45 [TRACE] 正在返回菜单,请保持游戏画面处于前台
2025-09-15 21:55:47 [TRACE] 正在返回菜单,请保持游戏画面处于前台
2025-09-15 21:55:50 [TRACE] 正在返回菜单,请保持游戏画面处于前台
2025-09-15 21:55:52 [TRACE] 正在返回菜单,请保持游戏画面处于前台
2025-09-15 21:55:54 [TRACE] 正在返回菜单,请保持游戏画面处于前台
2025-09-15 21:55:56 [TRACE] 正在返回菜单,请保持游戏画面处于前台
2025-09-15 21:55:58 [TRACE] 正在返回菜单,请保持游戏画面处于前台
2025-09-15 21:56:00 [TRACE] 正在返回菜单,请保持游戏画面处于前台
2025-09-15 21:56:02 [TRACE] 正在返回菜单,请保持游戏画面处于前台
2025-09-15 21:56:04 [TRACE] 正在返回菜单,请保持游戏画面处于前台
2025-09-15 21:56:07 [TRACE] 正在返回菜单,请保持游戏画面处于前台
2025-09-15 21:56:09 [TRACE] 正在返回菜单,请保持游戏画面处于前台
2025-09-15 21:56:11 [TRACE] 正在返回菜单,请保持游戏画面处于前台
2025-09-15 21:56:13 [TRACE] 正在返回菜单,请保持游戏画面处于前台
2025-09-15 21:56:15 [TRACE] 正在返回菜单,请保持游戏画面处于前台
2025-09-15 21:56:17 [TRACE] 正在返回菜单,请保持游戏画面处于前台
2025-09-15 21:56:20 [TRACE] 正在返回菜单,请保持游戏画面处于前台
2025-09-15 21:56:22 [TRACE] 正在返回菜单,请保持游戏画面处于前台
2025-09-15 21:56:24 [TRACE] 正在返回菜单,请保持游戏画面处于前台
2025-09-15 21:56:26 [TRACE] 正在返回菜单,请保持游戏画面处于前台
2025-09-15 21:56:28 [TRACE] 正在返回菜单,请保持游戏画面处于前台
2025-09-15 21:56:30 [TRACE] 正在返回菜单,请保持游戏画面处于前台
2025-09-15 21:56:32 [TRACE] 正在返回菜单,请保持游戏画面处于前台
2025-09-15 21:56:35 [TRACE] 正在返回菜单,请保持游戏画面处于前台
2025-09-15 21:56:37 [TRACE] 正在返回菜单,请保持游戏画面处于前台
2025-09-15 21:56:39 [TRACE] 正在返回菜单,请保持游戏画面处于前台
2025-09-15 21:56:41 [TRACE] 正在返回菜单,请保持游戏画面处于前台
2025-09-15 21:56:43 [TRACE] 正在返回菜单,请保持游戏画面处于前台
2025-09-15 21:56:45 [TRACE] 正在返回菜单,请保持游戏画面处于前台
2025-09-15 21:56:47 [TRACE] 正在返回菜单,请保持游戏画面处于前台
2025-09-15 21:56:50 [TRACE] 正在返回菜单,请保持游戏画面处于前台
2025-09-15 21:56:52 [TRACE] 正在返回菜单,请保持游戏画面处于前台
2025-09-15 21:56:54 [TRACE] 正在返回菜单,请保持游戏画面处于前台
2025-09-15 21:56:56 [TRACE] 正在返回菜单,请保持游戏画面处于前台
2025-09-15 21:56:58 [TRACE] 正在返回菜单,请保持游戏画面处于前台
2025-09-15 21:57:00 [TRACE] 正在返回菜单,请保持游戏画面处于前台
2025-09-15 21:57:03 [TRACE] 正在返回菜单,请保持游戏画面处于前台
2025-09-15 21:57:05 [TRACE] 正在返回菜单,请保持游戏画面处于前台
2025-09-15 21:57:07 [TRACE] 正在返回菜单,请保持游戏画面处于前台
2025-09-15 21:57:09 [TRACE] 正在返回菜单,请保持游戏画面处于前台
2025-09-15 21:57:11 [TRACE] 正在返回菜单,请保持游戏画面处于前台
2025-09-15 21:57:13 [TRACE] 正在返回菜单,请保持游戏画面处于前台
2025-09-15 21:57:15 [TRACE] 正在返回菜单,请保持游戏画面处于前台
2025-09-15 21:57:18 [TRACE] 正在返回菜单,请保持游戏画面处于前台
2025-09-15 21:57:20 [TRACE] 正在返回菜单,请保持游戏画面处于前台
2025-09-15 21:57:22 [TRACE] 正在返回菜单,请保持游戏画面处于前台
2025-09-15 21:57:24 [TRACE] 正在返回菜单,请保持游戏画面处于前台
2025-09-15 21:57:26 [TRACE] 正在返回菜单,请保持游戏画面处于前台
2025-09-15 21:57:28 [TRACE] 正在返回菜单,请保持游戏画面处于前台
2025-09-15 21:57:31 [TRACE] 正在返回菜单,请保持游戏画面处于前台
2025-09-15 21:57:33 [TRACE] 正在返回菜单,请保持游戏画面处于前台
2025-09-15 21:57:35 [TRACE] 正在返回菜单,请保持游戏画面处于前台
2025-09-15 21:57:37 [TRACE] 正在返回菜单,请保持游戏画面处于前台
2025-09-15 21:57:39 [TRACE] 正在返回菜单,请保持游戏画面处于前台
2025-09-15 21:57:41 [TRACE] 正在返回菜单,请保持游戏画面处于前台
2025-09-15 21:57:43 [TRACE] 正在返回菜单,请保持游戏画面处于前台
2025-09-15 21:57:45 [TRACE] 正在返回菜单,请保持游戏画面处于前台
2025-09-15 21:57:48 [TRACE] 正在返回菜单,请保持游戏画面处于前台
2025-09-15 21:57:50 [TRACE] 正在返回菜单,请保持游戏画面处于前台
2025-09-15 21:57:52 [TRACE] 正在返回菜单,请保持游戏画面处于前台
2025-09-15 21:57:54 [TRACE] 正在返回菜单,请保持游戏画面处于前台
2025-09-15 21:57:56 [TRACE] 正在返回菜单,请保持游戏画面处于前台
2025-09-15 21:57:58 [TRACE] 正在返回菜单,请保持游戏画面处于前台
2025-09-15 21:58:01 [TRACE] 正在返回菜单,请保持游戏画面处于前台
2025-09-15 21:58:03 [TRACE] 正在返回菜单,请保持游戏画面处于前台
2025-09-15 21:58:05 [TRACE] 正在返回菜单,请保持游戏画面处于前台
2025-09-15 21:58:07 [TRACE] 正在返回菜单,请保持游戏画面处于前台
2025-09-15 21:58:09 [TRACE] 正在返回菜单,请保持游戏画面处于前台
2025-09-15 21:58:11 [TRACE] 正在返回菜单,请保持游戏画面处于前台
2025-09-15 21:58:14 [TRACE] 正在返回菜单,请保持游戏画面处于前台
2025-09-15 21:58:16 [TRACE] 正在返回菜单,请保持游戏画面处于前台
2025-09-15 21:58:18 [TRACE] 正在返回菜单,请保持游戏画面处于前台
2025-09-15 21:58:20 [TRACE] 正在返回菜单,请保持游戏画面处于前台
2025-09-15 21:58:22 [TRACE] 正在返回菜单,请保持游戏画面处于前台
2025-09-15 21:58:24 [TRACE] 正在返回菜单,请保持游戏画面处于前台
2025-09-15 21:58:26 [TRACE] 正在返回菜单,请保持游戏画面处于前台
2025-09-15 21:58:28 [TRACE] 正在返回菜单,请保持游戏画面处于前台
2025-09-15 21:58:31 [TRACE] 正在返回菜单,请保持游戏画面处于前台
2025-09-15 21:58:33 [TRACE] 正在返回菜单,请保持游戏画面处于前台
2025-09-15 21:58:35 [TRACE] 正在返回菜单,请保持游戏画面处于前台
2025-09-15 21:58:37 [TRACE] 正在返回菜单,请保持游戏画面处于前台
2025-09-15 21:58:39 [TRACE] 正在返回菜单,请保持游戏画面处于前台
2025-09-15 21:58:41 [TRACE] 正在返回菜单,请保持游戏画面处于前台
2025-09-15 21:58:43 [TRACE] 正在返回菜单,请保持游戏画面处于前台
2025-09-15 21:58:46 [TRACE] 正在返回菜单,请保持游戏画面处于前台
2025-09-15 21:58:48 [TRACE] 正在返回菜单,请保持游戏画面处于前台
2025-09-15 21:58:50 [TRACE] 正在返回菜单,请保持游戏画面处于前台
2025-09-15 21:58:52 [TRACE] 正在返回菜单,请保持游戏画面处于前台
2025-09-15 21:58:54 [TRACE] 正在返回菜单,请保持游戏画面处于前台
2025-09-15 21:58:56 [TRACE] 正在返回菜单,请保持游戏画面处于前台
2025-09-15 21:58:58 [TRACE] 正在返回菜单,请保持游戏画面处于前台
2025-09-15 21:59:00 [TRACE] 正在返回菜单,请保持游戏画面处于前台
2025-09-15 21:59:03 [TRACE] 正在返回菜单,请保持游戏画面处于前台
2025-09-15 21:59:05 [TRACE] 正在返回菜单,请保持游戏画面处于前台
2025-09-15 21:59:07 [TRACE] 正在返回菜单,请保持游戏画面处于前台
2025-09-15 21:59:09 [TRACE] 正在返回菜单,请保持游戏画面处于前台
2025-09-15 21:59:11 [TRACE] 正在返回菜单,请保持游戏画面处于前台
2025-09-15 21:59:13 [TRACE] 正在返回菜单,请保持游戏画面处于前台
2025-09-15 21:59:15 [TRACE] 正在返回菜单,请保持游戏画面处于前台
2025-09-15 21:59:18 [TRACE] 正在返回菜单,请保持游戏画面处于前台
2025-09-15 21:59:20 [TRACE] 正在返回菜单,请保持游戏画面处于前台
2025-09-15 21:59:22 [TRACE] 正在返回菜单,请保持游戏画面处于前台
2025-09-15 21:59:24 [TRACE] 正在返回菜单,请保持游戏画面处于前台
2025-09-15 21:59:26 [TRACE] 正在返回菜单,请保持游戏画面处于前台
2025-09-15 21:59:28 [TRACE] 正在返回菜单,请保持游戏画面处于前台
2025-09-15 21:59:30 [TRACE] 正在返回菜单,请保持游戏画面处于前台
2025-09-15 21:59:33 [TRACE] 正在返回菜单,请保持游戏画面处于前台
2025-09-15 21:59:35 [TRACE] 正在返回菜单,请保持游戏画面处于前台
2025-09-15 21:59:37 [TRACE] 正在返回菜单,请保持游戏画面处于前台
2025-09-15 21:59:39 [TRACE] 正在返回菜单,请保持游戏画面处于前台
2025-09-15 21:59:41 [TRACE] 正在返回菜单,请保持游戏画面处于前台
2025-09-15 21:59:43 [TRACE] 正在返回菜单,请保持游戏画面处于前台
2025-09-15 21:59:46 [TRACE] 正在返回菜单,请保持游戏画面处于前台
2025-09-15 21:59:48 [TRACE] 正在返回菜单,请保持游戏画面处于前台
2025-09-15 21:59:50 [TRACE] 正在返回菜单,请保持游戏画面处于前台
2025-09-15 21:59:52 [TRACE] 正在返回菜单,请保持游戏画面处于前台
2025-09-15 21:59:54 [TRACE] 正在返回菜单,请保持游戏画面处于前台
2025-09-15 21:59:57 [TRACE] 正在返回菜单,请保持游戏画面处于前台
2025-09-15 21:59:59 [TRACE] 正在返回菜单,请保持游戏画面处于前台
2025-09-15 22:00:01 [TRACE] 正在返回菜单,请保持游戏画面处于前台
2025-09-15 22:00:03 [TRACE] 正在返回菜单,请保持游戏画面处于前台
2025-09-15 22:00:05 [TRACE] 正在返回菜单,请保持游戏画面处于前台
2025-09-15 22:00:07 [TRACE] 正在返回菜单,请保持游戏画面处于前台
2025-09-15 22:00:09 [TRACE] 正在返回菜单,请保持游戏画面处于前台
2025-09-15 22:00:11 [TRACE] 正在返回菜单,请保持游戏画面处于前台
2025-09-15 22:00:14 [TRACE] 正在返回菜单,请保持游戏画面处于前台
2025-09-15 22:00:16 [TRACE] 正在返回菜单,请保持游戏画面处于前台
2025-09-15 22:00:18 [TRACE] 正在返回菜单,请保持游戏画面处于前台
2025-09-15 22:00:20 [TRACE] 正在返回菜单,请保持游戏画面处于前台
2025-09-15 22:00:22 [TRACE] 正在返回菜单,请保持游戏画面处于前台
2025-09-15 22:00:24 [TRACE] 正在返回菜单,请保持游戏画面处于前台
2025-09-15 22:00:26 [TRACE] 正在返回菜单,请保持游戏画面处于前台
2025-09-15 22:00:29 [TRACE] 正在返回菜单,请保持游戏画面处于前台
2025-09-15 22:00:31 [TRACE] 正在返回菜单,请保持游戏画面处于前台
2025-09-15 22:00:33 [TRACE] 正在返回菜单,请保持游戏画面处于前台
2025-09-15 22:00:35 [TRACE] 正在返回菜单,请保持游戏画面处于前台
2025-09-15 22:00:37 [TRACE] 正在返回菜单,请保持游戏画面处于前台
2025-09-15 22:00:39 [TRACE] 正在返回菜单,请保持游戏画面处于前台
2025-09-15 22:00:41 [TRACE] 正在返回菜单,请保持游戏画面处于前台
2025-09-15 22:00:43 [TRACE] 正在返回菜单,请保持游戏画面处于前台
2025-09-15 22:00:46 [TRACE] 正在返回菜单,请保持游戏画面处于前台
2025-09-15 22:00:48 [TRACE] 正在返回菜单,请保持游戏画面处于前台
2025-09-15 22:00:50 [TRACE] 正在返回菜单,请保持游戏画面处于前台
2025-09-15 22:00:52 [TRACE] 正在返回菜单,请保持游戏画面处于前台
2025-09-15 22:00:54 [TRACE] 正在返回菜单,请保持游戏画面处于前台
2025-09-15 22:00:56 [TRACE] 正在返回菜单,请保持游戏画面处于前台
2025-09-15 22:00:58 [TRACE] 正在返回菜单,请保持游戏画面处于前台
2025-09-15 22:01:01 [TRACE] 正在返回菜单,请保持游戏画面处于前台
2025-09-15 22:01:03 [TRACE] 正在返回菜单,请保持游戏画面处于前台
2025-09-15 22:01:05 [TRACE] 正在返回菜单,请保持游戏画面处于前台
2025-09-15 22:01:07 [TRACE] 正在返回菜单,请保持游戏画面处于前台
2025-09-15 22:01:09 [TRACE] 正在返回菜单,请保持游戏画面处于前台
2025-09-15 22:01:11 [TRACE] 正在返回菜单,请保持游戏画面处于前台
2025-09-15 22:01:14 [TRACE] 正在返回菜单,请保持游戏画面处于前台
2025-09-15 22:01:16 [TRACE] 正在返回菜单,请保持游戏画面处于前台
2025-09-15 22:01:18 [TRACE] 正在返回菜单,请保持游戏画面处于前台
2025-09-15 22:01:20 [TRACE] 正在返回菜单,请保持游戏画面处于前台
2025-09-15 22:01:22 [TRACE] 正在返回菜单,请保持游戏画面处于前台
2025-09-15 22:01:24 [TRACE] 正在返回菜单,请保持游戏画面处于前台
2025-09-15 22:01:27 [TRACE] 正在返回菜单,请保持游戏画面处于前台
2025-09-15 22:01:29 [TRACE] 正在返回菜单,请保持游戏画面处于前台
2025-09-15 22:01:31 [TRACE] 正在返回菜单,请保持游戏画面处于前台
2025-09-15 22:01:33 [TRACE] 正在返回菜单,请保持游戏画面处于前台
2025-09-15 22:01:35 [TRACE] 正在返回菜单,请保持游戏画面处于前台
2025-09-15 22:01:37 [TRACE] 正在返回菜单,请保持游戏画面处于前台
2025-09-15 22:01:39 [TRACE] 正在返回菜单,请保持游戏画面处于前台
2025-09-15 22:01:42 [TRACE] 正在返回菜单,请保持游戏画面处于前台
2025-09-15 22:01:44 [TRACE] 正在返回菜单,请保持游戏画面处于前台
2025-09-15 22:01:46 [TRACE] 正在返回菜单,请保持游戏画面处于前台
2025-09-15 22:01:48 [TRACE] 正在返回菜单,请保持游戏画面处于前台
2025-09-15 22:01:50 [TRACE] 正在返回菜单,请保持游戏画面处于前台
2025-09-15 22:01:52 [TRACE] 正在返回菜单,请保持游戏画面处于前台
2025-09-15 22:01:54 [TRACE] 正在返回菜单,请保持游戏画面处于前台
2025-09-15 22:01:57 [TRACE] 正在返回菜单,请保持游戏画面处于前台
2025-09-15 22:01:59 [TRACE] 正在返回菜单,请保持游戏画面处于前台
2025-09-15 22:02:01 [TRACE] 正在返回菜单,请保持游戏画面处于前台
2025-09-15 22:02:03 [TRACE] 正在返回菜单,请保持游戏画面处于前台
2025-09-15 22:02:05 [TRACE] 正在返回菜单,请保持游戏画面处于前台
2025-09-15 22:02:07 [TRACE] 正在返回菜单,请保持游戏画面处于前台
2025-09-15 22:02:09 [TRACE] 正在返回菜单,请保持游戏画面处于前台
2025-09-15 22:02:12 [TRACE] 正在返回菜单,请保持游戏画面处于前台
2025-09-15 22:02:14 [TRACE] 正在返回菜单,请保持游戏画面处于前台
2025-09-15 22:02:16 [TRACE] 正在返回菜单,请保持游戏画面处于前台
2025-09-15 22:02:18 [TRACE] 正在返回菜单,请保持游戏画面处于前台
2025-09-15 22:02:20 [TRACE] 正在返回菜单,请保持游戏画面处于前台
2025-09-15 22:02:22 [TRACE] 正在返回菜单,请保持游戏画面处于前台
2025-09-15 22:02:25 [TRACE] 正在返回菜单,请保持游戏画面处于前台
2025-09-15 22:02:27 [TRACE] 正在返回菜单,请保持游戏画面处于前台
2025-09-15 22:02:29 [TRACE] 正在返回菜单,请保持游戏画面处于前台
2025-09-15 22:02:31 [TRACE] 正在返回菜单,请保持游戏画面处于前台
2025-09-15 22:02:33 [TRACE] 正在返回菜单,请保持游戏画面处于前台
2025-09-15 22:02:35 [TRACE] 正在返回菜单,请保持游戏画面处于前台
2025-09-15 22:02:37 [TRACE] 正在返回菜单,请保持游戏画面处于前台
2025-09-15 22:02:39 [TRACE] 正在返回菜单,请保持游戏画面处于前台
2025-09-15 22:02:42 [TRACE] 正在返回菜单,请保持游戏画面处于前台
2025-09-15 22:02:44 [TRACE] 正在返回菜单,请保持游戏画面处于前台
2025-09-15 22:02:46 [TRACE] 正在返回菜单,请保持游戏画面处于前台
2025-09-15 22:02:48 [TRACE] 正在返回菜单,请保持游戏画面处于前台
2025-09-15 22:02:50 [TRACE] 正在返回菜单,请保持游戏画面处于前台
2025-09-15 22:02:52 [TRACE] 正在返回菜单,请保持游戏画面处于前台
2025-09-15 22:02:54 [TRACE] 正在返回菜单,请保持游戏画面处于前台
2025-09-15 22:02:56 [TRACE] 正在返回菜单,请保持游戏画面处于前台
2025-09-15 22:02:59 [TRACE] 正在返回菜单,请保持游戏画面处于前台
2025-09-15 22:03:01 [TRACE] 正在返回菜单,请保持游戏画面处于前台
2025-09-15 22:03:03 [TRACE] 正在返回菜单,请保持游戏画面处于前台
2025-09-15 22:03:05 [TRACE] 正在返回菜单,请保持游戏画面处于前台
2025-09-15 22:03:07 [TRACE] 正在返回菜单,请保持游戏画面处于前台
2025-09-15 22:03:09 [TRACE] 正在返回菜单,请保持游戏画面处于前台
2025-09-15 22:03:12 [TRACE] 正在返回菜单,请保持游戏画面处于前台
2025-09-15 22:03:14 [TRACE] 正在返回菜单,请保持游戏画面处于前台
2025-09-15 22:03:16 [TRACE] 正在返回菜单,请保持游戏画面处于前台
2025-09-15 22:03:18 [TRACE] 正在返回菜单,请保持游戏画面处于前台
2025-09-15 22:03:20 [TRACE] 正在返回菜单,请保持游戏画面处于前台
2025-09-15 22:03:22 [TRACE] 正在返回菜单,请保持游戏画面处于前台
2025-09-15 22:03:25 [TRACE] 正在返回菜单,请保持游戏画面处于前台
2025-09-15 22:03:27 [TRACE] 正在返回菜单,请保持游戏画面处于前台
2025-09-15 22:03:29 [TRACE] 正在返回菜单,请保持游戏画面处于前台
2025-09-15 22:03:31 [TRACE] 正在返回菜单,请保持游戏画面处于前台
2025-09-15 22:03:33 [TRACE] 正在返回菜单,请保持游戏画面处于前台
2025-09-15 22:03:35 [TRACE] 正在返回菜单,请保持游戏画面处于前台
2025-09-15 22:03:38 [TRACE] 正在返回菜单,请保持游戏画面处于前台
2025-09-15 22:03:40 [TRACE] 正在返回菜单,请保持游戏画面处于前台
2025-09-15 22:03:42 [TRACE] 正在返回菜单,请保持游戏画面处于前台
2025-09-15 22:03:44 [TRACE] 正在返回菜单,请保持游戏画面处于前台
2025-09-15 22:03:46 [TRACE] 正在返回菜单,请保持游戏画面处于前台
2025-09-15 22:03:48 [TRACE] 正在返回菜单,请保持游戏画面处于前台
2025-09-15 22:03:50 [TRACE] 正在返回菜单,请保持游戏画面处于前台
2025-09-15 22:03:52 [TRACE] 正在返回菜单,请保持游戏画面处于前台
2025-09-15 22:03:55 [TRACE] 正在返回菜单,请保持游戏画面处于前台
2025-09-15 22:03:57 [TRACE] 正在返回菜单,请保持游戏画面处于前台
2025-09-15 22:03:59 [TRACE] 正在返回菜单,请保持游戏画面处于前台
2025-09-15 22:04:01 [TRACE] 正在返回菜单,请保持游戏画面处于前台
2025-09-15 22:04:03 [TRACE] 正在返回菜单,请保持游戏画面处于前台
2025-09-15 22:04:05 [TRACE] 正在返回菜单,请保持游戏画面处于前台
2025-09-15 22:04:07 [TRACE] 正在返回菜单,请保持游戏画面处于前台
2025-09-15 22:04:10 [TRACE] 正在返回菜单,请保持游戏画面处于前台
2025-09-15 22:04:12 [TRACE] 正在返回菜单,请保持游戏画面处于前台
2025-09-15 22:04:14 [TRACE] 正在返回菜单,请保持游戏画面处于前台
2025-09-15 22:04:16 [TRACE] 正在返回菜单,请保持游戏画面处于前台
2025-09-15 22:04:18 [TRACE] 正在返回菜单,请保持游戏画面处于前台
2025-09-15 22:04:20 [TRACE] 正在返回菜单,请保持游戏画面处于前台
2025-09-15 22:04:22 [TRACE] 正在返回菜单,请保持游戏画面处于前台
2025-09-15 22:04:25 [TRACE] 正在返回菜单,请保持游戏画面处于前台
2025-09-15 22:04:27 [TRACE] 正在返回菜单,请保持游戏画面处于前台
2025-09-15 22:04:29 [TRACE] 正在返回菜单,请保持游戏画面处于前台
2025-09-15 22:04:31 [TRACE] 正在返回菜单,请保持游戏画面处于前台
2025-09-15 22:04:33 [TRACE] 正在返回菜单,请保持游戏画面处于前台
2025-09-15 22:04:35 [TRACE] 正在返回菜单,请保持游戏画面处于前台
2025-09-15 22:04:37 [TRACE] 正在返回菜单,请保持游戏画面处于前台
2025-09-15 22:04:40 [TRACE] 正在返回菜单,请保持游戏画面处于前台
2025-09-15 22:04:42 [TRACE] 正在返回菜单,请保持游戏画面处于前台
2025-09-15 22:04:44 [TRACE] 正在返回菜单,请保持游戏画面处于前台
2025-09-15 22:04:46 [TRACE] 正在返回菜单,请保持游戏画面处于前台
2025-09-15 22:04:48 [TRACE] 正在返回菜单,请保持游戏画面处于前台
2025-09-15 22:04:50 [TRACE] 正在返回菜单,请保持游戏画面处于前台
2025-09-15 22:04:53 [TRACE] 正在返回菜单,请保持游戏画面处于前台
2025-09-15 22:04:55 [TRACE] 正在返回菜单,请保持游戏画面处于前台
2025-09-15 22:04:57 [TRACE] 正在返回菜单,请保持游戏画面处于前台
2025-09-15 22:04:59 [TRACE] 正在返回菜单,请保持游戏画面处于前台
2025-09-15 22:05:01 [TRACE] 正在返回菜单,请保持游戏画面处于前台
2025-09-15 22:05:03 [TRACE] 正在返回菜单,请保持游戏画面处于前台
2025-09-15 22:05:05 [TRACE] 正在返回菜单,请保持游戏画面处于前台
2025-09-15 22:05:08 [TRACE] 正在返回菜单,请保持游戏画面处于前台
2025-09-15 22:05:10 [TRACE] 正在返回菜单,请保持游戏画面处于前台
2025-09-15 22:05:12 [TRACE] 正在返回菜单,请保持游戏画面处于前台
2025-09-15 22:05:14 [TRACE] 正在返回菜单,请保持游戏画面处于前台
2025-09-15 22:05:16 [TRACE] 正在返回菜单,请保持游戏画面处于前台
2025-09-15 22:05:18 [TRACE] 正在返回菜单,请保持游戏画面处于前台
2025-09-15 22:05:20 [TRACE] 正在返回菜单,请保持游戏画面处于前台
2025-09-15 22:05:23 [TRACE] 正在返回菜单,请保持游戏画面处于前台
2025-09-15 22:05:25 [TRACE] 正在返回菜单,请保持游戏画面处于前台
2025-09-15 22:05:27 [TRACE] 正在返回菜单,请保持游戏画面处于前台
2025-09-15 22:05:29 [TRACE] 正在返回菜单,请保持游戏画面处于前台
2025-09-15 22:05:31 [TRACE] 正在返回菜单,请保持游戏画面处于前台
2025-09-15 22:05:33 [TRACE] 正在返回菜单,请保持游戏画面处于前台
2025-09-15 22:05:35 [TRACE] 正在返回菜单,请保持游戏画面处于前台
2025-09-15 22:05:37 [TRACE] 正在返回菜单,请保持游戏画面处于前台
2025-09-15 22:05:40 [TRACE] 正在返回菜单,请保持游戏画面处于前台
2025-09-15 22:05:42 [TRACE] 正在返回菜单,请保持游戏画面处于前台
2025-09-15 22:05:44 [TRACE] 正在返回菜单,请保持游戏画面处于前台
2025-09-15 22:05:46 [TRACE] 正在返回菜单,请保持游戏画面处于前台
2025-09-15 22:05:48 [TRACE] 正在返回菜单,请保持游戏画面处于前台
2025-09-15 22:05:50 [TRACE] 正在返回菜单,请保持游戏画面处于前台
2025-09-15 22:05:53 [TRACE] 正在返回菜单,请保持游戏画面处于前台
2025-09-15 22:05:55 [TRACE] 正在返回菜单,请保持游戏画面处于前台
2025-09-15 22:05:57 [TRACE] 正在返回菜单,请保持游戏画面处于前台
2025-09-15 22:05:59 [TRACE] 正在返回菜单,请保持游戏画面处于前台
2025-09-15 22:06:01 [TRACE] 正在返回菜单,请保持游戏画面处于前台
2025-09-15 22:06:03 [TRACE] 正在返回菜单,请保持游戏画面处于前台
2025-09-15 22:06:05 [TRACE] 正在返回菜单,请保持游戏画面处于前台
2025-09-15 22:06:08 [TRACE] 正在返回菜单,请保持游戏画面处于前台
2025-09-15 22:06:10 [TRACE] 正在返回菜单,请保持游戏画面处于前台
2025-09-15 22:06:12 [TRACE] 正在返回菜单,请保持游戏画面处于前台
2025-09-15 22:06:14 [TRACE] 正在返回菜单,请保持游戏画面处于前台
2025-09-15 22:06:16 [TRACE] 正在返回菜单,请保持游戏画面处于前台
2025-09-15 22:06:18 [TRACE] 正在返回菜单,请保持游戏画面处于前台
2025-09-15 22:06:20 [TRACE] 正在返回菜单,请保持游戏画面处于前台
2025-09-15 22:06:23 [TRACE] 正在返回菜单,请保持游戏画面处于前台
2025-09-15 22:06:25 [TRACE] 正在返回菜单,请保持游戏画面处于前台
2025-09-15 22:06:27 [TRACE] 正在返回菜单,请保持游戏画面处于前台
2025-09-15 22:06:29 [TRACE] 正在返回菜单,请保持游戏画面处于前台
2025-09-15 22:06:31 [TRACE] 正在返回菜单,请保持游戏画面处于前台
2025-09-15 22:06:33 [TRACE] 正在返回菜单,请保持游戏画面处于前台
2025-09-15 22:06:35 [TRACE] 正在返回菜单,请保持游戏画面处于前台
2025-09-15 22:06:38 [TRACE] 正在返回菜单,请保持游戏画面处于前台
2025-09-15 22:06:40 [TRACE] 正在返回菜单,请保持游戏画面处于前台
2025-09-15 22:06:42 [TRACE] 正在返回菜单,请保持游戏画面处于前台
2025-09-15 22:06:44 [TRACE] 正在返回菜单,请保持游戏画面处于前台
2025-09-15 22:06:46 [TRACE] 正在返回菜单,请保持游戏画面处于前台
2025-09-15 22:06:48 [TRACE] 正在返回菜单,请保持游戏画面处于前台
2025-09-15 22:06:50 [TRACE] 正在返回菜单,请保持游戏画面处于前台
2025-09-15 22:06:53 [TRACE] 正在返回菜单,请保持游戏画面处于前台
2025-09-15 22:06:55 [TRACE] 正在返回菜单,请保持游戏画面处于前台
2025-09-15 22:06:57 [TRACE] 正在返回菜单,请保持游戏画面处于前台
2025-09-15 22:06:59 [TRACE] 正在返回菜单,请保持游戏画面处于前台
2025-09-15 22:07:01 [TRACE] 正在返回菜单,请保持游戏画面处于前台
2025-09-15 22:07:03 [TRACE] 正在返回菜单,请保持游戏画面处于前台
2025-09-15 22:07:05 [TRACE] 正在返回菜单,请保持游戏画面处于前台
2025-09-15 22:07:08 [TRACE] 正在返回菜单,请保持游戏画面处于前台
2025-09-15 22:07:10 [TRACE] 正在返回菜单,请保持游戏画面处于前台
2025-09-15 22:07:12 [TRACE] 正在返回菜单,请保持游戏画面处于前台
2025-09-15 22:07:14 [TRACE] 正在返回菜单,请保持游戏画面处于前台
2025-09-15 22:07:16 [TRACE] 正在返回菜单,请保持游戏画面处于前台
2025-09-15 22:07:18 [TRACE] 正在返回菜单,请保持游戏画面处于前台
2025-09-15 22:07:20 [TRACE] 正在返回菜单,请保持游戏画面处于前台
2025-09-15 22:07:23 [TRACE] 正在返回菜单,请保持游戏画面处于前台
2025-09-15 22:07:25 [TRACE] 正在返回菜单,请保持游戏画面处于前台
2025-09-15 22:07:27 [TRACE] 正在返回菜单,请保持游戏画面处于前台
2025-09-15 22:07:29 [TRACE] 正在返回菜单,请保持游戏画面处于前台
2025-09-15 22:07:31 [TRACE] 正在返回菜单,请保持游戏画面处于前台
2025-09-15 22:07:33 [TRACE] 正在返回菜单,请保持游戏画面处于前台
2025-09-15 22:07:36 [TRACE] 正在返回菜单,请保持游戏画面处于前台
2025-09-15 22:07:38 [TRACE] 正在返回菜单,请保持游戏画面处于前台
2025-09-15 22:07:40 [TRACE] 正在返回菜单,请保持游戏画面处于前台
2025-09-15 22:07:42 [TRACE] 正在返回菜单,请保持游戏画面处于前台
2025-09-15 22:07:44 [TRACE] 正在返回菜单,请保持游戏画面处于前台
2025-09-15 22:07:46 [TRACE] 正在返回菜单,请保持游戏画面处于前台
2025-09-15 22:07:48 [TRACE] 正在返回菜单,请保持游戏画面处于前台
2025-09-15 22:07:51 [TRACE] 正在返回菜单,请保持游戏画面处于前台
2025-09-15 22:07:53 [TRACE] 正在返回菜单,请保持游戏画面处于前台
2025-09-15 22:07:55 [TRACE] 正在返回菜单,请保持游戏画面处于前台
2025-09-15 22:07:57 [TRACE] 正在返回菜单,请保持游戏画面处于前台
2025-09-15 22:07:59 [TRACE] 正在返回菜单,请保持游戏画面处于前台
2025-09-15 22:08:01 [TRACE] 正在返回菜单,请保持游戏画面处于前台
2025-09-15 22:08:03 [TRACE] 正在返回菜单,请保持游戏画面处于前台
2025-09-15 22:08:05 [TRACE] 正在返回菜单,请保持游戏画面处于前台
2025-09-15 22:08:08 [TRACE] 正在返回菜单,请保持游戏画面处于前台
2025-09-15 22:08:10 [TRACE] 正在返回菜单,请保持游戏画面处于前台
2025-09-15 22:08:12 [TRACE] 正在返回菜单,请保持游戏画面处于前台
2025-09-15 22:08:14 [TRACE] 正在返回菜单,请保持游戏画面处于前台
2025-09-15 22:08:16 [TRACE] 正在返回菜单,请保持游戏画面处于前台
2025-09-15 22:08:18 [TRACE] 正在返回菜单,请保持游戏画面处于前台
2025-09-15 22:08:20 [TRACE] 正在返回菜单,请保持游戏画面处于前台
2025-09-15 22:08:23 [TRACE] 正在返回菜单,请保持游戏画面处于前台
2025-09-15 22:08:25 [TRACE] 正在返回菜单,请保持游戏画面处于前台
2025-09-15 22:08:27 [TRACE] 正在返回菜单,请保持游戏画面处于前台
2025-09-15 22:08:29 [TRACE] 正在返回菜单,请保持游戏画面处于前台
2025-09-15 22:08:31 [TRACE] 正在返回菜单,请保持游戏画面处于前台
2025-09-15 22:08:33 [TRACE] 正在返回菜单,请保持游戏画面处于前台
2025-09-15 22:08:35 [TRACE] 正在返回菜单,请保持游戏画面处于前台
2025-09-15 22:08:38 [TRACE] 正在返回菜单,请保持游戏画面处于前台
2025-09-15 22:08:40 [TRACE] 正在返回菜单,请保持游戏画面处于前台
2025-09-15 22:08:42 [TRACE] 正在返回菜单,请保持游戏画面处于前台
2025-09-15 22:08:44 [TRACE] 正在返回菜单,请保持游戏画面处于前台
2025-09-15 22:08:46 [TRACE] 正在返回菜单,请保持游戏画面处于前台
2025-09-15 22:08:48 [TRACE] 正在返回菜单,请保持游戏画面处于前台
2025-09-15 22:08:51 [TRACE] 正在返回菜单,请保持游戏画面处于前台
2025-09-15 22:08:53 [TRACE] 正在返回菜单,请保持游戏画面处于前台
2025-09-15 22:08:55 [TRACE] 正在返回菜单,请保持游戏画面处于前台
2025-09-15 22:08:57 [TRACE] 正在返回菜单,请保持游戏画面处于前台
2025-09-15 22:08:59 [TRACE] 正在返回菜单,请保持游戏画面处于前台
2025-09-15 22:09:01 [TRACE] 正在返回菜单,请保持游戏画面处于前台
2025-09-15 22:09:03 [TRACE] 正在返回菜单,请保持游戏画面处于前台
2025-09-15 22:09:06 [TRACE] 正在返回菜单,请保持游戏画面处于前台
2025-09-15 22:09:08 [TRACE] 正在返回菜单,请保持游戏画面处于前台
2025-09-15 22:09:10 [TRACE] 正在返回菜单,请保持游戏画面处于前台
2025-09-15 22:09:12 [TRACE] 正在返回菜单,请保持游戏画面处于前台
2025-09-15 22:09:14 [TRACE] 正在返回菜单,请保持游戏画面处于前台
2025-09-15 22:09:16 [TRACE] 正在返回菜单,请保持游戏画面处于前台
2025-09-15 22:09:18 [TRACE] 正在返回菜单,请保持游戏画面处于前台
2025-09-15 22:09:20 [TRACE] 正在返回菜单,请保持游戏画面处于前台
2025-09-15 22:09:23 [TRACE] 正在返回菜单,请保持游戏画面处于前台
2025-09-15 22:09:25 [TRACE] 正在返回菜单,请保持游戏画面处于前台
2025-09-15 22:09:27 [TRACE] 正在返回菜单,请保持游戏画面处于前台
2025-09-15 22:09:29 [TRACE] 正在返回菜单,请保持游戏画面处于前台
2025-09-15 22:09:31 [TRACE] 正在返回菜单,请保持游戏画面处于前台
2025-09-15 22:09:33 [TRACE] 正在返回菜单,请保持游戏画面处于前台
2025-09-15 22:09:35 [TRACE] 正在返回菜单,请保持游戏画面处于前台
2025-09-15 22:09:38 [TRACE] 正在返回菜单,请保持游戏画面处于前台
2025-09-15 22:09:40 [TRACE] 正在返回菜单,请保持游戏画面处于前台
2025-09-15 22:09:42 [TRACE] 正在返回菜单,请保持游戏画面处于前台
2025-09-15 22:09:44 [TRACE] 正在返回菜单,请保持游戏画面处于前台
2025-09-15 22:09:46 [TRACE] 正在返回菜单,请保持游戏画面处于前台
2025-09-15 22:09:48 [TRACE] 正在返回菜单,请保持游戏画面处于前台
2025-09-15 22:09:51 [TRACE] 正在返回菜单,请保持游戏画面处于前台
2025-09-15 22:09:53 [TRACE] 正在返回菜单,请保持游戏画面处于前台
2025-09-15 22:09:55 [TRACE] 正在返回菜单,请保持游戏画面处于前台
2025-09-15 22:09:57 [TRACE] 正在返回菜单,请保持游戏画面处于前台
2025-09-15 22:09:59 [TRACE] 正在返回菜单,请保持游戏画面处于前台
2025-09-15 22:10:02 [TRACE] 正在返回菜单,请保持游戏画面处于前台
2025-09-15 22:10:04 [TRACE] 正在返回菜单,请保持游戏画面处于前台
2025-09-15 22:10:06 [TRACE] 正在返回菜单,请保持游戏画面处于前台
2025-09-15 22:10:08 [TRACE] 正在返回菜单,请保持游戏画面处于前台
2025-09-15 22:10:10 [TRACE] 正在返回菜单,请保持游戏画面处于前台
2025-09-15 22:10:12 [TRACE] 正在返回菜单,请保持游戏画面处于前台
2025-09-15 22:10:14 [TRACE] 正在返回菜单,请保持游戏画面处于前台
2025-09-15 22:10:16 [TRACE] 正在返回菜单,请保持游戏画面处于前台
2025-09-15 22:10:19 [TRACE] 正在返回菜单,请保持游戏画面处于前台
2025-09-15 22:10:21 [TRACE] 正在返回菜单,请保持游戏画面处于前台
2025-09-15 22:10:23 [TRACE] 正在返回菜单,请保持游戏画面处于前台
2025-09-15 22:10:25 [TRACE] 正在返回菜单,请保持游戏画面处于前台
2025-09-15 22:10:27 [TRACE] 正在返回菜单,请保持游戏画面处于前台
2025-09-15 22:10:29 [TRACE] 正在返回菜单,请保持游戏画面处于前台
2025-09-15 22:10:31 [TRACE] 正在返回菜单,请保持游戏画面处于前台
2025-09-15 22:10:33 [TRACE] 正在返回菜单,请保持游戏画面处于前台
2025-09-15 22:10:35 [TRACE] 正在返回菜单,请保持游戏画面处于前台
2025-09-15 22:10:38 [TRACE] 正在返回菜单,请保持游戏画面处于前台
2025-09-15 22:10:40 [TRACE] 正在返回菜单,请保持游戏画面处于前台
2025-09-15 22:10:42 [TRACE] 正在返回菜单,请保持游戏画面处于前台
2025-09-15 22:10:44 [TRACE] 正在返回菜单,请保持游戏画面处于前台
2025-09-15 22:10:46 [TRACE] 正在返回菜单,请保持游戏画面处于前台
2025-09-15 22:10:48 [TRACE] 正在返回菜单,请保持游戏画面处于前台
2025-09-15 22:10:51 [TRACE] 正在返回菜单,请保持游戏画面处于前台
2025-09-15 22:10:53 [TRACE] 正在返回菜单,请保持游戏画面处于前台
2025-09-15 22:10:55 [TRACE] 正在返回菜单,请保持游戏画面处于前台
2025-09-15 22:10:57 [TRACE] 正在返回菜单,请保持游戏画面处于前台
2025-09-15 22:10:59 [TRACE] 正在返回菜单,请保持游戏画面处于前台
2025-09-15 22:11:01 [TRACE] 正在返回菜单,请保持游戏画面处于前台
2025-09-15 22:11:03 [TRACE] 正在返回菜单,请保持游戏画面处于前台
2025-09-15 22:11:06 [TRACE] 正在返回菜单,请保持游戏画面处于前台
2025-09-15 22:11:08 [TRACE] 正在返回菜单,请保持游戏画面处于前台
2025-09-15 22:11:10 [TRACE] 正在返回菜单,请保持游戏画面处于前台
2025-09-15 22:11:12 [TRACE] 正在返回菜单,请保持游戏画面处于前台
2025-09-15 22:11:14 [TRACE] 正在返回菜单,请保持游戏画面处于前台
2025-09-15 22:11:16 [TRACE] 正在返回菜单,请保持游戏画面处于前台
2025-09-15 22:11:19 [TRACE] 正在返回菜单,请保持游戏画面处于前台
2025-09-15 22:11:21 [TRACE] 正在返回菜单,请保持游戏画面处于前台
2025-09-15 22:11:23 [TRACE] 正在返回菜单,请保持游戏画面处于前台
2025-09-15 22:11:25 [TRACE] 正在返回菜单,请保持游戏画面处于前台
2025-09-15 22:11:27 [TRACE] 正在返回菜单,请保持游戏画面处于前台
2025-09-15 22:11:29 [TRACE] 正在返回菜单,请保持游戏画面处于前台
2025-09-15 22:11:32 [TRACE] 正在返回菜单,请保持游戏画面处于前台
2025-09-15 22:11:34 [TRACE] 正在返回菜单,请保持游戏画面处于前台
2025-09-15 22:11:36 [TRACE] 正在返回菜单,请保持游戏画面处于前台
2025-09-15 22:11:38 [TRACE] 正在返回菜单,请保持游戏画面处于前台
2025-09-15 22:11:40 [TRACE] 正在返回菜单,请保持游戏画面处于前台
2025-09-15 22:11:42 [TRACE] 正在返回菜单,请保持游戏画面处于前台
2025-09-15 22:11:44 [TRACE] 正在返回菜单,请保持游戏画面处于前台
2025-09-15 22:11:46 [TRACE] 正在返回菜单,请保持游戏画面处于前台
2025-09-15 22:11:49 [TRACE] 正在返回菜单,请保持游戏画面处于前台
2025-09-15 22:11:51 [TRACE] 正在返回菜单,请保持游戏画面处于前台
2025-09-15 22:11:53 [TRACE] 正在返回菜单,请保持游戏画面处于前台
2025-09-15 22:11:55 [TRACE] 正在返回菜单,请保持游戏画面处于前台
2025-09-15 22:11:57 [TRACE] 正在返回菜单,请保持游戏画面处于前台
2025-09-15 22:11:59 [TRACE] 正在返回菜单,请保持游戏画面处于前台
2025-09-15 22:12:01 [TRACE] 正在返回菜单,请保持游戏画面处于前台
2025-09-15 22:12:04 [TRACE] 正在返回菜单,请保持游戏画面处于前台
2025-09-15 22:12:06 [TRACE] 正在返回菜单,请保持游戏画面处于前台
2025-09-15 22:12:08 [TRACE] 正在返回菜单,请保持游戏画面处于前台
2025-09-15 22:12:10 [TRACE] 正在返回菜单,请保持游戏画面处于前台
2025-09-15 22:12:12 [TRACE] 正在返回菜单,请保持游戏画面处于前台
2025-09-15 22:12:14 [TRACE] 正在返回菜单,请保持游戏画面处于前台
2025-09-15 22:12:16 [TRACE] 正在返回菜单,请保持游戏画面处于前台
2025-09-15 22:12:19 [TRACE] 正在返回菜单,请保持游戏画面处于前台
2025-09-15 22:12:21 [TRACE] 正在返回菜单,请保持游戏画面处于前台
2025-09-15 22:12:23 [TRACE] 正在返回菜单,请保持游戏画面处于前台
2025-09-15 22:12:25 [TRACE] 正在返回菜单,请保持游戏画面处于前台
2025-09-15 22:12:27 [TRACE] 正在返回菜单,请保持游戏画面处于前台
2025-09-15 22:12:30 [TRACE] 正在返回菜单,请保持游戏画面处于前台
2025-09-15 22:12:32 [TRACE] 正在返回菜单,请保持游戏画面处于前台
2025-09-15 22:12:34 [TRACE] 正在返回菜单,请保持游戏画面处于前台
2025-09-15 22:12:36 [TRACE] 正在返回菜单,请保持游戏画面处于前台
2025-09-15 22:12:38 [TRACE] 正在返回菜单,请保持游戏画面处于前台
2025-09-15 22:12:40 [TRACE] 正在返回菜单,请保持游戏画面处于前台
2025-09-15 22:12:42 [TRACE] 正在返回菜单,请保持游戏画面处于前台
2025-09-15 22:12:44 [TRACE] 正在返回菜单,请保持游戏画面处于前台
2025-09-15 22:12:46 [TRACE] 正在返回菜单,请保持游戏画面处于前台
2025-09-15 22:12:49 [TRACE] 正在返回菜单,请保持游戏画面处于前台
2025-09-15 22:12:51 [TRACE] 正在返回菜单,请保持游戏画面处于前台
2025-09-15 22:12:53 [TRACE] 正在返回菜单,请保持游戏画面处于前台
2025-09-15 22:12:55 [TRACE] 正在返回菜单,请保持游戏画面处于前台
2025-09-15 22:12:57 [TRACE] 正在返回菜单,请保持游戏画面处于前台
2025-09-15 22:12:59 [TRACE] 正在返回菜单,请保持游戏画面处于前台
2025-09-15 22:13:01 [TRACE] 正在返回菜单,请保持游戏画面处于前台
2025-09-15 22:13:04 [TRACE] 正在返回菜单,请保持游戏画面处于前台
2025-09-15 22:13:06 [TRACE] 正在返回菜单,请保持游戏画面处于前台
2025-09-15 22:13:08 [TRACE] 正在返回菜单,请保持游戏画面处于前台
2025-09-15 22:13:10 [TRACE] 正在返回菜单,请保持游戏画面处于前台
2025-09-15 22:13:12 [TRACE] 正在返回菜单,请保持游戏画面处于前台
2025-09-15 22:13:14 [TRACE] 正在返回菜单,请保持游戏画面处于前台
2025-09-15 22:13:17 [TRACE] 正在返回菜单,请保持游戏画面处于前台
2025-09-15 22:13:19 [TRACE] 正在返回菜单,请保持游戏画面处于前台
2025-09-15 22:13:21 [TRACE] 正在返回菜单,请保持游戏画面处于前台
2025-09-15 22:13:23 [TRACE] 正在返回菜单,请保持游戏画面处于前台
2025-09-15 22:13:25 [TRACE] 正在返回菜单,请保持游戏画面处于前台
2025-09-15 22:13:27 [TRACE] 正在返回菜单,请保持游戏画面处于前台
2025-09-15 22:13:29 [TRACE] 正在返回菜单,请保持游戏画面处于前台
2025-09-15 22:13:32 [TRACE] 正在返回菜单,请保持游戏画面处于前台
2025-09-15 22:13:34 [TRACE] 正在返回菜单,请保持游戏画面处于前台
2025-09-15 22:13:36 [TRACE] 正在返回菜单,请保持游戏画面处于前台
2025-09-15 22:13:38 [TRACE] 正在返回菜单,请保持游戏画面处于前台
2025-09-15 22:13:40 [TRACE] 正在返回菜单,请保持游戏画面处于前台
2025-09-15 22:13:42 [TRACE] 正在返回菜单,请保持游戏画面处于前台
2025-09-15 22:13:44 [TRACE] 正在返回菜单,请保持游戏画面处于前台
2025-09-15 22:13:47 [TRACE] 正在返回菜单,请保持游戏画面处于前台
2025-09-15 22:13:49 [TRACE] 正在返回菜单,请保持游戏画面处于前台
2025-09-15 22:13:51 [TRACE] 正在返回菜单,请保持游戏画面处于前台
2025-09-15 22:13:53 [TRACE] 正在返回菜单,请保持游戏画面处于前台
2025-09-15 22:13:55 [TRACE] 正在返回菜单,请保持游戏画面处于前台
2025-09-15 22:13:57 [TRACE] 正在返回菜单,请保持游戏画面处于前台
2025-09-15 22:13:59 [TRACE] 正在返回菜单,请保持游戏画面处于前台
2025-09-15 22:14:02 [TRACE] 正在返回菜单,请保持游戏画面处于前台
2025-09-15 22:14:04 [TRACE] 正在返回菜单,请保持游戏画面处于前台
2025-09-15 22:14:06 [TRACE] 正在返回菜单,请保持游戏画面处于前台
2025-09-15 22:14:08 [TRACE] 正在返回菜单,请保持游戏画面处于前台
2025-09-15 22:14:10 [TRACE] 正在返回菜单,请保持游戏画面处于前台
2025-09-15 22:14:12 [TRACE] 正在返回菜单,请保持游戏画面处于前台
2025-09-15 22:14:14 [TRACE] 正在返回菜单,请保持游戏画面处于前台
2025-09-15 22:14:17 [TRACE] 正在返回菜单,请保持游戏画面处于前台
2025-09-15 22:14:19 [TRACE] 正在返回菜单,请保持游戏画面处于前台
2025-09-15 22:14:21 [TRACE] 正在返回菜单,请保持游戏画面处于前台
2025-09-15 22:14:23 [TRACE] 正在返回菜单,请保持游戏画面处于前台
2025-09-15 22:14:25 [TRACE] 正在返回菜单,请保持游戏画面处于前台
2025-09-15 22:14:27 [TRACE] 正在返回菜单,请保持游戏画面处于前台
2025-09-15 22:14:29 [TRACE] 正在返回菜单,请保持游戏画面处于前台
2025-09-15 22:14:32 [TRACE] 正在返回菜单,请保持游戏画面处于前台
2025-09-15 22:14:34 [TRACE] 正在返回菜单,请保持游戏画面处于前台
2025-09-15 22:14:36 [TRACE] 正在返回菜单,请保持游戏画面处于前台
2025-09-15 22:14:38 [TRACE] 正在返回菜单,请保持游戏画面处于前台
2025-09-15 22:14:40 [TRACE] 正在返回菜单,请保持游戏画面处于前台
2025-09-15 22:14:42 [TRACE] 正在返回菜单,请保持游戏画面处于前台
2025-09-15 22:14:45 [TRACE] 正在返回菜单,请保持游戏画面处于前台
2025-09-15 22:14:47 [TRACE] 正在返回菜单,请保持游戏画面处于前台
2025-09-15 22:14:49 [TRACE] 正在返回菜单,请保持游戏画面处于前台
2025-09-15 22:14:51 [TRACE] 正在返回菜单,请保持游戏画面处于前台
2025-09-15 22:14:53 [TRACE] 正在返回菜单,请保持游戏画面处于前台
2025-09-15 22:14:55 [TRACE] 正在返回菜单,请保持游戏画面处于前台
2025-09-15 22:14:58 [TRACE] 正在返回菜单,请保持游戏画面处于前台
2025-09-15 22:15:00 [TRACE] 正在返回菜单,请保持游戏画面处于前台
2025-09-15 22:15:02 [TRACE] 正在返回菜单,请保持游戏画面处于前台
2025-09-15 22:15:04 [TRACE] 正在返回菜单,请保持游戏画面处于前台
2025-09-15 22:15:06 [TRACE] 正在返回菜单,请保持游戏画面处于前台
2025-09-15 22:15:08 [TRACE] 正在返回菜单,请保持游戏画面处于前台
2025-09-15 22:15:10 [TRACE] 正在返回菜单,请保持游戏画面处于前台
2025-09-15 22:15:12 [TRACE] 正在返回菜单,请保持游戏画面处于前台
2025-09-15 22:15:15 [TRACE] 正在返回菜单,请保持游戏画面处于前台
2025-09-15 22:15:17 [TRACE] 正在返回菜单,请保持游戏画面处于前台
2025-09-15 22:15:19 [TRACE] 正在返回菜单,请保持游戏画面处于前台
2025-09-15 22:15:21 [TRACE] 正在返回菜单,请保持游戏画面处于前台
2025-09-15 22:15:23 [TRACE] 正在返回菜单,请保持游戏画面处于前台
2025-09-15 22:15:25 [TRACE] 正在返回菜单,请保持游戏画面处于前台
2025-09-15 22:15:27 [TRACE] 正在返回菜单,请保持游戏画面处于前台
2025-09-15 22:15:30 [TRACE] 正在返回菜单,请保持游戏画面处于前台
2025-09-15 22:15:32 [TRACE] 正在返回菜单,请保持游戏画面处于前台
2025-09-15 22:15:34 [TRACE] 正在返回菜单,请保持游戏画面处于前台
2025-09-15 22:15:36 [TRACE] 正在返回菜单,请保持游戏画面处于前台
2025-09-15 22:15:38 [TRACE] 正在返回菜单,请保持游戏画面处于前台
2025-09-15 22:15:40 [TRACE] 正在返回菜单,请保持游戏画面处于前台
2025-09-15 22:15:42 [TRACE] 正在返回菜单,请保持游戏画面处于前台
2025-09-15 22:15:45 [TRACE] 正在返回菜单,请保持游戏画面处于前台
2025-09-15 22:15:47 [TRACE] 正在返回菜单,请保持游戏画面处于前台
2025-09-15 22:15:49 [TRACE] 正在返回菜单,请保持游戏画面处于前台
2025-09-15 22:15:51 [TRACE] 正在返回菜单,请保持游戏画面处于前台
2025-09-15 22:15:53 [TRACE] 正在返回菜单,请保持游戏画面处于前台
2025-09-15 22:15:55 [TRACE] 正在返回菜单,请保持游戏画面处于前台
2025-09-15 22:15:57 [TRACE] 正在返回菜单,请保持游戏画面处于前台
2025-09-15 22:16:00 [TRACE] 正在返回菜单,请保持游戏画面处于前台
2025-09-15 22:16:02 [TRACE] 正在返回菜单,请保持游戏画面处于前台
2025-09-15 22:16:04 [TRACE] 正在返回菜单,请保持游戏画面处于前台
2025-09-15 22:16:06 [TRACE] 正在返回菜单,请保持游戏画面处于前台
2025-09-15 22:16:08 [TRACE] 正在返回菜单,请保持游戏画面处于前台
2025-09-15 22:16:10 [TRACE] 正在返回菜单,请保持游戏画面处于前台
2025-09-15 22:16:13 [TRACE] 正在返回菜单,请保持游戏画面处于前台
2025-09-15 22:16:15 [TRACE] 正在返回菜单,请保持游戏画面处于前台
2025-09-15 22:16:17 [TRACE] 正在返回菜单,请保持游戏画面处于前台
2025-09-15 22:16:19 [TRACE] 正在返回菜单,请保持游戏画面处于前台
2025-09-15 22:16:21 [TRACE] 正在返回菜单,请保持游戏画面处于前台
2025-09-15 22:16:23 [TRACE] 正在返回菜单,请保持游戏画面处于前台
2025-09-15 22:16:25 [TRACE] 正在返回菜单,请保持游戏画面处于前台
2025-09-15 22:16:27 [TRACE] 正在返回菜单,请保持游戏画面处于前台
2025-09-15 22:16:30 [TRACE] 正在返回菜单,请保持游戏画面处于前台
2025-09-15 22:16:32 [TRACE] 正在返回菜单,请保持游戏画面处于前台
2025-09-15 22:16:34 [TRACE] 正在返回菜单,请保持游戏画面处于前台
2025-09-15 22:16:36 [TRACE] 正在返回菜单,请保持游戏画面处于前台
2025-09-15 22:16:38 [TRACE] 正在返回菜单,请保持游戏画面处于前台
2025-09-15 22:16:40 [TRACE] 正在返回菜单,请保持游戏画面处于前台
2025-09-15 22:16:42 [TRACE] 正在返回菜单,请保持游戏画面处于前台
2025-09-15 22:16:45 [TRACE] 正在返回菜单,请保持游戏画面处于前台
2025-09-15 22:16:47 [TRACE] 正在返回菜单,请保持游戏画面处于前台
2025-09-15 22:16:49 [TRACE] 正在返回菜单,请保持游戏画面处于前台
2025-09-15 22:16:51 [TRACE] 正在返回菜单,请保持游戏画面处于前台
2025-09-15 22:16:53 [TRACE] 正在返回菜单,请保持游戏画面处于前台
2025-09-15 22:16:55 [TRACE] 正在返回菜单,请保持游戏画面处于前台
2025-09-15 22:16:58 [TRACE] 正在返回菜单,请保持游戏画面处于前台
2025-09-15 22:17:00 [TRACE] 正在返回菜单,请保持游戏画面处于前台
2025-09-15 22:17:02 [TRACE] 正在返回菜单,请保持游戏画面处于前台
2025-09-15 22:17:04 [TRACE] 正在返回菜单,请保持游戏画面处于前台
2025-09-15 22:17:06 [TRACE] 正在返回菜单,请保持游戏画面处于前台
2025-09-15 22:17:08 [TRACE] 正在返回菜单,请保持游戏画面处于前台
2025-09-15 22:17:10 [TRACE] 正在返回菜单,请保持游戏画面处于前台
2025-09-15 22:17:13 [TRACE] 正在返回菜单,请保持游戏画面处于前台
2025-09-15 22:17:15 [TRACE] 正在返回菜单,请保持游戏画面处于前台
2025-09-15 22:17:17 [TRACE] 正在返回菜单,请保持游戏画面处于前台
2025-09-15 22:17:19 [TRACE] 正在返回菜单,请保持游戏画面处于前台
2025-09-15 22:17:21 [TRACE] 正在返回菜单,请保持游戏画面处于前台
2025-09-15 22:17:23 [TRACE] 正在返回菜单,请保持游戏画面处于前台
2025-09-15 22:17:25 [TRACE] 正在返回菜单,请保持游戏画面处于前台
2025-09-15 22:17:28 [TRACE] 正在返回菜单,请保持游戏画面处于前台
2025-09-15 22:17:30 [TRACE] 正在返回菜单,请保持游戏画面处于前台
2025-09-15 22:17:32 [TRACE] 正在返回菜单,请保持游戏画面处于前台
2025-09-15 22:17:34 [TRACE] 正在返回菜单,请保持游戏画面处于前台
2025-09-15 22:17:36 [TRACE] 正在返回菜单,请保持游戏画面处于前台
2025-09-15 22:17:38 [TRACE] 正在返回菜单,请保持游戏画面处于前台
2025-09-15 22:17:40 [TRACE] 正在返回菜单,请保持游戏画面处于前台
2025-09-15 22:17:43 [TRACE] 正在返回菜单,请保持游戏画面处于前台
2025-09-15 22:17:45 [TRACE] 正在返回菜单,请保持游戏画面处于前台
2025-09-15 22:17:47 [TRACE] 正在返回菜单,请保持游戏画面处于前台
2025-09-15 22:17:49 [TRACE] 正在返回菜单,请保持游戏画面处于前台
2025-09-15 22:17:51 [TRACE] 正在返回菜单,请保持游戏画面处于前台
2025-09-15 22:17:53 [TRACE] 正在返回菜单,请保持游戏画面处于前台
2025-09-15 22:17:55 [TRACE] 正在返回菜单,请保持游戏画面处于前台
2025-09-15 22:17:58 [TRACE] 正在返回菜单,请保持游戏画面处于前台
2025-09-15 22:18:00 [TRACE] 正在返回菜单,请保持游戏画面处于前台
2025-09-15 22:18:02 [TRACE] 正在返回菜单,请保持游戏画面处于前台
2025-09-15 22:18:04 [TRACE] 正在返回菜单,请保持游戏画面处于前台
2025-09-15 22:18:06 [TRACE] 正在返回菜单,请保持游戏画面处于前台
2025-09-15 22:18:08 [TRACE] 正在返回菜单,请保持游戏画面处于前台
2025-09-15 22:18:10 [TRACE] 正在返回菜单,请保持游戏画面处于前台
2025-09-15 22:18:13 [TRACE] 正在返回菜单,请保持游戏画面处于前台
2025-09-15 22:18:15 [TRACE] 正在返回菜单,请保持游戏画面处于前台
2025-09-15 22:18:17 [TRACE] 正在返回菜单,请保持游戏画面处于前台
2025-09-15 22:18:19 [TRACE] 正在返回菜单,请保持游戏画面处于前台
2025-09-15 22:18:21 [TRACE] 正在返回菜单,请保持游戏画面处于前台
2025-09-15 22:18:23 [TRACE] 正在返回菜单,请保持游戏画面处于前台
2025-09-15 22:18:25 [TRACE] 正在返回菜单,请保持游戏画面处于前台
2025-09-15 22:18:28 [TRACE] 正在返回菜单,请保持游戏画面处于前台
2025-09-15 22:18:30 [TRACE] 正在返回菜单,请保持游戏画面处于前台
2025-09-15 22:18:32 [TRACE] 正在返回菜单,请保持游戏画面处于前台
2025-09-15 22:18:34 [TRACE] 正在返回菜单,请保持游戏画面处于前台
2025-09-15 22:18:36 [TRACE] 正在返回菜单,请保持游戏画面处于前台
2025-09-15 22:18:39 [TRACE] 正在返回菜单,请保持游戏画面处于前台
2025-09-15 22:18:41 [TRACE] 正在返回菜单,请保持游戏画面处于前台
2025-09-15 22:18:43 [TRACE] 正在返回菜单,请保持游戏画面处于前台
2025-09-15 22:18:45 [TRACE] 正在返回菜单,请保持游戏画面处于前台
2025-09-15 22:18:47 [TRACE] 正在返回菜单,请保持游戏画面处于前台
2025-09-15 22:18:49 [TRACE] 正在返回菜单,请保持游戏画面处于前台
2025-09-15 22:18:51 [TRACE] 正在返回菜单,请保持游戏画面处于前台
2025-09-15 22:18:53 [TRACE] 正在返回菜单,请保持游戏画面处于前台
2025-09-15 22:18:56 [TRACE] 正在返回菜单,请保持游戏画面处于前台
2025-09-15 22:18:58 [TRACE] 正在返回菜单,请保持游戏画面处于前台
2025-09-15 22:19:00 [TRACE] 正在返回菜单,请保持游戏画面处于前台
2025-09-15 22:19:02 [TRACE] 正在返回菜单,请保持游戏画面处于前台
2025-09-15 22:19:04 [TRACE] 正在返回菜单,请保持游戏画面处于前台
2025-09-15 22:19:06 [TRACE] 正在返回菜单,请保持游戏画面处于前台
2025-09-15 22:19:09 [TRACE] 正在返回菜单,请保持游戏画面处于前台
2025-09-15 22:19:11 [TRACE] 正在返回菜单,请保持游戏画面处于前台
2025-09-15 22:19:13 [TRACE] 正在返回菜单,请保持游戏画面处于前台
2025-09-15 22:19:15 [TRACE] 正在返回菜单,请保持游戏画面处于前台
2025-09-15 22:19:17 [TRACE] 正在返回菜单,请保持游戏画面处于前台
2025-09-15 22:19:19 [TRACE] 正在返回菜单,请保持游戏画面处于前台
2025-09-15 22:19:21 [TRACE] 正在返回菜单,请保持游戏画面处于前台
2025-09-15 22:19:24 [TRACE] 正在返回菜单,请保持游戏画面处于前台
2025-09-15 22:19:26 [TRACE] 正在返回菜单,请保持游戏画面处于前台
2025-09-15 22:19:28 [TRACE] 正在返回菜单,请保持游戏画面处于前台
2025-09-15 22:19:30 [TRACE] 正在返回菜单,请保持游戏画面处于前台
2025-09-15 22:19:32 [TRACE] 正在返回菜单,请保持游戏画面处于前台
2025-09-15 22:19:34 [TRACE] 正在返回菜单,请保持游戏画面处于前台
2025-09-15 22:19:36 [TRACE] 正在返回菜单,请保持游戏画面处于前台
2025-09-15 22:19:39 [TRACE] 正在返回菜单,请保持游戏画面处于前台
2025-09-15 22:19:41 [TRACE] 正在返回菜单,请保持游戏画面处于前台
2025-09-15 22:19:43 [TRACE] 正在返回菜单,请保持游戏画面处于前台
2025-09-15 22:19:45 [TRACE] 正在返回菜单,请保持游戏画面处于前台
2025-09-15 22:19:47 [TRACE] 正在返回菜单,请保持游戏画面处于前台
2025-09-15 22:19:49 [TRACE] 正在返回菜单,请保持游戏画面处于前台
2025-09-15 22:19:51 [TRACE] 正在返回菜单,请保持游戏画面处于前台
2025-09-15 22:19:54 [TRACE] 正在返回菜单,请保持游戏画面处于前台
2025-09-15 22:19:56 [TRACE] 正在返回菜单,请保持游戏画面处于前台
2025-09-15 22:19:58 [TRACE] 正在返回菜单,请保持游戏画面处于前台
2025-09-15 22:20:00 [TRACE] 正在返回菜单,请保持游戏画面处于前台
2025-09-15 22:20:02 [TRACE] 正在返回菜单,请保持游戏画面处于前台
2025-09-15 22:20:04 [TRACE] 正在返回菜单,请保持游戏画面处于前台
2025-09-15 22:20:06 [TRACE] 正在返回菜单,请保持游戏画面处于前台
2025-09-15 22:20:09 [TRACE] 正在返回菜单,请保持游戏画面处于前台
2025-09-15 22:20:11 [TRACE] 正在返回菜单,请保持游戏画面处于前台
2025-09-15 22:20:13 [TRACE] 正在返回菜单,请保持游戏画面处于前台
2025-09-15 22:20:15 [TRACE] 正在返回菜单,请保持游戏画面处于前台
2025-09-15 22:20:17 [TRACE] 正在返回菜单,请保持游戏画面处于前台
2025-09-15 22:20:19 [TRACE] 正在返回菜单,请保持游戏画面处于前台
2025-09-15 22:20:21 [TRACE] 正在返回菜单,请保持游戏画面处于前台
2025-09-15 22:20:24 [TRACE] 正在返回菜单,请保持游戏画面处于前台
2025-09-15 22:20:26 [TRACE] 正在返回菜单,请保持游戏画面处于前台
2025-09-15 22:20:28 [TRACE] 正在返回菜单,请保持游戏画面处于前台
2025-09-15 22:20:30 [TRACE] 正在返回菜单,请保持游戏画面处于前台
2025-09-15 22:20:32 [TRACE] 正在返回菜单,请保持游戏画面处于前台
2025-09-15 22:20:34 [TRACE] 正在返回菜单,请保持游戏画面处于前台
2025-09-15 22:20:36 [TRACE] 正在返回菜单,请保持游戏画面处于前台
2025-09-15 22:20:39 [TRACE] 正在返回菜单,请保持游戏画面处于前台
2025-09-15 22:20:41 [TRACE] 正在返回菜单,请保持游戏画面处于前台
2025-09-15 22:20:43 [TRACE] 正在返回菜单,请保持游戏画面处于前台
2025-09-15 22:20:45 [TRACE] 正在返回菜单,请保持游戏画面处于前台
2025-09-15 22:20:47 [TRACE] 正在返回菜单,请保持游戏画面处于前台
2025-09-15 22:20:49 [TRACE] 正在返回菜单,请保持游戏画面处于前台
2025-09-15 22:20:51 [TRACE] 正在返回菜单,请保持游戏画面处于前台
2025-09-15 22:20:54 [TRACE] 正在返回菜单,请保持游戏画面处于前台
2025-09-15 22:20:56 [TRACE] 正在返回菜单,请保持游戏画面处于前台
2025-09-15 22:20:58 [TRACE] 正在返回菜单,请保持游戏画面处于前台
2025-09-15 22:21:00 [TRACE] 正在返回菜单,请保持游戏画面处于前台
2025-09-15 22:21:02 [TRACE] 正在返回菜单,请保持游戏画面处于前台
2025-09-15 22:21:04 [TRACE] 正在返回菜单,请保持游戏画面处于前台
2025-09-15 22:21:06 [TRACE] 正在返回菜单,请保持游戏画面处于前台
2025-09-15 22:21:09 [TRACE] 正在返回菜单,请保持游戏画面处于前台
2025-09-15 22:21:11 [TRACE] 正在返回菜单,请保持游戏画面处于前台
2025-09-15 22:21:13 [TRACE] 正在返回菜单,请保持游戏画面处于前台
2025-09-15 22:21:15 [TRACE] 正在返回菜单,请保持游戏画面处于前台
2025-09-15 22:21:17 [TRACE] 正在返回菜单,请保持游戏画面处于前台
2025-09-15 22:21:19 [TRACE] 正在返回菜单,请保持游戏画面处于前台
2025-09-15 22:21:21 [TRACE] 正在返回菜单,请保持游戏画面处于前台
2025-09-15 22:21:24 [TRACE] 正在返回菜单,请保持游戏画面处于前台
2025-09-15 22:21:26 [TRACE] 正在返回菜单,请保持游戏画面处于前台
2025-09-15 22:21:28 [TRACE] 正在返回菜单,请保持游戏画面处于前台
2025-09-15 22:21:30 [TRACE] 正在返回菜单,请保持游戏画面处于前台
2025-09-15 22:21:32 [TRACE] 正在返回菜单,请保持游戏画面处于前台
2025-09-15 22:21:34 [TRACE] 正在返回菜单,请保持游戏画面处于前台
2025-09-15 22:21:36 [TRACE] 正在返回菜单,请保持游戏画面处于前台
2025-09-15 22:21:39 [TRACE] 正在返回菜单,请保持游戏画面处于前台
2025-09-15 22:21:41 [TRACE] 正在返回菜单,请保持游戏画面处于前台
2025-09-15 22:21:43 [TRACE] 正在返回菜单,请保持游戏画面处于前台
2025-09-15 22:21:45 [TRACE] 正在返回菜单,请保持游戏画面处于前台
2025-09-15 22:21:47 [TRACE] 正在返回菜单,请保持游戏画面处于前台
2025-09-15 22:21:49 [TRACE] 正在返回菜单,请保持游戏画面处于前台
2025-09-15 22:21:51 [TRACE] 正在返回菜单,请保持游戏画面处于前台
2025-09-15 22:21:54 [TRACE] 正在返回菜单,请保持游戏画面处于前台
2025-09-15 22:21:56 [TRACE] 正在返回菜单,请保持游戏画面处于前台
2025-09-15 22:21:58 [TRACE] 正在返回菜单,请保持游戏画面处于前台
2025-09-15 22:22:00 [TRACE] 正在返回菜单,请保持游戏画面处于前台
2025-09-15 22:22:02 [TRACE] 正在返回菜单,请保持游戏画面处于前台
2025-09-15 22:22:04 [TRACE] 正在返回菜单,请保持游戏画面处于前台
2025-09-15 22:22:06 [TRACE] 正在返回菜单,请保持游戏画面处于前台
2025-09-15 22:22:09 [TRACE] 正在返回菜单,请保持游戏画面处于前台
2025-09-15 22:22:11 [TRACE] 正在返回菜单,请保持游戏画面处于前台
2025-09-15 22:22:13 [TRACE] 正在返回菜单,请保持游戏画面处于前台
2025-09-15 22:22:15 [TRACE] 正在返回菜单,请保持游戏画面处于前台
2025-09-15 22:22:17 [TRACE] 正在返回菜单,请保持游戏画面处于前台
2025-09-15 22:22:19 [TRACE] 正在返回菜单,请保持游戏画面处于前台
2025-09-15 22:22:22 [TRACE] 正在返回菜单,请保持游戏画面处于前台
2025-09-15 22:22:24 [TRACE] 正在返回菜单,请保持游戏画面处于前台
2025-09-15 22:22:26 [TRACE] 正在返回菜单,请保持游戏画面处于前台
2025-09-15 22:22:28 [TRACE] 正在返回菜单,请保持游戏画面处于前台
2025-09-15 22:22:30 [TRACE] 正在返回菜单,请保持游戏画面处于前台
2025-09-15 22:22:33 [TRACE] 正在返回菜单,请保持游戏画面处于前台
2025-09-15 22:22:35 [TRACE] 正在返回菜单,请保持游戏画面处于前台
2025-09-15 22:22:37 [TRACE] 正在返回菜单,请保持游戏画面处于前台
2025-09-15 22:22:39 [TRACE] 正在返回菜单,请保持游戏画面处于前台
2025-09-15 22:22:41 [TRACE] 正在返回菜单,请保持游戏画面处于前台
2025-09-15 22:22:43 [TRACE] 正在返回菜单,请保持游戏画面处于前台
2025-09-15 22:22:45 [TRACE] 正在返回菜单,请保持游戏画面处于前台
2025-09-15 22:22:47 [TRACE] 正在返回菜单,请保持游戏画面处于前台
2025-09-15 22:22:49 [TRACE] 正在返回菜单,请保持游戏画面处于前台
2025-09-15 22:22:52 [TRACE] 正在返回菜单,请保持游戏画面处于前台
2025-09-15 22:22:54 [TRACE] 正在返回菜单,请保持游戏画面处于前台
2025-09-15 22:22:56 [TRACE] 正在返回菜单,请保持游戏画面处于前台
2025-09-15 22:22:58 [TRACE] 正在返回菜单,请保持游戏画面处于前台
2025-09-15 22:23:00 [TRACE] 正在返回菜单,请保持游戏画面处于前台
2025-09-15 22:23:02 [TRACE] 现在处于大厅
2025-09-15 22:23:03 [INFO] 执行零号空洞任务中
2025-09-15 22:23:03 [TRACE] 【1】等待目标中 C:\Users\gelon\Desktop\ZA-Lite\assets/images/hollow\combat.png
2025-09-15 22:23:04 [TRACE] 【2】等待目标中 C:\Users\gelon\Desktop\ZA-Lite\assets/images/hollow\combat.png
2025-09-15 22:23:04 [TRACE] 【目标出现】C:\Users\gelon\Desktop\ZA-Lite\assets/images/hollow\combat.png 置信度：0.9763178825378418
2025-09-15 22:23:06 [TRACE] 【目标出现】C:\Users\gelon\Desktop\ZA-Lite\assets/images/hollow\zero_hollow.png 置信度：0.9999943375587463
2025-09-15 22:23:07 [TRACE] 【目标出现】C:\Users\gelon\Desktop\ZA-Lite\assets/images/hollow\go_hollow.png 置信度：0.9940735697746277
2025-09-15 22:23:09 [TRACE] 【目标出现】C:\Users\gelon\Desktop\ZA-Lite\assets/images/hollow\confirm.png 置信度：0.9839383363723755
2025-09-15 22:23:10 [TRACE] 【1】等待目标中 C:\Users\gelon\Desktop\ZA-Lite\assets/images/hollow\hollow_taskforce.png
2025-09-15 22:23:11 [TRACE] 【2】等待目标中 C:\Users\gelon\Desktop\ZA-Lite\assets/images/hollow\hollow_taskforce.png
2025-09-15 22:23:11 [TRACE] 【3】等待目标中 C:\Users\gelon\Desktop\ZA-Lite\assets/images/hollow\hollow_taskforce.png
2025-09-15 22:23:12 [TRACE] 【目标出现】C:\Users\gelon\Desktop\ZA-Lite\assets/images/hollow\hollow_taskforce.png 置信度：0.9999805688858032
2025-09-15 22:23:13 [TRACE] 【目标出现】C:\Users\gelon\Desktop\ZA-Lite\assets/images/hollow\strategy.png 置信度：0.9286982417106628
2025-09-15 22:23:14 [TRACE] 【1】等待目标中 C:\Users\gelon\Desktop\ZA-Lite\assets/images/hollow\strategy_confirm.png
2025-09-15 22:23:15 [TRACE] 【2】等待目标中 C:\Users\gelon\Desktop\ZA-Lite\assets/images/hollow\strategy_confirm.png
2025-09-15 22:23:16 [TRACE] 【3】等待目标中 C:\Users\gelon\Desktop\ZA-Lite\assets/images/hollow\strategy_confirm.png
2025-09-15 22:23:16 [TRACE] 【4】等待目标中 C:\Users\gelon\Desktop\ZA-Lite\assets/images/hollow\strategy_confirm.png
2025-09-15 22:23:17 [TRACE] 【5】等待目标中 C:\Users\gelon\Desktop\ZA-Lite\assets/images/hollow\strategy_confirm.png
2025-09-15 22:23:18 [TRACE] 【6】等待目标中 C:\Users\gelon\Desktop\ZA-Lite\assets/images/hollow\strategy_confirm.png
2025-09-15 22:23:18 [TRACE] 【7】等待目标中 C:\Users\gelon\Desktop\ZA-Lite\assets/images/hollow\strategy_confirm.png
2025-09-15 22:23:19 [TRACE] 【8】等待目标中 C:\Users\gelon\Desktop\ZA-Lite\assets/images/hollow\strategy_confirm.png
2025-09-15 22:23:20 [TRACE] 【9】等待目标中 C:\Users\gelon\Desktop\ZA-Lite\assets/images/hollow\strategy_confirm.png
2025-09-15 22:23:20 [TRACE] 【10】等待目标中 C:\Users\gelon\Desktop\ZA-Lite\assets/images/hollow\strategy_confirm.png
2025-09-15 22:23:21 [TRACE] 【11】等待目标中 C:\Users\gelon\Desktop\ZA-Lite\assets/images/hollow\strategy_confirm.png
2025-09-15 22:23:22 [TRACE] 【12】等待目标中 C:\Users\gelon\Desktop\ZA-Lite\assets/images/hollow\strategy_confirm.png
2025-09-15 22:23:22 [TRACE] 【13】等待目标中 C:\Users\gelon\Desktop\ZA-Lite\assets/images/hollow\strategy_confirm.png
2025-09-15 22:23:23 [TRACE] 【14】等待目标中 C:\Users\gelon\Desktop\ZA-Lite\assets/images/hollow\strategy_confirm.png
2025-09-15 22:23:24 [TRACE] 【15】等待目标中 C:\Users\gelon\Desktop\ZA-Lite\assets/images/hollow\strategy_confirm.png
2025-09-15 22:23:24 [TRACE] 【16】等待目标中 C:\Users\gelon\Desktop\ZA-Lite\assets/images/hollow\strategy_confirm.png
2025-09-15 22:23:25 [TRACE] 【17】等待目标中 C:\Users\gelon\Desktop\ZA-Lite\assets/images/hollow\strategy_confirm.png
2025-09-15 22:23:26 [TRACE] 【18】等待目标中 C:\Users\gelon\Desktop\ZA-Lite\assets/images/hollow\strategy_confirm.png
2025-09-15 22:23:26 [TRACE] 【19】等待目标中 C:\Users\gelon\Desktop\ZA-Lite\assets/images/hollow\strategy_confirm.png
2025-09-15 22:23:27 [TRACE] 【20】等待目标中 C:\Users\gelon\Desktop\ZA-Lite\assets/images/hollow\strategy_confirm.png
2025-09-15 22:23:28 [ERROR] 等待超时,开始重试
2025-09-15 22:23:28 [DEBUG] 正在返回菜单
2025-09-15 22:23:28 [TRACE] 正在返回菜单,请保持游戏画面处于前台
2025-09-15 22:23:30 [TRACE] 正在返回菜单,请保持游戏画面处于前台
2025-09-15 22:23:32 [TRACE] 正在返回菜单,请保持游戏画面处于前台
2025-09-15 22:23:34 [TRACE] 现在处于大厅
2025-09-15 22:23:35 [INFO] 执行零号空洞任务中
2025-09-15 22:23:35 [TRACE] 【目标出现】C:\Users\gelon\Desktop\ZA-Lite\assets/images/hollow\combat.png 置信度：0.9762898087501526
2025-09-15 22:23:37 [TRACE] 【目标出现】C:\Users\gelon\Desktop\ZA-Lite\assets/images/hollow\zero_hollow.png 置信度：0.9999961256980896
2025-09-15 22:23:38 [TRACE] 【目标出现】C:\Users\gelon\Desktop\ZA-Lite\assets/images/hollow\go_hollow.png 置信度：0.9954773783683777
2025-09-15 22:23:40 [TRACE] 【目标出现】C:\Users\gelon\Desktop\ZA-Lite\assets/images/hollow\confirm.png 置信度：0.983938992023468
2025-09-15 22:23:41 [TRACE] 【1】等待目标中 C:\Users\gelon\Desktop\ZA-Lite\assets/images/hollow\hollow_taskforce.png
2025-09-15 22:23:42 [TRACE] 【2】等待目标中 C:\Users\gelon\Desktop\ZA-Lite\assets/images/hollow\hollow_taskforce.png
2025-09-15 22:23:42 [TRACE] 【3】等待目标中 C:\Users\gelon\Desktop\ZA-Lite\assets/images/hollow\hollow_taskforce.png
2025-09-15 22:23:43 [TRACE] 【目标出现】C:\Users\gelon\Desktop\ZA-Lite\assets/images/hollow\hollow_taskforce.png 置信度：0.9999805688858032
2025-09-15 22:23:44 [TRACE] 【目标出现】C:\Users\gelon\Desktop\ZA-Lite\assets/images/hollow\strategy.png 置信度：1.0
2025-09-15 22:23:45 [TRACE] 【1】等待目标中 C:\Users\gelon\Desktop\ZA-Lite\assets/images/hollow\strategy_confirm.png
2025-09-15 22:23:46 [TRACE] 【目标出现】C:\Users\gelon\Desktop\ZA-Lite\assets/images/hollow\strategy_confirm.png 置信度：0.9999998211860657
2025-09-15 22:23:47 [TRACE] 【目标出现】C:\Users\gelon\Desktop\ZA-Lite\assets/images/hollow\next_step.png 置信度：0.9814973473548889
2025-09-15 22:23:49 [TRACE] 【目标出现】C:\Users\gelon\Desktop\ZA-Lite\assets/images/hollow\start_battle.png 置信度：0.9705929756164551
2025-09-15 22:23:50 [TRACE] 【空洞监听】无匹配已持续：0秒
2025-09-15 22:23:51 [TRACE] 【目标检测】屏幕内没有目标
2025-09-15 22:23:51 [TRACE] 【目标检测】屏幕内没有目标
2025-09-15 22:23:52 [TRACE] 【目标检测】屏幕内没有目标
2025-09-15 22:23:52 [TRACE] 【目标检测】屏幕内没有目标
2025-09-15 22:23:53 [TRACE] 【目标检测】屏幕内没有目标
2025-09-15 22:23:54 [TRACE] 【空洞监听】无匹配已持续：3秒
2025-09-15 22:23:55 [TRACE] 【目标检测】屏幕内没有目标
2025-09-15 22:23:55 [TRACE] 【目标检测】屏幕内没有目标
2025-09-15 22:23:55 [TRACE] 【目标检测】屏幕内没有目标
2025-09-15 22:23:56 [TRACE] 【目标检测】屏幕内没有目标
2025-09-15 22:23:57 [TRACE] 【目标检测】屏幕内没有目标
2025-09-15 22:23:57 [TRACE] 【空洞监听】无匹配已持续：7秒
2025-09-15 22:23:58 [TRACE] 【目标检测】屏幕内没有目标
2025-09-15 22:23:59 [TRACE] 【目标检测】屏幕内没有目标
2025-09-15 22:23:59 [TRACE] 【目标检测】屏幕内没有目标
2025-09-15 22:24:00 [TRACE] 【目标检测】屏幕内没有目标
2025-09-15 22:24:00 [TRACE] 【目标检测】屏幕内没有目标
2025-09-15 22:24:01 [TRACE] 【空洞监听】无匹配已持续：11秒
2025-09-15 22:24:02 [TRACE] 【目标检测】屏幕内没有目标
2025-09-15 22:24:02 [TRACE] 【目标检测】屏幕内没有目标
2025-09-15 22:24:03 [TRACE] 【目标检测】屏幕内没有目标
2025-09-15 22:24:03 [TRACE] 【目标检测】屏幕内没有目标
2025-09-15 22:24:04 [TRACE] 【目标检测】屏幕内没有目标
2025-09-15 22:24:04 [TRACE] 【空洞监听】无匹配已持续：14秒
2025-09-15 22:24:05 [TRACE] 【目标检测】屏幕内没有目标
2025-09-15 22:24:06 [TRACE] 【目标检测】屏幕内没有目标
2025-09-15 22:24:06 [TRACE] 【目标检测】屏幕内没有目标
2025-09-15 22:24:07 [TRACE] 【目标检测】屏幕内没有目标
2025-09-15 22:24:07 [TRACE] 【目标检测】屏幕内没有目标
2025-09-15 22:24:08 [TRACE] 【空洞监听】无匹配已持续：18秒
2025-09-15 22:24:09 [TRACE] 【目标检测】屏幕内没有目标
2025-09-15 22:24:10 [TRACE] 【目标检测】屏幕内没有目标
2025-09-15 22:24:10 [TRACE] 【目标检测】屏幕内没有目标
2025-09-15 22:24:11 [TRACE] 【目标检测】屏幕内没有目标
2025-09-15 22:24:11 [TRACE] 【目标检测】屏幕内没有目标
2025-09-15 22:24:12 [TRACE] 【空洞监听】无匹配已持续：22秒
2025-09-15 22:24:13 [TRACE] 【目标检测】屏幕内没有目标
2025-09-15 22:24:14 [TRACE] 【目标检测】屏幕内没有目标
2025-09-15 22:24:14 [TRACE] 【目标检测】屏幕内没有目标
2025-09-15 22:24:15 [TRACE] 【目标检测】屏幕内没有目标
2025-09-15 22:24:15 [TRACE] 【目标检测】屏幕内没有目标
2025-09-15 22:24:16 [TRACE] 【空洞监听】无匹配已持续：26秒
2025-09-15 22:24:19 [TRACE] 【目标检测】TRAPPED！ 类型：interact 置信度：0.916662335395813
2025-09-15 22:24:21 [TRACE] 【空洞监听】无匹配已持续：30秒
2025-09-15 22:24:25 [TRACE] 【目标检测】屏幕内没有目标
2025-09-15 22:24:25 [TRACE] 【状态】搜索模式：C:\Users\gelon\Desktop\ZA-Lite\assets/images/hollow\card.png 置信度：0.9999992847442627
2025-09-15 22:24:26 [TRACE] 【目标检测】屏幕内没有目标
2025-09-15 22:24:26 [TRACE] 【目标检测】屏幕内没有目标
2025-09-15 22:24:27 [TRACE] 【目标检测】屏幕内没有目标
2025-09-15 22:24:27 [TRACE] 【目标检测】屏幕内没有目标
2025-09-15 22:24:29 [TRACE] 【目标检测】屏幕内没有目标
2025-09-15 22:24:31 [TRACE] 【目标检测】TRAPPED！ 类型：interact 置信度：0.9066222906112671
2025-09-15 22:24:33 [TRACE] 【空洞监听】无匹配已持续：0秒
2025-09-15 22:24:37 [TRACE] 【目标检测】TRAPPED！ 类型：interact 置信度：0.8782119750976562
2025-09-15 22:24:37 [TRACE] 【空洞监听】无匹配已持续：3秒
2025-09-15 22:24:43 [TRACE] 【目标检测】目标存在，但置信度不足
2025-09-15 22:24:43 [TRACE] 【目标检测】目标存在，但置信度不足
2025-09-15 22:24:47 [TRACE] 【目标检测】微调超时，无法对齐！
2025-09-15 22:24:49 [TRACE] 【目标检测】屏幕内没有目标
2025-09-15 22:24:50 [TRACE] 【空洞监听】无匹配已持续：0秒
2025-09-15 22:24:50 [TRACE] 【目标检测】目标存在，但置信度不足
2025-09-15 22:24:52 [TRACE] 【目标检测】目标存在，但置信度不足
