2025-10-20 13:45:47 [TRACE] 【线程启动】全局监听
2025-10-20 13:45:47 [TRACE] 【线程启动】终止监听
2025-10-20 13:45:47 [INFO] 现在执行 1 次零号空洞
2025-10-20 13:45:49 [DEBUG] 初始化完毕..启动{零号空洞}模块
2025-10-20 13:45:52 [DEBUG] 发现已存在的游戏窗口
2025-10-20 13:45:56 [SUCCESS] 程序开始接管操作，请保持游戏画面处于前台，终止按下Alt键
2025-10-20 13:45:56 [TRACE] 【线程启动】空洞搜索
2025-10-20 13:45:56 [TRACE] 【线程启动】空洞监听
2025-10-20 13:45:56 [TRACE] 【线程启动】空洞战斗
2025-10-20 13:45:56 [DEBUG] 正在返回菜单
2025-10-20 13:45:56 [TRACE] 退出战斗返回菜单
2025-10-20 13:45:57 [TRACE] 【目标出现】C:\Users\gelon\Desktop\ZA-Lite\assets/images/daily\quit_battle.png 置信度：0.9938648343086243
2025-10-20 13:45:58 [TRACE] 【目标出现】C:\Users\gelon\Desktop\ZA-Lite\assets/images/daily\confirm.png 置信度：0.983950138092041
2025-10-20 13:45:59 [TRACE] 【1】等待目标中 C:\Users\gelon\Desktop\ZA-Lite\assets/images/daily\quit.png
2025-10-20 13:46:00 [TRACE] 【2】等待目标中 C:\Users\gelon\Desktop\ZA-Lite\assets/images/daily\quit.png
2025-10-20 13:46:01 [TRACE] 【3】等待目标中 C:\Users\gelon\Desktop\ZA-Lite\assets/images/daily\quit.png
2025-10-20 13:46:02 [TRACE] 【4】等待目标中 C:\Users\gelon\Desktop\ZA-Lite\assets/images/daily\quit.png
2025-10-20 13:46:02 [TRACE] 【5】等待目标中 C:\Users\gelon\Desktop\ZA-Lite\assets/images/daily\quit.png
2025-10-20 13:46:03 [TRACE] 【6】等待目标中 C:\Users\gelon\Desktop\ZA-Lite\assets/images/daily\quit.png
2025-10-20 13:46:04 [TRACE] 【7】等待目标中 C:\Users\gelon\Desktop\ZA-Lite\assets/images/daily\quit.png
2025-10-20 13:46:05 [TRACE] 【8】等待目标中 C:\Users\gelon\Desktop\ZA-Lite\assets/images/daily\quit.png
2025-10-20 13:46:05 [TRACE] 【跳过】C:\Users\gelon\Desktop\ZA-Lite\assets/images/daily\quit.png
2025-10-20 13:46:05 [TRACE] 【目标出现】C:\Users\gelon\Desktop\ZA-Lite\assets/images/hollow/mission_completed.png 置信度：0.9999997019767761
2025-10-20 13:46:07 [TRACE] 正在返回菜单,请保持游戏画面处于前台
2025-10-20 13:46:09 [TRACE] 正在返回菜单,请保持游戏画面处于前台
2025-10-20 13:46:11 [TRACE] 正在返回菜单,请保持游戏画面处于前台
2025-10-20 13:46:14 [TRACE] 正在返回菜单,请保持游戏画面处于前台
2025-10-20 13:46:16 [TRACE] 正在返回菜单,请保持游戏画面处于前台
2025-10-20 13:46:18 [TRACE] 正在返回菜单,请保持游戏画面处于前台
2025-10-20 13:46:21 [TRACE] 现在处于大厅
2025-10-20 13:46:21 [INFO] 执行零号空洞任务中
2025-10-20 13:46:22 [TRACE] 【1】等待目标中 C:\Users\gelon\Desktop\ZA-Lite\assets/images/hollow\combat.png
2025-10-20 13:46:22 [TRACE] 【目标出现】C:\Users\gelon\Desktop\ZA-Lite\assets/images/hollow\combat.png 置信度：0.9762967228889465
2025-10-20 13:46:24 [TRACE] 【目标出现】C:\Users\gelon\Desktop\ZA-Lite\assets/images/hollow\zero_hollow.png 置信度：0.999993622303009
2025-10-20 13:46:25 [TRACE] 【目标出现】C:\Users\gelon\Desktop\ZA-Lite\assets/images/hollow\go_hollow.png 置信度：0.9944641590118408
2025-10-20 13:46:27 [TRACE] 【目标出现】C:\Users\gelon\Desktop\ZA-Lite\assets/images/hollow\confirm.png 置信度：0.983962893486023
2025-10-20 13:46:28 [TRACE] 【1】等待目标中 C:\Users\gelon\Desktop\ZA-Lite\assets/images/hollow\hollow_taskforce.png
2025-10-20 13:46:29 [TRACE] 【2】等待目标中 C:\Users\gelon\Desktop\ZA-Lite\assets/images/hollow\hollow_taskforce.png
2025-10-20 13:46:30 [TRACE] 【3】等待目标中 C:\Users\gelon\Desktop\ZA-Lite\assets/images/hollow\hollow_taskforce.png
2025-10-20 13:46:31 [TRACE] 【目标出现】C:\Users\gelon\Desktop\ZA-Lite\assets/images/hollow\hollow_taskforce.png 置信度：0.9999802708625793
2025-10-20 13:46:32 [TRACE] 【目标出现】C:\Users\gelon\Desktop\ZA-Lite\assets/images/hollow\strategy.png 置信度：0.9999997019767761
2025-10-20 13:46:33 [TRACE] 【1】等待目标中 C:\Users\gelon\Desktop\ZA-Lite\assets/images/hollow\strategy_confirm.png
2025-10-20 13:46:34 [TRACE] 【目标出现】C:\Users\gelon\Desktop\ZA-Lite\assets/images/hollow\strategy_confirm.png 置信度：1.0
2025-10-20 13:46:35 [TRACE] 【目标出现】C:\Users\gelon\Desktop\ZA-Lite\assets/images/hollow\next_step.png 置信度：0.9797264933586121
2025-10-20 13:46:37 [TRACE] 【目标出现】C:\Users\gelon\Desktop\ZA-Lite\assets/images/daily\squad_preset.png 置信度：0.9862321615219116
2025-10-20 13:46:38 [TRACE] 【目标出现】C:\Users\gelon\Desktop\ZA-Lite\assets/images/daily\squad_3.png 置信度：0.994377851486206
2025-10-20 13:46:39 [TRACE] 【目标出现】C:\Users\gelon\Desktop\ZA-Lite\assets/images/daily\select_squad.png 置信度：0.9679989814758301
2025-10-20 13:46:41 [TRACE] 【目标出现】C:\Users\gelon\Desktop\ZA-Lite\assets/images/hollow\start_battle.png 置信度：0.9766154885292053
2025-10-20 13:46:42 [TRACE] 【空洞监听】无匹配已持续：0秒
2025-10-20 13:46:42 [TRACE] 【线程启动】攻击检测
2025-10-20 13:46:43 [TRACE] 【目标检测】屏幕内没有目标
2025-10-20 13:46:44 [TRACE] 【目标检测】屏幕内没有目标
2025-10-20 13:46:46 [TRACE] 【目标检测】屏幕内没有目标
2025-10-20 13:46:47 [TRACE] 【目标检测】屏幕内没有目标
2025-10-20 13:46:48 [TRACE] 【目标检测】屏幕内没有目标
2025-10-20 13:46:48 [TRACE] 【空洞监听】无匹配已持续：6秒
2025-10-20 13:46:51 [TRACE] 【目标检测】屏幕内没有目标
2025-10-20 13:46:52 [TRACE] 【目标检测】屏幕内没有目标
2025-10-20 13:46:54 [TRACE] 【目标检测】屏幕内没有目标
2025-10-20 13:46:54 [TRACE] 【空洞监听】无匹配已持续：12秒
2025-10-20 13:46:55 [TRACE] 【目标检测】屏幕内没有目标
2025-10-20 13:46:57 [TRACE] 【目标检测】屏幕内没有目标
2025-10-20 13:47:00 [TRACE] 【目标检测】屏幕内没有目标
2025-10-20 13:47:01 [TRACE] 【目标检测】屏幕内没有目标
2025-10-20 13:47:02 [TRACE] 【空洞监听】无匹配已持续：19秒
2025-10-20 13:47:03 [TRACE] 【目标检测】屏幕内没有目标
2025-10-20 13:47:04 [TRACE] 【目标检测】屏幕内没有目标
2025-10-20 13:47:05 [TRACE] 【目标检测】屏幕内没有目标
2025-10-20 13:47:09 [TRACE] 【空洞监听】无匹配已持续：26秒
2025-10-20 13:47:14 [TRACE] 【目标检测】TRAPPED！ 类型：interact 置信度：0.9000937938690186
2025-10-20 13:47:16 [TRACE] 【空洞监听】无匹配已持续：33秒
2025-10-20 13:47:21 [TRACE] 【目标检测】目标存在，但置信度不足
2025-10-20 13:47:29 [TRACE] 【目标检测】TRAPPED！ 类型：interact 置信度：0.9433538317680359
2025-10-20 13:47:30 [TRACE] 【空洞监听】无匹配已持续：0秒
2025-10-20 13:47:37 [TRACE] 【空洞监听】无匹配已持续：6秒
2025-10-20 13:47:39 [TRACE] 【目标检测】微调超时，无法对齐！
2025-10-20 13:47:44 [TRACE] 【空洞监听】无匹配已持续：13秒
2025-10-20 13:47:47 [TRACE] 【目标检测】TRAPPED！ 类型：interact 置信度：0.9466290473937988
2025-10-20 13:47:50 [TRACE] 【空洞监听】无匹配已持续：20秒
2025-10-20 13:47:57 [TRACE] 【空洞监听】无匹配已持续：27秒
2025-10-20 13:48:00 [TRACE] 【目标检测】微调超时，无法对齐！
2025-10-20 13:48:03 [TRACE] 【目标检测】TRAPPED！ 类型：interact 置信度：0.9375863075256348
2025-10-20 13:48:04 [TRACE] 【空洞监听】无匹配已持续：34秒
2025-10-20 13:48:07 [TRACE] 【目标检测】屏幕内没有目标
2025-10-20 13:48:08 [TRACE] 【目标检测】屏幕内没有目标
2025-10-20 13:48:10 [TRACE] 【目标检测】屏幕内没有目标
2025-10-20 13:48:11 [TRACE] 【空洞监听】无匹配已持续：41秒
2025-10-20 13:48:11 [TRACE] 【目标检测】屏幕内没有目标
2025-10-20 13:48:17 [TRACE] 【目标检测】TRAPPED！ 类型：interact 置信度：0.8879110217094421
2025-10-20 13:48:18 [TRACE] 【空洞监听】无匹配已持续：47秒
2025-10-20 13:48:18 [TRACE] 【状态】搜索模式：C:\Users\gelon\Desktop\ZA-Lite\assets/images/hollow\card.png 置信度：0.9999998211860657
2025-10-20 13:48:23 [TRACE] 【目标检测】目标存在，但置信度不足
2025-10-20 13:48:25 [TRACE] 【目标检测】屏幕内没有目标
2025-10-20 13:48:30 [TRACE] 【目标检测】TRAPPED！ 类型：interact 置信度：0.9460296630859375
2025-10-20 13:48:32 [TRACE] 【空洞监听】无匹配已持续：0秒
2025-10-20 13:48:35 [TRACE] 【目标检测】TRAPPED！ 类型：interact 置信度：0.9535794854164124
2025-10-20 13:48:39 [TRACE] 【空洞监听】无匹配已持续：6秒
2025-10-20 13:48:43 [TRACE] 【目标检测】屏幕内没有目标
2025-10-20 13:48:46 [TRACE] 【空洞监听】无匹配已持续：14秒
2025-10-20 13:48:50 [TRACE] 【目标检测】微调超时，无法对齐！
2025-10-20 13:48:53 [TRACE] 【空洞监听】无匹配已持续：20秒
2025-10-20 13:48:54 [TRACE] 【目标检测】TRAPPED！ 类型：interact 置信度：0.9329406023025513
2025-10-20 13:48:58 [TRACE] 【目标检测】屏幕内没有目标
2025-10-20 13:48:59 [TRACE] 【目标检测】屏幕内没有目标
2025-10-20 13:48:59 [TRACE] 【空洞监听】无匹配已持续：27秒
2025-10-20 13:49:00 [TRACE] 【目标检测】屏幕内没有目标
2025-10-20 13:49:02 [TRACE] 【目标检测】屏幕内没有目标
2025-10-20 13:49:06 [TRACE] 【空洞监听】无匹配已持续：34秒
2025-10-20 13:49:09 [TRACE] 【目标检测】TRAPPED！ 类型：interact 置信度：0.9414723515510559
2025-10-20 13:49:16 [TRACE] 【目标检测】屏幕内没有目标
2025-10-20 13:49:18 [TRACE] 【目标检测】屏幕内没有目标
2025-10-20 13:49:19 [TRACE] 【目标检测】屏幕内没有目标
2025-10-20 13:49:22 [TRACE] 【目标检测】目标存在，但置信度不足
2025-10-20 13:49:26 [TRACE] 【目标检测】目标存在，但置信度不足
2025-10-20 13:49:28 [TRACE] 【空洞监听】无匹配已持续：0秒
2025-10-20 13:49:29 [TRACE] 【目标检测】目标存在，但置信度不足
2025-10-20 13:49:32 [TRACE] 【目标检测】TRAPPED！ 类型：guide_point 置信度：0.8017071485519409
2025-10-20 13:49:35 [TRACE] 【空洞监听】无匹配已持续：6秒
2025-10-20 13:49:42 [TRACE] 【空洞监听】无匹配已持续：13秒
2025-10-20 13:49:43 [TRACE] 【目标检测】TRAPPED！ 类型：blue_portal 置信度：0.8855364322662354
2025-10-20 13:49:49 [TRACE] 【空洞监听】无匹配已持续：20秒
2025-10-20 13:49:50 [TRACE] 【目标检测】TRAPPED！ 类型：blue_portal 置信度：0.9341424703598022
2025-10-20 13:49:55 [TRACE] 【空洞监听】无匹配已持续：27秒
2025-10-20 13:49:58 [TRACE] 【目标检测】TRAPPED！ 类型：blue_portal 置信度：0.9648045301437378
2025-10-20 13:50:03 [TRACE] 【空洞监听】无匹配已持续：34秒
2025-10-20 13:50:05 [TRACE] 【目标检测】TRAPPED！ 类型：blue_portal 置信度：0.9654442667961121
2025-10-20 13:50:09 [TRACE] 【空洞监听】无匹配已持续：40秒
2025-10-20 13:50:13 [TRACE] 【目标检测】TRAPPED！ 类型：blue_portal 置信度：0.9562487602233887
2025-10-20 13:50:16 [TRACE] 【空洞监听】无匹配已持续：47秒
2025-10-20 13:50:20 [TRACE] 【目标检测】屏幕内没有目标
2025-10-20 13:50:22 [TRACE] 【空洞监听】无匹配已持续：54秒
2025-10-20 13:50:25 [TRACE] 【目标检测】TRAPPED！ 类型：interact 置信度：0.9222941994667053
2025-10-20 13:50:29 [TRACE] 【空洞监听】无匹配已持续：60秒
2025-10-20 13:50:29 [TRACE] 【空洞监听】即将超时，重启搜索线程
2025-10-20 13:50:34 [TRACE] 【目标检测】TRAPPED！ 类型：red_portal 置信度：0.862816572189331
2025-10-20 13:50:36 [TRACE] 【空洞监听】无匹配已持续：68秒
2025-10-20 13:50:36 [TRACE] 【空洞监听】即将超时，重启搜索线程
2025-10-20 13:50:47 [TRACE] 【目标检测】微调超时，无法对齐！
2025-10-20 13:50:53 [TRACE] 【目标检测】屏幕内没有目标
2025-10-20 13:50:56 [TRACE] 【目标检测】屏幕内没有目标
2025-10-20 13:50:57 [TRACE] 【目标检测】微调超时，无法对齐！
2025-10-20 13:51:06 [TRACE] 【目标检测】微调超时，无法对齐！
2025-10-20 13:51:08 [TRACE] 【目标检测】目标存在，但置信度不足
2025-10-20 13:51:09 [TRACE] 【目标检测】目标存在，但置信度不足
2025-10-20 13:51:10 [TRACE] 【状态】搜索模式：C:\Users\gelon\Desktop\ZA-Lite\assets/images/hollow\resonium.png 置信度：0.9920591711997986
2025-10-20 13:51:10 [TRACE] 【目标出现】C:\Users\gelon\Desktop\ZA-Lite\assets/images/hollow\resonium.png 置信度：0.9920591711997986
2025-10-20 13:51:10 [TRACE] 【本轮的坐标】：(np.int64(1581), np.int64(461)) ------------
2025-10-20 13:51:10 [TRACE] 【已点击过的坐标】：[(-10, -10)]
2025-10-20 13:51:10 [TRACE] 【成功点击】
2025-10-20 13:51:10 [TRACE] 【目标检测】目标存在，但置信度不足
2025-10-20 13:51:11 [TRACE] 【本轮的坐标】：(np.int64(1582), np.int64(461)) ------------
2025-10-20 13:51:11 [TRACE] 【已点击过的坐标】：[(-10, -10), (np.int64(1581), np.int64(461))]
2025-10-20 13:51:11 [TRACE] 【坐标太近】视为重复
2025-10-20 13:51:11 [TRACE] 【没有通过的坐标】开始下一轮
2025-10-20 13:51:11 [TRACE] 【本轮的坐标】：(np.int64(1580), np.int64(462)) ------------
2025-10-20 13:51:11 [TRACE] 【已点击过的坐标】：[(-10, -10), (np.int64(1581), np.int64(461))]
2025-10-20 13:51:11 [TRACE] 【坐标太近】视为重复
2025-10-20 13:51:11 [TRACE] 【没有通过的坐标】开始下一轮
2025-10-20 13:51:11 [TRACE] 【本轮的坐标】：(np.int64(1581), np.int64(462)) ------------
2025-10-20 13:51:11 [TRACE] 【已点击过的坐标】：[(-10, -10), (np.int64(1581), np.int64(461))]
2025-10-20 13:51:11 [TRACE] 【坐标太近】视为重复
2025-10-20 13:51:11 [TRACE] 【没有通过的坐标】开始下一轮
2025-10-20 13:51:11 [TRACE] 【本轮的坐标】：(np.int64(1582), np.int64(462)) ------------
2025-10-20 13:51:11 [TRACE] 【已点击过的坐标】：[(-10, -10), (np.int64(1581), np.int64(461))]
2025-10-20 13:51:11 [TRACE] 【坐标太近】视为重复
2025-10-20 13:51:11 [TRACE] 【没有通过的坐标】开始下一轮
2025-10-20 13:51:11 [TRACE] 【本轮的坐标】：(np.int64(1581), np.int64(463)) ------------
2025-10-20 13:51:11 [TRACE] 【已点击过的坐标】：[(-10, -10), (np.int64(1581), np.int64(461))]
2025-10-20 13:51:11 [TRACE] 【坐标太近】视为重复
2025-10-20 13:51:11 [TRACE] 【没有通过的坐标】开始下一轮
2025-10-20 13:51:11 [TRACE] 【完成所有点击】有效次数：1
2025-10-20 13:51:11 [TRACE] 【目标检测】目标存在，但置信度不足
2025-10-20 13:51:13 [TRACE] 【目标检测】目标存在，但置信度不足
2025-10-20 13:51:14 [TRACE] 【目标检测】目标存在，但置信度不足
2025-10-20 13:51:15 [TRACE] 【目标检测】目标存在，但置信度不足
2025-10-20 13:51:23 [TRACE] 【目标检测】微调超时，无法对齐！
2025-10-20 13:51:23 [TRACE] 【空洞监听】无匹配已持续：0秒
2025-10-20 13:51:26 [TRACE] 【目标检测】TRAPPED！ 类型：red_portal 置信度：0.8373233079910278
2025-10-20 13:51:30 [TRACE] 【空洞监听】无匹配已持续：6秒
2025-10-20 13:51:33 [TRACE] 【目标检测】屏幕内没有目标
2025-10-20 13:51:35 [TRACE] 【目标检测】屏幕内没有目标
2025-10-20 13:51:36 [TRACE] 【目标检测】屏幕内没有目标
2025-10-20 13:51:36 [TRACE] 【空洞监听】无匹配已持续：12秒
2025-10-20 13:51:38 [TRACE] 【目标检测】屏幕内没有目标
2025-10-20 13:51:39 [TRACE] 【目标检测】屏幕内没有目标
2025-10-20 13:51:42 [TRACE] 【目标检测】屏幕内没有目标
2025-10-20 13:51:43 [TRACE] 【空洞监听】无匹配已持续：19秒
2025-10-20 13:51:46 [TRACE] 【目标检测】屏幕内没有目标
2025-10-20 13:51:49 [TRACE] 【空洞监听】无匹配已持续：25秒
2025-10-20 13:51:51 [TRACE] 【目标检测】微调超时，无法对齐！
2025-10-20 13:51:53 [TRACE] 【目标检测】TRAPPED！ 类型：blue_portal 置信度：0.9607149958610535
2025-10-20 13:51:56 [TRACE] 【空洞监听】无匹配已持续：32秒
2025-10-20 13:52:00 [TRACE] 【目标检测】屏幕内没有目标
2025-10-20 13:52:02 [TRACE] 【目标检测】屏幕内没有目标
2025-10-20 13:52:02 [TRACE] 【空洞监听】无匹配已持续：38秒
2025-10-20 13:52:05 [TRACE] 【目标检测】屏幕内没有目标
2025-10-20 13:52:05 [TRACE] 【状态】战斗模式：C:\Users\gelon\Desktop\ZA-Lite\assets/images/hollow\battle_1.png 置信度：0.9999997019767761
2025-10-20 13:52:06 [TRACE] 【状态】战斗模式：C:\Users\gelon\Desktop\ZA-Lite\assets/images/hollow\battle_2.png 置信度：0.9999999403953552
2025-10-20 13:52:09 [TRACE] 【状态】战斗模式：正在受到攻击
2025-10-20 13:52:16 [TRACE] 【空洞监听】无匹配已持续：0秒
2025-10-20 13:52:20 [TRACE] 【状态】战斗模式：C:\Users\gelon\Desktop\ZA-Lite\assets/images/hollow\battle_3.png 置信度：1.0
2025-10-20 13:52:29 [TRACE] 【空洞监听】无匹配已持续：0秒
2025-10-20 13:52:37 [TRACE] 【状态】搜索模式：C:\Users\gelon\Desktop\ZA-Lite\assets/images/hollow\next_area.png 置信度：0.9999996423721313
2025-10-20 13:52:38 [TRACE] 【目标检测】屏幕内没有目标
2025-10-20 13:52:39 [TRACE] 【目标检测】屏幕内没有目标
2025-10-20 13:52:42 [TRACE] 【目标检测】屏幕内没有目标
2025-10-20 13:52:45 [TRACE] 【目标检测】屏幕内没有目标
2025-10-20 13:52:49 [TRACE] 【空洞监听】无匹配已持续：0秒
2025-10-20 13:52:50 [TRACE] 【目标检测】TRAPPED！ 类型：blue_portal 置信度：0.903118908405304
2025-10-20 13:52:55 [TRACE] 【空洞监听】无匹配已持续：6秒
2025-10-20 13:52:57 [TRACE] 【目标检测】屏幕内没有目标
2025-10-20 13:52:58 [TRACE] 【目标检测】屏幕内没有目标
2025-10-20 13:53:01 [TRACE] 【目标检测】屏幕内没有目标
2025-10-20 13:53:02 [TRACE] 【空洞监听】无匹配已持续：13秒
2025-10-20 13:53:03 [TRACE] 【目标检测】屏幕内没有目标
2025-10-20 13:53:04 [TRACE] 【目标检测】屏幕内没有目标
2025-10-20 13:53:07 [TRACE] 【目标检测】屏幕内没有目标
2025-10-20 13:53:09 [TRACE] 【目标检测】屏幕内没有目标
2025-10-20 13:53:09 [TRACE] 【状态】战斗模式：正在受到攻击
2025-10-20 13:53:12 [TRACE] 【状态】战斗模式：C:\Users\gelon\Desktop\ZA-Lite\assets/images/hollow\battle_5.png 置信度：0.9756985902786255
2025-10-20 13:53:21 [TRACE] 【空洞监听】无匹配已持续：0秒
2025-10-20 13:53:25 [TRACE] 【状态】战斗模式：C:\Users\gelon\Desktop\ZA-Lite\assets/images/hollow\battle_5.png 置信度：0.9806820154190063
2025-10-20 13:53:28 [TRACE] 【状态】战斗模式：正在受到攻击
2025-10-20 13:53:35 [TRACE] 【状态】战斗模式：正在受到攻击
2025-10-20 13:53:39 [TRACE] 【状态】搜索模式：C:\Users\gelon\Desktop\ZA-Lite\assets/images/hollow\meter.png 置信度：0.9518066048622131
2025-10-20 13:53:40 [TRACE] 【目标检测】屏幕内没有目标
2025-10-20 13:53:41 [TRACE] 【目标检测】屏幕内没有目标
2025-10-20 13:53:42 [TRACE] 【目标检测】屏幕内没有目标
2025-10-20 13:53:47 [TRACE] 【目标检测】目标存在，但置信度不足
2025-10-20 13:53:48 [TRACE] 【目标检测】目标存在，但置信度不足
2025-10-20 13:53:49 [TRACE] 【状态】搜索模式：C:\Users\gelon\Desktop\ZA-Lite\assets/images/hollow\resonium.png 置信度：0.9999996423721313
2025-10-20 13:53:49 [TRACE] 【目标出现】C:\Users\gelon\Desktop\ZA-Lite\assets/images/hollow\resonium.png 置信度：0.9999996423721313
2025-10-20 13:53:49 [TRACE] 【本轮的坐标】：(np.int64(1174), np.int64(461)) ------------
2025-10-20 13:53:49 [TRACE] 【已点击过的坐标】：[(-10, -10)]
2025-10-20 13:53:49 [TRACE] 【成功点击】
2025-10-20 13:53:50 [TRACE] 【本轮的坐标】：(np.int64(1581), np.int64(461)) ------------
2025-10-20 13:53:50 [TRACE] 【已点击过的坐标】：[(-10, -10), (np.int64(1174), np.int64(461))]
2025-10-20 13:53:50 [TRACE] 【成功点击】
2025-10-20 13:53:51 [TRACE] 【本轮的坐标】：(np.int64(1582), np.int64(461)) ------------
2025-10-20 13:53:51 [TRACE] 【已点击过的坐标】：[(-10, -10), (np.int64(1174), np.int64(461)), (np.int64(1581), np.int64(461))]
2025-10-20 13:53:51 [TRACE] 【坐标太近】视为重复
2025-10-20 13:53:51 [TRACE] 【没有通过的坐标】开始下一轮
2025-10-20 13:53:51 [TRACE] 【本轮的坐标】：(np.int64(1988), np.int64(461)) ------------
2025-10-20 13:53:51 [TRACE] 【已点击过的坐标】：[(-10, -10), (np.int64(1174), np.int64(461)), (np.int64(1581), np.int64(461))]
2025-10-20 13:53:51 [TRACE] 【成功点击】
2025-10-20 13:53:51 [TRACE] 【本轮的坐标】：(np.int64(1989), np.int64(461)) ------------
2025-10-20 13:53:51 [TRACE] 【已点击过的坐标】：[(-10, -10), (np.int64(1174), np.int64(461)), (np.int64(1581), np.int64(461)), (np.int64(1988), np.int64(461))]
2025-10-20 13:53:51 [TRACE] 【坐标太近】视为重复
2025-10-20 13:53:51 [TRACE] 【没有通过的坐标】开始下一轮
2025-10-20 13:53:51 [TRACE] 【本轮的坐标】：(np.int64(1173), np.int64(462)) ------------
2025-10-20 13:53:51 [TRACE] 【已点击过的坐标】：[(-10, -10), (np.int64(1174), np.int64(461)), (np.int64(1581), np.int64(461)), (np.int64(1988), np.int64(461))]
2025-10-20 13:53:51 [TRACE] 【坐标太近】视为重复
2025-10-20 13:53:51 [TRACE] 【没有通过的坐标】开始下一轮
2025-10-20 13:53:51 [TRACE] 【本轮的坐标】：(np.int64(1174), np.int64(462)) ------------
2025-10-20 13:53:51 [TRACE] 【已点击过的坐标】：[(-10, -10), (np.int64(1174), np.int64(461)), (np.int64(1581), np.int64(461)), (np.int64(1988), np.int64(461))]
2025-10-20 13:53:51 [TRACE] 【坐标太近】视为重复
2025-10-20 13:53:51 [TRACE] 【没有通过的坐标】开始下一轮
2025-10-20 13:53:51 [TRACE] 【本轮的坐标】：(np.int64(1175), np.int64(462)) ------------
2025-10-20 13:53:51 [TRACE] 【已点击过的坐标】：[(-10, -10), (np.int64(1174), np.int64(461)), (np.int64(1581), np.int64(461)), (np.int64(1988), np.int64(461))]
2025-10-20 13:53:51 [TRACE] 【坐标太近】视为重复
2025-10-20 13:53:51 [TRACE] 【没有通过的坐标】开始下一轮
2025-10-20 13:53:51 [TRACE] 【本轮的坐标】：(np.int64(1580), np.int64(462)) ------------
2025-10-20 13:53:51 [TRACE] 【已点击过的坐标】：[(-10, -10), (np.int64(1174), np.int64(461)), (np.int64(1581), np.int64(461)), (np.int64(1988), np.int64(461))]
2025-10-20 13:53:51 [TRACE] 【坐标太近】视为重复
2025-10-20 13:53:51 [TRACE] 【没有通过的坐标】开始下一轮
2025-10-20 13:53:51 [TRACE] 【本轮的坐标】：(np.int64(1581), np.int64(462)) ------------
2025-10-20 13:53:51 [TRACE] 【已点击过的坐标】：[(-10, -10), (np.int64(1174), np.int64(461)), (np.int64(1581), np.int64(461)), (np.int64(1988), np.int64(461))]
2025-10-20 13:53:51 [TRACE] 【坐标太近】视为重复
2025-10-20 13:53:51 [TRACE] 【没有通过的坐标】开始下一轮
2025-10-20 13:53:51 [TRACE] 【本轮的坐标】：(np.int64(1582), np.int64(462)) ------------
2025-10-20 13:53:51 [TRACE] 【已点击过的坐标】：[(-10, -10), (np.int64(1174), np.int64(461)), (np.int64(1581), np.int64(461)), (np.int64(1988), np.int64(461))]
2025-10-20 13:53:51 [TRACE] 【坐标太近】视为重复
2025-10-20 13:53:51 [TRACE] 【没有通过的坐标】开始下一轮
2025-10-20 13:53:51 [TRACE] 【本轮的坐标】：(np.int64(1987), np.int64(462)) ------------
2025-10-20 13:53:51 [TRACE] 【已点击过的坐标】：[(-10, -10), (np.int64(1174), np.int64(461)), (np.int64(1581), np.int64(461)), (np.int64(1988), np.int64(461))]
2025-10-20 13:53:51 [TRACE] 【坐标太近】视为重复
2025-10-20 13:53:51 [TRACE] 【没有通过的坐标】开始下一轮
2025-10-20 13:53:51 [TRACE] 【本轮的坐标】：(np.int64(1988), np.int64(462)) ------------
2025-10-20 13:53:51 [TRACE] 【已点击过的坐标】：[(-10, -10), (np.int64(1174), np.int64(461)), (np.int64(1581), np.int64(461)), (np.int64(1988), np.int64(461))]
2025-10-20 13:53:51 [TRACE] 【坐标太近】视为重复
2025-10-20 13:53:51 [TRACE] 【没有通过的坐标】开始下一轮
2025-10-20 13:53:51 [TRACE] 【本轮的坐标】：(np.int64(1989), np.int64(462)) ------------
2025-10-20 13:53:51 [TRACE] 【已点击过的坐标】：[(-10, -10), (np.int64(1174), np.int64(461)), (np.int64(1581), np.int64(461)), (np.int64(1988), np.int64(461))]
2025-10-20 13:53:51 [TRACE] 【坐标太近】视为重复
2025-10-20 13:53:51 [TRACE] 【没有通过的坐标】开始下一轮
2025-10-20 13:53:51 [TRACE] 【本轮的坐标】：(np.int64(1990), np.int64(462)) ------------
2025-10-20 13:53:51 [TRACE] 【已点击过的坐标】：[(-10, -10), (np.int64(1174), np.int64(461)), (np.int64(1581), np.int64(461)), (np.int64(1988), np.int64(461))]
2025-10-20 13:53:51 [TRACE] 【坐标太近】视为重复
2025-10-20 13:53:51 [TRACE] 【没有通过的坐标】开始下一轮
2025-10-20 13:53:51 [TRACE] 【本轮的坐标】：(np.int64(1174), np.int64(463)) ------------
2025-10-20 13:53:51 [TRACE] 【已点击过的坐标】：[(-10, -10), (np.int64(1174), np.int64(461)), (np.int64(1581), np.int64(461)), (np.int64(1988), np.int64(461))]
2025-10-20 13:53:51 [TRACE] 【坐标太近】视为重复
2025-10-20 13:53:51 [TRACE] 【没有通过的坐标】开始下一轮
2025-10-20 13:53:51 [TRACE] 【本轮的坐标】：(np.int64(1581), np.int64(463)) ------------
2025-10-20 13:53:51 [TRACE] 【已点击过的坐标】：[(-10, -10), (np.int64(1174), np.int64(461)), (np.int64(1581), np.int64(461)), (np.int64(1988), np.int64(461))]
2025-10-20 13:53:51 [TRACE] 【坐标太近】视为重复
2025-10-20 13:53:51 [TRACE] 【没有通过的坐标】开始下一轮
2025-10-20 13:53:51 [TRACE] 【本轮的坐标】：(np.int64(1988), np.int64(463)) ------------
2025-10-20 13:53:51 [TRACE] 【已点击过的坐标】：[(-10, -10), (np.int64(1174), np.int64(461)), (np.int64(1581), np.int64(461)), (np.int64(1988), np.int64(461))]
2025-10-20 13:53:51 [TRACE] 【坐标太近】视为重复
2025-10-20 13:53:51 [TRACE] 【没有通过的坐标】开始下一轮
2025-10-20 13:53:51 [TRACE] 【完成所有点击】有效次数：3
2025-10-20 13:53:52 [TRACE] 【目标检测】目标存在，但置信度不足
2025-10-20 13:53:53 [TRACE] 【目标检测】目标存在，但置信度不足
2025-10-20 13:53:55 [TRACE] 【目标检测】微调超时，无法对齐！
2025-10-20 13:53:57 [TRACE] 【目标检测】目标存在，但置信度不足
2025-10-20 13:53:59 [TRACE] 【状态】搜索模式：C:\Users\gelon\Desktop\ZA-Lite\assets/images/hollow\next_area.png 置信度：0.999999463558197
2025-10-20 13:54:01 [TRACE] 【目标检测】TRAPPED！ 类型：blue_portal 置信度：0.8956583738327026
2025-10-20 13:54:08 [TRACE] 【目标检测】屏幕内没有目标
2025-10-20 13:54:09 [TRACE] 【目标检测】屏幕内没有目标
2025-10-20 13:54:11 [TRACE] 【空洞监听】无匹配已持续：0秒
2025-10-20 13:54:12 [TRACE] 【目标检测】TRAPPED！ 类型：interact 置信度：0.9190118908882141
2025-10-20 13:54:18 [TRACE] 【空洞监听】无匹配已持续：6秒
2025-10-20 13:54:19 [TRACE] 【目标检测】TRAPPED！ 类型：interact 置信度：0.9285960793495178
2025-10-20 13:54:25 [TRACE] 【状态】搜索模式：C:\Users\gelon\Desktop\ZA-Lite\assets/images/hollow\resonium.png 置信度：1.0
2025-10-20 13:54:25 [TRACE] 【目标出现】C:\Users\gelon\Desktop\ZA-Lite\assets/images/hollow\resonium.png 置信度：1.0
2025-10-20 13:54:25 [TRACE] 【本轮的坐标】：(np.int64(1174), np.int64(461)) ------------
2025-10-20 13:54:25 [TRACE] 【已点击过的坐标】：[(-10, -10)]
2025-10-20 13:54:25 [TRACE] 【成功点击】
2025-10-20 13:54:25 [TRACE] 【目标检测】屏幕内没有目标
2025-10-20 13:54:26 [TRACE] 【本轮的坐标】：(np.int64(1581), np.int64(461)) ------------
2025-10-20 13:54:26 [TRACE] 【已点击过的坐标】：[(-10, -10), (np.int64(1174), np.int64(461))]
2025-10-20 13:54:26 [TRACE] 【成功点击】
2025-10-20 13:54:26 [TRACE] 【目标检测】屏幕内没有目标
2025-10-20 13:54:27 [TRACE] 【本轮的坐标】：(np.int64(1582), np.int64(461)) ------------
2025-10-20 13:54:27 [TRACE] 【已点击过的坐标】：[(-10, -10), (np.int64(1174), np.int64(461)), (np.int64(1581), np.int64(461))]
2025-10-20 13:54:27 [TRACE] 【坐标太近】视为重复
2025-10-20 13:54:27 [TRACE] 【没有通过的坐标】开始下一轮
2025-10-20 13:54:27 [TRACE] 【本轮的坐标】：(np.int64(1988), np.int64(461)) ------------
2025-10-20 13:54:27 [TRACE] 【已点击过的坐标】：[(-10, -10), (np.int64(1174), np.int64(461)), (np.int64(1581), np.int64(461))]
2025-10-20 13:54:27 [TRACE] 【成功点击】
2025-10-20 13:54:27 [TRACE] 【本轮的坐标】：(np.int64(1989), np.int64(461)) ------------
2025-10-20 13:54:27 [TRACE] 【已点击过的坐标】：[(-10, -10), (np.int64(1174), np.int64(461)), (np.int64(1581), np.int64(461)), (np.int64(1988), np.int64(461))]
2025-10-20 13:54:27 [TRACE] 【坐标太近】视为重复
2025-10-20 13:54:27 [TRACE] 【没有通过的坐标】开始下一轮
2025-10-20 13:54:27 [TRACE] 【本轮的坐标】：(np.int64(1173), np.int64(462)) ------------
2025-10-20 13:54:27 [TRACE] 【已点击过的坐标】：[(-10, -10), (np.int64(1174), np.int64(461)), (np.int64(1581), np.int64(461)), (np.int64(1988), np.int64(461))]
2025-10-20 13:54:27 [TRACE] 【坐标太近】视为重复
2025-10-20 13:54:27 [TRACE] 【没有通过的坐标】开始下一轮
2025-10-20 13:54:27 [TRACE] 【本轮的坐标】：(np.int64(1174), np.int64(462)) ------------
2025-10-20 13:54:27 [TRACE] 【已点击过的坐标】：[(-10, -10), (np.int64(1174), np.int64(461)), (np.int64(1581), np.int64(461)), (np.int64(1988), np.int64(461))]
2025-10-20 13:54:27 [TRACE] 【坐标太近】视为重复
2025-10-20 13:54:27 [TRACE] 【没有通过的坐标】开始下一轮
2025-10-20 13:54:27 [TRACE] 【本轮的坐标】：(np.int64(1175), np.int64(462)) ------------
2025-10-20 13:54:27 [TRACE] 【已点击过的坐标】：[(-10, -10), (np.int64(1174), np.int64(461)), (np.int64(1581), np.int64(461)), (np.int64(1988), np.int64(461))]
2025-10-20 13:54:27 [TRACE] 【坐标太近】视为重复
2025-10-20 13:54:27 [TRACE] 【没有通过的坐标】开始下一轮
2025-10-20 13:54:27 [TRACE] 【本轮的坐标】：(np.int64(1580), np.int64(462)) ------------
2025-10-20 13:54:27 [TRACE] 【已点击过的坐标】：[(-10, -10), (np.int64(1174), np.int64(461)), (np.int64(1581), np.int64(461)), (np.int64(1988), np.int64(461))]
2025-10-20 13:54:27 [TRACE] 【坐标太近】视为重复
2025-10-20 13:54:27 [TRACE] 【没有通过的坐标】开始下一轮
2025-10-20 13:54:27 [TRACE] 【本轮的坐标】：(np.int64(1581), np.int64(462)) ------------
2025-10-20 13:54:27 [TRACE] 【已点击过的坐标】：[(-10, -10), (np.int64(1174), np.int64(461)), (np.int64(1581), np.int64(461)), (np.int64(1988), np.int64(461))]
2025-10-20 13:54:27 [TRACE] 【坐标太近】视为重复
2025-10-20 13:54:27 [TRACE] 【没有通过的坐标】开始下一轮
2025-10-20 13:54:27 [TRACE] 【本轮的坐标】：(np.int64(1582), np.int64(462)) ------------
2025-10-20 13:54:27 [TRACE] 【已点击过的坐标】：[(-10, -10), (np.int64(1174), np.int64(461)), (np.int64(1581), np.int64(461)), (np.int64(1988), np.int64(461))]
2025-10-20 13:54:27 [TRACE] 【坐标太近】视为重复
2025-10-20 13:54:27 [TRACE] 【没有通过的坐标】开始下一轮
2025-10-20 13:54:27 [TRACE] 【本轮的坐标】：(np.int64(1987), np.int64(462)) ------------
2025-10-20 13:54:27 [TRACE] 【已点击过的坐标】：[(-10, -10), (np.int64(1174), np.int64(461)), (np.int64(1581), np.int64(461)), (np.int64(1988), np.int64(461))]
2025-10-20 13:54:27 [TRACE] 【坐标太近】视为重复
2025-10-20 13:54:27 [TRACE] 【没有通过的坐标】开始下一轮
2025-10-20 13:54:27 [TRACE] 【本轮的坐标】：(np.int64(1988), np.int64(462)) ------------
2025-10-20 13:54:27 [TRACE] 【已点击过的坐标】：[(-10, -10), (np.int64(1174), np.int64(461)), (np.int64(1581), np.int64(461)), (np.int64(1988), np.int64(461))]
2025-10-20 13:54:27 [TRACE] 【坐标太近】视为重复
2025-10-20 13:54:27 [TRACE] 【没有通过的坐标】开始下一轮
2025-10-20 13:54:27 [TRACE] 【本轮的坐标】：(np.int64(1989), np.int64(462)) ------------
2025-10-20 13:54:27 [TRACE] 【已点击过的坐标】：[(-10, -10), (np.int64(1174), np.int64(461)), (np.int64(1581), np.int64(461)), (np.int64(1988), np.int64(461))]
2025-10-20 13:54:27 [TRACE] 【坐标太近】视为重复
2025-10-20 13:54:27 [TRACE] 【没有通过的坐标】开始下一轮
2025-10-20 13:54:27 [TRACE] 【本轮的坐标】：(np.int64(1990), np.int64(462)) ------------
2025-10-20 13:54:27 [TRACE] 【已点击过的坐标】：[(-10, -10), (np.int64(1174), np.int64(461)), (np.int64(1581), np.int64(461)), (np.int64(1988), np.int64(461))]
2025-10-20 13:54:27 [TRACE] 【坐标太近】视为重复
2025-10-20 13:54:27 [TRACE] 【没有通过的坐标】开始下一轮
2025-10-20 13:54:27 [TRACE] 【本轮的坐标】：(np.int64(1174), np.int64(463)) ------------
2025-10-20 13:54:27 [TRACE] 【已点击过的坐标】：[(-10, -10), (np.int64(1174), np.int64(461)), (np.int64(1581), np.int64(461)), (np.int64(1988), np.int64(461))]
2025-10-20 13:54:27 [TRACE] 【坐标太近】视为重复
2025-10-20 13:54:27 [TRACE] 【没有通过的坐标】开始下一轮
2025-10-20 13:54:27 [TRACE] 【本轮的坐标】：(np.int64(1581), np.int64(463)) ------------
2025-10-20 13:54:27 [TRACE] 【已点击过的坐标】：[(-10, -10), (np.int64(1174), np.int64(461)), (np.int64(1581), np.int64(461)), (np.int64(1988), np.int64(461))]
2025-10-20 13:54:27 [TRACE] 【坐标太近】视为重复
2025-10-20 13:54:27 [TRACE] 【没有通过的坐标】开始下一轮
2025-10-20 13:54:27 [TRACE] 【本轮的坐标】：(np.int64(1988), np.int64(463)) ------------
2025-10-20 13:54:27 [TRACE] 【已点击过的坐标】：[(-10, -10), (np.int64(1174), np.int64(461)), (np.int64(1581), np.int64(461)), (np.int64(1988), np.int64(461))]
2025-10-20 13:54:27 [TRACE] 【坐标太近】视为重复
2025-10-20 13:54:27 [TRACE] 【没有通过的坐标】开始下一轮
2025-10-20 13:54:27 [TRACE] 【完成所有点击】有效次数：3
2025-10-20 13:54:27 [TRACE] 【目标检测】屏幕内没有目标
2025-10-20 13:54:29 [TRACE] 【目标检测】屏幕内没有目标
2025-10-20 13:54:30 [TRACE] 【目标检测】屏幕内没有目标
2025-10-20 13:54:33 [TRACE] 【目标检测】屏幕内没有目标
2025-10-20 13:54:38 [TRACE] 【状态】搜索模式：C:\Users\gelon\Desktop\ZA-Lite\assets/images/hollow\meter.png 置信度：0.973502516746521
2025-10-20 13:54:41 [TRACE] 【目标检测】微调超时，无法对齐！
2025-10-20 13:54:44 [TRACE] 【目标检测】TRAPPED！ 类型：guide_point 置信度：0.6479378938674927
2025-10-20 13:54:47 [TRACE] 【空洞监听】无匹配已持续：0秒
2025-10-20 13:54:51 [TRACE] 【目标检测】屏幕内没有目标
2025-10-20 13:54:53 [TRACE] 【目标检测】屏幕内没有目标
2025-10-20 13:54:54 [TRACE] 【空洞监听】无匹配已持续：6秒
2025-10-20 13:54:54 [TRACE] 【目标检测】屏幕内没有目标
2025-10-20 13:54:57 [TRACE] 【目标检测】屏幕内没有目标
2025-10-20 13:54:58 [TRACE] 【目标检测】屏幕内没有目标
2025-10-20 13:55:01 [TRACE] 【空洞监听】无匹配已持续：13秒
2025-10-20 13:55:01 [TRACE] 【目标检测】屏幕内没有目标
2025-10-20 13:55:03 [TRACE] 【目标检测】目标存在，但置信度不足
2025-10-20 13:55:07 [TRACE] 【目标检测】目标存在，但置信度不足
2025-10-20 13:55:07 [TRACE] 【空洞监听】无匹配已持续：20秒
2025-10-20 13:55:11 [TRACE] 【目标检测】微调超时，无法对齐！
2025-10-20 13:55:14 [TRACE] 【空洞监听】无匹配已持续：26秒
2025-10-20 13:55:17 [TRACE] 【目标检测】TRAPPED！ 类型：blue_portal 置信度：0.9364368915557861
2025-10-20 13:55:20 [TRACE] 【空洞监听】无匹配已持续：33秒
2025-10-20 13:55:24 [TRACE] 【目标检测】屏幕内没有目标
2025-10-20 13:55:25 [TRACE] 【目标检测】目标存在，但置信度不足
2025-10-20 13:55:27 [TRACE] 【目标检测】屏幕内没有目标
2025-10-20 13:55:27 [TRACE] 【空洞监听】无匹配已持续：40秒
2025-10-20 13:55:28 [TRACE] 【目标检测】屏幕内没有目标
2025-10-20 13:55:30 [TRACE] 【目标检测】屏幕内没有目标
2025-10-20 13:55:32 [TRACE] 【目标检测】屏幕内没有目标
2025-10-20 13:55:34 [TRACE] 【空洞监听】无匹配已持续：46秒
2025-10-20 13:55:35 [TRACE] 【目标检测】屏幕内没有目标
2025-10-20 13:55:36 [TRACE] 【目标检测】屏幕内没有目标
2025-10-20 13:55:41 [TRACE] 【空洞监听】无匹配已持续：53秒
2025-10-20 13:55:44 [TRACE] 【目标检测】TRAPPED！ 类型：interact 置信度：0.9487698078155518
2025-10-20 13:55:47 [TRACE] 【空洞监听】无匹配已持续：59秒
2025-10-20 13:55:51 [TRACE] 【目标检测】屏幕内没有目标
2025-10-20 13:55:52 [TRACE] 【目标检测】屏幕内没有目标
2025-10-20 13:55:54 [TRACE] 【目标检测】屏幕内没有目标
2025-10-20 13:55:54 [TRACE] 【状态】搜索模式：C:\Users\gelon\Desktop\ZA-Lite\assets/images/hollow\resonium.png 置信度：1.0
2025-10-20 13:55:54 [TRACE] 【目标出现】C:\Users\gelon\Desktop\ZA-Lite\assets/images/hollow\resonium.png 置信度：0.9999996423721313
2025-10-20 13:55:54 [TRACE] 【本轮的坐标】：(np.int64(2088), np.int64(441)) ------------
2025-10-20 13:55:54 [TRACE] 【已点击过的坐标】：[(-10, -10)]
2025-10-20 13:55:54 [TRACE] 【成功点击】
2025-10-20 13:55:55 [TRACE] 【目标检测】屏幕内没有目标
2025-10-20 13:55:55 [TRACE] 【本轮的坐标】：(np.int64(2089), np.int64(441)) ------------
2025-10-20 13:55:55 [TRACE] 【已点击过的坐标】：[(-10, -10), (np.int64(2088), np.int64(441))]
2025-10-20 13:55:55 [TRACE] 【坐标太近】视为重复
2025-10-20 13:55:55 [TRACE] 【没有通过的坐标】开始下一轮
2025-10-20 13:55:55 [TRACE] 【本轮的坐标】：(np.int64(2478), np.int64(441)) ------------
2025-10-20 13:55:55 [TRACE] 【已点击过的坐标】：[(-10, -10), (np.int64(2088), np.int64(441))]
2025-10-20 13:55:55 [TRACE] 【成功点击】
2025-10-20 13:55:56 [TRACE] 【目标检测】屏幕内没有目标
2025-10-20 13:55:56 [TRACE] 【本轮的坐标】：(np.int64(2087), np.int64(442)) ------------
2025-10-20 13:55:56 [TRACE] 【已点击过的坐标】：[(-10, -10), (np.int64(2088), np.int64(441)), (np.int64(2478), np.int64(441))]
2025-10-20 13:55:56 [TRACE] 【坐标太近】视为重复
2025-10-20 13:55:56 [TRACE] 【没有通过的坐标】开始下一轮
2025-10-20 13:55:56 [TRACE] 【本轮的坐标】：(np.int64(2088), np.int64(442)) ------------
2025-10-20 13:55:56 [TRACE] 【已点击过的坐标】：[(-10, -10), (np.int64(2088), np.int64(441)), (np.int64(2478), np.int64(441))]
2025-10-20 13:55:56 [TRACE] 【坐标太近】视为重复
2025-10-20 13:55:56 [TRACE] 【没有通过的坐标】开始下一轮
2025-10-20 13:55:56 [TRACE] 【本轮的坐标】：(np.int64(2089), np.int64(442)) ------------
2025-10-20 13:55:56 [TRACE] 【已点击过的坐标】：[(-10, -10), (np.int64(2088), np.int64(441)), (np.int64(2478), np.int64(441))]
2025-10-20 13:55:56 [TRACE] 【坐标太近】视为重复
2025-10-20 13:55:56 [TRACE] 【没有通过的坐标】开始下一轮
2025-10-20 13:55:56 [TRACE] 【本轮的坐标】：(np.int64(2090), np.int64(442)) ------------
2025-10-20 13:55:56 [TRACE] 【已点击过的坐标】：[(-10, -10), (np.int64(2088), np.int64(441)), (np.int64(2478), np.int64(441))]
2025-10-20 13:55:56 [TRACE] 【坐标太近】视为重复
2025-10-20 13:55:56 [TRACE] 【没有通过的坐标】开始下一轮
2025-10-20 13:55:56 [TRACE] 【本轮的坐标】：(np.int64(2477), np.int64(442)) ------------
2025-10-20 13:55:56 [TRACE] 【已点击过的坐标】：[(-10, -10), (np.int64(2088), np.int64(441)), (np.int64(2478), np.int64(441))]
2025-10-20 13:55:56 [TRACE] 【坐标太近】视为重复
2025-10-20 13:55:56 [TRACE] 【没有通过的坐标】开始下一轮
2025-10-20 13:55:56 [TRACE] 【本轮的坐标】：(np.int64(2478), np.int64(442)) ------------
2025-10-20 13:55:56 [TRACE] 【已点击过的坐标】：[(-10, -10), (np.int64(2088), np.int64(441)), (np.int64(2478), np.int64(441))]
2025-10-20 13:55:56 [TRACE] 【坐标太近】视为重复
2025-10-20 13:55:56 [TRACE] 【没有通过的坐标】开始下一轮
2025-10-20 13:55:56 [TRACE] 【本轮的坐标】：(np.int64(2479), np.int64(442)) ------------
2025-10-20 13:55:56 [TRACE] 【已点击过的坐标】：[(-10, -10), (np.int64(2088), np.int64(441)), (np.int64(2478), np.int64(441))]
2025-10-20 13:55:56 [TRACE] 【坐标太近】视为重复
2025-10-20 13:55:56 [TRACE] 【没有通过的坐标】开始下一轮
2025-10-20 13:55:56 [TRACE] 【本轮的坐标】：(np.int64(2088), np.int64(443)) ------------
2025-10-20 13:55:56 [TRACE] 【已点击过的坐标】：[(-10, -10), (np.int64(2088), np.int64(441)), (np.int64(2478), np.int64(441))]
2025-10-20 13:55:56 [TRACE] 【坐标太近】视为重复
2025-10-20 13:55:56 [TRACE] 【没有通过的坐标】开始下一轮
2025-10-20 13:55:56 [TRACE] 【本轮的坐标】：(np.int64(2478), np.int64(443)) ------------
2025-10-20 13:55:56 [TRACE] 【已点击过的坐标】：[(-10, -10), (np.int64(2088), np.int64(441)), (np.int64(2478), np.int64(441))]
2025-10-20 13:55:56 [TRACE] 【坐标太近】视为重复
2025-10-20 13:55:56 [TRACE] 【没有通过的坐标】开始下一轮
2025-10-20 13:55:56 [TRACE] 【完成所有点击】有效次数：2
2025-10-20 13:55:56 [TRACE] 【状态】搜索模式：C:\Users\gelon\Desktop\ZA-Lite\assets/images/hollow\card.png 置信度：0.98653644323349
2025-10-20 13:55:58 [TRACE] 【目标检测】屏幕内没有目标
2025-10-20 13:55:59 [TRACE] 【目标检测】屏幕内没有目标
2025-10-20 13:56:01 [TRACE] 【目标检测】屏幕内没有目标
2025-10-20 13:56:02 [TRACE] 【目标检测】屏幕内没有目标
2025-10-20 13:56:03 [TRACE] 【状态】搜索模式：C:\Users\gelon\Desktop\ZA-Lite\assets/images/hollow\resonium.png 置信度：0.9999996423721313
2025-10-20 13:56:03 [TRACE] 【目标检测】屏幕内没有目标
2025-10-20 13:56:03 [TRACE] 【目标出现】C:\Users\gelon\Desktop\ZA-Lite\assets/images/hollow\resonium.png 置信度：0.9999996423721313
2025-10-20 13:56:03 [TRACE] 【本轮的坐标】：(np.int64(2088), np.int64(441)) ------------
2025-10-20 13:56:03 [TRACE] 【已点击过的坐标】：[(-10, -10)]
2025-10-20 13:56:03 [TRACE] 【成功点击】
2025-10-20 13:56:04 [TRACE] 【本轮的坐标】：(np.int64(2089), np.int64(441)) ------------
2025-10-20 13:56:04 [TRACE] 【已点击过的坐标】：[(-10, -10), (np.int64(2088), np.int64(441))]
2025-10-20 13:56:04 [TRACE] 【坐标太近】视为重复
2025-10-20 13:56:04 [TRACE] 【没有通过的坐标】开始下一轮
2025-10-20 13:56:04 [TRACE] 【本轮的坐标】：(np.int64(2478), np.int64(441)) ------------
2025-10-20 13:56:04 [TRACE] 【已点击过的坐标】：[(-10, -10), (np.int64(2088), np.int64(441))]
2025-10-20 13:56:04 [TRACE] 【成功点击】
2025-10-20 13:56:05 [TRACE] 【本轮的坐标】：(np.int64(2087), np.int64(442)) ------------
2025-10-20 13:56:05 [TRACE] 【已点击过的坐标】：[(-10, -10), (np.int64(2088), np.int64(441)), (np.int64(2478), np.int64(441))]
2025-10-20 13:56:05 [TRACE] 【坐标太近】视为重复
2025-10-20 13:56:05 [TRACE] 【没有通过的坐标】开始下一轮
2025-10-20 13:56:05 [TRACE] 【本轮的坐标】：(np.int64(2088), np.int64(442)) ------------
2025-10-20 13:56:05 [TRACE] 【已点击过的坐标】：[(-10, -10), (np.int64(2088), np.int64(441)), (np.int64(2478), np.int64(441))]
2025-10-20 13:56:05 [TRACE] 【坐标太近】视为重复
2025-10-20 13:56:05 [TRACE] 【没有通过的坐标】开始下一轮
2025-10-20 13:56:05 [TRACE] 【本轮的坐标】：(np.int64(2089), np.int64(442)) ------------
2025-10-20 13:56:05 [TRACE] 【已点击过的坐标】：[(-10, -10), (np.int64(2088), np.int64(441)), (np.int64(2478), np.int64(441))]
2025-10-20 13:56:05 [TRACE] 【坐标太近】视为重复
2025-10-20 13:56:05 [TRACE] 【没有通过的坐标】开始下一轮
2025-10-20 13:56:05 [TRACE] 【本轮的坐标】：(np.int64(2090), np.int64(442)) ------------
2025-10-20 13:56:05 [TRACE] 【已点击过的坐标】：[(-10, -10), (np.int64(2088), np.int64(441)), (np.int64(2478), np.int64(441))]
2025-10-20 13:56:05 [TRACE] 【坐标太近】视为重复
2025-10-20 13:56:05 [TRACE] 【没有通过的坐标】开始下一轮
2025-10-20 13:56:05 [TRACE] 【本轮的坐标】：(np.int64(2477), np.int64(442)) ------------
2025-10-20 13:56:05 [TRACE] 【已点击过的坐标】：[(-10, -10), (np.int64(2088), np.int64(441)), (np.int64(2478), np.int64(441))]
2025-10-20 13:56:05 [TRACE] 【坐标太近】视为重复
2025-10-20 13:56:05 [TRACE] 【没有通过的坐标】开始下一轮
2025-10-20 13:56:05 [TRACE] 【本轮的坐标】：(np.int64(2478), np.int64(442)) ------------
2025-10-20 13:56:05 [TRACE] 【已点击过的坐标】：[(-10, -10), (np.int64(2088), np.int64(441)), (np.int64(2478), np.int64(441))]
2025-10-20 13:56:05 [TRACE] 【坐标太近】视为重复
2025-10-20 13:56:05 [TRACE] 【没有通过的坐标】开始下一轮
2025-10-20 13:56:05 [TRACE] 【本轮的坐标】：(np.int64(2479), np.int64(442)) ------------
2025-10-20 13:56:05 [TRACE] 【已点击过的坐标】：[(-10, -10), (np.int64(2088), np.int64(441)), (np.int64(2478), np.int64(441))]
2025-10-20 13:56:05 [TRACE] 【坐标太近】视为重复
2025-10-20 13:56:05 [TRACE] 【没有通过的坐标】开始下一轮
2025-10-20 13:56:05 [TRACE] 【本轮的坐标】：(np.int64(2088), np.int64(443)) ------------
2025-10-20 13:56:05 [TRACE] 【已点击过的坐标】：[(-10, -10), (np.int64(2088), np.int64(441)), (np.int64(2478), np.int64(441))]
2025-10-20 13:56:05 [TRACE] 【坐标太近】视为重复
2025-10-20 13:56:05 [TRACE] 【没有通过的坐标】开始下一轮
2025-10-20 13:56:05 [TRACE] 【本轮的坐标】：(np.int64(2478), np.int64(443)) ------------
2025-10-20 13:56:05 [TRACE] 【已点击过的坐标】：[(-10, -10), (np.int64(2088), np.int64(441)), (np.int64(2478), np.int64(441))]
2025-10-20 13:56:05 [TRACE] 【坐标太近】视为重复
2025-10-20 13:56:05 [TRACE] 【没有通过的坐标】开始下一轮
2025-10-20 13:56:05 [TRACE] 【完成所有点击】有效次数：2
2025-10-20 13:56:05 [TRACE] 【状态】搜索模式：C:\Users\gelon\Desktop\ZA-Lite\assets/images/hollow\card.png 置信度：0.986534833908081
2025-10-20 13:56:05 [TRACE] 【目标检测】屏幕内没有目标
2025-10-20 13:56:07 [TRACE] 【目标检测】屏幕内没有目标
2025-10-20 13:56:08 [TRACE] 【目标检测】屏幕内没有目标
2025-10-20 13:56:09 [TRACE] 【目标检测】屏幕内没有目标
2025-10-20 13:56:10 [TRACE] 【目标检测】目标存在，但置信度不足
2025-10-20 13:56:12 [TRACE] 【状态】搜索模式：C:\Users\gelon\Desktop\ZA-Lite\assets/images/hollow\next_area.png 置信度：0.9999993443489075
2025-10-20 13:56:14 [TRACE] 【目标检测】目标存在，但置信度不足
2025-10-20 13:56:16 [TRACE] 【状态】搜索模式：C:\Users\gelon\Desktop\ZA-Lite\assets/images/hollow\meter.png 置信度：0.9653196930885315
2025-10-20 13:56:20 [TRACE] 【目标检测】微调超时，无法对齐！
2025-10-20 13:56:26 [TRACE] 【空洞监听】无匹配已持续：0秒
2025-10-20 13:56:27 [TRACE] 【目标检测】TRAPPED！ 类型：guide_point 置信度：0.8894814848899841
2025-10-20 13:56:33 [TRACE] 【状态】搜索模式：C:\Users\gelon\Desktop\ZA-Lite\assets/images/hollow\resonium.png 置信度：0.9999998807907104
2025-10-20 13:56:33 [TRACE] 【目标出现】C:\Users\gelon\Desktop\ZA-Lite\assets/images/hollow\resonium.png 置信度：1.0
2025-10-20 13:56:33 [TRACE] 【本轮的坐标】：(np.int64(2088), np.int64(441)) ------------
2025-10-20 13:56:33 [TRACE] 【已点击过的坐标】：[(-10, -10)]
2025-10-20 13:56:33 [TRACE] 【成功点击】
2025-10-20 13:56:34 [TRACE] 【本轮的坐标】：(np.int64(2089), np.int64(441)) ------------
2025-10-20 13:56:34 [TRACE] 【已点击过的坐标】：[(-10, -10), (np.int64(2088), np.int64(441))]
2025-10-20 13:56:34 [TRACE] 【坐标太近】视为重复
2025-10-20 13:56:34 [TRACE] 【没有通过的坐标】开始下一轮
2025-10-20 13:56:34 [TRACE] 【本轮的坐标】：(np.int64(2478), np.int64(441)) ------------
2025-10-20 13:56:34 [TRACE] 【已点击过的坐标】：[(-10, -10), (np.int64(2088), np.int64(441))]
2025-10-20 13:56:34 [TRACE] 【成功点击】
2025-10-20 13:56:34 [TRACE] 【目标检测】屏幕内没有目标
2025-10-20 13:56:34 [TRACE] 【本轮的坐标】：(np.int64(2087), np.int64(442)) ------------
2025-10-20 13:56:34 [TRACE] 【已点击过的坐标】：[(-10, -10), (np.int64(2088), np.int64(441)), (np.int64(2478), np.int64(441))]
2025-10-20 13:56:34 [TRACE] 【坐标太近】视为重复
2025-10-20 13:56:34 [TRACE] 【没有通过的坐标】开始下一轮
2025-10-20 13:56:34 [TRACE] 【本轮的坐标】：(np.int64(2088), np.int64(442)) ------------
2025-10-20 13:56:34 [TRACE] 【已点击过的坐标】：[(-10, -10), (np.int64(2088), np.int64(441)), (np.int64(2478), np.int64(441))]
2025-10-20 13:56:34 [TRACE] 【坐标太近】视为重复
2025-10-20 13:56:34 [TRACE] 【没有通过的坐标】开始下一轮
2025-10-20 13:56:34 [TRACE] 【本轮的坐标】：(np.int64(2089), np.int64(442)) ------------
2025-10-20 13:56:34 [TRACE] 【已点击过的坐标】：[(-10, -10), (np.int64(2088), np.int64(441)), (np.int64(2478), np.int64(441))]
2025-10-20 13:56:34 [TRACE] 【坐标太近】视为重复
2025-10-20 13:56:34 [TRACE] 【没有通过的坐标】开始下一轮
2025-10-20 13:56:34 [TRACE] 【本轮的坐标】：(np.int64(2090), np.int64(442)) ------------
2025-10-20 13:56:34 [TRACE] 【已点击过的坐标】：[(-10, -10), (np.int64(2088), np.int64(441)), (np.int64(2478), np.int64(441))]
2025-10-20 13:56:34 [TRACE] 【坐标太近】视为重复
2025-10-20 13:56:34 [TRACE] 【没有通过的坐标】开始下一轮
2025-10-20 13:56:34 [TRACE] 【本轮的坐标】：(np.int64(2477), np.int64(442)) ------------
2025-10-20 13:56:34 [TRACE] 【已点击过的坐标】：[(-10, -10), (np.int64(2088), np.int64(441)), (np.int64(2478), np.int64(441))]
2025-10-20 13:56:34 [TRACE] 【坐标太近】视为重复
2025-10-20 13:56:34 [TRACE] 【没有通过的坐标】开始下一轮
2025-10-20 13:56:34 [TRACE] 【本轮的坐标】：(np.int64(2478), np.int64(442)) ------------
2025-10-20 13:56:34 [TRACE] 【已点击过的坐标】：[(-10, -10), (np.int64(2088), np.int64(441)), (np.int64(2478), np.int64(441))]
2025-10-20 13:56:34 [TRACE] 【坐标太近】视为重复
2025-10-20 13:56:34 [TRACE] 【没有通过的坐标】开始下一轮
2025-10-20 13:56:34 [TRACE] 【本轮的坐标】：(np.int64(2479), np.int64(442)) ------------
2025-10-20 13:56:34 [TRACE] 【已点击过的坐标】：[(-10, -10), (np.int64(2088), np.int64(441)), (np.int64(2478), np.int64(441))]
2025-10-20 13:56:34 [TRACE] 【坐标太近】视为重复
2025-10-20 13:56:34 [TRACE] 【没有通过的坐标】开始下一轮
2025-10-20 13:56:34 [TRACE] 【本轮的坐标】：(np.int64(2088), np.int64(443)) ------------
2025-10-20 13:56:34 [TRACE] 【已点击过的坐标】：[(-10, -10), (np.int64(2088), np.int64(441)), (np.int64(2478), np.int64(441))]
2025-10-20 13:56:34 [TRACE] 【坐标太近】视为重复
2025-10-20 13:56:34 [TRACE] 【没有通过的坐标】开始下一轮
2025-10-20 13:56:34 [TRACE] 【本轮的坐标】：(np.int64(2478), np.int64(443)) ------------
2025-10-20 13:56:34 [TRACE] 【已点击过的坐标】：[(-10, -10), (np.int64(2088), np.int64(441)), (np.int64(2478), np.int64(441))]
2025-10-20 13:56:34 [TRACE] 【坐标太近】视为重复
2025-10-20 13:56:34 [TRACE] 【没有通过的坐标】开始下一轮
2025-10-20 13:56:34 [TRACE] 【完成所有点击】有效次数：2
2025-10-20 13:56:35 [TRACE] 【状态】搜索模式：C:\Users\gelon\Desktop\ZA-Lite\assets/images/hollow\card.png 置信度：0.986535370349884
2025-10-20 13:56:35 [TRACE] 【目标检测】屏幕内没有目标
2025-10-20 13:56:36 [TRACE] 【目标检测】屏幕内没有目标
2025-10-20 13:56:38 [TRACE] 【目标检测】屏幕内没有目标
2025-10-20 13:56:39 [TRACE] 【目标检测】屏幕内没有目标
2025-10-20 13:56:44 [TRACE] 【目标检测】TRAPPED！ 类型：guide_point 置信度：0.9162483215332031
2025-10-20 13:56:46 [TRACE] 【状态】搜索模式：C:\Users\gelon\Desktop\ZA-Lite\assets/images/hollow\meter.png 置信度：0.9048309922218323
2025-10-20 13:56:51 [TRACE] 【目标检测】TRAPPED！ 类型：red_portal 置信度：0.919315755367279
2025-10-20 13:56:55 [TRACE] 【空洞监听】无匹配已持续：0秒
2025-10-20 13:56:58 [TRACE] 【目标检测】屏幕内没有目标
2025-10-20 13:56:59 [TRACE] 【目标检测】屏幕内没有目标
2025-10-20 13:57:01 [TRACE] 【目标检测】屏幕内没有目标
2025-10-20 13:57:01 [TRACE] 【空洞监听】无匹配已持续：6秒
2025-10-20 13:57:02 [TRACE] 【目标检测】目标存在，但置信度不足
2025-10-20 13:57:04 [TRACE] 【目标检测】屏幕内没有目标
2025-10-20 13:57:05 [TRACE] 【目标检测】屏幕内没有目标
2025-10-20 13:57:08 [TRACE] 【状态】战斗模式：正在受到攻击
2025-10-20 13:57:08 [TRACE] 【目标检测】屏幕内没有目标
2025-10-20 13:57:14 [TRACE] 【空洞监听】无匹配已持续：0秒
2025-10-20 13:57:21 [TRACE] 【空洞监听】无匹配已持续：6秒
2025-10-20 13:57:27 [TRACE] 【状态】战斗模式：正在受到攻击
2025-10-20 13:57:34 [TRACE] 【空洞监听】无匹配已持续：0秒
2025-10-20 13:57:40 [TRACE] 【空洞监听】无匹配已持续：6秒
2025-10-20 13:57:47 [TRACE] 【空洞监听】无匹配已持续：12秒
2025-10-20 13:57:51 [TRACE] 【状态】战斗模式：C:\Users\gelon\Desktop\ZA-Lite\assets/images/hollow\battle_5.png 置信度：0.9708243608474731
2025-10-20 13:57:59 [TRACE] 【状态】战斗模式：正在受到攻击
2025-10-20 13:58:03 [TRACE] 【状态】战斗模式：C:\Users\gelon\Desktop\ZA-Lite\assets/images/hollow\battle_5.png 置信度：0.9615849852561951
2025-10-20 13:58:12 [TRACE] 【状态】战斗模式：正在受到攻击
2025-10-20 13:58:18 [TRACE] 【空洞监听】无匹配已持续：0秒
2025-10-20 13:58:24 [TRACE] 【空洞监听】无匹配已持续：6秒
2025-10-20 13:58:31 [TRACE] 【空洞监听】无匹配已持续：12秒
2025-10-20 13:58:37 [TRACE] 【空洞监听】无匹配已持续：19秒
2025-10-20 13:58:43 [TRACE] 【空洞监听】无匹配已持续：25秒
2025-10-20 13:58:47 [TRACE] 【状态】战斗模式：C:\Users\gelon\Desktop\ZA-Lite\assets/images/hollow\battle_5.png 置信度：0.9748998880386353
2025-10-20 13:58:53 [TRACE] 【状态】战斗模式：C:\Users\gelon\Desktop\ZA-Lite\assets/images/hollow\battle_5.png 置信度：0.9862687587738037
2025-10-20 13:58:59 [TRACE] 【状态】战斗模式：C:\Users\gelon\Desktop\ZA-Lite\assets/images/hollow\battle_5.png 置信度：0.981238603591919
2025-10-20 13:59:05 [TRACE] 【状态】战斗模式：C:\Users\gelon\Desktop\ZA-Lite\assets/images/hollow\battle_5.png 置信度：0.9465969800949097
2025-10-20 13:59:14 [TRACE] 【状态】战斗模式：正在受到攻击
2025-10-20 13:59:18 [TRACE] 【状态】战斗模式：C:\Users\gelon\Desktop\ZA-Lite\assets/images/hollow\battle_5.png 置信度：0.9846412539482117
2025-10-20 13:59:27 [TRACE] 【空洞监听】无匹配已持续：0秒
2025-10-20 13:59:34 [TRACE] 【状态】战斗模式：正在受到攻击
2025-10-20 13:59:40 [TRACE] 【空洞监听】无匹配已持续：0秒
2025-10-20 13:59:47 [TRACE] 【空洞监听】无匹配已持续：6秒
2025-10-20 13:59:51 [TRACE] 【状态】战斗模式：C:\Users\gelon\Desktop\ZA-Lite\assets/images/hollow\battle_5.png 置信度：0.9673945307731628
2025-10-20 14:00:00 [TRACE] 【状态】战斗模式：正在受到攻击
2025-10-20 14:00:04 [TRACE] 【状态】战斗模式：C:\Users\gelon\Desktop\ZA-Lite\assets/images/hollow\battle_5.png 置信度：0.9765967130661011
2025-10-20 14:00:11 [TRACE] 【状态】战斗模式：C:\Users\gelon\Desktop\ZA-Lite\assets/images/hollow\battle_5.png 置信度：0.9688677191734314
2025-10-20 14:00:20 [TRACE] 【空洞监听】无匹配已持续：0秒
2025-10-20 14:00:24 [TRACE] 【状态】战斗模式：C:\Users\gelon\Desktop\ZA-Lite\assets/images/hollow\battle_5.png 置信度：0.9811817407608032
2025-10-20 14:00:33 [TRACE] 【空洞监听】无匹配已持续：0秒
2025-10-20 14:00:37 [TRACE] 【状态】战斗模式：C:\Users\gelon\Desktop\ZA-Lite\assets/images/hollow\battle_5.png 置信度：0.988322913646698
2025-10-20 14:00:39 [TRACE] 【状态】战斗模式：正在受到攻击
2025-10-20 14:00:45 [TRACE] 【状态】战斗模式：正在受到攻击
2025-10-20 14:00:52 [WARNING] 代理人死亡，空洞任务失败
2025-10-20 14:00:52 [TRACE] 【1】等待目标中 C:\Users\gelon\Desktop\ZA-Lite\assets/images/hollow\mission_completed.png
2025-10-20 14:00:53 [TRACE] 【2】等待目标中 C:\Users\gelon\Desktop\ZA-Lite\assets/images/hollow\mission_completed.png
