2025-10-20 04:04:43 [TRACE] 【线程启动】全局监听
2025-10-20 04:04:43 [TRACE] 【线程启动】终止监听
2025-10-20 04:04:43 [INFO] 现在执行 1 次零号空洞
2025-10-20 04:04:45 [DEBUG] 初始化完毕..启动{零号空洞}模块
2025-10-20 04:04:48 [DEBUG] 启动游戏：D:/Game Files/ZenlessZoneZero Game/ZenlessZoneZero.exe
2025-10-20 04:04:52 [SUCCESS] 程序开始接管操作，请保持游戏画面处于前台，终止按下Alt键
2025-10-20 04:04:52 [TRACE] 【线程启动】空洞搜索
2025-10-20 04:04:52 [TRACE] 【线程启动】空洞监听
2025-10-20 04:04:52 [TRACE] 【线程启动】空洞战斗
2025-10-20 04:04:52 [DEBUG] 正在返回菜单
2025-10-20 04:04:52 [TRACE] 正在返回菜单,请保持游戏画面处于前台
2025-10-20 04:04:55 [TRACE] 正在返回菜单,请保持游戏画面处于前台
2025-10-20 04:04:57 [TRACE] 正在返回菜单,请保持游戏画面处于前台
2025-10-20 04:04:59 [TRACE] 正在返回菜单,请保持游戏画面处于前台
2025-10-20 04:05:01 [TRACE] 正在返回菜单,请保持游戏画面处于前台
2025-10-20 04:05:04 [TRACE] 正在返回菜单,请保持游戏画面处于前台
2025-10-20 04:05:06 [TRACE] 正在返回菜单,请保持游戏画面处于前台
2025-10-20 04:05:09 [TRACE] 正在返回菜单,请保持游戏画面处于前台
2025-10-20 04:05:11 [TRACE] 正在返回菜单,请保持游戏画面处于前台
2025-10-20 04:05:13 [TRACE] 正在返回菜单,请保持游戏画面处于前台
2025-10-20 04:05:15 [TRACE] 正在返回菜单,请保持游戏画面处于前台
2025-10-20 04:05:18 [TRACE] 正在返回菜单,请保持游戏画面处于前台
2025-10-20 04:05:20 [TRACE] 正在返回菜单,请保持游戏画面处于前台
2025-10-20 04:05:22 [TRACE] 正在返回菜单,请保持游戏画面处于前台
2025-10-20 04:05:25 [TRACE] 正在返回菜单,请保持游戏画面处于前台
2025-10-20 04:05:27 [TRACE] 正在返回菜单,请保持游戏画面处于前台
2025-10-20 04:05:29 [TRACE] 正在返回菜单,请保持游戏画面处于前台
2025-10-20 04:05:31 [TRACE] 正在返回菜单,请保持游戏画面处于前台
2025-10-20 04:05:34 [TRACE] 正在返回菜单,请保持游戏画面处于前台
2025-10-20 04:05:36 [TRACE] 正在返回菜单,请保持游戏画面处于前台
2025-10-20 04:05:38 [TRACE] 正在返回菜单,请保持游戏画面处于前台
2025-10-20 04:05:40 [TRACE] 正在返回菜单,请保持游戏画面处于前台
2025-10-20 04:05:43 [TRACE] 正在返回菜单,请保持游戏画面处于前台
2025-10-20 04:05:45 [TRACE] 正在返回菜单,请保持游戏画面处于前台
2025-10-20 04:05:47 [TRACE] 正在返回菜单,请保持游戏画面处于前台
2025-10-20 04:05:49 [TRACE] 正在返回菜单,请保持游戏画面处于前台
2025-10-20 04:05:52 [TRACE] 正在返回菜单,请保持游戏画面处于前台
2025-10-20 04:05:54 [TRACE] 正在返回菜单,请保持游戏画面处于前台
2025-10-20 04:05:56 [TRACE] 正在返回菜单,请保持游戏画面处于前台
2025-10-20 04:05:58 [TRACE] 正在返回菜单,请保持游戏画面处于前台
2025-10-20 04:06:01 [TRACE] 正在返回菜单,请保持游戏画面处于前台
2025-10-20 04:06:03 [TRACE] 正在返回菜单,请保持游戏画面处于前台
2025-10-20 04:06:05 [TRACE] 正在返回菜单,请保持游戏画面处于前台
2025-10-20 04:06:07 [TRACE] 正在返回菜单,请保持游戏画面处于前台
2025-10-20 04:06:09 [TRACE] 正在返回菜单,请保持游戏画面处于前台
2025-10-20 04:06:12 [TRACE] 正在返回菜单,请保持游戏画面处于前台
2025-10-20 04:06:14 [TRACE] 正在返回菜单,请保持游戏画面处于前台
2025-10-20 04:06:16 [TRACE] 正在返回菜单,请保持游戏画面处于前台
2025-10-20 04:06:18 [TRACE] 正在返回菜单,请保持游戏画面处于前台
2025-10-20 04:06:21 [TRACE] 正在返回菜单,请保持游戏画面处于前台
2025-10-20 04:06:23 [TRACE] 正在返回菜单,请保持游戏画面处于前台
2025-10-20 04:06:25 [TRACE] 正在返回菜单,请保持游戏画面处于前台
2025-10-20 04:06:28 [TRACE] 正在返回菜单,请保持游戏画面处于前台
2025-10-20 04:06:30 [TRACE] 正在返回菜单,请保持游戏画面处于前台
2025-10-20 04:06:32 [TRACE] 正在返回菜单,请保持游戏画面处于前台
2025-10-20 04:06:35 [TRACE] 正在返回菜单,请保持游戏画面处于前台
2025-10-20 04:06:37 [TRACE] 正在返回菜单,请保持游戏画面处于前台
2025-10-20 04:06:39 [TRACE] 正在返回菜单,请保持游戏画面处于前台
2025-10-20 04:06:41 [TRACE] 正在返回菜单,请保持游戏画面处于前台
2025-10-20 04:06:44 [TRACE] 正在返回菜单,请保持游戏画面处于前台
2025-10-20 04:06:46 [TRACE] 正在返回菜单,请保持游戏画面处于前台
2025-10-20 04:06:48 [TRACE] 正在返回菜单,请保持游戏画面处于前台
2025-10-20 04:06:50 [TRACE] 正在返回菜单,请保持游戏画面处于前台
2025-10-20 04:06:52 [TRACE] 正在返回菜单,请保持游戏画面处于前台
2025-10-20 04:06:55 [TRACE] 正在返回菜单,请保持游戏画面处于前台
2025-10-20 04:06:57 [TRACE] 正在返回菜单,请保持游戏画面处于前台
2025-10-20 04:06:59 [TRACE] 正在返回菜单,请保持游戏画面处于前台
2025-10-20 04:07:01 [TRACE] 正在返回菜单,请保持游戏画面处于前台
2025-10-20 04:07:03 [TRACE] 正在返回菜单,请保持游戏画面处于前台
2025-10-20 04:07:06 [TRACE] 正在返回菜单,请保持游戏画面处于前台
2025-10-20 04:07:08 [TRACE] 正在返回菜单,请保持游戏画面处于前台
2025-10-20 04:07:10 [TRACE] 正在返回菜单,请保持游戏画面处于前台
2025-10-20 04:07:13 [TRACE] 正在返回菜单,请保持游戏画面处于前台
2025-10-20 04:07:15 [TRACE] 正在返回菜单,请保持游戏画面处于前台
2025-10-20 04:07:17 [TRACE] 正在返回菜单,请保持游戏画面处于前台
2025-10-20 04:07:19 [TRACE] 正在返回菜单,请保持游戏画面处于前台
2025-10-20 04:07:22 [TRACE] 正在返回菜单,请保持游戏画面处于前台
2025-10-20 04:07:24 [TRACE] 正在返回菜单,请保持游戏画面处于前台
2025-10-20 04:07:26 [TRACE] 正在返回菜单,请保持游戏画面处于前台
2025-10-20 04:07:28 [TRACE] 正在返回菜单,请保持游戏画面处于前台
2025-10-20 04:07:31 [TRACE] 现在处于大厅
2025-10-20 04:07:31 [INFO] 执行零号空洞任务中
2025-10-20 04:07:32 [TRACE] 【1】等待目标中 C:\Users\gelon\Desktop\ZA-Lite\assets/images/hollow\combat.png
2025-10-20 04:07:33 [TRACE] 【目标出现】C:\Users\gelon\Desktop\ZA-Lite\assets/images/hollow\combat.png 置信度：0.9763121008872986
2025-10-20 04:07:34 [TRACE] 【目标出现】C:\Users\gelon\Desktop\ZA-Lite\assets/images/hollow\zero_hollow.png 置信度：0.9999943375587463
2025-10-20 04:07:35 [TRACE] 【目标出现】C:\Users\gelon\Desktop\ZA-Lite\assets/images/hollow\go_hollow.png 置信度：0.9943356513977051
2025-10-20 04:07:37 [TRACE] 【目标出现】C:\Users\gelon\Desktop\ZA-Lite\assets/images/hollow\confirm.png 置信度：0.983956515789032
2025-10-20 04:07:38 [TRACE] 【1】等待目标中 C:\Users\gelon\Desktop\ZA-Lite\assets/images/hollow\hollow_taskforce.png
2025-10-20 04:07:39 [TRACE] 【2】等待目标中 C:\Users\gelon\Desktop\ZA-Lite\assets/images/hollow\hollow_taskforce.png
2025-10-20 04:07:40 [TRACE] 【3】等待目标中 C:\Users\gelon\Desktop\ZA-Lite\assets/images/hollow\hollow_taskforce.png
2025-10-20 04:07:41 [TRACE] 【目标出现】C:\Users\gelon\Desktop\ZA-Lite\assets/images/hollow\hollow_taskforce.png 置信度：0.9999982714653015
2025-10-20 04:07:42 [TRACE] 【目标出现】C:\Users\gelon\Desktop\ZA-Lite\assets/images/hollow\strategy.png 置信度：0.9986504912376404
2025-10-20 04:07:43 [TRACE] 【1】等待目标中 C:\Users\gelon\Desktop\ZA-Lite\assets/images/hollow\strategy_confirm.png
2025-10-20 04:07:44 [TRACE] 【目标出现】C:\Users\gelon\Desktop\ZA-Lite\assets/images/hollow\strategy_confirm.png 置信度：1.0
2025-10-20 04:07:46 [TRACE] 【目标出现】C:\Users\gelon\Desktop\ZA-Lite\assets/images/hollow\next_step.png 置信度：0.9749418497085571
2025-10-20 04:07:47 [TRACE] 【目标出现】C:\Users\gelon\Desktop\ZA-Lite\assets/images/daily\squad_preset.png 置信度：0.9862319827079773
2025-10-20 04:07:48 [TRACE] 【目标出现】C:\Users\gelon\Desktop\ZA-Lite\assets/images/daily\squad_4.png 置信度：0.994943380355835
2025-10-20 04:07:49 [TRACE] 【目标出现】C:\Users\gelon\Desktop\ZA-Lite\assets/images/daily\select_squad.png 置信度：0.9680472016334534
2025-10-20 04:07:51 [TRACE] 【目标出现】C:\Users\gelon\Desktop\ZA-Lite\assets/images/hollow\start_battle.png 置信度：0.9817109107971191
2025-10-20 04:07:52 [TRACE] 【空洞监听】无匹配已持续：0秒
2025-10-20 04:07:52 [ERROR] 【线程错误】Thread-6 (hollow_search)

Traceback (most recent call last):
  File "C:\Python\Lib\threading.py", line 1041, in _bootstrap_inner
    self.run()
    ~~~~~~~~^^
  File "C:\Python\Lib\threading.py", line 992, in run
    self._target(*self._args, **self._kwargs)
    ~~~~~~~~~~~~^^^^^^^^^^^^^^^^^^^^^^^^^^^^^
  File "C:\Users\gelon\Desktop\ZA-Lite\tasks\hollow.py", line 189, in hollow_search
    result=yolo_hollow(source=screenshot("bgr"),sd=1280,verbose=False)   #推理 YOLO支持批量输入，单图片需要result[0]
  File "C:\Python\Lib\site-packages\ultralytics\engine\model.py", line 180, in __call__
    return self.predict(source, stream, **kwargs)
           ~~~~~~~~~~~~^^^^^^^^^^^^^^^^^^^^^^^^^^
  File "C:\Python\Lib\site-packages\ultralytics\engine\model.py", line 550, in predict
    self.predictor = (predictor or self._smart_load("predictor"))(overrides=args, _callbacks=self.callbacks)
                     ~~~~~~~~~~~~~~~~~~~~~~~~~~~~~~~~~~~~~~~~~~~~^^^^^^^^^^^^^^^^^^^^^^^^^^^^^^^^^^^^^^^^^^^
  File "C:\Python\Lib\site-packages\ultralytics\engine\predictor.py", line 91, in __init__
    self.args = get_cfg(cfg, overrides)
                ~~~~~~~^^^^^^^^^^^^^^^^
  File "C:\Python\Lib\site-packages\ultralytics\cfg\__init__.py", line 306, in get_cfg
    check_dict_alignment(cfg, overrides)
    ~~~~~~~~~~~~~~~~~~~~^^^^^^^^^^^^^^^^
  File "C:\Python\Lib\site-packages\ultralytics\cfg\__init__.py", line 493, in check_dict_alignment
    raise SyntaxError(string + CLI_HELP_MSG) from e
SyntaxError: '[31m[1msd[0m' is not a valid YOLO argument. Similar arguments are i.e. ['seed=0'].

    Arguments received: ['yolo']. Ultralytics 'yolo' commands use the following syntax:

        yolo TASK MODE ARGS

        Where   TASK (optional) is one of frozenset({'detect', 'pose', 'segment', 'classify', 'obb'})
                MODE (required) is one of frozenset({'benchmark', 'predict', 'val', 'export', 'train', 'track'})
                ARGS (optional) are any number of custom 'arg=value' pairs like 'imgsz=320' that override defaults.
                    See all ARGS at https://docs.ultralytics.com/usage/cfg or with 'yolo cfg'

    1. Train a detection model for 10 epochs with an initial learning_rate of 0.01
        yolo train data=coco8.yaml model=yolo11n.pt epochs=10 lr0=0.01

    2. Predict a YouTube video using a pretrained segmentation model at image size 320:
        yolo predict model=yolo11n-seg.pt source='https://youtu.be/LNwODJXcvt4' imgsz=320

    3. Val a pretrained detection model at batch-size 1 and image size 640:
        yolo val model=yolo11n.pt data=coco8.yaml batch=1 imgsz=640

    4. Export a YOLO11n classification model to ONNX format at image size 224 by 128 (no TASK required)
        yolo export model=yolo11n-cls.pt format=onnx imgsz=224,128

    5. Ultralytics solutions usage
        yolo solutions count or in ['heatmap', 'queue', 'speed', 'workout', 'analytics', 'trackzone', 'inference'] source="path/to/video/file.mp4"

    6. Run special commands:
        yolo help
        yolo checks
        yolo version
        yolo settings
        yolo copy-cfg
        yolo cfg
        yolo solutions help

    Docs: https://docs.ultralytics.com
    Solutions: https://docs.ultralytics.com/solutions/
    Community: https://community.ultralytics.com
    GitHub: https://github.com/ultralytics/ultralytics
    

2025-10-20 04:07:57 [TRACE] 【空洞监听】无匹配已持续：5秒
2025-10-20 04:08:03 [TRACE] 【空洞监听】无匹配已持续：11秒
2025-10-20 04:08:09 [TRACE] 【空洞监听】无匹配已持续：16秒
2025-10-20 04:08:15 [TRACE] 【空洞监听】无匹配已持续：22秒
2025-10-20 04:08:20 [TRACE] 【空洞监听】无匹配已持续：27秒
2025-10-20 04:08:26 [TRACE] 【空洞监听】无匹配已持续：33秒
2025-10-20 04:08:31 [TRACE] 【空洞监听】无匹配已持续：38秒
2025-10-20 04:08:36 [TRACE] 【空洞监听】无匹配已持续：43秒
2025-10-20 04:08:41 [TRACE] 【空洞监听】无匹配已持续：49秒
2025-10-20 04:08:47 [TRACE] 【空洞监听】无匹配已持续：54秒
2025-10-20 04:08:53 [TRACE] 【空洞监听】无匹配已持续：60秒
2025-10-20 04:08:53 [TRACE] 【空洞监听】即将超时，重启搜索线程
