2025-10-20 13:32:32 [TRACE] 【线程启动】全局监听
2025-10-20 13:32:32 [TRACE] 【线程启动】终止监听
2025-10-20 13:32:32 [INFO] 现在执行 1 次零号空洞
2025-10-20 13:32:34 [DEBUG] 初始化完毕..启动{零号空洞}模块
2025-10-20 13:32:37 [DEBUG] 启动游戏：D:/Game Files/ZenlessZoneZero Game/ZenlessZoneZero.exe
2025-10-20 13:32:44 [SUCCESS] 程序开始接管操作，请保持游戏画面处于前台，终止按下Alt键
2025-10-20 13:32:44 [TRACE] 【线程启动】空洞搜索
2025-10-20 13:32:44 [TRACE] 【线程启动】空洞监听
2025-10-20 13:32:44 [TRACE] 【线程启动】空洞战斗
2025-10-20 13:32:44 [DEBUG] 正在返回菜单
2025-10-20 13:32:44 [TRACE] 正在返回菜单,请保持游戏画面处于前台
2025-10-20 13:32:46 [TRACE] 正在返回菜单,请保持游戏画面处于前台
2025-10-20 13:32:48 [TRACE] 正在返回菜单,请保持游戏画面处于前台
2025-10-20 13:32:51 [TRACE] 正在返回菜单,请保持游戏画面处于前台
2025-10-20 13:32:53 [TRACE] 正在返回菜单,请保持游戏画面处于前台
2025-10-20 13:32:55 [TRACE] 正在返回菜单,请保持游戏画面处于前台
2025-10-20 13:32:57 [TRACE] 正在返回菜单,请保持游戏画面处于前台
2025-10-20 13:32:59 [TRACE] 正在返回菜单,请保持游戏画面处于前台
2025-10-20 13:33:02 [TRACE] 正在返回菜单,请保持游戏画面处于前台
2025-10-20 13:33:04 [TRACE] 正在返回菜单,请保持游戏画面处于前台
2025-10-20 13:33:07 [TRACE] 正在返回菜单,请保持游戏画面处于前台
2025-10-20 13:33:09 [TRACE] 正在返回菜单,请保持游戏画面处于前台
2025-10-20 13:33:11 [TRACE] 正在返回菜单,请保持游戏画面处于前台
2025-10-20 13:33:14 [TRACE] 正在返回菜单,请保持游戏画面处于前台
2025-10-20 13:33:16 [TRACE] 正在返回菜单,请保持游戏画面处于前台
2025-10-20 13:33:18 [TRACE] 正在返回菜单,请保持游戏画面处于前台
2025-10-20 13:33:21 [TRACE] 正在返回菜单,请保持游戏画面处于前台
2025-10-20 13:33:23 [TRACE] 正在返回菜单,请保持游戏画面处于前台
2025-10-20 13:33:25 [TRACE] 正在返回菜单,请保持游戏画面处于前台
2025-10-20 13:33:27 [TRACE] 正在返回菜单,请保持游戏画面处于前台
2025-10-20 13:33:29 [TRACE] 正在返回菜单,请保持游戏画面处于前台
2025-10-20 13:33:32 [TRACE] 正在返回菜单,请保持游戏画面处于前台
2025-10-20 13:33:34 [TRACE] 正在返回菜单,请保持游戏画面处于前台
2025-10-20 13:33:36 [TRACE] 正在返回菜单,请保持游戏画面处于前台
2025-10-20 13:33:39 [TRACE] 正在返回菜单,请保持游戏画面处于前台
2025-10-20 13:33:41 [TRACE] 正在返回菜单,请保持游戏画面处于前台
2025-10-20 13:33:43 [TRACE] 正在返回菜单,请保持游戏画面处于前台
2025-10-20 13:33:46 [TRACE] 现在处于大厅
2025-10-20 13:33:46 [INFO] 执行零号空洞任务中
2025-10-20 13:33:47 [TRACE] 【1】等待目标中 C:\Users\gelon\Desktop\ZA-Lite\assets/images/hollow\combat.png
2025-10-20 13:33:47 [TRACE] 【目标出现】C:\Users\gelon\Desktop\ZA-Lite\assets/images/hollow\combat.png 置信度：0.9762967228889465
2025-10-20 13:33:49 [TRACE] 【目标出现】C:\Users\gelon\Desktop\ZA-Lite\assets/images/hollow\zero_hollow.png 置信度：0.9999944567680359
2025-10-20 13:33:50 [TRACE] 【目标出现】C:\Users\gelon\Desktop\ZA-Lite\assets/images/hollow\go_hollow.png 置信度：0.9941217303276062
2025-10-20 13:33:52 [TRACE] 【目标出现】C:\Users\gelon\Desktop\ZA-Lite\assets/images/hollow\confirm.png 置信度：0.9839586615562439
2025-10-20 13:33:53 [TRACE] 【1】等待目标中 C:\Users\gelon\Desktop\ZA-Lite\assets/images/hollow\hollow_taskforce.png
2025-10-20 13:33:54 [TRACE] 【2】等待目标中 C:\Users\gelon\Desktop\ZA-Lite\assets/images/hollow\hollow_taskforce.png
2025-10-20 13:33:55 [TRACE] 【3】等待目标中 C:\Users\gelon\Desktop\ZA-Lite\assets/images/hollow\hollow_taskforce.png
2025-10-20 13:33:56 [TRACE] 【4】等待目标中 C:\Users\gelon\Desktop\ZA-Lite\assets/images/hollow\hollow_taskforce.png
2025-10-20 13:33:56 [TRACE] 【5】等待目标中 C:\Users\gelon\Desktop\ZA-Lite\assets/images/hollow\hollow_taskforce.png
2025-10-20 13:33:57 [TRACE] 【6】等待目标中 C:\Users\gelon\Desktop\ZA-Lite\assets/images/hollow\hollow_taskforce.png
2025-10-20 13:33:58 [TRACE] 【目标出现】C:\Users\gelon\Desktop\ZA-Lite\assets/images/hollow\hollow_taskforce.png 置信度：0.990567147731781
2025-10-20 13:33:59 [TRACE] 【目标出现】C:\Users\gelon\Desktop\ZA-Lite\assets/images/hollow\strategy.png 置信度：0.9723992347717285
2025-10-20 13:34:00 [TRACE] 【1】等待目标中 C:\Users\gelon\Desktop\ZA-Lite\assets/images/hollow\strategy_confirm.png
2025-10-20 13:34:01 [TRACE] 【目标出现】C:\Users\gelon\Desktop\ZA-Lite\assets/images/hollow\strategy_confirm.png 置信度：0.9999996423721313
2025-10-20 13:34:03 [TRACE] 【目标出现】C:\Users\gelon\Desktop\ZA-Lite\assets/images/hollow\next_step.png 置信度：0.981120228767395
2025-10-20 13:34:04 [TRACE] 【目标出现】C:\Users\gelon\Desktop\ZA-Lite\assets/images/daily\squad_preset.png 置信度：0.9862318634986877
2025-10-20 13:34:06 [TRACE] 【目标出现】C:\Users\gelon\Desktop\ZA-Lite\assets/images/daily\squad_3.png 置信度：0.9784577488899231
2025-10-20 13:34:07 [TRACE] 【目标出现】C:\Users\gelon\Desktop\ZA-Lite\assets/images/daily\select_squad.png 置信度：0.9686564207077026
2025-10-20 13:34:08 [TRACE] 【目标出现】C:\Users\gelon\Desktop\ZA-Lite\assets/images/hollow\start_battle.png 置信度：0.973648190498352
2025-10-20 13:34:10 [TRACE] 【空洞监听】无匹配已持续：0秒
2025-10-20 13:34:10 [TRACE] 【目标检测】屏幕内没有目标
2025-10-20 13:34:12 [TRACE] 【目标检测】屏幕内没有目标
2025-10-20 13:34:13 [TRACE] 【目标检测】屏幕内没有目标
2025-10-20 13:34:14 [TRACE] 【目标检测】屏幕内没有目标
2025-10-20 13:34:15 [TRACE] 【目标检测】屏幕内没有目标
2025-10-20 13:34:16 [TRACE] 【空洞监听】无匹配已持续：6秒
2025-10-20 13:34:17 [TRACE] 【目标检测】屏幕内没有目标
2025-10-20 13:34:18 [TRACE] 【目标检测】屏幕内没有目标
2025-10-20 13:34:19 [TRACE] 【目标检测】屏幕内没有目标
2025-10-20 13:34:20 [TRACE] 【目标检测】屏幕内没有目标
2025-10-20 13:34:21 [TRACE] 【目标检测】屏幕内没有目标
2025-10-20 13:34:21 [TRACE] 【空洞监听】无匹配已持续：11秒
2025-10-20 13:34:23 [TRACE] 【目标检测】屏幕内没有目标
2025-10-20 13:34:24 [TRACE] 【目标检测】屏幕内没有目标
2025-10-20 13:34:25 [TRACE] 【目标检测】屏幕内没有目标
2025-10-20 13:34:27 [TRACE] 【目标检测】屏幕内没有目标
2025-10-20 13:34:28 [TRACE] 【目标检测】屏幕内没有目标
2025-10-20 13:34:28 [TRACE] 【空洞监听】无匹配已持续：18秒
2025-10-20 13:34:30 [TRACE] 【目标检测】屏幕内没有目标
2025-10-20 13:34:31 [TRACE] 【目标检测】屏幕内没有目标
2025-10-20 13:34:32 [TRACE] 【目标检测】屏幕内没有目标
2025-10-20 13:34:33 [TRACE] 【目标检测】屏幕内没有目标
2025-10-20 13:34:34 [TRACE] 【目标检测】屏幕内没有目标
2025-10-20 13:34:35 [TRACE] 【空洞监听】无匹配已持续：25秒
2025-10-20 13:34:41 [TRACE] 【目标检测】TRAPPED！ 类型：interact 置信度：0.8991098999977112
2025-10-20 13:34:42 [TRACE] 【空洞监听】无匹配已持续：32秒
2025-10-20 13:34:53 [TRACE] 【目标检测】微调超时，无法对齐！
2025-10-20 13:34:55 [TRACE] 【空洞监听】无匹配已持续：0秒
2025-10-20 13:34:57 [TRACE] 【目标检测】TRAPPED！ 类型：interact 置信度：0.9208416938781738
2025-10-20 13:35:01 [TRACE] 【空洞监听】无匹配已持续：5秒
2025-10-20 13:35:06 [TRACE] 【目标检测】TRAPPED！ 类型：interact 置信度：0.9499322175979614
2025-10-20 13:35:08 [TRACE] 【空洞监听】无匹配已持续：12秒
2025-10-20 13:35:08 [TRACE] 【状态】搜索模式：C:\Users\gelon\Desktop\ZA-Lite\assets/images/hollow\card.png 置信度：0.9999998211860657
2025-10-20 13:35:13 [TRACE] 【目标检测】目标存在，但置信度不足
2025-10-20 13:35:13 [TRACE] 【目标检测】屏幕内没有目标
2025-10-20 13:35:15 [TRACE] 【目标检测】屏幕内没有目标
2025-10-20 13:35:16 [TRACE] 【目标检测】屏幕内没有目标
2025-10-20 13:35:19 [TRACE] 【目标检测】TRAPPED！ 类型：interact 置信度：0.93458491563797
2025-10-20 13:35:20 [TRACE] 【空洞监听】无匹配已持续：0秒
2025-10-20 13:35:25 [TRACE] 【目标检测】TRAPPED！ 类型：interact 置信度：0.9503090381622314
2025-10-20 13:35:27 [TRACE] 【空洞监听】无匹配已持续：6秒
2025-10-20 13:35:33 [TRACE] 【空洞监听】无匹配已持续：12秒
2025-10-20 13:35:36 [TRACE] 【目标检测】微调超时，无法对齐！
2025-10-20 13:35:39 [TRACE] 【空洞监听】无匹配已持续：18秒
2025-10-20 13:35:41 [TRACE] 【目标检测】目标存在，但置信度不足
2025-10-20 13:35:44 [TRACE] 【目标检测】微调超时，无法对齐！
2025-10-20 13:35:45 [TRACE] 【空洞监听】无匹配已持续：24秒
2025-10-20 13:35:46 [TRACE] 【目标检测】TRAPPED！ 类型：interact 置信度：0.958134651184082
2025-10-20 13:35:51 [TRACE] 【空洞监听】无匹配已持续：30秒
2025-10-20 13:35:54 [TRACE] 【目标检测】目标存在，但置信度不足
2025-10-20 13:35:57 [TRACE] 【空洞监听】无匹配已持续：37秒
2025-10-20 13:35:59 [TRACE] 【目标检测】微调超时，无法对齐！
2025-10-20 13:36:03 [TRACE] 【目标检测】TRAPPED！ 类型：interact 置信度：0.9475727081298828
2025-10-20 13:36:04 [TRACE] 【空洞监听】无匹配已持续：43秒
2025-10-20 13:36:14 [TRACE] 【目标检测】微调超时，无法对齐！
2025-10-20 13:36:16 [TRACE] 【空洞监听】无匹配已持续：0秒
2025-10-20 13:36:19 [TRACE] 【目标检测】TRAPPED！ 类型：interact 置信度：0.9387197494506836
2025-10-20 13:36:22 [TRACE] 【空洞监听】无匹配已持续：6秒
2025-10-20 13:36:23 [TRACE] 【目标检测】屏幕内没有目标
2025-10-20 13:36:24 [TRACE] 【目标检测】屏幕内没有目标
2025-10-20 13:36:29 [TRACE] 【空洞监听】无匹配已持续：12秒
2025-10-20 13:36:30 [TRACE] 【目标检测】TRAPPED！ 类型：interact 置信度：0.948006808757782
2025-10-20 13:36:41 [TRACE] 【目标检测】微调超时，无法对齐！
2025-10-20 13:36:42 [TRACE] 【空洞监听】无匹配已持续：0秒
2025-10-20 13:36:48 [TRACE] 【空洞监听】无匹配已持续：5秒
2025-10-20 13:36:48 [TRACE] 【目标检测】TRAPPED！ 类型：guide_point 置信度：0.9362812638282776
2025-10-20 13:36:51 [TRACE] 【状态】搜索模式：C:\Users\gelon\Desktop\ZA-Lite\assets/images/hollow\meter.png 置信度：0.9603564143180847
2025-10-20 13:36:52 [TRACE] 【目标检测】TRAPPED！ 类型：guide_point 置信度：0.8648006916046143
2025-10-20 13:36:58 [TRACE] 【状态】搜索模式：C:\Users\gelon\Desktop\ZA-Lite\assets/images/hollow\meter.png 置信度：0.9419946670532227
2025-10-20 13:36:59 [TRACE] 【目标检测】TRAPPED！ 类型：guide_point 置信度：0.8883487582206726
2025-10-20 13:37:03 [TRACE] 【目标检测】TRAPPED！ 类型：guide_point 置信度：0.8727396726608276
2025-10-20 13:37:04 [TRACE] 【状态】搜索模式：C:\Users\gelon\Desktop\ZA-Lite\assets/images/hollow\meter.png 置信度：0.9448980093002319
2025-10-20 13:37:10 [TRACE] 【目标检测】TRAPPED！ 类型：blue_portal 置信度：0.7395723462104797
2025-10-20 13:37:11 [TRACE] 【状态】搜索模式：C:\Users\gelon\Desktop\ZA-Lite\assets/images/hollow\meter.png 置信度：0.9543704986572266
2025-10-20 13:37:17 [TRACE] 【状态】搜索模式：C:\Users\gelon\Desktop\ZA-Lite\assets/images/hollow\meter.png 置信度：0.9679675698280334
2025-10-20 13:37:19 [TRACE] 【目标检测】微调超时，无法对齐！
2025-10-20 13:37:24 [TRACE] 【状态】搜索模式：C:\Users\gelon\Desktop\ZA-Lite\assets/images/hollow\meter.png 置信度：0.996213972568512
2025-10-20 13:37:24 [TRACE] 【目标检测】TRAPPED！ 类型：blue_portal 置信度：0.7826577425003052
2025-10-20 13:37:32 [TRACE] 【空洞监听】无匹配已持续：0秒
2025-10-20 13:37:36 [TRACE] 【目标检测】微调超时，无法对齐！
2025-10-20 13:37:39 [TRACE] 【目标检测】TRAPPED！ 类型：blue_portal 置信度：0.8262023329734802
2025-10-20 13:37:39 [TRACE] 【空洞监听】无匹配已持续：6秒
2025-10-20 13:37:44 [TRACE] 【目标检测】TRAPPED！ 类型：guide_point 置信度：0.8977201581001282
2025-10-20 13:37:45 [TRACE] 【空洞监听】无匹配已持续：12秒
2025-10-20 13:37:48 [TRACE] 【状态】搜索模式：C:\Users\gelon\Desktop\ZA-Lite\assets/images/hollow\meter.png 置信度：0.9079541563987732
2025-10-20 13:37:51 [TRACE] 【目标检测】TRAPPED！ 类型：blue_portal 置信度：0.7462667226791382
2025-10-20 13:37:55 [TRACE] 【状态】搜索模式：C:\Users\gelon\Desktop\ZA-Lite\assets/images/hollow\meter.png 置信度：0.9874852895736694
2025-10-20 13:37:56 [TRACE] 【目标检测】TRAPPED！ 类型：blue_portal 置信度：0.9036086797714233
2025-10-20 13:38:02 [TRACE] 【目标检测】屏幕内没有目标
2025-10-20 13:38:03 [TRACE] 【目标检测】屏幕内没有目标
2025-10-20 13:38:04 [TRACE] 【空洞监听】无匹配已持续：0秒
2025-10-20 13:38:05 [TRACE] 【目标检测】屏幕内没有目标
2025-10-20 13:38:06 [TRACE] 【目标检测】屏幕内没有目标
2025-10-20 13:38:08 [TRACE] 【目标检测】屏幕内没有目标
2025-10-20 13:38:11 [TRACE] 【空洞监听】无匹配已持续：7秒
2025-10-20 13:38:11 [TRACE] 【目标检测】屏幕内没有目标
2025-10-20 13:38:12 [TRACE] 【目标检测】屏幕内没有目标
2025-10-20 13:38:13 [TRACE] 【目标检测】屏幕内没有目标
2025-10-20 13:38:14 [TRACE] 【目标检测】屏幕内没有目标
2025-10-20 13:38:14 [TRACE] 【状态】战斗模式：C:\Users\gelon\Desktop\ZA-Lite\assets/images/hollow\battle_5.png 置信度：0.9901453256607056
2025-10-20 13:38:23 [TRACE] 【空洞监听】无匹配已持续：0秒
2025-10-20 13:38:29 [TRACE] 【空洞监听】无匹配已持续：5秒
2025-10-20 13:38:36 [TRACE] 【状态】搜索模式：C:\Users\gelon\Desktop\ZA-Lite\assets/images/hollow\next_area.png 置信度：0.9999995231628418
2025-10-20 13:38:37 [TRACE] 【目标检测】目标存在，但置信度不足
2025-10-20 13:38:39 [TRACE] 【状态】搜索模式：C:\Users\gelon\Desktop\ZA-Lite\assets/images/hollow\meter.png 置信度：0.9311901330947876
2025-10-20 13:38:42 [TRACE] 【目标检测】微调超时，无法对齐！
2025-10-20 13:38:45 [TRACE] 【状态】搜索模式：C:\Users\gelon\Desktop\ZA-Lite\assets/images/hollow\meter.png 置信度：0.9272298216819763
2025-10-20 13:38:46 [TRACE] 【目标检测】目标存在，但置信度不足
2025-10-20 13:38:49 [TRACE] 【目标检测】微调超时，无法对齐！
2025-10-20 13:38:51 [TRACE] 【状态】搜索模式：C:\Users\gelon\Desktop\ZA-Lite\assets/images/hollow\meter.png 置信度：0.9615865349769592
2025-10-20 13:38:54 [TRACE] 【目标检测】TRAPPED！ 类型：guide_point 置信度：0.9149056673049927
2025-10-20 13:39:00 [TRACE] 【空洞监听】无匹配已持续：0秒
2025-10-20 13:39:00 [TRACE] 【目标检测】屏幕内没有目标
2025-10-20 13:39:06 [TRACE] 【空洞监听】无匹配已持续：6秒
2025-10-20 13:39:07 [TRACE] 【目标检测】TRAPPED！ 类型：blue_portal 置信度：0.9450722932815552
2025-10-20 13:39:13 [TRACE] 【空洞监听】无匹配已持续：12秒
2025-10-20 13:39:13 [TRACE] 【目标检测】屏幕内没有目标
2025-10-20 13:39:15 [TRACE] 【目标检测】目标存在，但置信度不足
2025-10-20 13:39:15 [TRACE] 【状态】战斗模式：C:\Users\gelon\Desktop\ZA-Lite\assets/images/hollow\battle_2.png 置信度：0.9999997615814209
2025-10-20 13:39:25 [TRACE] 【空洞监听】无匹配已持续：0秒
2025-10-20 13:39:28 [TRACE] 【状态】战斗模式：C:\Users\gelon\Desktop\ZA-Lite\assets/images/hollow\battle_3.png 置信度：1.0
2025-10-20 13:39:37 [TRACE] 【空洞监听】无匹配已持续：0秒
2025-10-20 13:39:43 [TRACE] 【空洞监听】无匹配已持续：6秒
2025-10-20 13:39:50 [TRACE] 【状态】搜索模式：C:\Users\gelon\Desktop\ZA-Lite\assets/images/hollow\next_area.png 置信度：0.9999995231628418
2025-10-20 13:39:51 [TRACE] 【目标检测】目标存在，但置信度不足
2025-10-20 13:39:53 [TRACE] 【状态】搜索模式：C:\Users\gelon\Desktop\ZA-Lite\assets/images/hollow\meter.png 置信度：0.9255341291427612
2025-10-20 13:39:56 [TRACE] 【目标检测】微调超时，无法对齐！
2025-10-20 13:39:58 [TRACE] 【目标检测】TRAPPED！ 类型：guide_point 置信度：0.8977770805358887
2025-10-20 13:39:59 [TRACE] 【状态】搜索模式：C:\Users\gelon\Desktop\ZA-Lite\assets/images/hollow\meter.png 置信度：0.9180951118469238
2025-10-20 13:40:04 [TRACE] 【目标检测】屏幕内没有目标
2025-10-20 13:40:05 [TRACE] 【目标检测】屏幕内没有目标
2025-10-20 13:40:06 [TRACE] 【目标检测】屏幕内没有目标
2025-10-20 13:40:07 [TRACE] 【目标检测】屏幕内没有目标
2025-10-20 13:40:07 [TRACE] 【空洞监听】无匹配已持续：0秒
2025-10-20 13:40:11 [TRACE] 【目标检测】TRAPPED！ 类型：interact 置信度：0.9320180416107178
2025-10-20 13:40:14 [TRACE] 【空洞监听】无匹配已持续：6秒
2025-10-20 13:40:14 [TRACE] 【状态】搜索模式：C:\Users\gelon\Desktop\ZA-Lite\assets/images/hollow\resonium.png 置信度：1.0
2025-10-20 13:40:15 [TRACE] 【目标出现】C:\Users\gelon\Desktop\ZA-Lite\assets/images/hollow\resonium.png 置信度：0.9999996423721313
2025-10-20 13:40:15 [TRACE] 【本轮的坐标】：(np.int64(1309), np.int64(441)) ------------
2025-10-20 13:40:15 [TRACE] 【已点击过的坐标】：[(-10, -10)]
2025-10-20 13:40:15 [TRACE] 【成功点击】
2025-10-20 13:40:15 [TRACE] 【本轮的坐标】：(np.int64(1310), np.int64(441)) ------------
2025-10-20 13:40:15 [TRACE] 【已点击过的坐标】：[(-10, -10), (np.int64(1309), np.int64(441))]
2025-10-20 13:40:15 [TRACE] 【坐标太近】视为重复
2025-10-20 13:40:15 [TRACE] 【没有通过的坐标】开始下一轮
2025-10-20 13:40:15 [TRACE] 【本轮的坐标】：(np.int64(1699), np.int64(441)) ------------
2025-10-20 13:40:15 [TRACE] 【已点击过的坐标】：[(-10, -10), (np.int64(1309), np.int64(441))]
2025-10-20 13:40:15 [TRACE] 【成功点击】
2025-10-20 13:40:16 [TRACE] 【本轮的坐标】：(np.int64(2088), np.int64(441)) ------------
2025-10-20 13:40:16 [TRACE] 【已点击过的坐标】：[(-10, -10), (np.int64(1309), np.int64(441)), (np.int64(1699), np.int64(441))]
2025-10-20 13:40:16 [TRACE] 【成功点击】
2025-10-20 13:40:17 [TRACE] 【目标检测】目标存在，但置信度不足
2025-10-20 13:40:17 [TRACE] 【本轮的坐标】：(np.int64(2089), np.int64(441)) ------------
2025-10-20 13:40:17 [TRACE] 【已点击过的坐标】：[(-10, -10), (np.int64(1309), np.int64(441)), (np.int64(1699), np.int64(441)), (np.int64(2088), np.int64(441))]
2025-10-20 13:40:17 [TRACE] 【坐标太近】视为重复
2025-10-20 13:40:17 [TRACE] 【没有通过的坐标】开始下一轮
2025-10-20 13:40:17 [TRACE] 【本轮的坐标】：(np.int64(2478), np.int64(441)) ------------
2025-10-20 13:40:17 [TRACE] 【已点击过的坐标】：[(-10, -10), (np.int64(1309), np.int64(441)), (np.int64(1699), np.int64(441)), (np.int64(2088), np.int64(441))]
2025-10-20 13:40:17 [TRACE] 【成功点击】
2025-10-20 13:40:17 [TRACE] 【目标检测】屏幕内没有目标
2025-10-20 13:40:18 [TRACE] 【本轮的坐标】：(np.int64(1308), np.int64(442)) ------------
2025-10-20 13:40:18 [TRACE] 【已点击过的坐标】：[(-10, -10), (np.int64(1309), np.int64(441)), (np.int64(1699), np.int64(441)), (np.int64(2088), np.int64(441)), (np.int64(2478), np.int64(441))]
2025-10-20 13:40:18 [TRACE] 【坐标太近】视为重复
2025-10-20 13:40:18 [TRACE] 【没有通过的坐标】开始下一轮
2025-10-20 13:40:18 [TRACE] 【本轮的坐标】：(np.int64(1309), np.int64(442)) ------------
2025-10-20 13:40:18 [TRACE] 【已点击过的坐标】：[(-10, -10), (np.int64(1309), np.int64(441)), (np.int64(1699), np.int64(441)), (np.int64(2088), np.int64(441)), (np.int64(2478), np.int64(441))]
2025-10-20 13:40:18 [TRACE] 【坐标太近】视为重复
2025-10-20 13:40:18 [TRACE] 【没有通过的坐标】开始下一轮
2025-10-20 13:40:18 [TRACE] 【本轮的坐标】：(np.int64(1310), np.int64(442)) ------------
2025-10-20 13:40:18 [TRACE] 【已点击过的坐标】：[(-10, -10), (np.int64(1309), np.int64(441)), (np.int64(1699), np.int64(441)), (np.int64(2088), np.int64(441)), (np.int64(2478), np.int64(441))]
2025-10-20 13:40:18 [TRACE] 【坐标太近】视为重复
2025-10-20 13:40:18 [TRACE] 【没有通过的坐标】开始下一轮
2025-10-20 13:40:18 [TRACE] 【本轮的坐标】：(np.int64(1698), np.int64(442)) ------------
2025-10-20 13:40:18 [TRACE] 【已点击过的坐标】：[(-10, -10), (np.int64(1309), np.int64(441)), (np.int64(1699), np.int64(441)), (np.int64(2088), np.int64(441)), (np.int64(2478), np.int64(441))]
2025-10-20 13:40:18 [TRACE] 【坐标太近】视为重复
2025-10-20 13:40:18 [TRACE] 【没有通过的坐标】开始下一轮
2025-10-20 13:40:18 [TRACE] 【本轮的坐标】：(np.int64(1699), np.int64(442)) ------------
2025-10-20 13:40:18 [TRACE] 【已点击过的坐标】：[(-10, -10), (np.int64(1309), np.int64(441)), (np.int64(1699), np.int64(441)), (np.int64(2088), np.int64(441)), (np.int64(2478), np.int64(441))]
2025-10-20 13:40:18 [TRACE] 【坐标太近】视为重复
2025-10-20 13:40:18 [TRACE] 【没有通过的坐标】开始下一轮
2025-10-20 13:40:18 [TRACE] 【本轮的坐标】：(np.int64(1700), np.int64(442)) ------------
2025-10-20 13:40:18 [TRACE] 【已点击过的坐标】：[(-10, -10), (np.int64(1309), np.int64(441)), (np.int64(1699), np.int64(441)), (np.int64(2088), np.int64(441)), (np.int64(2478), np.int64(441))]
2025-10-20 13:40:18 [TRACE] 【坐标太近】视为重复
2025-10-20 13:40:18 [TRACE] 【没有通过的坐标】开始下一轮
2025-10-20 13:40:18 [TRACE] 【本轮的坐标】：(np.int64(2087), np.int64(442)) ------------
2025-10-20 13:40:18 [TRACE] 【已点击过的坐标】：[(-10, -10), (np.int64(1309), np.int64(441)), (np.int64(1699), np.int64(441)), (np.int64(2088), np.int64(441)), (np.int64(2478), np.int64(441))]
2025-10-20 13:40:18 [TRACE] 【坐标太近】视为重复
2025-10-20 13:40:18 [TRACE] 【没有通过的坐标】开始下一轮
2025-10-20 13:40:18 [TRACE] 【本轮的坐标】：(np.int64(2088), np.int64(442)) ------------
2025-10-20 13:40:18 [TRACE] 【已点击过的坐标】：[(-10, -10), (np.int64(1309), np.int64(441)), (np.int64(1699), np.int64(441)), (np.int64(2088), np.int64(441)), (np.int64(2478), np.int64(441))]
2025-10-20 13:40:18 [TRACE] 【坐标太近】视为重复
2025-10-20 13:40:18 [TRACE] 【没有通过的坐标】开始下一轮
2025-10-20 13:40:18 [TRACE] 【本轮的坐标】：(np.int64(2089), np.int64(442)) ------------
2025-10-20 13:40:18 [TRACE] 【已点击过的坐标】：[(-10, -10), (np.int64(1309), np.int64(441)), (np.int64(1699), np.int64(441)), (np.int64(2088), np.int64(441)), (np.int64(2478), np.int64(441))]
2025-10-20 13:40:18 [TRACE] 【坐标太近】视为重复
2025-10-20 13:40:18 [TRACE] 【没有通过的坐标】开始下一轮
2025-10-20 13:40:18 [TRACE] 【本轮的坐标】：(np.int64(2090), np.int64(442)) ------------
2025-10-20 13:40:18 [TRACE] 【已点击过的坐标】：[(-10, -10), (np.int64(1309), np.int64(441)), (np.int64(1699), np.int64(441)), (np.int64(2088), np.int64(441)), (np.int64(2478), np.int64(441))]
2025-10-20 13:40:18 [TRACE] 【坐标太近】视为重复
2025-10-20 13:40:18 [TRACE] 【没有通过的坐标】开始下一轮
2025-10-20 13:40:18 [TRACE] 【本轮的坐标】：(np.int64(2477), np.int64(442)) ------------
2025-10-20 13:40:18 [TRACE] 【已点击过的坐标】：[(-10, -10), (np.int64(1309), np.int64(441)), (np.int64(1699), np.int64(441)), (np.int64(2088), np.int64(441)), (np.int64(2478), np.int64(441))]
2025-10-20 13:40:18 [TRACE] 【坐标太近】视为重复
2025-10-20 13:40:18 [TRACE] 【没有通过的坐标】开始下一轮
2025-10-20 13:40:18 [TRACE] 【本轮的坐标】：(np.int64(2478), np.int64(442)) ------------
2025-10-20 13:40:18 [TRACE] 【已点击过的坐标】：[(-10, -10), (np.int64(1309), np.int64(441)), (np.int64(1699), np.int64(441)), (np.int64(2088), np.int64(441)), (np.int64(2478), np.int64(441))]
2025-10-20 13:40:18 [TRACE] 【坐标太近】视为重复
2025-10-20 13:40:18 [TRACE] 【没有通过的坐标】开始下一轮
2025-10-20 13:40:18 [TRACE] 【本轮的坐标】：(np.int64(2479), np.int64(442)) ------------
2025-10-20 13:40:18 [TRACE] 【已点击过的坐标】：[(-10, -10), (np.int64(1309), np.int64(441)), (np.int64(1699), np.int64(441)), (np.int64(2088), np.int64(441)), (np.int64(2478), np.int64(441))]
2025-10-20 13:40:18 [TRACE] 【坐标太近】视为重复
2025-10-20 13:40:18 [TRACE] 【没有通过的坐标】开始下一轮
2025-10-20 13:40:18 [TRACE] 【本轮的坐标】：(np.int64(1309), np.int64(443)) ------------
2025-10-20 13:40:18 [TRACE] 【已点击过的坐标】：[(-10, -10), (np.int64(1309), np.int64(441)), (np.int64(1699), np.int64(441)), (np.int64(2088), np.int64(441)), (np.int64(2478), np.int64(441))]
2025-10-20 13:40:18 [TRACE] 【坐标太近】视为重复
2025-10-20 13:40:18 [TRACE] 【没有通过的坐标】开始下一轮
2025-10-20 13:40:18 [TRACE] 【本轮的坐标】：(np.int64(1698), np.int64(443)) ------------
2025-10-20 13:40:18 [TRACE] 【已点击过的坐标】：[(-10, -10), (np.int64(1309), np.int64(441)), (np.int64(1699), np.int64(441)), (np.int64(2088), np.int64(441)), (np.int64(2478), np.int64(441))]
2025-10-20 13:40:18 [TRACE] 【坐标太近】视为重复
2025-10-20 13:40:18 [TRACE] 【没有通过的坐标】开始下一轮
2025-10-20 13:40:18 [TRACE] 【本轮的坐标】：(np.int64(1699), np.int64(443)) ------------
2025-10-20 13:40:18 [TRACE] 【已点击过的坐标】：[(-10, -10), (np.int64(1309), np.int64(441)), (np.int64(1699), np.int64(441)), (np.int64(2088), np.int64(441)), (np.int64(2478), np.int64(441))]
2025-10-20 13:40:18 [TRACE] 【坐标太近】视为重复
2025-10-20 13:40:18 [TRACE] 【没有通过的坐标】开始下一轮
2025-10-20 13:40:18 [TRACE] 【本轮的坐标】：(np.int64(2088), np.int64(443)) ------------
2025-10-20 13:40:18 [TRACE] 【已点击过的坐标】：[(-10, -10), (np.int64(1309), np.int64(441)), (np.int64(1699), np.int64(441)), (np.int64(2088), np.int64(441)), (np.int64(2478), np.int64(441))]
2025-10-20 13:40:18 [TRACE] 【坐标太近】视为重复
2025-10-20 13:40:18 [TRACE] 【没有通过的坐标】开始下一轮
2025-10-20 13:40:18 [TRACE] 【本轮的坐标】：(np.int64(2478), np.int64(443)) ------------
2025-10-20 13:40:18 [TRACE] 【已点击过的坐标】：[(-10, -10), (np.int64(1309), np.int64(441)), (np.int64(1699), np.int64(441)), (np.int64(2088), np.int64(441)), (np.int64(2478), np.int64(441))]
2025-10-20 13:40:18 [TRACE] 【坐标太近】视为重复
2025-10-20 13:40:18 [TRACE] 【没有通过的坐标】开始下一轮
2025-10-20 13:40:18 [TRACE] 【完成所有点击】有效次数：4
2025-10-20 13:40:18 [TRACE] 【目标检测】目标存在，但置信度不足
2025-10-20 13:40:19 [TRACE] 【目标检测】目标存在，但置信度不足
2025-10-20 13:40:20 [TRACE] 【目标检测】屏幕内没有目标
2025-10-20 13:40:23 [TRACE] 【目标检测】目标存在，但置信度不足
2025-10-20 13:40:24 [TRACE] 【目标检测】目标存在，但置信度不足
2025-10-20 13:40:24 [TRACE] 【状态】搜索模式：C:\Users\gelon\Desktop\ZA-Lite\assets/images/hollow\resonium.png 置信度：1.0
2025-10-20 13:40:24 [TRACE] 【目标出现】C:\Users\gelon\Desktop\ZA-Lite\assets/images/hollow\resonium.png 置信度：1.0
2025-10-20 13:40:24 [TRACE] 【本轮的坐标】：(np.int64(1309), np.int64(441)) ------------
2025-10-20 13:40:24 [TRACE] 【已点击过的坐标】：[(-10, -10)]
2025-10-20 13:40:24 [TRACE] 【成功点击】
2025-10-20 13:40:25 [TRACE] 【目标检测】目标存在，但置信度不足
2025-10-20 13:40:25 [TRACE] 【本轮的坐标】：(np.int64(1310), np.int64(441)) ------------
2025-10-20 13:40:25 [TRACE] 【已点击过的坐标】：[(-10, -10), (np.int64(1309), np.int64(441))]
2025-10-20 13:40:25 [TRACE] 【坐标太近】视为重复
2025-10-20 13:40:25 [TRACE] 【没有通过的坐标】开始下一轮
2025-10-20 13:40:25 [TRACE] 【本轮的坐标】：(np.int64(1699), np.int64(441)) ------------
2025-10-20 13:40:25 [TRACE] 【已点击过的坐标】：[(-10, -10), (np.int64(1309), np.int64(441))]
2025-10-20 13:40:25 [TRACE] 【成功点击】
2025-10-20 13:40:25 [TRACE] 【目标检测】目标存在，但置信度不足
2025-10-20 13:40:26 [TRACE] 【本轮的坐标】：(np.int64(2088), np.int64(441)) ------------
2025-10-20 13:40:26 [TRACE] 【已点击过的坐标】：[(-10, -10), (np.int64(1309), np.int64(441)), (np.int64(1699), np.int64(441))]
2025-10-20 13:40:26 [TRACE] 【成功点击】
2025-10-20 13:40:26 [TRACE] 【目标检测】目标存在，但置信度不足
2025-10-20 13:40:26 [TRACE] 【本轮的坐标】：(np.int64(2089), np.int64(441)) ------------
2025-10-20 13:40:27 [TRACE] 【已点击过的坐标】：[(-10, -10), (np.int64(1309), np.int64(441)), (np.int64(1699), np.int64(441)), (np.int64(2088), np.int64(441))]
2025-10-20 13:40:27 [TRACE] 【坐标太近】视为重复
2025-10-20 13:40:27 [TRACE] 【没有通过的坐标】开始下一轮
2025-10-20 13:40:27 [TRACE] 【本轮的坐标】：(np.int64(2478), np.int64(441)) ------------
2025-10-20 13:40:27 [TRACE] 【已点击过的坐标】：[(-10, -10), (np.int64(1309), np.int64(441)), (np.int64(1699), np.int64(441)), (np.int64(2088), np.int64(441))]
2025-10-20 13:40:27 [TRACE] 【成功点击】
2025-10-20 13:40:27 [TRACE] 【目标检测】屏幕内没有目标
2025-10-20 13:40:27 [TRACE] 【本轮的坐标】：(np.int64(1308), np.int64(442)) ------------
2025-10-20 13:40:27 [TRACE] 【已点击过的坐标】：[(-10, -10), (np.int64(1309), np.int64(441)), (np.int64(1699), np.int64(441)), (np.int64(2088), np.int64(441)), (np.int64(2478), np.int64(441))]
2025-10-20 13:40:27 [TRACE] 【坐标太近】视为重复
2025-10-20 13:40:27 [TRACE] 【没有通过的坐标】开始下一轮
2025-10-20 13:40:27 [TRACE] 【本轮的坐标】：(np.int64(1309), np.int64(442)) ------------
2025-10-20 13:40:27 [TRACE] 【已点击过的坐标】：[(-10, -10), (np.int64(1309), np.int64(441)), (np.int64(1699), np.int64(441)), (np.int64(2088), np.int64(441)), (np.int64(2478), np.int64(441))]
2025-10-20 13:40:27 [TRACE] 【坐标太近】视为重复
2025-10-20 13:40:27 [TRACE] 【没有通过的坐标】开始下一轮
2025-10-20 13:40:27 [TRACE] 【本轮的坐标】：(np.int64(1310), np.int64(442)) ------------
2025-10-20 13:40:27 [TRACE] 【已点击过的坐标】：[(-10, -10), (np.int64(1309), np.int64(441)), (np.int64(1699), np.int64(441)), (np.int64(2088), np.int64(441)), (np.int64(2478), np.int64(441))]
2025-10-20 13:40:27 [TRACE] 【坐标太近】视为重复
2025-10-20 13:40:27 [TRACE] 【没有通过的坐标】开始下一轮
2025-10-20 13:40:27 [TRACE] 【本轮的坐标】：(np.int64(1698), np.int64(442)) ------------
2025-10-20 13:40:27 [TRACE] 【已点击过的坐标】：[(-10, -10), (np.int64(1309), np.int64(441)), (np.int64(1699), np.int64(441)), (np.int64(2088), np.int64(441)), (np.int64(2478), np.int64(441))]
2025-10-20 13:40:27 [TRACE] 【坐标太近】视为重复
2025-10-20 13:40:27 [TRACE] 【没有通过的坐标】开始下一轮
2025-10-20 13:40:27 [TRACE] 【本轮的坐标】：(np.int64(1699), np.int64(442)) ------------
2025-10-20 13:40:27 [TRACE] 【已点击过的坐标】：[(-10, -10), (np.int64(1309), np.int64(441)), (np.int64(1699), np.int64(441)), (np.int64(2088), np.int64(441)), (np.int64(2478), np.int64(441))]
2025-10-20 13:40:27 [TRACE] 【坐标太近】视为重复
2025-10-20 13:40:27 [TRACE] 【没有通过的坐标】开始下一轮
2025-10-20 13:40:27 [TRACE] 【本轮的坐标】：(np.int64(1700), np.int64(442)) ------------
2025-10-20 13:40:27 [TRACE] 【已点击过的坐标】：[(-10, -10), (np.int64(1309), np.int64(441)), (np.int64(1699), np.int64(441)), (np.int64(2088), np.int64(441)), (np.int64(2478), np.int64(441))]
2025-10-20 13:40:27 [TRACE] 【坐标太近】视为重复
2025-10-20 13:40:27 [TRACE] 【没有通过的坐标】开始下一轮
2025-10-20 13:40:27 [TRACE] 【本轮的坐标】：(np.int64(2087), np.int64(442)) ------------
2025-10-20 13:40:27 [TRACE] 【已点击过的坐标】：[(-10, -10), (np.int64(1309), np.int64(441)), (np.int64(1699), np.int64(441)), (np.int64(2088), np.int64(441)), (np.int64(2478), np.int64(441))]
2025-10-20 13:40:27 [TRACE] 【坐标太近】视为重复
2025-10-20 13:40:27 [TRACE] 【没有通过的坐标】开始下一轮
2025-10-20 13:40:27 [TRACE] 【本轮的坐标】：(np.int64(2088), np.int64(442)) ------------
2025-10-20 13:40:27 [TRACE] 【已点击过的坐标】：[(-10, -10), (np.int64(1309), np.int64(441)), (np.int64(1699), np.int64(441)), (np.int64(2088), np.int64(441)), (np.int64(2478), np.int64(441))]
2025-10-20 13:40:27 [TRACE] 【坐标太近】视为重复
2025-10-20 13:40:27 [TRACE] 【没有通过的坐标】开始下一轮
2025-10-20 13:40:27 [TRACE] 【本轮的坐标】：(np.int64(2089), np.int64(442)) ------------
2025-10-20 13:40:27 [TRACE] 【已点击过的坐标】：[(-10, -10), (np.int64(1309), np.int64(441)), (np.int64(1699), np.int64(441)), (np.int64(2088), np.int64(441)), (np.int64(2478), np.int64(441))]
2025-10-20 13:40:27 [TRACE] 【坐标太近】视为重复
2025-10-20 13:40:27 [TRACE] 【没有通过的坐标】开始下一轮
2025-10-20 13:40:27 [TRACE] 【本轮的坐标】：(np.int64(2090), np.int64(442)) ------------
2025-10-20 13:40:27 [TRACE] 【已点击过的坐标】：[(-10, -10), (np.int64(1309), np.int64(441)), (np.int64(1699), np.int64(441)), (np.int64(2088), np.int64(441)), (np.int64(2478), np.int64(441))]
2025-10-20 13:40:27 [TRACE] 【坐标太近】视为重复
2025-10-20 13:40:27 [TRACE] 【没有通过的坐标】开始下一轮
2025-10-20 13:40:27 [TRACE] 【本轮的坐标】：(np.int64(2477), np.int64(442)) ------------
2025-10-20 13:40:27 [TRACE] 【已点击过的坐标】：[(-10, -10), (np.int64(1309), np.int64(441)), (np.int64(1699), np.int64(441)), (np.int64(2088), np.int64(441)), (np.int64(2478), np.int64(441))]
2025-10-20 13:40:27 [TRACE] 【坐标太近】视为重复
2025-10-20 13:40:27 [TRACE] 【没有通过的坐标】开始下一轮
2025-10-20 13:40:27 [TRACE] 【本轮的坐标】：(np.int64(2478), np.int64(442)) ------------
2025-10-20 13:40:27 [TRACE] 【已点击过的坐标】：[(-10, -10), (np.int64(1309), np.int64(441)), (np.int64(1699), np.int64(441)), (np.int64(2088), np.int64(441)), (np.int64(2478), np.int64(441))]
2025-10-20 13:40:27 [TRACE] 【坐标太近】视为重复
2025-10-20 13:40:27 [TRACE] 【没有通过的坐标】开始下一轮
2025-10-20 13:40:27 [TRACE] 【本轮的坐标】：(np.int64(2479), np.int64(442)) ------------
2025-10-20 13:40:27 [TRACE] 【已点击过的坐标】：[(-10, -10), (np.int64(1309), np.int64(441)), (np.int64(1699), np.int64(441)), (np.int64(2088), np.int64(441)), (np.int64(2478), np.int64(441))]
2025-10-20 13:40:27 [TRACE] 【坐标太近】视为重复
2025-10-20 13:40:27 [TRACE] 【没有通过的坐标】开始下一轮
2025-10-20 13:40:27 [TRACE] 【本轮的坐标】：(np.int64(1309), np.int64(443)) ------------
2025-10-20 13:40:27 [TRACE] 【已点击过的坐标】：[(-10, -10), (np.int64(1309), np.int64(441)), (np.int64(1699), np.int64(441)), (np.int64(2088), np.int64(441)), (np.int64(2478), np.int64(441))]
2025-10-20 13:40:27 [TRACE] 【坐标太近】视为重复
2025-10-20 13:40:27 [TRACE] 【没有通过的坐标】开始下一轮
2025-10-20 13:40:27 [TRACE] 【本轮的坐标】：(np.int64(1698), np.int64(443)) ------------
2025-10-20 13:40:27 [TRACE] 【已点击过的坐标】：[(-10, -10), (np.int64(1309), np.int64(441)), (np.int64(1699), np.int64(441)), (np.int64(2088), np.int64(441)), (np.int64(2478), np.int64(441))]
2025-10-20 13:40:27 [TRACE] 【坐标太近】视为重复
2025-10-20 13:40:27 [TRACE] 【没有通过的坐标】开始下一轮
2025-10-20 13:40:27 [TRACE] 【本轮的坐标】：(np.int64(1699), np.int64(443)) ------------
2025-10-20 13:40:27 [TRACE] 【已点击过的坐标】：[(-10, -10), (np.int64(1309), np.int64(441)), (np.int64(1699), np.int64(441)), (np.int64(2088), np.int64(441)), (np.int64(2478), np.int64(441))]
2025-10-20 13:40:27 [TRACE] 【坐标太近】视为重复
2025-10-20 13:40:27 [TRACE] 【没有通过的坐标】开始下一轮
2025-10-20 13:40:27 [TRACE] 【本轮的坐标】：(np.int64(2088), np.int64(443)) ------------
2025-10-20 13:40:27 [TRACE] 【已点击过的坐标】：[(-10, -10), (np.int64(1309), np.int64(441)), (np.int64(1699), np.int64(441)), (np.int64(2088), np.int64(441)), (np.int64(2478), np.int64(441))]
2025-10-20 13:40:27 [TRACE] 【坐标太近】视为重复
2025-10-20 13:40:27 [TRACE] 【没有通过的坐标】开始下一轮
2025-10-20 13:40:27 [TRACE] 【本轮的坐标】：(np.int64(2478), np.int64(443)) ------------
2025-10-20 13:40:27 [TRACE] 【已点击过的坐标】：[(-10, -10), (np.int64(1309), np.int64(441)), (np.int64(1699), np.int64(441)), (np.int64(2088), np.int64(441)), (np.int64(2478), np.int64(441))]
2025-10-20 13:40:27 [TRACE] 【坐标太近】视为重复
2025-10-20 13:40:27 [TRACE] 【没有通过的坐标】开始下一轮
2025-10-20 13:40:27 [TRACE] 【完成所有点击】有效次数：4
2025-10-20 13:40:28 [TRACE] 【目标检测】屏幕内没有目标
2025-10-20 13:40:29 [TRACE] 【目标检测】屏幕内没有目标
2025-10-20 13:40:31 [TRACE] 【目标检测】目标存在，但置信度不足
2025-10-20 13:40:32 [TRACE] 【目标检测】目标存在，但置信度不足
2025-10-20 13:40:34 [TRACE] 【状态】搜索模式：C:\Users\gelon\Desktop\ZA-Lite\assets/images/hollow\next_area.png 置信度：0.9999995231628418
2025-10-20 13:40:36 [TRACE] 【目标检测】微调超时，无法对齐！
2025-10-20 13:40:39 [TRACE] 【目标检测】TRAPPED！ 类型：guide_point 置信度：0.871222198009491
2025-10-20 13:40:45 [TRACE] 【目标检测】屏幕内没有目标
2025-10-20 13:40:46 [TRACE] 【空洞监听】无匹配已持续：0秒
2025-10-20 13:40:47 [TRACE] 【目标检测】屏幕内没有目标
2025-10-20 13:40:48 [TRACE] 【目标检测】屏幕内没有目标
2025-10-20 13:40:49 [TRACE] 【目标检测】屏幕内没有目标
2025-10-20 13:40:50 [TRACE] 【目标检测】屏幕内没有目标
2025-10-20 13:40:53 [TRACE] 【目标检测】屏幕内没有目标
2025-10-20 13:40:54 [TRACE] 【目标检测】屏幕内没有目标
2025-10-20 13:40:55 [TRACE] 【目标检测】屏幕内没有目标
2025-10-20 13:40:57 [TRACE] 【目标检测】屏幕内没有目标
2025-10-20 13:40:57 [TRACE] 【状态】战斗模式：C:\Users\gelon\Desktop\ZA-Lite\assets/images/hollow\battle_3.png 置信度：1.0
2025-10-20 13:41:05 [TRACE] 【空洞监听】无匹配已持续：0秒
2025-10-20 13:41:12 [TRACE] 【空洞监听】无匹配已持续：6秒
2025-10-20 13:41:18 [TRACE] 【空洞监听】无匹配已持续：12秒
2025-10-20 13:41:24 [TRACE] 【空洞监听】无匹配已持续：18秒
2025-10-20 13:41:30 [TRACE] 【空洞监听】无匹配已持续：24秒
2025-10-20 13:41:36 [TRACE] 【空洞监听】无匹配已持续：30秒
2025-10-20 13:41:42 [TRACE] 【空洞监听】无匹配已持续：36秒
2025-10-20 13:41:47 [TRACE] 【空洞监听】无匹配已持续：41秒
2025-10-20 13:41:53 [TRACE] 【空洞监听】无匹配已持续：47秒
2025-10-20 13:41:58 [TRACE] 【空洞监听】无匹配已持续：52秒
2025-10-20 13:42:04 [TRACE] 【空洞监听】无匹配已持续：58秒
2025-10-20 13:42:10 [TRACE] 【空洞监听】无匹配已持续：64秒
2025-10-20 13:42:10 [TRACE] 【空洞监听】即将超时，重启搜索线程
2025-10-20 13:42:11 [TRACE] 【目标检测】屏幕内没有目标
2025-10-20 13:42:14 [TRACE] 【目标检测】屏幕内没有目标
2025-10-20 13:42:15 [TRACE] 【目标检测】屏幕内没有目标
2025-10-20 13:42:16 [TRACE] 【目标检测】屏幕内没有目标
2025-10-20 13:42:17 [TRACE] 【空洞监听】无匹配已持续：71秒
2025-10-20 13:42:17 [TRACE] 【空洞监听】即将超时，重启搜索线程
2025-10-20 13:42:17 [TRACE] 【目标检测】屏幕内没有目标
2025-10-20 13:42:18 [TRACE] 【目标检测】屏幕内没有目标
2025-10-20 13:42:21 [TRACE] 【目标检测】屏幕内没有目标
2025-10-20 13:42:22 [TRACE] 【目标检测】屏幕内没有目标
2025-10-20 13:42:23 [TRACE] 【空洞监听】无匹配已持续：77秒
2025-10-20 13:42:23 [TRACE] 【空洞监听】即将超时，重启搜索线程
2025-10-20 13:42:23 [TRACE] 【目标检测】屏幕内没有目标
2025-10-20 13:42:24 [TRACE] 【目标检测】屏幕内没有目标
2025-10-20 13:42:25 [TRACE] 【目标检测】屏幕内没有目标
2025-10-20 13:42:28 [TRACE] 【目标检测】屏幕内没有目标
2025-10-20 13:42:29 [TRACE] 【空洞监听】无匹配已持续：83秒
2025-10-20 13:42:29 [TRACE] 【空洞监听】即将超时，重启搜索线程
2025-10-20 13:42:31 [TRACE] 【目标检测】屏幕内没有目标
2025-10-20 13:42:34 [TRACE] 【目标检测】TRAPPED！ 类型：red_portal 置信度：0.9254961013793945
2025-10-20 13:42:35 [TRACE] 【空洞监听】无匹配已持续：89秒
2025-10-20 13:42:35 [TRACE] 【空洞监听】即将超时，重启搜索线程
2025-10-20 13:42:40 [TRACE] 【目标检测】屏幕内没有目标
2025-10-20 13:42:41 [TRACE] 【目标检测】屏幕内没有目标
2025-10-20 13:42:41 [TRACE] 【空洞监听】无匹配已持续：95秒
2025-10-20 13:42:41 [TRACE] 【空洞监听】即将超时，重启搜索线程
2025-10-20 13:42:42 [TRACE] 【目标检测】屏幕内没有目标
2025-10-20 13:42:43 [TRACE] 【目标检测】屏幕内没有目标
2025-10-20 13:42:44 [TRACE] 【目标检测】屏幕内没有目标
2025-10-20 13:42:46 [TRACE] 【目标检测】屏幕内没有目标
2025-10-20 13:42:47 [TRACE] 【目标检测】屏幕内没有目标
2025-10-20 13:42:47 [TRACE] 【空洞监听】无匹配已持续：101秒
2025-10-20 13:42:47 [TRACE] 【空洞监听】即将超时，重启搜索线程
2025-10-20 13:42:48 [TRACE] 【目标检测】屏幕内没有目标
2025-10-20 13:42:49 [TRACE] 【目标检测】屏幕内没有目标
2025-10-20 13:42:50 [TRACE] 【目标检测】屏幕内没有目标
2025-10-20 13:42:51 [TRACE] 【状态】战斗模式：C:\Users\gelon\Desktop\ZA-Lite\assets/images/hollow\battle_5.png 置信度：0.9596999883651733
2025-10-20 13:42:57 [TRACE] 【状态】战斗模式：C:\Users\gelon\Desktop\ZA-Lite\assets/images/hollow\battle_5.png 置信度：0.9924342632293701
2025-10-20 13:43:06 [TRACE] 【空洞监听】无匹配已持续：0秒
2025-10-20 13:43:10 [TRACE] 【状态】战斗模式：C:\Users\gelon\Desktop\ZA-Lite\assets/images/hollow\battle_5.png 置信度：0.9983471632003784
2025-10-20 13:43:18 [TRACE] 【空洞监听】无匹配已持续：0秒
2025-10-20 13:43:23 [TRACE] 【空洞监听】无匹配已持续：5秒
2025-10-20 13:43:27 [TRACE] 【状态】战斗模式：C:\Users\gelon\Desktop\ZA-Lite\assets/images/hollow\battle_5.png 置信度：0.9620274901390076
2025-10-20 13:43:33 [TRACE] 【状态】战斗模式：C:\Users\gelon\Desktop\ZA-Lite\assets/images/hollow\battle_5.png 置信度：0.9747321009635925
