2025-10-19 20:59:15 [TRACE] 【线程启动】全局监听
2025-10-19 20:59:15 [TRACE] 【线程启动】终止监听
2025-10-19 20:59:15 [INFO] 现在执行 1 次零号空洞
2025-10-19 20:59:17 [DEBUG] 初始化完毕..启动{零号空洞}模块
2025-10-19 20:59:20 [DEBUG] 启动游戏：D:/Game Files/ZenlessZoneZero Game/ZenlessZoneZero.exe
2025-10-19 20:59:25 [SUCCESS] 程序开始接管操作，请保持游戏画面处于前台，终止按下Alt键
2025-10-19 20:59:25 [TRACE] 【线程启动】空洞搜索
2025-10-19 20:59:25 [TRACE] 【线程启动】空洞监听
2025-10-19 20:59:25 [TRACE] 【线程启动】空洞战斗
2025-10-19 20:59:25 [DEBUG] 正在返回菜单
2025-10-19 20:59:25 [TRACE] 正在返回菜单,请保持游戏画面处于前台
2025-10-19 20:59:27 [TRACE] 正在返回菜单,请保持游戏画面处于前台
2025-10-19 20:59:29 [TRACE] 正在返回菜单,请保持游戏画面处于前台
2025-10-19 20:59:32 [TRACE] 正在返回菜单,请保持游戏画面处于前台
2025-10-19 20:59:34 [TRACE] 正在返回菜单,请保持游戏画面处于前台
2025-10-19 20:59:36 [TRACE] 正在返回菜单,请保持游戏画面处于前台
2025-10-19 20:59:38 [TRACE] 正在返回菜单,请保持游戏画面处于前台
2025-10-19 20:59:40 [TRACE] 正在返回菜单,请保持游戏画面处于前台
2025-10-19 20:59:42 [TRACE] 正在返回菜单,请保持游戏画面处于前台
2025-10-19 20:59:44 [TRACE] 正在返回菜单,请保持游戏画面处于前台
2025-10-19 20:59:47 [TRACE] 正在返回菜单,请保持游戏画面处于前台
2025-10-19 20:59:49 [TRACE] 正在返回菜单,请保持游戏画面处于前台
2025-10-19 20:59:51 [TRACE] 正在返回菜单,请保持游戏画面处于前台
2025-10-19 20:59:53 [TRACE] 正在返回菜单,请保持游戏画面处于前台
2025-10-19 20:59:55 [TRACE] 正在返回菜单,请保持游戏画面处于前台
2025-10-19 20:59:58 [TRACE] 正在返回菜单,请保持游戏画面处于前台
2025-10-19 21:00:00 [TRACE] 正在返回菜单,请保持游戏画面处于前台
2025-10-19 21:00:02 [TRACE] 正在返回菜单,请保持游戏画面处于前台
2025-10-19 21:00:04 [TRACE] 正在返回菜单,请保持游戏画面处于前台
2025-10-19 21:00:06 [TRACE] 正在返回菜单,请保持游戏画面处于前台
2025-10-19 21:00:08 [TRACE] 正在返回菜单,请保持游戏画面处于前台
2025-10-19 21:00:10 [TRACE] 现在处于大厅
2025-10-19 21:00:11 [INFO] 执行零号空洞任务中
2025-10-19 21:00:11 [TRACE] 【1】等待目标中 C:\Users\gelon\Desktop\ZA-Lite\assets/images/hollow\combat.png
2025-10-19 21:00:12 [TRACE] 【目标出现】C:\Users\gelon\Desktop\ZA-Lite\assets/images/hollow\combat.png 置信度：0.9762967228889465
2025-10-19 21:00:14 [TRACE] 【目标出现】C:\Users\gelon\Desktop\ZA-Lite\assets/images/hollow\zero_hollow.png 置信度：0.9999938011169434
2025-10-19 21:00:15 [TRACE] 【目标出现】C:\Users\gelon\Desktop\ZA-Lite\assets/images/hollow\go_hollow.png 置信度：0.9947078824043274
2025-10-19 21:00:16 [TRACE] 【目标出现】C:\Users\gelon\Desktop\ZA-Lite\assets/images/hollow\confirm.png 置信度：0.9839574098587036
2025-10-19 21:00:18 [TRACE] 【1】等待目标中 C:\Users\gelon\Desktop\ZA-Lite\assets/images/hollow\hollow_taskforce.png
2025-10-19 21:00:19 [TRACE] 【2】等待目标中 C:\Users\gelon\Desktop\ZA-Lite\assets/images/hollow\hollow_taskforce.png
2025-10-19 21:00:19 [TRACE] 【3】等待目标中 C:\Users\gelon\Desktop\ZA-Lite\assets/images/hollow\hollow_taskforce.png
2025-10-19 21:00:20 [TRACE] 【目标出现】C:\Users\gelon\Desktop\ZA-Lite\assets/images/hollow\hollow_taskforce.png 置信度：0.9999805092811584
2025-10-19 21:00:21 [TRACE] 【目标出现】C:\Users\gelon\Desktop\ZA-Lite\assets/images/hollow\strategy.png 置信度：0.9999997019767761
2025-10-19 21:00:22 [TRACE] 【1】等待目标中 C:\Users\gelon\Desktop\ZA-Lite\assets/images/hollow\strategy_confirm.png
2025-10-19 21:00:23 [TRACE] 【目标出现】C:\Users\gelon\Desktop\ZA-Lite\assets/images/hollow\strategy_confirm.png 置信度：0.9999998211860657
2025-10-19 21:00:24 [TRACE] 【目标出现】C:\Users\gelon\Desktop\ZA-Lite\assets/images/hollow\next_step.png 置信度：0.9805457592010498
2025-10-19 21:00:26 [TRACE] 【目标出现】C:\Users\gelon\Desktop\ZA-Lite\assets/images/hollow\start_battle.png 置信度：0.9758065342903137
2025-10-19 21:00:27 [TRACE] 【空洞监听】无匹配已持续：0秒
2025-10-19 21:00:28 [TRACE] 【目标检测】屏幕内没有目标
2025-10-19 21:00:28 [TRACE] 【目标检测】屏幕内没有目标
2025-10-19 21:00:29 [TRACE] 【目标检测】屏幕内没有目标
2025-10-19 21:00:29 [TRACE] 【目标检测】屏幕内没有目标
2025-10-19 21:00:30 [TRACE] 【目标检测】屏幕内没有目标
2025-10-19 21:00:31 [TRACE] 【空洞监听】无匹配已持续：4秒
2025-10-19 21:00:32 [TRACE] 【目标检测】屏幕内没有目标
2025-10-19 21:00:33 [TRACE] 【目标检测】屏幕内没有目标
2025-10-19 21:00:33 [TRACE] 【目标检测】屏幕内没有目标
2025-10-19 21:00:34 [TRACE] 【目标检测】屏幕内没有目标
2025-10-19 21:00:34 [TRACE] 【目标检测】屏幕内没有目标
2025-10-19 21:00:35 [TRACE] 【空洞监听】无匹配已持续：8秒
2025-10-19 21:00:36 [TRACE] 【目标检测】屏幕内没有目标
2025-10-19 21:00:37 [TRACE] 【目标检测】屏幕内没有目标
2025-10-19 21:00:37 [TRACE] 【目标检测】屏幕内没有目标
2025-10-19 21:00:38 [TRACE] 【目标检测】屏幕内没有目标
2025-10-19 21:00:39 [TRACE] 【目标检测】屏幕内没有目标
2025-10-19 21:00:40 [TRACE] 【空洞监听】无匹配已持续：12秒
2025-10-19 21:00:40 [TRACE] 【目标检测】屏幕内没有目标
2025-10-19 21:00:41 [TRACE] 【目标检测】屏幕内没有目标
2025-10-19 21:00:42 [TRACE] 【目标检测】屏幕内没有目标
2025-10-19 21:00:42 [TRACE] 【目标检测】屏幕内没有目标
2025-10-19 21:00:43 [TRACE] 【目标检测】屏幕内没有目标
2025-10-19 21:00:44 [TRACE] 【目标检测】屏幕内没有目标
2025-10-19 21:00:45 [TRACE] 【空洞监听】无匹配已持续：17秒
2025-10-19 21:00:45 [TRACE] 【目标检测】屏幕内没有目标
2025-10-19 21:00:46 [TRACE] 【目标检测】屏幕内没有目标
2025-10-19 21:00:46 [TRACE] 【目标检测】屏幕内没有目标
2025-10-19 21:00:47 [TRACE] 【目标检测】屏幕内没有目标
2025-10-19 21:00:49 [TRACE] 【空洞监听】无匹配已持续：22秒
2025-10-19 21:00:50 [TRACE] 【目标检测】屏幕内没有目标
2025-10-19 21:00:51 [TRACE] 【目标检测】屏幕内没有目标
2025-10-19 21:00:54 [TRACE] 【目标检测】TRAPPED！ 类型：interact 置信度：0.9146084785461426
2025-10-19 21:00:54 [TRACE] 【空洞监听】无匹配已持续：26秒
2025-10-19 21:01:00 [TRACE] 【目标检测】屏幕内没有目标
2025-10-19 21:01:00 [TRACE] 【目标检测】屏幕内没有目标
2025-10-19 21:01:01 [TRACE] 【目标检测】屏幕内没有目标
2025-10-19 21:01:02 [TRACE] 【目标检测】屏幕内没有目标
2025-10-19 21:01:02 [TRACE] 【目标检测】屏幕内没有目标
2025-10-19 21:01:05 [TRACE] 【目标检测】屏幕内没有目标
2025-10-19 21:01:07 [TRACE] 【目标检测】目标存在，但置信度不足
2025-10-19 21:01:08 [TRACE] 【状态】搜索模式：C:\Users\gelon\Desktop\ZA-Lite\assets/images/hollow\meter.png 置信度：0.9771385192871094
2025-10-19 21:01:09 [TRACE] 【目标检测】目标存在，但置信度不足
2025-10-19 21:01:10 [TRACE] 【目标检测】微调超时，无法对齐！
2025-10-19 21:01:13 [TRACE] 【目标检测】TRAPPED！ 类型：guide_point 置信度：0.9271346926689148
2025-10-19 21:01:14 [TRACE] 【空洞监听】无匹配已持续：0秒
2025-10-19 21:01:16 [TRACE] 【目标检测】TRAPPED！ 类型：guide_point 置信度：0.8875876069068909
2025-10-19 21:01:19 [TRACE] 【空洞监听】无匹配已持续：4秒
2025-10-19 21:01:22 [TRACE] 【目标检测】TRAPPED！ 类型：guide_point 置信度：0.9147036075592041
2025-10-19 21:01:24 [TRACE] 【空洞监听】无匹配已持续：9秒
2025-10-19 21:01:26 [TRACE] 【目标检测】TRAPPED！ 类型：blue_portal 置信度：0.8539041876792908
2025-10-19 21:01:28 [TRACE] 【空洞监听】无匹配已持续：13秒
2025-10-19 21:01:31 [TRACE] 【状态】搜索模式：C:\Users\gelon\Desktop\ZA-Lite\assets/images/hollow\meter.png 置信度：0.913436233997345
2025-10-19 21:01:33 [TRACE] 【目标检测】TRAPPED！ 类型：blue_portal 置信度：0.7822898030281067
2025-10-19 21:01:37 [TRACE] 【目标检测】TRAPPED！ 类型：blue_portal 置信度：0.9022232890129089
2025-10-19 21:01:37 [TRACE] 【空洞监听】无匹配已持续：0秒
2025-10-19 21:01:44 [TRACE] 【目标检测】TRAPPED！ 类型：blue_portal 置信度：0.9477320909500122
