2025-09-15 12:37:30 [TRACE] 【线程启动】全局监听
2025-09-15 12:37:30 [TRACE] 【线程启动】终止监听
2025-09-15 12:37:30 [INFO] 现在执行 1 次零号空洞
2025-09-15 12:37:32 [DEBUG] 初始化完毕..启动{零号空洞}模块
2025-09-15 12:37:35 [DEBUG] 发现已存在的游戏窗口
2025-09-15 12:37:39 [SUCCESS] 程序开始接管操作，请保持游戏画面处于前台，终止按下Alt键
2025-09-15 12:37:39 [TRACE] 【线程启动】空洞搜索
2025-09-15 12:37:39 [TRACE] 【线程启动】空洞监听
2025-09-15 12:37:39 [TRACE] 【线程启动】空洞战斗
2025-09-15 12:37:39 [DEBUG] 正在返回菜单
2025-09-15 12:37:39 [TRACE] 正在返回菜单,请保持游戏画面处于前台
2025-09-15 12:37:41 [TRACE] 退出战斗返回菜单
2025-09-15 12:37:41 [TRACE] 【目标出现】C:\Users\gelon\Desktop\ZA-Lite\assets/images/daily\quit_battle.png 置信度：0.9938647150993347
2025-09-15 12:37:43 [TRACE] 【目标出现】C:\Users\gelon\Desktop\ZA-Lite\assets/images/daily\confirm.png 置信度：0.9839437007904053
2025-09-15 12:37:44 [TRACE] 【1】等待目标中 C:\Users\gelon\Desktop\ZA-Lite\assets/images/daily\quit.png
2025-09-15 12:37:45 [TRACE] 【2】等待目标中 C:\Users\gelon\Desktop\ZA-Lite\assets/images/daily\quit.png
2025-09-15 12:37:46 [TRACE] 【3】等待目标中 C:\Users\gelon\Desktop\ZA-Lite\assets/images/daily\quit.png
2025-09-15 12:37:46 [TRACE] 【4】等待目标中 C:\Users\gelon\Desktop\ZA-Lite\assets/images/daily\quit.png
2025-09-15 12:37:47 [TRACE] 【5】等待目标中 C:\Users\gelon\Desktop\ZA-Lite\assets/images/daily\quit.png
2025-09-15 12:37:48 [TRACE] 【6】等待目标中 C:\Users\gelon\Desktop\ZA-Lite\assets/images/daily\quit.png
2025-09-15 12:37:48 [TRACE] 【7】等待目标中 C:\Users\gelon\Desktop\ZA-Lite\assets/images/daily\quit.png
2025-09-15 12:37:49 [TRACE] 【8】等待目标中 C:\Users\gelon\Desktop\ZA-Lite\assets/images/daily\quit.png
2025-09-15 12:37:49 [TRACE] 【跳过】C:\Users\gelon\Desktop\ZA-Lite\assets/images/daily\quit.png
2025-09-15 12:37:50 [TRACE] 【目标出现】C:\Users\gelon\Desktop\ZA-Lite\assets/images/hollow/mission_completed.png 置信度：0.9999998211860657
2025-09-15 12:37:51 [TRACE] 正在返回菜单,请保持游戏画面处于前台
2025-09-15 12:37:53 [TRACE] 正在返回菜单,请保持游戏画面处于前台
2025-09-15 12:37:55 [TRACE] 正在返回菜单,请保持游戏画面处于前台
2025-09-15 12:37:57 [TRACE] 正在返回菜单,请保持游戏画面处于前台
2025-09-15 12:37:59 [TRACE] 正在返回菜单,请保持游戏画面处于前台
2025-09-15 12:38:02 [TRACE] 正在返回菜单,请保持游戏画面处于前台
2025-09-15 12:38:04 [TRACE] 现在处于大厅
2025-09-15 12:38:04 [INFO] 执行零号空洞任务中
2025-09-15 12:38:05 [TRACE] 【1】等待目标中 C:\Users\gelon\Desktop\ZA-Lite\assets/images/hollow\combat.png
2025-09-15 12:38:05 [TRACE] 【目标出现】C:\Users\gelon\Desktop\ZA-Lite\assets/images/hollow\combat.png 置信度：0.976293683052063
2025-09-15 12:38:07 [TRACE] 【目标出现】C:\Users\gelon\Desktop\ZA-Lite\assets/images/hollow\zero_hollow.png 置信度：0.9999939799308777
2025-09-15 12:38:08 [TRACE] 【目标出现】C:\Users\gelon\Desktop\ZA-Lite\assets/images/hollow\go_hollow.png 置信度：0.9947205781936646
2025-09-15 12:38:10 [TRACE] 【目标出现】C:\Users\gelon\Desktop\ZA-Lite\assets/images/hollow\confirm.png 置信度：0.9839520454406738
2025-09-15 12:38:11 [TRACE] 【1】等待目标中 C:\Users\gelon\Desktop\ZA-Lite\assets/images/hollow\hollow_taskforce.png
2025-09-15 12:38:12 [TRACE] 【2】等待目标中 C:\Users\gelon\Desktop\ZA-Lite\assets/images/hollow\hollow_taskforce.png
2025-09-15 12:38:12 [TRACE] 【3】等待目标中 C:\Users\gelon\Desktop\ZA-Lite\assets/images/hollow\hollow_taskforce.png
2025-09-15 12:38:13 [TRACE] 【目标出现】C:\Users\gelon\Desktop\ZA-Lite\assets/images/hollow\hollow_taskforce.png 置信度：0.9999890923500061
2025-09-15 12:38:14 [TRACE] 【目标出现】C:\Users\gelon\Desktop\ZA-Lite\assets/images/hollow\strategy.png 置信度：0.9998474717140198
2025-09-15 12:38:15 [TRACE] 【1】等待目标中 C:\Users\gelon\Desktop\ZA-Lite\assets/images/hollow\strategy_confirm.png
2025-09-15 12:38:16 [TRACE] 【目标出现】C:\Users\gelon\Desktop\ZA-Lite\assets/images/hollow\strategy_confirm.png 置信度：0.9999998211860657
2025-09-15 12:38:17 [TRACE] 【目标出现】C:\Users\gelon\Desktop\ZA-Lite\assets/images/hollow\next_step.png 置信度：0.9831377267837524
2025-09-15 12:38:19 [TRACE] 【目标出现】C:\Users\gelon\Desktop\ZA-Lite\assets/images/hollow\start_battle.png 置信度：0.9760332107543945
2025-09-15 12:38:20 [TRACE] 【空洞监听】无匹配已持续：0秒
2025-09-15 12:38:20 [TRACE] 【目标检测】屏幕内没有目标
2025-09-15 12:38:21 [TRACE] 【目标检测】屏幕内没有目标
2025-09-15 12:38:21 [TRACE] 【目标检测】屏幕内没有目标
2025-09-15 12:38:22 [TRACE] 【目标检测】屏幕内没有目标
2025-09-15 12:38:22 [TRACE] 【目标检测】屏幕内没有目标
2025-09-15 12:38:23 [TRACE] 【空洞监听】无匹配已持续：3秒
2025-09-15 12:38:24 [TRACE] 【目标检测】屏幕内没有目标
2025-09-15 12:38:24 [TRACE] 【目标检测】屏幕内没有目标
2025-09-15 12:38:25 [TRACE] 【目标检测】屏幕内没有目标
2025-09-15 12:38:25 [TRACE] 【目标检测】屏幕内没有目标
2025-09-15 12:38:26 [TRACE] 【目标检测】屏幕内没有目标
2025-09-15 12:38:27 [TRACE] 【目标检测】屏幕内没有目标
2025-09-15 12:38:27 [TRACE] 【空洞监听】无匹配已持续：7秒
2025-09-15 12:38:27 [TRACE] 【目标检测】屏幕内没有目标
2025-09-15 12:38:28 [TRACE] 【目标检测】屏幕内没有目标
2025-09-15 12:38:28 [TRACE] 【目标检测】屏幕内没有目标
2025-09-15 12:38:29 [TRACE] 【目标检测】屏幕内没有目标
2025-09-15 12:38:30 [TRACE] 【目标检测】屏幕内没有目标
2025-09-15 12:38:31 [TRACE] 【目标检测】屏幕内没有目标
2025-09-15 12:38:31 [TRACE] 【空洞监听】无匹配已持续：10秒
2025-09-15 12:38:31 [TRACE] 【目标检测】屏幕内没有目标
2025-09-15 12:38:32 [TRACE] 【目标检测】屏幕内没有目标
2025-09-15 12:38:32 [TRACE] 【目标检测】屏幕内没有目标
2025-09-15 12:38:33 [TRACE] 【目标检测】屏幕内没有目标
2025-09-15 12:38:34 [TRACE] 【目标检测】屏幕内没有目标
2025-09-15 12:38:34 [TRACE] 【目标检测】屏幕内没有目标
2025-09-15 12:38:35 [TRACE] 【目标检测】屏幕内没有目标
2025-09-15 12:38:35 [TRACE] 【空洞监听】无匹配已持续：15秒
2025-09-15 12:38:35 [TRACE] 【目标检测】屏幕内没有目标
2025-09-15 12:38:37 [TRACE] 【目标检测】屏幕内没有目标
2025-09-15 12:38:37 [TRACE] 【目标检测】屏幕内没有目标
2025-09-15 12:38:38 [TRACE] 【目标检测】屏幕内没有目标
2025-09-15 12:38:38 [TRACE] 【目标检测】屏幕内没有目标
2025-09-15 12:38:39 [TRACE] 【目标检测】屏幕内没有目标
2025-09-15 12:38:40 [TRACE] 【空洞监听】无匹配已持续：19秒
2025-09-15 12:38:40 [TRACE] 【目标检测】屏幕内没有目标
2025-09-15 12:38:41 [TRACE] 【目标检测】屏幕内没有目标
2025-09-15 12:38:42 [TRACE] 【目标检测】TRAPPED！ 类型：interact 置信度：0.9398277401924133
2025-09-15 12:38:44 [TRACE] 【空洞监听】无匹配已持续：23秒
2025-09-15 12:38:50 [TRACE] 【目标检测】TRAPPED！ 类型：interact 置信度：0.8905932903289795
2025-09-15 12:38:53 [TRACE] 【空洞监听】无匹配已持续：0秒
2025-09-15 12:38:56 [TRACE] 【目标检测】微调超时，无法对齐！
2025-09-15 12:38:57 [TRACE] 【空洞监听】无匹配已持续：3秒
2025-09-15 12:39:00 [TRACE] 【目标检测】TRAPPED！ 类型：interact 置信度：0.8332895040512085
2025-09-15 12:39:01 [TRACE] 【空洞监听】无匹配已持续：8秒
2025-09-15 12:39:05 [TRACE] 【空洞监听】无匹配已持续：11秒
2025-09-15 12:39:09 [TRACE] 【空洞监听】无匹配已持续：15秒
2025-09-15 12:39:09 [TRACE] 【目标检测】微调超时，无法对齐！
2025-09-15 12:39:12 [TRACE] 【目标检测】TRAPPED！ 类型：interact 置信度：0.9336739182472229
2025-09-15 12:39:12 [TRACE] 【空洞监听】无匹配已持续：19秒
2025-09-15 12:39:17 [TRACE] 【空洞监听】无匹配已持续：23秒
2025-09-15 12:39:18 [TRACE] 【目标检测】微调超时，无法对齐！
2025-09-15 12:39:21 [TRACE] 【空洞监听】无匹配已持续：27秒
2025-09-15 12:39:22 [TRACE] 【目标检测】TRAPPED！ 类型：interact 置信度：0.8980738520622253
2025-09-15 12:39:28 [TRACE] 【目标检测】屏幕内没有目标
2025-09-15 12:39:28 [TRACE] 【目标检测】屏幕内没有目标
2025-09-15 12:39:28 [TRACE] 【目标检测】屏幕内没有目标
2025-09-15 12:39:29 [TRACE] 【目标检测】屏幕内没有目标
2025-09-15 12:39:29 [TRACE] 【目标检测】屏幕内没有目标
2025-09-15 12:39:31 [TRACE] 【目标检测】屏幕内没有目标
2025-09-15 12:39:31 [TRACE] 【目标检测】目标存在，但置信度不足
2025-09-15 12:39:32 [TRACE] 【目标检测】目标存在，但置信度不足
2025-09-15 12:39:32 [TRACE] 【目标检测】屏幕内没有目标
2025-09-15 12:39:33 [TRACE] 【目标检测】屏幕内没有目标
2025-09-15 12:39:33 [TRACE] 【目标检测】目标存在，但置信度不足
2025-09-15 12:39:35 [TRACE] 【目标检测】TRAPPED！ 类型：interact 置信度：0.9285278916358948
2025-09-15 12:39:35 [TRACE] 【空洞监听】无匹配已持续：0秒
2025-09-15 12:39:38 [TRACE] 【目标检测】屏幕内没有目标
2025-09-15 12:39:39 [TRACE] 【空洞监听】无匹配已持续：4秒
