2025-10-20 04:10:19 [TRACE] 【线程启动】全局监听
2025-10-20 04:10:19 [TRACE] 【线程启动】终止监听
2025-10-20 04:10:19 [INFO] 现在执行 1 次零号空洞
2025-10-20 04:10:21 [DEBUG] 初始化完毕..启动{零号空洞}模块
2025-10-20 04:10:24 [DEBUG] 启动游戏：D:/Game Files/ZenlessZoneZero Game/ZenlessZoneZero.exe
2025-10-20 04:10:28 [SUCCESS] 程序开始接管操作，请保持游戏画面处于前台，终止按下Alt键
2025-10-20 04:10:28 [TRACE] 【线程启动】空洞搜索
2025-10-20 04:10:28 [TRACE] 【线程启动】空洞监听
2025-10-20 04:10:28 [TRACE] 【线程启动】空洞战斗
2025-10-20 04:10:28 [DEBUG] 正在返回菜单
2025-10-20 04:10:28 [TRACE] 正在返回菜单,请保持游戏画面处于前台
2025-10-20 04:10:30 [TRACE] 正在返回菜单,请保持游戏画面处于前台
2025-10-20 04:10:32 [TRACE] 正在返回菜单,请保持游戏画面处于前台
2025-10-20 04:10:35 [TRACE] 正在返回菜单,请保持游戏画面处于前台
2025-10-20 04:10:37 [TRACE] 正在返回菜单,请保持游戏画面处于前台
2025-10-20 04:10:39 [TRACE] 正在返回菜单,请保持游戏画面处于前台
2025-10-20 04:10:41 [TRACE] 正在返回菜单,请保持游戏画面处于前台
2025-10-20 04:10:44 [TRACE] 正在返回菜单,请保持游戏画面处于前台
2025-10-20 04:10:46 [TRACE] 正在返回菜单,请保持游戏画面处于前台
2025-10-20 04:10:48 [TRACE] 正在返回菜单,请保持游戏画面处于前台
2025-10-20 04:10:51 [TRACE] 正在返回菜单,请保持游戏画面处于前台
2025-10-20 04:10:53 [TRACE] 正在返回菜单,请保持游戏画面处于前台
2025-10-20 04:10:55 [TRACE] 正在返回菜单,请保持游戏画面处于前台
2025-10-20 04:10:57 [TRACE] 正在返回菜单,请保持游戏画面处于前台
2025-10-20 04:10:59 [TRACE] 正在返回菜单,请保持游戏画面处于前台
2025-10-20 04:11:02 [TRACE] 正在返回菜单,请保持游戏画面处于前台
2025-10-20 04:11:04 [TRACE] 正在返回菜单,请保持游戏画面处于前台
2025-10-20 04:11:06 [TRACE] 正在返回菜单,请保持游戏画面处于前台
2025-10-20 04:11:08 [TRACE] 正在返回菜单,请保持游戏画面处于前台
2025-10-20 04:11:11 [TRACE] 正在返回菜单,请保持游戏画面处于前台
2025-10-20 04:11:13 [TRACE] 正在返回菜单,请保持游戏画面处于前台
2025-10-20 04:11:15 [TRACE] 正在返回菜单,请保持游戏画面处于前台
2025-10-20 04:11:17 [TRACE] 正在返回菜单,请保持游戏画面处于前台
2025-10-20 04:11:20 [TRACE] 正在返回菜单,请保持游戏画面处于前台
