2025-10-20 17:54:38 [TRACE] 【线程启动】全局监听
2025-10-20 17:54:38 [TRACE] 【线程启动】终止监听
2025-10-20 17:54:38 [INFO] 现在执行 2 次零号空洞
2025-10-20 17:54:40 [DEBUG] 初始化完毕..启动{零号空洞}模块
2025-10-20 17:54:43 [DEBUG] 发现已存在的游戏窗口
2025-10-20 17:54:48 [SUCCESS] 程序开始接管操作，请保持游戏画面处于前台，终止按下Alt键
2025-10-20 17:54:48 [TRACE] 【线程启动】空洞搜索
2025-10-20 17:54:48 [TRACE] 【线程启动】空洞监听
2025-10-20 17:54:48 [TRACE] 【线程启动】空洞战斗
2025-10-20 17:54:48 [DEBUG] 正在返回菜单
2025-10-20 17:54:48 [TRACE] 现在处于大厅
2025-10-20 17:54:48 [INFO] 执行零号空洞任务中
2025-10-20 17:54:49 [TRACE] 【1】等待目标中 C:\Users\gelon\Desktop\ZA-Lite\assets/images/hollow\combat.png
2025-10-20 17:54:50 [TRACE] 【2】等待目标中 C:\Users\gelon\Desktop\ZA-Lite\assets/images/hollow\combat.png
2025-10-20 17:54:50 [TRACE] 【3】等待目标中 C:\Users\gelon\Desktop\ZA-Lite\assets/images/hollow\combat.png
2025-10-20 17:54:51 [TRACE] 【4】等待目标中 C:\Users\gelon\Desktop\ZA-Lite\assets/images/hollow\combat.png
2025-10-20 17:54:52 [TRACE] 【5】等待目标中 C:\Users\gelon\Desktop\ZA-Lite\assets/images/hollow\combat.png
2025-10-20 17:54:53 [TRACE] 【6】等待目标中 C:\Users\gelon\Desktop\ZA-Lite\assets/images/hollow\combat.png
2025-10-20 17:54:53 [TRACE] 【7】等待目标中 C:\Users\gelon\Desktop\ZA-Lite\assets/images/hollow\combat.png
2025-10-20 17:54:54 [TRACE] 【8】等待目标中 C:\Users\gelon\Desktop\ZA-Lite\assets/images/hollow\combat.png
2025-10-20 17:54:55 [TRACE] 【9】等待目标中 C:\Users\gelon\Desktop\ZA-Lite\assets/images/hollow\combat.png
2025-10-20 17:54:55 [TRACE] 【10】等待目标中 C:\Users\gelon\Desktop\ZA-Lite\assets/images/hollow\combat.png
2025-10-20 17:54:56 [TRACE] 【11】等待目标中 C:\Users\gelon\Desktop\ZA-Lite\assets/images/hollow\combat.png
2025-10-20 17:54:57 [TRACE] 【12】等待目标中 C:\Users\gelon\Desktop\ZA-Lite\assets/images/hollow\combat.png
2025-10-20 17:54:57 [TRACE] 【13】等待目标中 C:\Users\gelon\Desktop\ZA-Lite\assets/images/hollow\combat.png
2025-10-20 17:54:58 [TRACE] 【14】等待目标中 C:\Users\gelon\Desktop\ZA-Lite\assets/images/hollow\combat.png
2025-10-20 17:54:59 [TRACE] 【15】等待目标中 C:\Users\gelon\Desktop\ZA-Lite\assets/images/hollow\combat.png
2025-10-20 17:55:00 [TRACE] 【16】等待目标中 C:\Users\gelon\Desktop\ZA-Lite\assets/images/hollow\combat.png
2025-10-20 17:55:00 [TRACE] 【17】等待目标中 C:\Users\gelon\Desktop\ZA-Lite\assets/images/hollow\combat.png
2025-10-20 17:55:01 [TRACE] 【18】等待目标中 C:\Users\gelon\Desktop\ZA-Lite\assets/images/hollow\combat.png
2025-10-20 17:55:02 [TRACE] 【19】等待目标中 C:\Users\gelon\Desktop\ZA-Lite\assets/images/hollow\combat.png
2025-10-20 17:55:03 [TRACE] 【20】等待目标中 C:\Users\gelon\Desktop\ZA-Lite\assets/images/hollow\combat.png
2025-10-20 17:55:03 [ERROR] 等待超时,开始重试
2025-10-20 17:55:06 [DEBUG] 正在返回菜单
2025-10-20 17:55:06 [TRACE] 现在处于大厅
2025-10-20 17:55:07 [INFO] 执行零号空洞任务中
2025-10-20 17:55:07 [TRACE] 【1】等待目标中 C:\Users\gelon\Desktop\ZA-Lite\assets/images/hollow\combat.png
2025-10-20 17:55:08 [TRACE] 【目标出现】C:\Users\gelon\Desktop\ZA-Lite\assets/images/hollow\combat.png 置信度：0.9762927889823914
2025-10-20 17:55:09 [TRACE] 【目标出现】C:\Users\gelon\Desktop\ZA-Lite\assets/images/hollow\zero_hollow.png 置信度：0.9999945759773254
2025-10-20 17:55:11 [TRACE] 【目标出现】C:\Users\gelon\Desktop\ZA-Lite\assets/images/hollow\go_hollow.png 置信度：0.9947482347488403
2025-10-20 17:55:12 [TRACE] 【目标出现】C:\Users\gelon\Desktop\ZA-Lite\assets/images/hollow\confirm.png 置信度：0.9839441180229187
2025-10-20 17:55:14 [TRACE] 【1】等待目标中 C:\Users\gelon\Desktop\ZA-Lite\assets/images/hollow\hollow_taskforce.png
2025-10-20 17:55:14 [TRACE] 【2】等待目标中 C:\Users\gelon\Desktop\ZA-Lite\assets/images/hollow\hollow_taskforce.png
2025-10-20 17:55:15 [TRACE] 【3】等待目标中 C:\Users\gelon\Desktop\ZA-Lite\assets/images/hollow\hollow_taskforce.png
2025-10-20 17:55:16 [TRACE] 【目标出现】C:\Users\gelon\Desktop\ZA-Lite\assets/images/hollow\hollow_taskforce.png 置信度：0.9999908804893494
2025-10-20 17:55:17 [TRACE] 【目标出现】C:\Users\gelon\Desktop\ZA-Lite\assets/images/hollow\strategy.png 置信度：0.9980795979499817
2025-10-20 17:55:18 [TRACE] 【1】等待目标中 C:\Users\gelon\Desktop\ZA-Lite\assets/images/hollow\strategy_confirm.png
2025-10-20 17:55:19 [TRACE] 【目标出现】C:\Users\gelon\Desktop\ZA-Lite\assets/images/hollow\strategy_confirm.png 置信度：1.0
2025-10-20 17:55:20 [TRACE] 【目标出现】C:\Users\gelon\Desktop\ZA-Lite\assets/images/hollow\next_step.png 置信度：0.9805001616477966
2025-10-20 17:55:22 [TRACE] 【目标出现】C:\Users\gelon\Desktop\ZA-Lite\assets/images/daily\squad_preset.png 置信度：0.9862323999404907
2025-10-20 17:55:23 [TRACE] 【目标出现】C:\Users\gelon\Desktop\ZA-Lite\assets/images/daily\squad_6.png 置信度：0.96534264087677
2025-10-20 17:55:24 [TRACE] 【目标出现】C:\Users\gelon\Desktop\ZA-Lite\assets/images/daily\select_squad.png 置信度：0.9689371585845947
2025-10-20 17:55:26 [TRACE] 【目标出现】C:\Users\gelon\Desktop\ZA-Lite\assets/images/hollow\start_battle.png 置信度：0.9801954627037048
2025-10-20 17:55:27 [TRACE] 【空洞监听】无匹配已持续：0秒
2025-10-20 17:55:27 [TRACE] 【线程启动】攻击检测
2025-10-20 17:55:28 [TRACE] 【目标检测】屏幕内没有目标
2025-10-20 17:55:29 [TRACE] 【目标检测】屏幕内没有目标
2025-10-20 17:55:31 [TRACE] 【目标检测】屏幕内没有目标
2025-10-20 17:55:32 [TRACE] 【目标检测】屏幕内没有目标
2025-10-20 17:55:34 [TRACE] 【目标检测】屏幕内没有目标
2025-10-20 17:55:34 [TRACE] 【空洞监听】无匹配已持续：6秒
2025-10-20 17:55:36 [TRACE] 【目标检测】屏幕内没有目标
2025-10-20 17:55:37 [TRACE] 【目标检测】屏幕内没有目标
2025-10-20 17:55:39 [TRACE] 【目标检测】屏幕内没有目标
2025-10-20 17:55:40 [TRACE] 【空洞监听】无匹配已持续：12秒
2025-10-20 17:55:40 [TRACE] 【目标检测】屏幕内没有目标
2025-10-20 17:55:41 [TRACE] 【目标检测】屏幕内没有目标
2025-10-20 17:55:44 [TRACE] 【目标检测】屏幕内没有目标
2025-10-20 17:55:45 [TRACE] 【目标检测】屏幕内没有目标
2025-10-20 17:55:47 [TRACE] 【空洞监听】无匹配已持续：19秒
2025-10-20 17:55:47 [TRACE] 【目标检测】屏幕内没有目标
2025-10-20 17:55:48 [TRACE] 【目标检测】屏幕内没有目标
2025-10-20 17:55:50 [TRACE] 【目标检测】屏幕内没有目标
2025-10-20 17:55:53 [TRACE] 【空洞监听】无匹配已持续：26秒
2025-10-20 17:55:54 [TRACE] 【目标检测】TRAPPED！ 类型：interact 置信度：0.9064081311225891
2025-10-20 17:56:00 [TRACE] 【状态】搜索模式：C:\Users\gelon\Desktop\ZA-Lite\assets/images/hollow\card.png 置信度：0.9999998211860657
2025-10-20 17:56:01 [TRACE] 【目标检测】目标存在，但置信度不足
2025-10-20 17:56:02 [TRACE] 【目标检测】目标存在，但置信度不足
2025-10-20 17:56:04 [TRACE] 【目标检测】目标存在，但置信度不足
2025-10-20 17:56:05 [TRACE] 【目标检测】屏幕内没有目标
2025-10-20 17:56:06 [TRACE] 【目标检测】目标存在，但置信度不足
2025-10-20 17:56:12 [TRACE] 【目标检测】TRAPPED！ 类型：interact 置信度：0.9202600121498108
2025-10-20 17:56:14 [TRACE] 【空洞监听】无匹配已持续：0秒
2025-10-20 17:56:21 [TRACE] 【目标检测】TRAPPED！ 类型：interact 置信度：0.9498799443244934
2025-10-20 17:56:22 [TRACE] 【空洞监听】无匹配已持续：7秒
2025-10-20 17:56:28 [TRACE] 【空洞监听】无匹配已持续：13秒
2025-10-20 17:56:34 [TRACE] 【目标检测】微调超时，无法对齐！
2025-10-20 17:56:35 [TRACE] 【空洞监听】无匹配已持续：20秒
2025-10-20 17:56:36 [TRACE] 【目标检测】屏幕内没有目标
2025-10-20 17:56:38 [TRACE] 【目标检测】屏幕内没有目标
2025-10-20 17:56:39 [TRACE] 【目标检测】屏幕内没有目标
2025-10-20 17:56:41 [TRACE] 【目标检测】屏幕内没有目标
2025-10-20 17:56:42 [TRACE] 【空洞监听】无匹配已持续：27秒
2025-10-20 17:56:42 [TRACE] 【目标检测】屏幕内没有目标
2025-10-20 17:56:45 [TRACE] 【目标检测】屏幕内没有目标
2025-10-20 17:56:49 [TRACE] 【空洞监听】无匹配已持续：34秒
2025-10-20 17:56:53 [TRACE] 【目标检测】TRAPPED！ 类型：interact 置信度：0.8999817371368408
2025-10-20 17:56:55 [TRACE] 【空洞监听】无匹配已持续：41秒
2025-10-20 17:56:59 [TRACE] 【目标检测】屏幕内没有目标
2025-10-20 17:57:01 [TRACE] 【目标检测】屏幕内没有目标
2025-10-20 17:57:04 [TRACE] 【目标检测】TRAPPED！ 类型：interact 置信度：0.9536135792732239
2025-10-20 17:57:11 [TRACE] 【目标检测】屏幕内没有目标
2025-10-20 17:57:12 [TRACE] 【目标检测】屏幕内没有目标
2025-10-20 17:57:14 [TRACE] 【目标检测】屏幕内没有目标
2025-10-20 17:57:15 [TRACE] 【目标检测】屏幕内没有目标
2025-10-20 17:57:19 [TRACE] 【目标检测】TRAPPED！ 类型：blue_portal 置信度：0.8578742742538452
2025-10-20 17:57:22 [TRACE] 【状态】搜索模式：C:\Users\gelon\Desktop\ZA-Lite\assets/images/hollow\meter.png 置信度：0.935822069644928
2025-10-20 17:57:25 [TRACE] 【目标检测】TRAPPED！ 类型：blue_portal 置信度：0.8747172951698303
2025-10-20 17:57:28 [TRACE] 【状态】搜索模式：C:\Users\gelon\Desktop\ZA-Lite\assets/images/hollow\meter.png 置信度：0.9614192247390747
2025-10-20 17:57:32 [TRACE] 【目标检测】TRAPPED！ 类型：blue_portal 置信度：0.8197431564331055
2025-10-20 17:57:36 [TRACE] 【目标检测】TRAPPED！ 类型：blue_portal 置信度：0.7690852880477905
2025-10-20 17:57:38 [TRACE] 【空洞监听】无匹配已持续：0秒
2025-10-20 17:57:43 [TRACE] 【目标检测】屏幕内没有目标
2025-10-20 17:57:45 [TRACE] 【目标检测】TRAPPED！ 类型：blue_portal 置信度：0.8207967877388
2025-10-20 17:57:49 [TRACE] 【目标检测】TRAPPED！ 类型：blue_portal 置信度：0.8426680564880371
2025-10-20 17:57:52 [TRACE] 【空洞监听】无匹配已持续：0秒
2025-10-20 17:57:56 [TRACE] 【状态】搜索模式：C:\Users\gelon\Desktop\ZA-Lite\assets/images/hollow\meter.png 置信度：0.9488247632980347
2025-10-20 17:57:56 [TRACE] 【目标检测】TRAPPED！ 类型：blue_portal 置信度：0.8328385353088379
2025-10-20 17:58:01 [TRACE] 【目标检测】TRAPPED！ 类型：blue_portal 置信度：0.8921849131584167
2025-10-20 17:58:05 [TRACE] 【空洞监听】无匹配已持续：0秒
2025-10-20 17:58:08 [TRACE] 【目标检测】屏幕内没有目标
2025-10-20 17:58:09 [TRACE] 【目标检测】屏幕内没有目标
2025-10-20 17:58:10 [TRACE] 【目标检测】屏幕内没有目标
2025-10-20 17:58:10 [TRACE] 【空洞监听】无匹配已持续：5秒
2025-10-20 17:58:11 [TRACE] 【目标检测】屏幕内没有目标
2025-10-20 17:58:13 [TRACE] 【目标检测】屏幕内没有目标
2025-10-20 17:58:16 [TRACE] 【目标检测】屏幕内没有目标
2025-10-20 17:58:17 [TRACE] 【空洞监听】无匹配已持续：12秒
2025-10-20 17:58:18 [TRACE] 【目标检测】屏幕内没有目标
2025-10-20 17:58:19 [TRACE] 【目标检测】屏幕内没有目标
2025-10-20 17:58:21 [TRACE] 【目标检测】屏幕内没有目标
2025-10-20 17:58:22 [TRACE] 【目标检测】屏幕内没有目标
2025-10-20 17:58:24 [TRACE] 【空洞监听】无匹配已持续：19秒
2025-10-20 17:58:25 [TRACE] 【目标检测】屏幕内没有目标
2025-10-20 17:58:26 [TRACE] 【目标检测】屏幕内没有目标
2025-10-20 17:58:28 [TRACE] 【目标检测】屏幕内没有目标
2025-10-20 17:58:29 [TRACE] 【目标检测】屏幕内没有目标
2025-10-20 17:58:31 [TRACE] 【空洞监听】无匹配已持续：25秒
2025-10-20 17:58:31 [TRACE] 【目标检测】屏幕内没有目标
2025-10-20 17:58:34 [TRACE] 【目标检测】屏幕内没有目标
2025-10-20 17:58:35 [TRACE] 【目标检测】屏幕内没有目标
2025-10-20 17:58:37 [TRACE] 【目标检测】屏幕内没有目标
2025-10-20 17:58:38 [TRACE] 【空洞监听】无匹配已持续：32秒
2025-10-20 17:58:38 [TRACE] 【目标检测】屏幕内没有目标
2025-10-20 17:58:40 [TRACE] 【目标检测】屏幕内没有目标
2025-10-20 17:58:43 [TRACE] 【目标检测】屏幕内没有目标
2025-10-20 17:58:44 [TRACE] 【目标检测】屏幕内没有目标
2025-10-20 17:58:45 [TRACE] 【空洞监听】无匹配已持续：39秒
2025-10-20 17:58:46 [TRACE] 【目标检测】屏幕内没有目标
2025-10-20 17:58:47 [TRACE] 【目标检测】屏幕内没有目标
2025-10-20 17:58:49 [TRACE] 【目标检测】屏幕内没有目标
2025-10-20 17:58:52 [TRACE] 【目标检测】屏幕内没有目标
2025-10-20 17:58:52 [TRACE] 【空洞监听】无匹配已持续：47秒
2025-10-20 17:58:53 [TRACE] 【目标检测】屏幕内没有目标
2025-10-20 17:58:55 [TRACE] 【目标检测】屏幕内没有目标
2025-10-20 17:58:56 [TRACE] 【目标检测】屏幕内没有目标
2025-10-20 17:58:58 [TRACE] 【目标检测】屏幕内没有目标
2025-10-20 17:58:58 [TRACE] 【空洞监听】无匹配已持续：53秒
2025-10-20 17:59:00 [TRACE] 【目标检测】屏幕内没有目标
2025-10-20 17:59:02 [TRACE] 【目标检测】屏幕内没有目标
2025-10-20 17:59:03 [TRACE] 【目标检测】屏幕内没有目标
2025-10-20 17:59:05 [TRACE] 【目标检测】屏幕内没有目标
2025-10-20 17:59:05 [TRACE] 【空洞监听】无匹配已持续：60秒
2025-10-20 17:59:05 [TRACE] 【空洞监听】即将超时，重启搜索线程
2025-10-20 17:59:06 [TRACE] 【目标检测】屏幕内没有目标
2025-10-20 17:59:09 [TRACE] 【目标检测】屏幕内没有目标
2025-10-20 17:59:10 [TRACE] 【目标检测】屏幕内没有目标
2025-10-20 17:59:12 [TRACE] 【空洞监听】无匹配已持续：66秒
2025-10-20 17:59:12 [TRACE] 【空洞监听】即将超时，重启搜索线程
2025-10-20 17:59:12 [TRACE] 【目标检测】屏幕内没有目标
2025-10-20 17:59:13 [TRACE] 【目标检测】屏幕内没有目标
2025-10-20 17:59:14 [TRACE] 【目标检测】屏幕内没有目标
2025-10-20 17:59:17 [TRACE] 【目标检测】屏幕内没有目标
2025-10-20 17:59:18 [TRACE] 【空洞监听】无匹配已持续：73秒
2025-10-20 17:59:18 [TRACE] 【空洞监听】即将超时，重启搜索线程
2025-10-20 17:59:19 [TRACE] 【目标检测】屏幕内没有目标
2025-10-20 17:59:20 [TRACE] 【目标检测】屏幕内没有目标
2025-10-20 17:59:22 [TRACE] 【目标检测】屏幕内没有目标
2025-10-20 17:59:23 [TRACE] 【目标检测】屏幕内没有目标
2025-10-20 17:59:25 [TRACE] 【空洞监听】无匹配已持续：80秒
2025-10-20 17:59:25 [TRACE] 【空洞监听】即将超时，重启搜索线程
2025-10-20 17:59:26 [TRACE] 【目标检测】屏幕内没有目标
2025-10-20 17:59:27 [TRACE] 【目标检测】屏幕内没有目标
2025-10-20 17:59:28 [TRACE] 【目标检测】屏幕内没有目标
2025-10-20 17:59:30 [TRACE] 【目标检测】屏幕内没有目标
2025-10-20 17:59:31 [TRACE] 【目标检测】屏幕内没有目标
2025-10-20 17:59:32 [TRACE] 【空洞监听】无匹配已持续：86秒
2025-10-20 17:59:32 [TRACE] 【空洞监听】即将超时，重启搜索线程
2025-10-20 17:59:34 [TRACE] 【目标检测】屏幕内没有目标
2025-10-20 17:59:35 [TRACE] 【目标检测】屏幕内没有目标
2025-10-20 17:59:37 [TRACE] 【目标检测】目标存在，但置信度不足
2025-10-20 17:59:38 [TRACE] 【空洞监听】无匹配已持续：93秒
2025-10-20 17:59:38 [TRACE] 【空洞监听】即将超时，重启搜索线程
2025-10-20 17:59:38 [TRACE] 【目标检测】屏幕内没有目标
2025-10-20 17:59:40 [TRACE] 【目标检测】屏幕内没有目标
2025-10-20 17:59:41 [TRACE] 【目标检测】屏幕内没有目标
2025-10-20 17:59:44 [TRACE] 【目标检测】屏幕内没有目标
2025-10-20 17:59:45 [TRACE] 【空洞监听】无匹配已持续：99秒
2025-10-20 17:59:45 [TRACE] 【空洞监听】即将超时，重启搜索线程
2025-10-20 17:59:45 [TRACE] 【目标检测】屏幕内没有目标
2025-10-20 17:59:47 [TRACE] 【目标检测】屏幕内没有目标
2025-10-20 17:59:48 [TRACE] 【目标检测】屏幕内没有目标
2025-10-20 17:59:50 [TRACE] 【目标检测】屏幕内没有目标
2025-10-20 17:59:52 [TRACE] 【空洞监听】无匹配已持续：106秒
2025-10-20 17:59:52 [TRACE] 【空洞监听】即将超时，重启搜索线程
2025-10-20 17:59:52 [TRACE] 【目标检测】屏幕内没有目标
2025-10-20 17:59:54 [TRACE] 【目标检测】屏幕内没有目标
2025-10-20 17:59:55 [TRACE] 【目标检测】屏幕内没有目标
2025-10-20 17:59:56 [TRACE] 【目标检测】屏幕内没有目标
2025-10-20 17:59:57 [TRACE] 【目标检测】屏幕内没有目标
2025-10-20 17:59:58 [TRACE] 【空洞监听】无匹配已持续：113秒
2025-10-20 17:59:58 [TRACE] 【空洞监听】即将超时，重启搜索线程
2025-10-20 18:00:00 [TRACE] 【目标检测】屏幕内没有目标
2025-10-20 18:00:02 [TRACE] 【目标检测】屏幕内没有目标
2025-10-20 18:00:03 [TRACE] 【目标检测】屏幕内没有目标
2025-10-20 18:00:05 [TRACE] 【空洞监听】无匹配已持续：119秒
2025-10-20 18:00:05 [TRACE] 【空洞监听】即将超时，重启搜索线程
2025-10-20 18:00:05 [TRACE] 【目标检测】屏幕内没有目标
2025-10-20 18:00:06 [TRACE] 【目标检测】屏幕内没有目标
2025-10-20 18:00:09 [TRACE] 【目标检测】屏幕内没有目标
2025-10-20 18:00:10 [TRACE] 【目标检测】屏幕内没有目标
2025-10-20 18:00:11 [TRACE] 【空洞监听】无匹配已持续：126秒
2025-10-20 18:00:11 [TRACE] 【空洞监听】即将超时，重启搜索线程
2025-10-20 18:00:11 [TRACE] 【目标检测】屏幕内没有目标
2025-10-20 18:00:13 [TRACE] 【目标检测】屏幕内没有目标
2025-10-20 18:00:14 [TRACE] 【目标检测】屏幕内没有目标
2025-10-20 18:00:17 [TRACE] 【目标检测】屏幕内没有目标
2025-10-20 18:00:18 [TRACE] 【空洞监听】无匹配已持续：133秒
2025-10-20 18:00:18 [TRACE] 【空洞监听】即将超时，重启搜索线程
2025-10-20 18:00:18 [TRACE] 【目标检测】屏幕内没有目标
2025-10-20 18:00:20 [TRACE] 【目标检测】屏幕内没有目标
2025-10-20 18:00:21 [TRACE] 【目标检测】屏幕内没有目标
2025-10-20 18:00:22 [TRACE] 【目标检测】屏幕内没有目标
2025-10-20 18:00:24 [TRACE] 【空洞监听】无匹配已持续：139秒
2025-10-20 18:00:24 [TRACE] 【空洞监听】即将超时，重启搜索线程
2025-10-20 18:00:25 [TRACE] 【目标检测】屏幕内没有目标
2025-10-20 18:00:26 [TRACE] 【目标检测】屏幕内没有目标
2025-10-20 18:00:28 [TRACE] 【目标检测】屏幕内没有目标
2025-10-20 18:00:29 [TRACE] 【目标检测】屏幕内没有目标
2025-10-20 18:00:31 [TRACE] 【目标检测】屏幕内没有目标
2025-10-20 18:00:31 [TRACE] 【空洞监听】无匹配已持续：146秒
2025-10-20 18:00:31 [TRACE] 【空洞监听】即将超时，重启搜索线程
2025-10-20 18:00:33 [TRACE] 【目标检测】屏幕内没有目标
2025-10-20 18:00:35 [TRACE] 【目标检测】屏幕内没有目标
2025-10-20 18:00:36 [TRACE] 【目标检测】屏幕内没有目标
2025-10-20 18:00:38 [TRACE] 【目标检测】屏幕内没有目标
2025-10-20 18:00:38 [TRACE] 【空洞监听】无匹配已持续：153秒
2025-10-20 18:00:38 [TRACE] 【空洞监听】即将超时，重启搜索线程
2025-10-20 18:00:39 [TRACE] 【目标检测】屏幕内没有目标
2025-10-20 18:00:42 [TRACE] 【目标检测】屏幕内没有目标
2025-10-20 18:00:43 [TRACE] 【目标检测】屏幕内没有目标
2025-10-20 18:00:45 [TRACE] 【目标检测】屏幕内没有目标
2025-10-20 18:00:45 [TRACE] 【空洞监听】无匹配已持续：160秒
2025-10-20 18:00:45 [TRACE] 【空洞监听】即将超时，重启搜索线程
2025-10-20 18:00:46 [TRACE] 【目标检测】屏幕内没有目标
2025-10-20 18:00:47 [TRACE] 【目标检测】屏幕内没有目标
2025-10-20 18:00:50 [TRACE] 【目标检测】屏幕内没有目标
2025-10-20 18:00:51 [TRACE] 【空洞监听】无匹配已持续：166秒
2025-10-20 18:00:51 [TRACE] 【空洞监听】即将超时，重启搜索线程
2025-10-20 18:00:51 [TRACE] 【目标检测】屏幕内没有目标
2025-10-20 18:00:53 [TRACE] 【目标检测】屏幕内没有目标
2025-10-20 18:00:54 [TRACE] 【目标检测】屏幕内没有目标
2025-10-20 18:00:56 [TRACE] 【目标检测】屏幕内没有目标
2025-10-20 18:00:58 [TRACE] 【空洞监听】无匹配已持续：173秒
2025-10-20 18:00:58 [TRACE] 【空洞监听】即将超时，重启搜索线程
2025-10-20 18:00:58 [TRACE] 【目标检测】屏幕内没有目标
2025-10-20 18:01:00 [TRACE] 【目标检测】屏幕内没有目标
2025-10-20 18:01:01 [TRACE] 【目标检测】屏幕内没有目标
2025-10-20 18:01:02 [TRACE] 【目标检测】屏幕内没有目标
2025-10-20 18:01:04 [TRACE] 【目标检测】屏幕内没有目标
2025-10-20 18:01:04 [TRACE] 【空洞监听】无匹配已持续：179秒
2025-10-20 18:01:04 [TRACE] 【空洞监听】即将超时，重启搜索线程
2025-10-20 18:01:07 [TRACE] 【目标检测】屏幕内没有目标
2025-10-20 18:01:08 [TRACE] 【目标检测】屏幕内没有目标
2025-10-20 18:01:09 [TRACE] 【目标检测】屏幕内没有目标
2025-10-20 18:01:11 [TRACE] 【目标检测】屏幕内没有目标
2025-10-20 18:01:11 [TRACE] 【空洞监听】无匹配已持续：186秒
2025-10-20 18:01:11 [TRACE] 【空洞监听】即将超时，重启搜索线程
2025-10-20 18:01:11 [WARNING] 空洞任务异常，跳过本轮
2025-10-20 18:01:12 [INFO] 本轮耗时:5分钟
2025-10-20 18:01:12 [INFO] 当前已完成空洞 0 次 
2025-10-20 18:01:12 [DEBUG] 正在返回菜单
2025-10-20 18:01:12 [TRACE] 【目标检测】屏幕内没有目标
2025-10-20 18:01:12 [TRACE] 正在返回菜单,请保持游戏画面处于前台
2025-10-20 18:01:14 [TRACE] 退出战斗返回菜单
2025-10-20 18:01:14 [TRACE] 【目标出现】C:\Users\gelon\Desktop\ZA-Lite\assets/images/daily\quit_battle.png 置信度：0.9938629865646362
2025-10-20 18:01:16 [TRACE] 【1】等待目标中 C:\Users\gelon\Desktop\ZA-Lite\assets/images/daily\confirm.png
2025-10-20 18:01:17 [TRACE] 【2】等待目标中 C:\Users\gelon\Desktop\ZA-Lite\assets/images/daily\confirm.png
2025-10-20 18:01:18 [TRACE] 【3】等待目标中 C:\Users\gelon\Desktop\ZA-Lite\assets/images/daily\confirm.png
2025-10-20 18:01:18 [TRACE] 【4】等待目标中 C:\Users\gelon\Desktop\ZA-Lite\assets/images/daily\confirm.png
2025-10-20 18:01:19 [TRACE] 【5】等待目标中 C:\Users\gelon\Desktop\ZA-Lite\assets/images/daily\confirm.png
2025-10-20 18:01:20 [TRACE] 【6】等待目标中 C:\Users\gelon\Desktop\ZA-Lite\assets/images/daily\confirm.png
2025-10-20 18:01:20 [TRACE] 【7】等待目标中 C:\Users\gelon\Desktop\ZA-Lite\assets/images/daily\confirm.png
2025-10-20 18:01:21 [TRACE] 【8】等待目标中 C:\Users\gelon\Desktop\ZA-Lite\assets/images/daily\confirm.png
2025-10-20 18:01:22 [TRACE] 【9】等待目标中 C:\Users\gelon\Desktop\ZA-Lite\assets/images/daily\confirm.png
2025-10-20 18:01:22 [TRACE] 【10】等待目标中 C:\Users\gelon\Desktop\ZA-Lite\assets/images/daily\confirm.png
2025-10-20 18:01:23 [TRACE] 【11】等待目标中 C:\Users\gelon\Desktop\ZA-Lite\assets/images/daily\confirm.png
2025-10-20 18:01:24 [TRACE] 【12】等待目标中 C:\Users\gelon\Desktop\ZA-Lite\assets/images/daily\confirm.png
2025-10-20 18:01:25 [TRACE] 【13】等待目标中 C:\Users\gelon\Desktop\ZA-Lite\assets/images/daily\confirm.png
2025-10-20 18:01:25 [TRACE] 【14】等待目标中 C:\Users\gelon\Desktop\ZA-Lite\assets/images/daily\confirm.png
2025-10-20 18:01:26 [TRACE] 【15】等待目标中 C:\Users\gelon\Desktop\ZA-Lite\assets/images/daily\confirm.png
2025-10-20 18:01:27 [TRACE] 【16】等待目标中 C:\Users\gelon\Desktop\ZA-Lite\assets/images/daily\confirm.png
2025-10-20 18:01:27 [TRACE] 【17】等待目标中 C:\Users\gelon\Desktop\ZA-Lite\assets/images/daily\confirm.png
2025-10-20 18:01:28 [TRACE] 【18】等待目标中 C:\Users\gelon\Desktop\ZA-Lite\assets/images/daily\confirm.png
2025-10-20 18:01:29 [TRACE] 【19】等待目标中 C:\Users\gelon\Desktop\ZA-Lite\assets/images/daily\confirm.png
2025-10-20 18:01:29 [TRACE] 【20】等待目标中 C:\Users\gelon\Desktop\ZA-Lite\assets/images/daily\confirm.png
2025-10-20 18:01:30 [ERROR] 等待超时,开始重试
2025-10-20 18:01:31 [TRACE] 正在返回菜单,请保持游戏画面处于前台
2025-10-20 18:01:33 [TRACE] 退出战斗返回菜单
2025-10-20 18:01:34 [TRACE] 正在返回菜单,请保持游戏画面处于前台
2025-10-20 18:01:36 [TRACE] 正在返回菜单,请保持游戏画面处于前台
2025-10-20 18:01:38 [TRACE] 退出战斗返回菜单
2025-10-20 18:01:39 [TRACE] 正在返回菜单,请保持游戏画面处于前台
2025-10-20 18:01:41 [TRACE] 正在返回菜单,请保持游戏画面处于前台
2025-10-20 18:01:43 [TRACE] 退出战斗返回菜单
2025-10-20 18:01:44 [TRACE] 正在返回菜单,请保持游戏画面处于前台
2025-10-20 18:01:47 [TRACE] 正在返回菜单,请保持游戏画面处于前台
2025-10-20 18:01:49 [TRACE] 退出战斗返回菜单
2025-10-20 18:01:50 [TRACE] 正在返回菜单,请保持游戏画面处于前台
2025-10-20 18:01:52 [TRACE] 正在返回菜单,请保持游戏画面处于前台
2025-10-20 18:01:54 [TRACE] 退出战斗返回菜单
2025-10-20 18:01:55 [TRACE] 正在返回菜单,请保持游戏画面处于前台
2025-10-20 18:01:57 [TRACE] 正在返回菜单,请保持游戏画面处于前台
2025-10-20 18:02:00 [TRACE] 退出战斗返回菜单
2025-10-20 18:02:00 [TRACE] 正在返回菜单,请保持游戏画面处于前台
2025-10-20 18:02:03 [TRACE] 正在返回菜单,请保持游戏画面处于前台
2025-10-20 18:02:05 [TRACE] 退出战斗返回菜单
2025-10-20 18:02:06 [TRACE] 正在返回菜单,请保持游戏画面处于前台
2025-10-20 18:02:08 [TRACE] 正在返回菜单,请保持游戏画面处于前台
2025-10-20 18:02:10 [TRACE] 退出战斗返回菜单
2025-10-20 18:02:11 [TRACE] 正在返回菜单,请保持游戏画面处于前台
2025-10-20 18:02:13 [TRACE] 正在返回菜单,请保持游戏画面处于前台
2025-10-20 18:02:15 [TRACE] 退出战斗返回菜单
2025-10-20 18:02:16 [TRACE] 正在返回菜单,请保持游戏画面处于前台
2025-10-20 18:02:19 [TRACE] 正在返回菜单,请保持游戏画面处于前台
2025-10-20 18:02:21 [TRACE] 退出战斗返回菜单
2025-10-20 18:02:22 [TRACE] 正在返回菜单,请保持游戏画面处于前台
2025-10-20 18:02:24 [TRACE] 正在返回菜单,请保持游戏画面处于前台
2025-10-20 18:02:26 [TRACE] 退出战斗返回菜单
2025-10-20 18:02:27 [TRACE] 正在返回菜单,请保持游戏画面处于前台
2025-10-20 18:02:29 [TRACE] 正在返回菜单,请保持游戏画面处于前台
2025-10-20 18:02:31 [TRACE] 退出战斗返回菜单
2025-10-20 18:02:33 [TRACE] 正在返回菜单,请保持游戏画面处于前台
2025-10-20 18:02:35 [TRACE] 正在返回菜单,请保持游戏画面处于前台
2025-10-20 18:02:37 [TRACE] 退出战斗返回菜单
2025-10-20 18:02:38 [TRACE] 正在返回菜单,请保持游戏画面处于前台
2025-10-20 18:02:40 [TRACE] 正在返回菜单,请保持游戏画面处于前台
2025-10-20 18:02:42 [TRACE] 退出战斗返回菜单
2025-10-20 18:02:43 [TRACE] 正在返回菜单,请保持游戏画面处于前台
2025-10-20 18:02:45 [TRACE] 正在返回菜单,请保持游戏画面处于前台
2025-10-20 18:02:47 [TRACE] 退出战斗返回菜单
2025-10-20 18:02:48 [TRACE] 正在返回菜单,请保持游戏画面处于前台
2025-10-20 18:02:51 [TRACE] 正在返回菜单,请保持游戏画面处于前台
2025-10-20 18:02:53 [TRACE] 退出战斗返回菜单
2025-10-20 18:02:54 [TRACE] 正在返回菜单,请保持游戏画面处于前台
2025-10-20 18:02:56 [TRACE] 正在返回菜单,请保持游戏画面处于前台
2025-10-20 18:02:58 [TRACE] 退出战斗返回菜单
2025-10-20 18:02:59 [TRACE] 正在返回菜单,请保持游戏画面处于前台
2025-10-20 18:03:01 [TRACE] 正在返回菜单,请保持游戏画面处于前台
2025-10-20 18:03:03 [TRACE] 退出战斗返回菜单
2025-10-20 18:03:04 [TRACE] 正在返回菜单,请保持游戏画面处于前台
2025-10-20 18:03:07 [TRACE] 正在返回菜单,请保持游戏画面处于前台
2025-10-20 18:03:09 [TRACE] 退出战斗返回菜单
2025-10-20 18:03:10 [TRACE] 正在返回菜单,请保持游戏画面处于前台
2025-10-20 18:03:12 [TRACE] 正在返回菜单,请保持游戏画面处于前台
2025-10-20 18:03:14 [TRACE] 退出战斗返回菜单
2025-10-20 18:03:15 [TRACE] 正在返回菜单,请保持游戏画面处于前台
2025-10-20 18:03:17 [TRACE] 正在返回菜单,请保持游戏画面处于前台
2025-10-20 18:03:19 [TRACE] 退出战斗返回菜单
2025-10-20 18:03:20 [TRACE] 正在返回菜单,请保持游戏画面处于前台
2025-10-20 18:03:23 [TRACE] 正在返回菜单,请保持游戏画面处于前台
2025-10-20 18:03:25 [TRACE] 退出战斗返回菜单
2025-10-20 18:03:26 [TRACE] 正在返回菜单,请保持游戏画面处于前台
2025-10-20 18:03:28 [TRACE] 正在返回菜单,请保持游戏画面处于前台
2025-10-20 18:03:30 [TRACE] 退出战斗返回菜单
2025-10-20 18:03:31 [TRACE] 正在返回菜单,请保持游戏画面处于前台
2025-10-20 18:03:33 [TRACE] 正在返回菜单,请保持游戏画面处于前台
2025-10-20 18:03:35 [TRACE] 退出战斗返回菜单
2025-10-20 18:03:36 [TRACE] 正在返回菜单,请保持游戏画面处于前台
2025-10-20 18:03:38 [TRACE] 正在返回菜单,请保持游戏画面处于前台
2025-10-20 18:03:40 [TRACE] 退出战斗返回菜单
2025-10-20 18:03:41 [TRACE] 正在返回菜单,请保持游戏画面处于前台
2025-10-20 18:03:44 [TRACE] 正在返回菜单,请保持游戏画面处于前台
2025-10-20 18:03:46 [TRACE] 退出战斗返回菜单
2025-10-20 18:03:47 [TRACE] 正在返回菜单,请保持游戏画面处于前台
2025-10-20 18:03:49 [TRACE] 正在返回菜单,请保持游戏画面处于前台
2025-10-20 18:03:51 [TRACE] 退出战斗返回菜单
2025-10-20 18:03:52 [TRACE] 正在返回菜单,请保持游戏画面处于前台
2025-10-20 18:03:55 [TRACE] 正在返回菜单,请保持游戏画面处于前台
2025-10-20 18:03:57 [TRACE] 退出战斗返回菜单
2025-10-20 18:03:58 [TRACE] 正在返回菜单,请保持游戏画面处于前台
2025-10-20 18:04:00 [TRACE] 正在返回菜单,请保持游戏画面处于前台
2025-10-20 18:04:02 [TRACE] 退出战斗返回菜单
2025-10-20 18:04:03 [TRACE] 正在返回菜单,请保持游戏画面处于前台
2025-10-20 18:04:05 [TRACE] 正在返回菜单,请保持游戏画面处于前台
2025-10-20 18:04:07 [TRACE] 退出战斗返回菜单
2025-10-20 18:04:08 [TRACE] 正在返回菜单,请保持游戏画面处于前台
2025-10-20 18:04:10 [TRACE] 正在返回菜单,请保持游戏画面处于前台
2025-10-20 18:04:12 [TRACE] 退出战斗返回菜单
2025-10-20 18:04:14 [TRACE] 正在返回菜单,请保持游戏画面处于前台
2025-10-20 18:04:16 [TRACE] 正在返回菜单,请保持游戏画面处于前台
2025-10-20 18:04:18 [TRACE] 退出战斗返回菜单
2025-10-20 18:04:19 [TRACE] 正在返回菜单,请保持游戏画面处于前台
2025-10-20 18:04:21 [TRACE] 正在返回菜单,请保持游戏画面处于前台
2025-10-20 18:04:23 [TRACE] 退出战斗返回菜单
2025-10-20 18:04:24 [TRACE] 正在返回菜单,请保持游戏画面处于前台
2025-10-20 18:04:26 [TRACE] 正在返回菜单,请保持游戏画面处于前台
2025-10-20 18:04:28 [TRACE] 退出战斗返回菜单
2025-10-20 18:04:29 [TRACE] 正在返回菜单,请保持游戏画面处于前台
2025-10-20 18:04:32 [TRACE] 正在返回菜单,请保持游戏画面处于前台
2025-10-20 18:04:34 [TRACE] 退出战斗返回菜单
2025-10-20 18:04:35 [TRACE] 正在返回菜单,请保持游戏画面处于前台
2025-10-20 18:04:37 [TRACE] 正在返回菜单,请保持游戏画面处于前台
2025-10-20 18:04:39 [TRACE] 退出战斗返回菜单
2025-10-20 18:04:40 [TRACE] 正在返回菜单,请保持游戏画面处于前台
2025-10-20 18:04:43 [TRACE] 正在返回菜单,请保持游戏画面处于前台
2025-10-20 18:04:45 [TRACE] 退出战斗返回菜单
2025-10-20 18:04:46 [TRACE] 正在返回菜单,请保持游戏画面处于前台
2025-10-20 18:04:48 [TRACE] 正在返回菜单,请保持游戏画面处于前台
2025-10-20 18:04:50 [TRACE] 退出战斗返回菜单
2025-10-20 18:04:51 [TRACE] 正在返回菜单,请保持游戏画面处于前台
2025-10-20 18:04:53 [TRACE] 正在返回菜单,请保持游戏画面处于前台
2025-10-20 18:04:55 [TRACE] 退出战斗返回菜单
2025-10-20 18:04:56 [TRACE] 正在返回菜单,请保持游戏画面处于前台
2025-10-20 18:04:58 [TRACE] 正在返回菜单,请保持游戏画面处于前台
2025-10-20 18:05:00 [TRACE] 退出战斗返回菜单
2025-10-20 18:05:01 [TRACE] 正在返回菜单,请保持游戏画面处于前台
2025-10-20 18:05:04 [TRACE] 正在返回菜单,请保持游戏画面处于前台
2025-10-20 18:05:06 [TRACE] 退出战斗返回菜单
2025-10-20 18:05:07 [TRACE] 正在返回菜单,请保持游戏画面处于前台
2025-10-20 18:05:09 [TRACE] 正在返回菜单,请保持游戏画面处于前台
2025-10-20 18:05:11 [TRACE] 退出战斗返回菜单
2025-10-20 18:05:12 [TRACE] 正在返回菜单,请保持游戏画面处于前台
2025-10-20 18:05:14 [TRACE] 正在返回菜单,请保持游戏画面处于前台
2025-10-20 18:05:16 [TRACE] 退出战斗返回菜单
2025-10-20 18:05:18 [TRACE] 正在返回菜单,请保持游戏画面处于前台
2025-10-20 18:05:20 [TRACE] 正在返回菜单,请保持游戏画面处于前台
2025-10-20 18:05:22 [TRACE] 退出战斗返回菜单
2025-10-20 18:05:23 [TRACE] 正在返回菜单,请保持游戏画面处于前台
2025-10-20 18:05:25 [TRACE] 正在返回菜单,请保持游戏画面处于前台
2025-10-20 18:05:27 [TRACE] 退出战斗返回菜单
2025-10-20 18:05:28 [TRACE] 正在返回菜单,请保持游戏画面处于前台
2025-10-20 18:05:30 [TRACE] 正在返回菜单,请保持游戏画面处于前台
2025-10-20 18:05:32 [TRACE] 退出战斗返回菜单
2025-10-20 18:05:33 [TRACE] 正在返回菜单,请保持游戏画面处于前台
2025-10-20 18:05:36 [TRACE] 正在返回菜单,请保持游戏画面处于前台
2025-10-20 18:05:38 [TRACE] 退出战斗返回菜单
2025-10-20 18:05:39 [TRACE] 正在返回菜单,请保持游戏画面处于前台
2025-10-20 18:05:41 [TRACE] 正在返回菜单,请保持游戏画面处于前台
2025-10-20 18:05:43 [TRACE] 退出战斗返回菜单
2025-10-20 18:05:44 [TRACE] 正在返回菜单,请保持游戏画面处于前台
2025-10-20 18:05:46 [TRACE] 正在返回菜单,请保持游戏画面处于前台
2025-10-20 18:05:48 [TRACE] 退出战斗返回菜单
2025-10-20 18:05:49 [TRACE] 正在返回菜单,请保持游戏画面处于前台
2025-10-20 18:05:52 [TRACE] 正在返回菜单,请保持游戏画面处于前台
2025-10-20 18:05:54 [TRACE] 退出战斗返回菜单
2025-10-20 18:05:55 [TRACE] 正在返回菜单,请保持游戏画面处于前台
2025-10-20 18:05:57 [TRACE] 正在返回菜单,请保持游戏画面处于前台
2025-10-20 18:05:59 [TRACE] 退出战斗返回菜单
2025-10-20 18:06:00 [TRACE] 正在返回菜单,请保持游戏画面处于前台
2025-10-20 18:06:02 [TRACE] 正在返回菜单,请保持游戏画面处于前台
2025-10-20 18:06:04 [TRACE] 退出战斗返回菜单
2025-10-20 18:06:05 [TRACE] 正在返回菜单,请保持游戏画面处于前台
2025-10-20 18:06:08 [TRACE] 正在返回菜单,请保持游戏画面处于前台
2025-10-20 18:06:10 [TRACE] 退出战斗返回菜单
2025-10-20 18:06:11 [TRACE] 正在返回菜单,请保持游戏画面处于前台
2025-10-20 18:06:13 [TRACE] 正在返回菜单,请保持游戏画面处于前台
2025-10-20 18:06:15 [TRACE] 退出战斗返回菜单
2025-10-20 18:06:16 [TRACE] 正在返回菜单,请保持游戏画面处于前台
2025-10-20 18:06:18 [TRACE] 正在返回菜单,请保持游戏画面处于前台
2025-10-20 18:06:20 [TRACE] 退出战斗返回菜单
2025-10-20 18:06:21 [TRACE] 正在返回菜单,请保持游戏画面处于前台
2025-10-20 18:06:24 [TRACE] 正在返回菜单,请保持游戏画面处于前台
2025-10-20 18:06:26 [TRACE] 退出战斗返回菜单
2025-10-20 18:06:27 [TRACE] 正在返回菜单,请保持游戏画面处于前台
2025-10-20 18:06:29 [TRACE] 正在返回菜单,请保持游戏画面处于前台
2025-10-20 18:06:31 [TRACE] 退出战斗返回菜单
2025-10-20 18:06:32 [TRACE] 正在返回菜单,请保持游戏画面处于前台
2025-10-20 18:06:34 [TRACE] 正在返回菜单,请保持游戏画面处于前台
2025-10-20 18:06:36 [TRACE] 退出战斗返回菜单
2025-10-20 18:06:37 [TRACE] 正在返回菜单,请保持游戏画面处于前台
2025-10-20 18:06:40 [TRACE] 正在返回菜单,请保持游戏画面处于前台
2025-10-20 18:06:42 [TRACE] 退出战斗返回菜单
2025-10-20 18:06:43 [TRACE] 正在返回菜单,请保持游戏画面处于前台
2025-10-20 18:06:45 [TRACE] 正在返回菜单,请保持游戏画面处于前台
2025-10-20 18:06:47 [TRACE] 退出战斗返回菜单
2025-10-20 18:06:48 [TRACE] 正在返回菜单,请保持游戏画面处于前台
2025-10-20 18:06:50 [TRACE] 正在返回菜单,请保持游戏画面处于前台
2025-10-20 18:06:52 [TRACE] 退出战斗返回菜单
2025-10-20 18:06:53 [TRACE] 正在返回菜单,请保持游戏画面处于前台
2025-10-20 18:06:56 [TRACE] 正在返回菜单,请保持游戏画面处于前台
2025-10-20 18:06:58 [TRACE] 退出战斗返回菜单
2025-10-20 18:06:59 [TRACE] 正在返回菜单,请保持游戏画面处于前台
2025-10-20 18:07:01 [TRACE] 正在返回菜单,请保持游戏画面处于前台
2025-10-20 18:07:03 [TRACE] 退出战斗返回菜单
2025-10-20 18:07:04 [TRACE] 正在返回菜单,请保持游戏画面处于前台
2025-10-20 18:07:06 [TRACE] 正在返回菜单,请保持游戏画面处于前台
2025-10-20 18:07:08 [TRACE] 退出战斗返回菜单
2025-10-20 18:07:09 [TRACE] 正在返回菜单,请保持游戏画面处于前台
2025-10-20 18:07:11 [TRACE] 正在返回菜单,请保持游戏画面处于前台
2025-10-20 18:07:14 [TRACE] 退出战斗返回菜单
2025-10-20 18:07:14 [TRACE] 正在返回菜单,请保持游戏画面处于前台
2025-10-20 18:07:17 [TRACE] 正在返回菜单,请保持游戏画面处于前台
2025-10-20 18:07:19 [TRACE] 退出战斗返回菜单
2025-10-20 18:07:20 [TRACE] 正在返回菜单,请保持游戏画面处于前台
2025-10-20 18:07:22 [TRACE] 正在返回菜单,请保持游戏画面处于前台
2025-10-20 18:07:24 [TRACE] 退出战斗返回菜单
2025-10-20 18:07:25 [TRACE] 正在返回菜单,请保持游戏画面处于前台
2025-10-20 18:07:27 [TRACE] 正在返回菜单,请保持游戏画面处于前台
2025-10-20 18:07:29 [TRACE] 退出战斗返回菜单
2025-10-20 18:07:30 [TRACE] 正在返回菜单,请保持游戏画面处于前台
2025-10-20 18:07:33 [TRACE] 正在返回菜单,请保持游戏画面处于前台
2025-10-20 18:07:35 [TRACE] 退出战斗返回菜单
2025-10-20 18:07:36 [TRACE] 正在返回菜单,请保持游戏画面处于前台
2025-10-20 18:07:38 [TRACE] 正在返回菜单,请保持游戏画面处于前台
2025-10-20 18:07:40 [TRACE] 退出战斗返回菜单
2025-10-20 18:07:41 [TRACE] 正在返回菜单,请保持游戏画面处于前台
2025-10-20 18:07:43 [TRACE] 正在返回菜单,请保持游戏画面处于前台
2025-10-20 18:07:45 [TRACE] 退出战斗返回菜单
2025-10-20 18:07:46 [TRACE] 正在返回菜单,请保持游戏画面处于前台
2025-10-20 18:07:48 [TRACE] 正在返回菜单,请保持游戏画面处于前台
2025-10-20 18:07:50 [TRACE] 退出战斗返回菜单
2025-10-20 18:07:51 [TRACE] 正在返回菜单,请保持游戏画面处于前台
2025-10-20 18:07:54 [TRACE] 正在返回菜单,请保持游戏画面处于前台
2025-10-20 18:07:56 [TRACE] 退出战斗返回菜单
2025-10-20 18:07:57 [TRACE] 正在返回菜单,请保持游戏画面处于前台
2025-10-20 18:07:59 [TRACE] 正在返回菜单,请保持游戏画面处于前台
2025-10-20 18:08:01 [TRACE] 退出战斗返回菜单
2025-10-20 18:08:02 [TRACE] 正在返回菜单,请保持游戏画面处于前台
2025-10-20 18:08:04 [TRACE] 正在返回菜单,请保持游戏画面处于前台
2025-10-20 18:08:06 [TRACE] 退出战斗返回菜单
2025-10-20 18:08:08 [TRACE] 正在返回菜单,请保持游戏画面处于前台
2025-10-20 18:08:10 [TRACE] 正在返回菜单,请保持游戏画面处于前台
2025-10-20 18:08:12 [TRACE] 退出战斗返回菜单
2025-10-20 18:08:13 [TRACE] 正在返回菜单,请保持游戏画面处于前台
2025-10-20 18:08:15 [TRACE] 正在返回菜单,请保持游戏画面处于前台
2025-10-20 18:08:17 [TRACE] 退出战斗返回菜单
2025-10-20 18:08:18 [TRACE] 正在返回菜单,请保持游戏画面处于前台
2025-10-20 18:08:21 [TRACE] 正在返回菜单,请保持游戏画面处于前台
2025-10-20 18:08:23 [TRACE] 退出战斗返回菜单
2025-10-20 18:08:24 [TRACE] 正在返回菜单,请保持游戏画面处于前台
2025-10-20 18:08:26 [TRACE] 正在返回菜单,请保持游戏画面处于前台
2025-10-20 18:08:28 [TRACE] 退出战斗返回菜单
2025-10-20 18:08:29 [TRACE] 正在返回菜单,请保持游戏画面处于前台
2025-10-20 18:08:31 [TRACE] 正在返回菜单,请保持游戏画面处于前台
2025-10-20 18:08:33 [TRACE] 退出战斗返回菜单
2025-10-20 18:08:34 [TRACE] 正在返回菜单,请保持游戏画面处于前台
2025-10-20 18:08:37 [TRACE] 正在返回菜单,请保持游戏画面处于前台
2025-10-20 18:08:39 [TRACE] 退出战斗返回菜单
2025-10-20 18:08:40 [TRACE] 正在返回菜单,请保持游戏画面处于前台
2025-10-20 18:08:42 [TRACE] 正在返回菜单,请保持游戏画面处于前台
2025-10-20 18:08:44 [TRACE] 退出战斗返回菜单
2025-10-20 18:08:45 [TRACE] 正在返回菜单,请保持游戏画面处于前台
2025-10-20 18:08:47 [TRACE] 正在返回菜单,请保持游戏画面处于前台
