2025-10-19 20:32:18 [TRACE] 【线程启动】全局监听
2025-10-19 20:32:18 [TRACE] 【线程启动】终止监听
2025-10-19 20:32:18 [INFO] 现在执行 1 次零号空洞
2025-10-19 20:32:20 [DEBUG] 初始化完毕..启动{零号空洞}模块
2025-10-19 20:32:23 [DEBUG] 启动游戏：D:/Game Files/ZenlessZoneZero Game/ZenlessZoneZero.exe
2025-10-19 20:32:27 [SUCCESS] 程序开始接管操作，请保持游戏画面处于前台，终止按下Alt键
2025-10-19 20:32:27 [TRACE] 【线程启动】空洞搜索
2025-10-19 20:32:27 [TRACE] 【线程启动】空洞监听
2025-10-19 20:32:27 [TRACE] 【线程启动】空洞战斗
2025-10-19 20:32:27 [DEBUG] 正在返回菜单
2025-10-19 20:32:28 [TRACE] 正在返回菜单,请保持游戏画面处于前台
2025-10-19 20:32:30 [TRACE] 正在返回菜单,请保持游戏画面处于前台
2025-10-19 20:32:32 [TRACE] 正在返回菜单,请保持游戏画面处于前台
2025-10-19 20:32:35 [TRACE] 正在返回菜单,请保持游戏画面处于前台
2025-10-19 20:32:37 [TRACE] 正在返回菜单,请保持游戏画面处于前台
2025-10-19 20:32:39 [TRACE] 正在返回菜单,请保持游戏画面处于前台
2025-10-19 20:32:41 [TRACE] 正在返回菜单,请保持游戏画面处于前台
2025-10-19 20:32:44 [TRACE] 正在返回菜单,请保持游戏画面处于前台
2025-10-19 20:32:46 [TRACE] 正在返回菜单,请保持游戏画面处于前台
2025-10-19 20:32:48 [TRACE] 正在返回菜单,请保持游戏画面处于前台
2025-10-19 20:32:50 [TRACE] 正在返回菜单,请保持游戏画面处于前台
2025-10-19 20:32:53 [TRACE] 正在返回菜单,请保持游戏画面处于前台
2025-10-19 20:32:55 [TRACE] 正在返回菜单,请保持游戏画面处于前台
2025-10-19 20:32:57 [TRACE] 正在返回菜单,请保持游戏画面处于前台
2025-10-19 20:33:00 [TRACE] 正在返回菜单,请保持游戏画面处于前台
2025-10-19 20:33:02 [TRACE] 正在返回菜单,请保持游戏画面处于前台
2025-10-19 20:33:04 [TRACE] 正在返回菜单,请保持游戏画面处于前台
2025-10-19 20:33:06 [TRACE] 正在返回菜单,请保持游戏画面处于前台
2025-10-19 20:33:09 [TRACE] 正在返回菜单,请保持游戏画面处于前台
2025-10-19 20:33:11 [TRACE] 正在返回菜单,请保持游戏画面处于前台
2025-10-19 20:33:13 [TRACE] 现在处于大厅
2025-10-19 20:33:14 [INFO] 执行零号空洞任务中
2025-10-19 20:33:14 [TRACE] 【1】等待目标中 C:\Users\gelon\Desktop\ZA-Lite\assets/images/hollow\combat.png
2025-10-19 20:33:15 [TRACE] 【目标出现】C:\Users\gelon\Desktop\ZA-Lite\assets/images/hollow\combat.png 置信度：0.9762988686561584
2025-10-19 20:33:16 [TRACE] 【目标出现】C:\Users\gelon\Desktop\ZA-Lite\assets/images/hollow\zero_hollow.png 置信度：0.9999948143959045
2025-10-19 20:33:18 [TRACE] 【目标出现】C:\Users\gelon\Desktop\ZA-Lite\assets/images/hollow\go_hollow.png 置信度：0.9943926930427551
2025-10-19 20:33:19 [TRACE] 【目标出现】C:\Users\gelon\Desktop\ZA-Lite\assets/images/hollow\confirm.png 置信度：0.9839516878128052
2025-10-19 20:33:21 [TRACE] 【1】等待目标中 C:\Users\gelon\Desktop\ZA-Lite\assets/images/hollow\hollow_taskforce.png
2025-10-19 20:33:21 [TRACE] 【2】等待目标中 C:\Users\gelon\Desktop\ZA-Lite\assets/images/hollow\hollow_taskforce.png
2025-10-19 20:33:22 [TRACE] 【3】等待目标中 C:\Users\gelon\Desktop\ZA-Lite\assets/images/hollow\hollow_taskforce.png
2025-10-19 20:33:23 [TRACE] 【4】等待目标中 C:\Users\gelon\Desktop\ZA-Lite\assets/images/hollow\hollow_taskforce.png
2025-10-19 20:33:23 [TRACE] 【5】等待目标中 C:\Users\gelon\Desktop\ZA-Lite\assets/images/hollow\hollow_taskforce.png
2025-10-19 20:33:24 [TRACE] 【6】等待目标中 C:\Users\gelon\Desktop\ZA-Lite\assets/images/hollow\hollow_taskforce.png
2025-10-19 20:33:25 [TRACE] 【7】等待目标中 C:\Users\gelon\Desktop\ZA-Lite\assets/images/hollow\hollow_taskforce.png
2025-10-19 20:33:26 [TRACE] 【8】等待目标中 C:\Users\gelon\Desktop\ZA-Lite\assets/images/hollow\hollow_taskforce.png
2025-10-19 20:33:26 [TRACE] 【9】等待目标中 C:\Users\gelon\Desktop\ZA-Lite\assets/images/hollow\hollow_taskforce.png
2025-10-19 20:33:27 [TRACE] 【10】等待目标中 C:\Users\gelon\Desktop\ZA-Lite\assets/images/hollow\hollow_taskforce.png
2025-10-19 20:33:28 [TRACE] 【11】等待目标中 C:\Users\gelon\Desktop\ZA-Lite\assets/images/hollow\hollow_taskforce.png
2025-10-19 20:33:29 [TRACE] 【12】等待目标中 C:\Users\gelon\Desktop\ZA-Lite\assets/images/hollow\hollow_taskforce.png
2025-10-19 20:33:29 [TRACE] 【13】等待目标中 C:\Users\gelon\Desktop\ZA-Lite\assets/images/hollow\hollow_taskforce.png
2025-10-19 20:33:30 [TRACE] 【14】等待目标中 C:\Users\gelon\Desktop\ZA-Lite\assets/images/hollow\hollow_taskforce.png
2025-10-19 20:33:31 [TRACE] 【15】等待目标中 C:\Users\gelon\Desktop\ZA-Lite\assets/images/hollow\hollow_taskforce.png
2025-10-19 20:33:32 [TRACE] 【16】等待目标中 C:\Users\gelon\Desktop\ZA-Lite\assets/images/hollow\hollow_taskforce.png
2025-10-19 20:33:32 [TRACE] 【17】等待目标中 C:\Users\gelon\Desktop\ZA-Lite\assets/images/hollow\hollow_taskforce.png
2025-10-19 20:33:33 [TRACE] 【18】等待目标中 C:\Users\gelon\Desktop\ZA-Lite\assets/images/hollow\hollow_taskforce.png
2025-10-19 20:33:34 [TRACE] 【19】等待目标中 C:\Users\gelon\Desktop\ZA-Lite\assets/images/hollow\hollow_taskforce.png
2025-10-19 20:33:34 [TRACE] 【20】等待目标中 C:\Users\gelon\Desktop\ZA-Lite\assets/images/hollow\hollow_taskforce.png
2025-10-19 20:33:35 [ERROR] 等待超时,开始重试
2025-10-19 20:33:36 [DEBUG] 正在返回菜单
2025-10-19 20:33:37 [TRACE] 正在返回菜单,请保持游戏画面处于前台
2025-10-19 20:33:39 [TRACE] 正在返回菜单,请保持游戏画面处于前台
2025-10-19 20:33:41 [TRACE] 正在返回菜单,请保持游戏画面处于前台
2025-10-19 20:33:44 [TRACE] 现在处于大厅
2025-10-19 20:33:44 [INFO] 执行零号空洞任务中
2025-10-19 20:33:45 [TRACE] 【1】等待目标中 C:\Users\gelon\Desktop\ZA-Lite\assets/images/hollow\combat.png
2025-10-19 20:33:46 [TRACE] 【目标出现】C:\Users\gelon\Desktop\ZA-Lite\assets/images/hollow\combat.png 置信度：0.9762975573539734
2025-10-19 20:33:47 [TRACE] 【目标出现】C:\Users\gelon\Desktop\ZA-Lite\assets/images/hollow\zero_hollow.png 置信度：0.9999942779541016
2025-10-19 20:33:48 [TRACE] 【目标出现】C:\Users\gelon\Desktop\ZA-Lite\assets/images/hollow\go_hollow.png 置信度：0.9948277473449707
2025-10-19 20:33:50 [TRACE] 【目标出现】C:\Users\gelon\Desktop\ZA-Lite\assets/images/hollow\confirm.png 置信度：0.9839382171630859
2025-10-19 20:33:51 [TRACE] 【1】等待目标中 C:\Users\gelon\Desktop\ZA-Lite\assets/images/hollow\hollow_taskforce.png
2025-10-19 20:33:52 [TRACE] 【2】等待目标中 C:\Users\gelon\Desktop\ZA-Lite\assets/images/hollow\hollow_taskforce.png
2025-10-19 20:33:53 [TRACE] 【目标出现】C:\Users\gelon\Desktop\ZA-Lite\assets/images/hollow\hollow_taskforce.png 置信度：0.9995200037956238
2025-10-19 20:33:54 [TRACE] 【目标出现】C:\Users\gelon\Desktop\ZA-Lite\assets/images/hollow\strategy.png 置信度：0.9999997019767761
2025-10-19 20:33:55 [TRACE] 【1】等待目标中 C:\Users\gelon\Desktop\ZA-Lite\assets/images/hollow\strategy_confirm.png
2025-10-19 20:33:56 [TRACE] 【目标出现】C:\Users\gelon\Desktop\ZA-Lite\assets/images/hollow\strategy_confirm.png 置信度：0.9999998211860657
2025-10-19 20:33:57 [TRACE] 【目标出现】C:\Users\gelon\Desktop\ZA-Lite\assets/images/hollow\next_step.png 置信度：0.981421172618866
2025-10-19 20:33:59 [TRACE] 【目标出现】C:\Users\gelon\Desktop\ZA-Lite\assets/images/hollow\start_battle.png 置信度：0.9751461744308472
2025-10-19 20:34:00 [TRACE] 【空洞监听】无匹配已持续：0秒
2025-10-19 20:34:01 [TRACE] 【目标检测】屏幕内没有目标
2025-10-19 20:34:01 [TRACE] 【目标检测】屏幕内没有目标
2025-10-19 20:34:02 [TRACE] 【目标检测】屏幕内没有目标
2025-10-19 20:34:02 [TRACE] 【目标检测】屏幕内没有目标
2025-10-19 20:34:03 [TRACE] 【目标检测】屏幕内没有目标
2025-10-19 20:34:05 [TRACE] 【目标检测】屏幕内没有目标
2025-10-19 20:34:05 [TRACE] 【目标检测】屏幕内没有目标
2025-10-19 20:34:06 [TRACE] 【空洞监听】无匹配已持续：5秒
2025-10-19 20:34:06 [TRACE] 【目标检测】屏幕内没有目标
2025-10-19 20:34:07 [TRACE] 【目标检测】屏幕内没有目标
2025-10-19 20:34:07 [TRACE] 【目标检测】屏幕内没有目标
2025-10-19 20:34:09 [TRACE] 【目标检测】屏幕内没有目标
2025-10-19 20:34:09 [TRACE] 【目标检测】屏幕内没有目标
2025-10-19 20:34:10 [TRACE] 【目标检测】屏幕内没有目标
2025-10-19 20:34:10 [TRACE] 【目标检测】屏幕内没有目标
2025-10-19 20:34:11 [TRACE] 【目标检测】屏幕内没有目标
2025-10-19 20:34:11 [TRACE] 【空洞监听】无匹配已持续：11秒
2025-10-19 20:34:13 [TRACE] 【目标检测】屏幕内没有目标
2025-10-19 20:34:14 [TRACE] 【目标检测】屏幕内没有目标
2025-10-19 20:34:14 [TRACE] 【目标检测】屏幕内没有目标
2025-10-19 20:34:15 [TRACE] 【目标检测】屏幕内没有目标
2025-10-19 20:34:16 [TRACE] 【目标检测】屏幕内没有目标
2025-10-19 20:34:17 [TRACE] 【空洞监听】无匹配已持续：17秒
2025-10-19 20:34:18 [TRACE] 【目标检测】屏幕内没有目标
2025-10-19 20:34:18 [TRACE] 【目标检测】屏幕内没有目标
2025-10-19 20:34:19 [TRACE] 【目标检测】屏幕内没有目标
2025-10-19 20:34:19 [TRACE] 【目标检测】屏幕内没有目标
2025-10-19 20:34:20 [TRACE] 【目标检测】屏幕内没有目标
2025-10-19 20:34:23 [TRACE] 【空洞监听】无匹配已持续：23秒
2025-10-19 20:34:24 [TRACE] 【目标检测】TRAPPED！ 类型：interact 置信度：0.7930611968040466
2025-10-19 20:34:29 [TRACE] 【空洞监听】无匹配已持续：28秒
2025-10-19 20:34:30 [TRACE] 【目标检测】屏幕内没有目标
2025-10-19 20:34:31 [TRACE] 【目标检测】屏幕内没有目标
2025-10-19 20:34:32 [TRACE] 【目标检测】屏幕内没有目标
2025-10-19 20:34:32 [TRACE] 【目标检测】目标存在，但置信度不足
2025-10-19 20:34:33 [TRACE] 【目标检测】屏幕内没有目标
2025-10-19 20:34:34 [TRACE] 【目标检测】屏幕内没有目标
2025-10-19 20:34:37 [TRACE] 【目标检测】目标存在，但置信度不足
2025-10-19 20:34:38 [TRACE] 【目标检测】目标存在，但置信度不足
2025-10-19 20:34:39 [TRACE] 【目标检测】目标存在，但置信度不足
2025-10-19 20:34:39 [TRACE] 【状态】搜索模式：C:\Users\gelon\Desktop\ZA-Lite\assets/images/hollow\meter.png 置信度：0.9485430121421814
2025-10-19 20:34:39 [TRACE] 【目标检测】目标存在，但置信度不足
2025-10-19 20:34:40 [TRACE] 【目标检测】屏幕内没有目标
2025-10-19 20:34:42 [TRACE] 【目标检测】屏幕内没有目标
2025-10-19 20:34:42 [TRACE] 【目标检测】目标存在，但置信度不足
2025-10-19 20:34:43 [TRACE] 【目标检测】目标存在，但置信度不足
2025-10-19 20:34:44 [TRACE] 【目标检测】屏幕内没有目标
2025-10-19 20:34:45 [TRACE] 【目标检测】目标存在，但置信度不足
2025-10-19 20:34:46 [TRACE] 【目标检测】目标存在，但置信度不足
2025-10-19 20:34:47 [TRACE] 【目标检测】微调超时，无法对齐！
2025-10-19 20:34:47 [TRACE] 【空洞监听】无匹配已持续：0秒
2025-10-19 20:34:48 [TRACE] 【目标检测】目标存在，但置信度不足
2025-10-19 20:34:50 [TRACE] 【目标检测】目标存在，但置信度不足
2025-10-19 20:34:51 [TRACE] 【目标检测】目标存在，但置信度不足
2025-10-19 20:34:52 [TRACE] 【目标检测】屏幕内没有目标
2025-10-19 20:34:53 [TRACE] 【目标检测】目标存在，但置信度不足
2025-10-19 20:34:53 [TRACE] 【空洞监听】无匹配已持续：5秒
2025-10-19 20:34:54 [TRACE] 【目标检测】屏幕内没有目标
2025-10-19 20:34:56 [TRACE] 【目标检测】屏幕内没有目标
2025-10-19 20:34:56 [TRACE] 【状态】搜索模式：C:\Users\gelon\Desktop\ZA-Lite\assets/images/hollow\meter.png 置信度：0.9880627989768982
2025-10-19 20:34:57 [TRACE] 【目标检测】屏幕内没有目标
2025-10-19 20:34:58 [TRACE] 【目标检测】屏幕内没有目标
2025-10-19 20:34:59 [TRACE] 【目标检测】微调超时，无法对齐！
2025-10-19 20:35:00 [TRACE] 【目标检测】目标存在，但置信度不足
2025-10-19 20:35:02 [TRACE] 【目标检测】屏幕内没有目标
2025-10-19 20:35:02 [TRACE] 【状态】搜索模式：C:\Users\gelon\Desktop\ZA-Lite\assets/images/hollow\meter.png 置信度：0.9415211081504822
2025-10-19 20:35:04 [TRACE] 【目标检测】目标存在，但置信度不足
2025-10-19 20:35:05 [TRACE] 【目标检测】屏幕内没有目标
2025-10-19 20:35:08 [TRACE] 【目标检测】目标存在，但置信度不足
2025-10-19 20:35:08 [TRACE] 【状态】搜索模式：C:\Users\gelon\Desktop\ZA-Lite\assets/images/hollow\meter.png 置信度：0.9143556356430054
2025-10-19 20:35:09 [TRACE] 【目标检测】微调超时，无法对齐！
2025-10-19 20:35:10 [TRACE] 【目标检测】屏幕内没有目标
2025-10-19 20:35:11 [TRACE] 【目标检测】屏幕内没有目标
2025-10-19 20:35:13 [TRACE] 【目标检测】屏幕内没有目标
2025-10-19 20:35:14 [TRACE] 【目标检测】目标存在，但置信度不足
2025-10-19 20:35:15 [TRACE] 【状态】搜索模式：C:\Users\gelon\Desktop\ZA-Lite\assets/images/hollow\meter.png 置信度：0.9725648164749146
2025-10-19 20:35:15 [TRACE] 【目标检测】屏幕内没有目标
2025-10-19 20:35:16 [TRACE] 【目标检测】屏幕内没有目标
2025-10-19 20:35:19 [TRACE] 【目标检测】屏幕内没有目标
2025-10-19 20:35:20 [TRACE] 【目标检测】屏幕内没有目标
2025-10-19 20:35:20 [TRACE] 【目标检测】屏幕内没有目标
2025-10-19 20:35:20 [TRACE] 【状态】搜索模式：C:\Users\gelon\Desktop\ZA-Lite\assets/images/hollow\meter.png 置信度：0.947890043258667
2025-10-19 20:35:21 [TRACE] 【目标检测】屏幕内没有目标
2025-10-19 20:35:22 [TRACE] 【目标检测】微调超时，无法对齐！
2025-10-19 20:35:23 [TRACE] 【目标检测】屏幕内没有目标
2025-10-19 20:35:26 [TRACE] 【目标检测】屏幕内没有目标
2025-10-19 20:35:26 [TRACE] 【状态】搜索模式：C:\Users\gelon\Desktop\ZA-Lite\assets/images/hollow\meter.png 置信度：0.9111509919166565
2025-10-19 20:35:27 [TRACE] 【目标检测】目标存在，但置信度不足
2025-10-19 20:35:28 [TRACE] 【目标检测】目标存在，但置信度不足
2025-10-19 20:35:30 [TRACE] 【目标检测】屏幕内没有目标
2025-10-19 20:35:31 [TRACE] 【目标检测】微调超时，无法对齐！
2025-10-19 20:35:34 [TRACE] 【空洞监听】无匹配已持续：0秒
2025-10-19 20:35:36 [TRACE] 【目标检测】微调超时，无法对齐！
2025-10-19 20:35:37 [TRACE] 【目标检测】目标存在，但置信度不足
2025-10-19 20:35:38 [TRACE] 【目标检测】屏幕内没有目标
2025-10-19 20:35:39 [TRACE] 【目标检测】屏幕内没有目标
2025-10-19 20:35:40 [TRACE] 【目标检测】目标存在，但置信度不足
2025-10-19 20:35:40 [TRACE] 【空洞监听】无匹配已持续：5秒
2025-10-19 20:35:41 [TRACE] 【目标检测】屏幕内没有目标
2025-10-19 20:35:43 [TRACE] 【目标检测】屏幕内没有目标
2025-10-19 20:35:44 [TRACE] 【目标检测】屏幕内没有目标
2025-10-19 20:35:45 [TRACE] 【目标检测】屏幕内没有目标
2025-10-19 20:35:46 [TRACE] 【目标检测】屏幕内没有目标
2025-10-19 20:35:46 [TRACE] 【空洞监听】无匹配已持续：11秒
2025-10-19 20:35:48 [TRACE] 【目标检测】屏幕内没有目标
2025-10-19 20:35:50 [TRACE] 【目标检测】屏幕内没有目标
2025-10-19 20:35:50 [TRACE] 【状态】搜索模式：C:\Users\gelon\Desktop\ZA-Lite\assets/images/hollow\meter.png 置信度：0.9273568391799927
2025-10-19 20:35:51 [TRACE] 【目标检测】屏幕内没有目标
2025-10-19 20:35:52 [TRACE] 【目标检测】微调超时，无法对齐！
2025-10-19 20:35:53 [TRACE] 【目标检测】目标存在，但置信度不足
2025-10-19 20:35:54 [TRACE] 【目标检测】屏幕内没有目标
2025-10-19 20:35:56 [TRACE] 【目标检测】屏幕内没有目标
2025-10-19 20:35:56 [TRACE] 【状态】搜索模式：C:\Users\gelon\Desktop\ZA-Lite\assets/images/hollow\meter.png 置信度：0.9520474076271057
2025-10-19 20:35:57 [TRACE] 【目标检测】屏幕内没有目标
2025-10-19 20:35:59 [TRACE] 【目标检测】目标存在，但置信度不足
2025-10-19 20:36:01 [TRACE] 【目标检测】屏幕内没有目标
2025-10-19 20:36:02 [TRACE] 【目标检测】屏幕内没有目标
2025-10-19 20:36:02 [TRACE] 【状态】搜索模式：C:\Users\gelon\Desktop\ZA-Lite\assets/images/hollow\meter.png 置信度：0.9090108871459961
2025-10-19 20:36:03 [TRACE] 【目标检测】目标存在，但置信度不足
2025-10-19 20:36:03 [TRACE] 【目标检测】屏幕内没有目标
2025-10-19 20:36:04 [TRACE] 【目标检测】目标存在，但置信度不足
2025-10-19 20:36:05 [TRACE] 【目标检测】微调超时，无法对齐！
2025-10-19 20:36:08 [TRACE] 【目标检测】屏幕内没有目标
2025-10-19 20:36:09 [TRACE] 【目标检测】目标存在，但置信度不足
2025-10-19 20:36:10 [TRACE] 【空洞监听】无匹配已持续：0秒
2025-10-19 20:36:10 [TRACE] 【目标检测】屏幕内没有目标
2025-10-19 20:36:12 [TRACE] 【目标检测】屏幕内没有目标
2025-10-19 20:36:13 [TRACE] 【目标检测】屏幕内没有目标
2025-10-19 20:36:14 [TRACE] 【目标检测】屏幕内没有目标
2025-10-19 20:36:14 [TRACE] 【状态】搜索模式：C:\Users\gelon\Desktop\ZA-Lite\assets/images/hollow\meter.png 置信度：0.924336850643158
2025-10-19 20:36:15 [TRACE] 【目标检测】屏幕内没有目标
2025-10-19 20:36:16 [TRACE] 【目标检测】微调超时，无法对齐！
2025-10-19 20:36:19 [TRACE] 【目标检测】目标存在，但置信度不足
2025-10-19 20:36:20 [TRACE] 【目标检测】目标存在，但置信度不足
2025-10-19 20:36:22 [TRACE] 【目标检测】微调超时，无法对齐！
2025-10-19 20:36:22 [TRACE] 【空洞监听】无匹配已持续：0秒
2025-10-19 20:36:24 [TRACE] 【目标检测】屏幕内没有目标
2025-10-19 20:36:26 [TRACE] 【目标检测】目标存在，但置信度不足
2025-10-19 20:36:27 [TRACE] 【目标检测】屏幕内没有目标
2025-10-19 20:36:27 [TRACE] 【目标检测】屏幕内没有目标
2025-10-19 20:36:28 [TRACE] 【目标检测】屏幕内没有目标
2025-10-19 20:36:28 [TRACE] 【空洞监听】无匹配已持续：5秒
2025-10-19 20:36:29 [TRACE] 【目标检测】屏幕内没有目标
2025-10-19 20:36:31 [TRACE] 【目标检测】屏幕内没有目标
2025-10-19 20:36:33 [TRACE] 【目标检测】目标存在，但置信度不足
2025-10-19 20:36:33 [TRACE] 【目标检测】屏幕内没有目标
2025-10-19 20:36:34 [TRACE] 【空洞监听】无匹配已持续：11秒
2025-10-19 20:36:34 [TRACE] 【目标检测】屏幕内没有目标
2025-10-19 20:36:35 [TRACE] 【目标检测】屏幕内没有目标
2025-10-19 20:36:36 [TRACE] 【目标检测】屏幕内没有目标
2025-10-19 20:36:37 [TRACE] 【目标检测】屏幕内没有目标
2025-10-19 20:36:37 [TRACE] 【状态】搜索模式：C:\Users\gelon\Desktop\ZA-Lite\assets/images/hollow\meter.png 置信度：0.978001594543457
2025-10-19 20:36:39 [TRACE] 【目标检测】屏幕内没有目标
2025-10-19 20:36:40 [TRACE] 【目标检测】屏幕内没有目标
2025-10-19 20:36:41 [TRACE] 【目标检测】屏幕内没有目标
2025-10-19 20:36:42 [TRACE] 【目标检测】微调超时，无法对齐！
2025-10-19 20:36:43 [TRACE] 【状态】搜索模式：C:\Users\gelon\Desktop\ZA-Lite\assets/images/hollow\meter.png 置信度：0.9783663749694824
2025-10-19 20:36:44 [TRACE] 【目标检测】屏幕内没有目标
2025-10-19 20:36:45 [TRACE] 【目标检测】屏幕内没有目标
2025-10-19 20:36:47 [TRACE] 【目标检测】目标存在，但置信度不足
2025-10-19 20:36:49 [TRACE] 【目标检测】目标存在，但置信度不足
2025-10-19 20:36:49 [TRACE] 【目标检测】目标存在，但置信度不足
2025-10-19 20:36:50 [TRACE] 【目标检测】屏幕内没有目标
2025-10-19 20:36:51 [TRACE] 【目标检测】屏幕内没有目标
2025-10-19 20:36:51 [TRACE] 【空洞监听】无匹配已持续：0秒
2025-10-19 20:36:52 [TRACE] 【目标检测】目标存在，但置信度不足
2025-10-19 20:36:54 [TRACE] 【目标检测】屏幕内没有目标
2025-10-19 20:36:55 [TRACE] 【目标检测】目标存在，但置信度不足
2025-10-19 20:36:55 [TRACE] 【状态】搜索模式：C:\Users\gelon\Desktop\ZA-Lite\assets/images/hollow\meter.png 置信度：0.9577771425247192
2025-10-19 20:36:56 [TRACE] 【目标检测】屏幕内没有目标
2025-10-19 20:36:57 [TRACE] 【目标检测】微调超时，无法对齐！
2025-10-19 20:36:58 [TRACE] 【目标检测】屏幕内没有目标
2025-10-19 20:37:01 [TRACE] 【目标检测】屏幕内没有目标
2025-10-19 20:37:01 [TRACE] 【状态】搜索模式：C:\Users\gelon\Desktop\ZA-Lite\assets/images/hollow\meter.png 置信度：0.9737675189971924
2025-10-19 20:37:03 [TRACE] 【目标检测】目标存在，但置信度不足
2025-10-19 20:37:04 [TRACE] 【目标检测】屏幕内没有目标
2025-10-19 20:37:05 [TRACE] 【目标检测】屏幕内没有目标
2025-10-19 20:37:06 [TRACE] 【目标检测】微调超时，无法对齐！
2025-10-19 20:37:07 [TRACE] 【状态】搜索模式：C:\Users\gelon\Desktop\ZA-Lite\assets/images/hollow\meter.png 置信度：0.9443758726119995
2025-10-19 20:37:07 [TRACE] 【目标检测】目标存在，但置信度不足
2025-10-19 20:37:09 [TRACE] 【目标检测】屏幕内没有目标
2025-10-19 20:37:10 [TRACE] 【目标检测】目标存在，但置信度不足
2025-10-19 20:37:12 [TRACE] 【目标检测】屏幕内没有目标
2025-10-19 20:37:13 [TRACE] 【状态】搜索模式：C:\Users\gelon\Desktop\ZA-Lite\assets/images/hollow\meter.png 置信度：0.9415721893310547
2025-10-19 20:37:14 [TRACE] 【目标检测】屏幕内没有目标
2025-10-19 20:37:15 [TRACE] 【目标检测】目标存在，但置信度不足
2025-10-19 20:37:16 [TRACE] 【目标检测】目标存在，但置信度不足
2025-10-19 20:37:16 [TRACE] 【目标检测】屏幕内没有目标
2025-10-19 20:37:17 [TRACE] 【目标检测】屏幕内没有目标
2025-10-19 20:37:19 [TRACE] 【目标检测】屏幕内没有目标
2025-10-19 20:37:19 [TRACE] 【状态】搜索模式：C:\Users\gelon\Desktop\ZA-Lite\assets/images/hollow\meter.png 置信度：0.9237452149391174
2025-10-19 20:37:20 [TRACE] 【目标检测】微调超时，无法对齐！
2025-10-19 20:37:21 [TRACE] 【目标检测】屏幕内没有目标
2025-10-19 20:37:23 [TRACE] 【目标检测】屏幕内没有目标
2025-10-19 20:37:25 [TRACE] 【目标检测】屏幕内没有目标
2025-10-19 20:37:26 [TRACE] 【目标检测】目标存在，但置信度不足
2025-10-19 20:37:27 [TRACE] 【目标检测】屏幕内没有目标
2025-10-19 20:37:28 [TRACE] 【空洞监听】无匹配已持续：0秒
2025-10-19 20:37:28 [TRACE] 【目标检测】屏幕内没有目标
2025-10-19 20:37:30 [TRACE] 【目标检测】屏幕内没有目标
2025-10-19 20:37:32 [TRACE] 【目标检测】屏幕内没有目标
2025-10-19 20:37:32 [TRACE] 【状态】搜索模式：C:\Users\gelon\Desktop\ZA-Lite\assets/images/hollow\meter.png 置信度：0.9801034331321716
2025-10-19 20:37:33 [TRACE] 【目标检测】微调超时，无法对齐！
2025-10-19 20:37:34 [TRACE] 【目标检测】屏幕内没有目标
2025-10-19 20:37:35 [TRACE] 【目标检测】屏幕内没有目标
2025-10-19 20:37:35 [TRACE] 【目标检测】屏幕内没有目标
2025-10-19 20:37:36 [TRACE] 【目标检测】目标存在，但置信度不足
2025-10-19 20:37:37 [TRACE] 【目标检测】屏幕内没有目标
2025-10-19 20:37:39 [TRACE] 【目标检测】目标存在，但置信度不足
2025-10-19 20:37:40 [TRACE] 【空洞监听】无匹配已持续：0秒
2025-10-19 20:37:40 [TRACE] 【目标检测】屏幕内没有目标
2025-10-19 20:37:41 [TRACE] 【目标检测】目标存在，但置信度不足
2025-10-19 20:37:42 [TRACE] 【目标检测】目标存在，但置信度不足
2025-10-19 20:37:44 [TRACE] 【目标检测】屏幕内没有目标
2025-10-19 20:37:45 [TRACE] 【目标检测】屏幕内没有目标
2025-10-19 20:37:45 [TRACE] 【空洞监听】无匹配已持续：5秒
2025-10-19 20:37:46 [TRACE] 【目标检测】屏幕内没有目标
2025-10-19 20:37:47 [TRACE] 【目标检测】屏幕内没有目标
2025-10-19 20:37:49 [TRACE] 【状态】搜索模式：C:\Users\gelon\Desktop\ZA-Lite\assets/images/hollow\meter.png 置信度：0.9939611554145813
2025-10-19 20:37:49 [TRACE] 【目标检测】微调超时，无法对齐！
2025-10-19 20:37:51 [TRACE] 【目标检测】屏幕内没有目标
2025-10-19 20:37:52 [TRACE] 【目标检测】目标存在，但置信度不足
2025-10-19 20:37:53 [TRACE] 【目标检测】屏幕内没有目标
2025-10-19 20:37:55 [TRACE] 【目标检测】屏幕内没有目标
2025-10-19 20:37:55 [TRACE] 【状态】搜索模式：C:\Users\gelon\Desktop\ZA-Lite\assets/images/hollow\meter.png 置信度：0.9587576389312744
2025-10-19 20:37:56 [TRACE] 【目标检测】屏幕内没有目标
2025-10-19 20:37:57 [TRACE] 【目标检测】屏幕内没有目标
2025-10-19 20:37:59 [TRACE] 【目标检测】目标存在，但置信度不足
2025-10-19 20:38:01 [TRACE] 【目标检测】目标存在，但置信度不足
2025-10-19 20:38:01 [TRACE] 【状态】搜索模式：C:\Users\gelon\Desktop\ZA-Lite\assets/images/hollow\meter.png 置信度：0.9766583442687988
2025-10-19 20:38:01 [TRACE] 【目标检测】目标存在，但置信度不足
2025-10-19 20:38:02 [TRACE] 【目标检测】屏幕内没有目标
2025-10-19 20:38:03 [TRACE] 【目标检测】屏幕内没有目标
2025-10-19 20:38:04 [TRACE] 【目标检测】微调超时，无法对齐！
2025-10-19 20:38:05 [TRACE] 【目标检测】目标存在，但置信度不足
2025-10-19 20:38:07 [TRACE] 【目标检测】目标存在，但置信度不足
2025-10-19 20:38:07 [TRACE] 【状态】搜索模式：C:\Users\gelon\Desktop\ZA-Lite\assets/images/hollow\meter.png 置信度：0.9593369960784912
2025-10-19 20:38:07 [TRACE] 【目标检测】屏幕内没有目标
2025-10-19 20:38:09 [TRACE] 【目标检测】目标存在，但置信度不足
2025-10-19 20:38:10 [TRACE] 【目标检测】屏幕内没有目标
2025-10-19 20:38:12 [TRACE] 【目标检测】屏幕内没有目标
2025-10-19 20:38:13 [TRACE] 【状态】搜索模式：C:\Users\gelon\Desktop\ZA-Lite\assets/images/hollow\meter.png 置信度：0.953733503818512
2025-10-19 20:38:14 [TRACE] 【目标检测】屏幕内没有目标
2025-10-19 20:38:15 [TRACE] 【目标检测】目标存在，但置信度不足
2025-10-19 20:38:16 [TRACE] 【目标检测】目标存在，但置信度不足
2025-10-19 20:38:17 [TRACE] 【目标检测】微调超时，无法对齐！
2025-10-19 20:38:18 [TRACE] 【目标检测】屏幕内没有目标
2025-10-19 20:38:20 [TRACE] 【目标检测】屏幕内没有目标
2025-10-19 20:38:20 [TRACE] 【状态】搜索模式：C:\Users\gelon\Desktop\ZA-Lite\assets/images/hollow\meter.png 置信度：0.9630213975906372
2025-10-19 20:38:21 [TRACE] 【目标检测】屏幕内没有目标
2025-10-19 20:38:22 [TRACE] 【目标检测】屏幕内没有目标
2025-10-19 20:38:25 [TRACE] 【目标检测】屏幕内没有目标
2025-10-19 20:38:25 [TRACE] 【目标检测】屏幕内没有目标
2025-10-19 20:38:26 [TRACE] 【状态】搜索模式：C:\Users\gelon\Desktop\ZA-Lite\assets/images/hollow\meter.png 置信度：0.9010782241821289
2025-10-19 20:38:26 [TRACE] 【目标检测】目标存在，但置信度不足
2025-10-19 20:38:27 [TRACE] 【目标检测】屏幕内没有目标
2025-10-19 20:38:28 [TRACE] 【目标检测】屏幕内没有目标
2025-10-19 20:38:29 [TRACE] 【目标检测】目标存在，但置信度不足
2025-10-19 20:38:31 [TRACE] 【目标检测】目标存在，但置信度不足
2025-10-19 20:38:32 [TRACE] 【目标检测】微调超时，无法对齐！
2025-10-19 20:38:32 [TRACE] 【状态】搜索模式：C:\Users\gelon\Desktop\ZA-Lite\assets/images/hollow\meter.png 置信度：0.97892165184021
2025-10-19 20:38:33 [TRACE] 【目标检测】目标存在，但置信度不足
2025-10-19 20:38:34 [TRACE] 【目标检测】屏幕内没有目标
2025-10-19 20:38:37 [TRACE] 【目标检测】屏幕内没有目标
2025-10-19 20:38:37 [TRACE] 【目标检测】屏幕内没有目标
2025-10-19 20:38:38 [TRACE] 【状态】搜索模式：C:\Users\gelon\Desktop\ZA-Lite\assets/images/hollow\meter.png 置信度：0.9151991605758667
2025-10-19 20:38:38 [TRACE] 【目标检测】屏幕内没有目标
2025-10-19 20:38:39 [TRACE] 【目标检测】屏幕内没有目标
2025-10-19 20:38:40 [TRACE] 【目标检测】目标存在，但置信度不足
2025-10-19 20:38:41 [TRACE] 【目标检测】屏幕内没有目标
2025-10-19 20:38:44 [TRACE] 【状态】搜索模式：C:\Users\gelon\Desktop\ZA-Lite\assets/images/hollow\meter.png 置信度：0.9463011026382446
2025-10-19 20:38:44 [TRACE] 【目标检测】微调超时，无法对齐！
2025-10-19 20:38:48 [TRACE] 【目标检测】TRAPPED！ 类型：blue_portal 置信度：0.8185613751411438
2025-10-19 20:38:52 [TRACE] 【空洞监听】无匹配已持续：0秒
2025-10-19 20:38:54 [TRACE] 【目标检测】屏幕内没有目标
2025-10-19 20:38:55 [TRACE] 【目标检测】屏幕内没有目标
2025-10-19 20:38:55 [TRACE] 【目标检测】屏幕内没有目标
2025-10-19 20:38:56 [TRACE] 【目标检测】屏幕内没有目标
2025-10-19 20:38:57 [TRACE] 【目标检测】屏幕内没有目标
2025-10-19 20:38:57 [TRACE] 【空洞监听】无匹配已持续：5秒
2025-10-19 20:38:58 [TRACE] 【目标检测】屏幕内没有目标
2025-10-19 20:38:59 [TRACE] 【目标检测】屏幕内没有目标
2025-10-19 20:39:00 [TRACE] 【目标检测】屏幕内没有目标
2025-10-19 20:39:01 [TRACE] 【目标检测】屏幕内没有目标
2025-10-19 20:39:02 [TRACE] 【目标检测】屏幕内没有目标
2025-10-19 20:39:04 [TRACE] 【空洞监听】无匹配已持续：11秒
2025-10-19 20:39:04 [TRACE] 【目标检测】屏幕内没有目标
2025-10-19 20:39:05 [TRACE] 【目标检测】屏幕内没有目标
2025-10-19 20:39:06 [TRACE] 【目标检测】屏幕内没有目标
2025-10-19 20:39:06 [TRACE] 【目标检测】屏幕内没有目标
2025-10-19 20:39:07 [TRACE] 【目标检测】屏幕内没有目标
2025-10-19 20:39:09 [TRACE] 【目标检测】屏幕内没有目标
2025-10-19 20:39:09 [TRACE] 【空洞监听】无匹配已持续：17秒
2025-10-19 20:39:10 [TRACE] 【目标检测】屏幕内没有目标
2025-10-19 20:39:10 [TRACE] 【目标检测】屏幕内没有目标
2025-10-19 20:39:11 [TRACE] 【目标检测】屏幕内没有目标
2025-10-19 20:39:11 [TRACE] 【目标检测】屏幕内没有目标
2025-10-19 20:39:13 [TRACE] 【线程启动】攻击检测
2025-10-19 20:39:13 [TRACE] 【状态】战斗模式：C:\Users\gelon\Desktop\ZA-Lite\assets/images/hollow\battle_5.png 置信度：0.9832761883735657
2025-10-19 20:39:16 [TRACE] 【状态】战斗模式：正在受到攻击
2025-10-19 20:39:23 [TRACE] 【状态】战斗模式：正在受到攻击
2025-10-19 20:39:30 [TRACE] 【空洞监听】无匹配已持续：0秒
2025-10-19 20:39:30 [TRACE] 【状态】搜索模式：C:\Users\gelon\Desktop\ZA-Lite\assets/images/hollow\resonium.png 置信度：0.9999998807907104
2025-10-19 20:39:30 [TRACE] 【目标出现】C:\Users\gelon\Desktop\ZA-Lite\assets/images/hollow\resonium.png 置信度：1.0
2025-10-19 20:39:30 [TRACE] 【目标检测】屏幕内没有目标
2025-10-19 20:39:30 [TRACE] 【本轮的坐标】：(np.int64(1174), np.int64(461)) ------------
2025-10-19 20:39:30 [TRACE] 【已点击过的坐标】：[(-10, -10)]
2025-10-19 20:39:30 [TRACE] 【成功点击】
2025-10-19 20:39:31 [TRACE] 【目标检测】屏幕内没有目标
2025-10-19 20:39:31 [TRACE] 【本轮的坐标】：(np.int64(1581), np.int64(461)) ------------
2025-10-19 20:39:31 [TRACE] 【已点击过的坐标】：[(-10, -10), (np.int64(1174), np.int64(461))]
2025-10-19 20:39:31 [TRACE] 【成功点击】
2025-10-19 20:39:31 [TRACE] 【目标检测】屏幕内没有目标
2025-10-19 20:39:32 [TRACE] 【本轮的坐标】：(np.int64(1582), np.int64(461)) ------------
2025-10-19 20:39:32 [TRACE] 【已点击过的坐标】：[(-10, -10), (np.int64(1174), np.int64(461)), (np.int64(1581), np.int64(461))]
2025-10-19 20:39:32 [TRACE] 【坐标太近】视为重复
2025-10-19 20:39:32 [TRACE] 【没有通过的坐标】开始下一轮
2025-10-19 20:39:32 [TRACE] 【本轮的坐标】：(np.int64(1988), np.int64(461)) ------------
2025-10-19 20:39:32 [TRACE] 【已点击过的坐标】：[(-10, -10), (np.int64(1174), np.int64(461)), (np.int64(1581), np.int64(461))]
2025-10-19 20:39:32 [TRACE] 【成功点击】
2025-10-19 20:39:32 [TRACE] 【目标检测】屏幕内没有目标
2025-10-19 20:39:32 [TRACE] 【目标检测】屏幕内没有目标
2025-10-19 20:39:32 [TRACE] 【本轮的坐标】：(np.int64(1989), np.int64(461)) ------------
2025-10-19 20:39:32 [TRACE] 【已点击过的坐标】：[(-10, -10), (np.int64(1174), np.int64(461)), (np.int64(1581), np.int64(461)), (np.int64(1988), np.int64(461))]
2025-10-19 20:39:32 [TRACE] 【坐标太近】视为重复
2025-10-19 20:39:32 [TRACE] 【没有通过的坐标】开始下一轮
2025-10-19 20:39:32 [TRACE] 【本轮的坐标】：(np.int64(1173), np.int64(462)) ------------
2025-10-19 20:39:32 [TRACE] 【已点击过的坐标】：[(-10, -10), (np.int64(1174), np.int64(461)), (np.int64(1581), np.int64(461)), (np.int64(1988), np.int64(461))]
2025-10-19 20:39:32 [TRACE] 【坐标太近】视为重复
2025-10-19 20:39:32 [TRACE] 【没有通过的坐标】开始下一轮
2025-10-19 20:39:32 [TRACE] 【本轮的坐标】：(np.int64(1174), np.int64(462)) ------------
2025-10-19 20:39:32 [TRACE] 【已点击过的坐标】：[(-10, -10), (np.int64(1174), np.int64(461)), (np.int64(1581), np.int64(461)), (np.int64(1988), np.int64(461))]
2025-10-19 20:39:32 [TRACE] 【坐标太近】视为重复
2025-10-19 20:39:32 [TRACE] 【没有通过的坐标】开始下一轮
2025-10-19 20:39:32 [TRACE] 【本轮的坐标】：(np.int64(1175), np.int64(462)) ------------
2025-10-19 20:39:32 [TRACE] 【已点击过的坐标】：[(-10, -10), (np.int64(1174), np.int64(461)), (np.int64(1581), np.int64(461)), (np.int64(1988), np.int64(461))]
2025-10-19 20:39:32 [TRACE] 【坐标太近】视为重复
2025-10-19 20:39:32 [TRACE] 【没有通过的坐标】开始下一轮
2025-10-19 20:39:32 [TRACE] 【本轮的坐标】：(np.int64(1580), np.int64(462)) ------------
2025-10-19 20:39:32 [TRACE] 【已点击过的坐标】：[(-10, -10), (np.int64(1174), np.int64(461)), (np.int64(1581), np.int64(461)), (np.int64(1988), np.int64(461))]
2025-10-19 20:39:32 [TRACE] 【坐标太近】视为重复
2025-10-19 20:39:32 [TRACE] 【没有通过的坐标】开始下一轮
2025-10-19 20:39:32 [TRACE] 【本轮的坐标】：(np.int64(1581), np.int64(462)) ------------
2025-10-19 20:39:32 [TRACE] 【已点击过的坐标】：[(-10, -10), (np.int64(1174), np.int64(461)), (np.int64(1581), np.int64(461)), (np.int64(1988), np.int64(461))]
2025-10-19 20:39:32 [TRACE] 【坐标太近】视为重复
2025-10-19 20:39:32 [TRACE] 【没有通过的坐标】开始下一轮
2025-10-19 20:39:32 [TRACE] 【本轮的坐标】：(np.int64(1582), np.int64(462)) ------------
2025-10-19 20:39:32 [TRACE] 【已点击过的坐标】：[(-10, -10), (np.int64(1174), np.int64(461)), (np.int64(1581), np.int64(461)), (np.int64(1988), np.int64(461))]
2025-10-19 20:39:32 [TRACE] 【坐标太近】视为重复
2025-10-19 20:39:32 [TRACE] 【没有通过的坐标】开始下一轮
2025-10-19 20:39:32 [TRACE] 【本轮的坐标】：(np.int64(1987), np.int64(462)) ------------
2025-10-19 20:39:32 [TRACE] 【已点击过的坐标】：[(-10, -10), (np.int64(1174), np.int64(461)), (np.int64(1581), np.int64(461)), (np.int64(1988), np.int64(461))]
2025-10-19 20:39:32 [TRACE] 【坐标太近】视为重复
2025-10-19 20:39:32 [TRACE] 【没有通过的坐标】开始下一轮
2025-10-19 20:39:32 [TRACE] 【本轮的坐标】：(np.int64(1988), np.int64(462)) ------------
2025-10-19 20:39:32 [TRACE] 【已点击过的坐标】：[(-10, -10), (np.int64(1174), np.int64(461)), (np.int64(1581), np.int64(461)), (np.int64(1988), np.int64(461))]
2025-10-19 20:39:32 [TRACE] 【坐标太近】视为重复
2025-10-19 20:39:32 [TRACE] 【没有通过的坐标】开始下一轮
2025-10-19 20:39:32 [TRACE] 【本轮的坐标】：(np.int64(1989), np.int64(462)) ------------
2025-10-19 20:39:32 [TRACE] 【已点击过的坐标】：[(-10, -10), (np.int64(1174), np.int64(461)), (np.int64(1581), np.int64(461)), (np.int64(1988), np.int64(461))]
2025-10-19 20:39:32 [TRACE] 【坐标太近】视为重复
2025-10-19 20:39:32 [TRACE] 【没有通过的坐标】开始下一轮
2025-10-19 20:39:32 [TRACE] 【本轮的坐标】：(np.int64(1990), np.int64(462)) ------------
2025-10-19 20:39:32 [TRACE] 【已点击过的坐标】：[(-10, -10), (np.int64(1174), np.int64(461)), (np.int64(1581), np.int64(461)), (np.int64(1988), np.int64(461))]
2025-10-19 20:39:32 [TRACE] 【坐标太近】视为重复
2025-10-19 20:39:32 [TRACE] 【没有通过的坐标】开始下一轮
2025-10-19 20:39:32 [TRACE] 【本轮的坐标】：(np.int64(1174), np.int64(463)) ------------
2025-10-19 20:39:32 [TRACE] 【已点击过的坐标】：[(-10, -10), (np.int64(1174), np.int64(461)), (np.int64(1581), np.int64(461)), (np.int64(1988), np.int64(461))]
2025-10-19 20:39:32 [TRACE] 【坐标太近】视为重复
2025-10-19 20:39:32 [TRACE] 【没有通过的坐标】开始下一轮
2025-10-19 20:39:32 [TRACE] 【本轮的坐标】：(np.int64(1581), np.int64(463)) ------------
2025-10-19 20:39:32 [TRACE] 【已点击过的坐标】：[(-10, -10), (np.int64(1174), np.int64(461)), (np.int64(1581), np.int64(461)), (np.int64(1988), np.int64(461))]
2025-10-19 20:39:32 [TRACE] 【坐标太近】视为重复
2025-10-19 20:39:32 [TRACE] 【没有通过的坐标】开始下一轮
2025-10-19 20:39:32 [TRACE] 【本轮的坐标】：(np.int64(1988), np.int64(463)) ------------
2025-10-19 20:39:32 [TRACE] 【已点击过的坐标】：[(-10, -10), (np.int64(1174), np.int64(461)), (np.int64(1581), np.int64(461)), (np.int64(1988), np.int64(461))]
2025-10-19 20:39:32 [TRACE] 【坐标太近】视为重复
2025-10-19 20:39:32 [TRACE] 【没有通过的坐标】开始下一轮
2025-10-19 20:39:32 [TRACE] 【完成所有点击】有效次数：3
2025-10-19 20:39:34 [TRACE] 【目标检测】屏幕内没有目标
2025-10-19 20:39:35 [TRACE] 【目标检测】屏幕内没有目标
2025-10-19 20:39:35 [TRACE] 【目标检测】屏幕内没有目标
2025-10-19 20:39:36 [TRACE] 【目标检测】屏幕内没有目标
2025-10-19 20:39:36 [TRACE] 【目标检测】屏幕内没有目标
2025-10-19 20:39:39 [TRACE] 【状态】搜索模式：C:\Users\gelon\Desktop\ZA-Lite\assets/images/hollow\next_area.png 置信度：0.999999463558197
2025-10-19 20:39:41 [TRACE] 【目标检测】微调超时，无法对齐！
2025-10-19 20:39:45 [TRACE] 【目标检测】TRAPPED！ 类型：blue_portal 置信度：0.9563128352165222
2025-10-19 20:39:49 [TRACE] 【空洞监听】无匹配已持续：0秒
2025-10-19 20:39:51 [TRACE] 【目标检测】屏幕内没有目标
2025-10-19 20:39:52 [TRACE] 【目标检测】屏幕内没有目标
2025-10-19 20:39:52 [TRACE] 【目标检测】屏幕内没有目标
2025-10-19 20:39:53 [TRACE] 【目标检测】屏幕内没有目标
2025-10-19 20:39:54 [TRACE] 【目标检测】屏幕内没有目标
2025-10-19 20:39:55 [TRACE] 【空洞监听】无匹配已持续：6秒
2025-10-19 20:39:56 [TRACE] 【目标检测】屏幕内没有目标
2025-10-19 20:39:57 [TRACE] 【目标检测】屏幕内没有目标
2025-10-19 20:39:57 [TRACE] 【目标检测】屏幕内没有目标
2025-10-19 20:39:58 [TRACE] 【状态】战斗模式：C:\Users\gelon\Desktop\ZA-Lite\assets/images/hollow\battle_3.png 置信度：1.0
2025-10-19 20:39:58 [TRACE] 【目标检测】屏幕内没有目标
2025-10-19 20:40:08 [TRACE] 【空洞监听】无匹配已持续：0秒
2025-10-19 20:40:15 [TRACE] 【空洞监听】无匹配已持续：6秒
2025-10-19 20:40:23 [TRACE] 【状态】搜索模式：C:\Users\gelon\Desktop\ZA-Lite\assets/images/hollow\next_area.png 置信度：0.9999995827674866
2025-10-19 20:40:24 [TRACE] 【目标检测】屏幕内没有目标
2025-10-19 20:40:25 [TRACE] 【状态】搜索模式：C:\Users\gelon\Desktop\ZA-Lite\assets/images/hollow\meter.png 置信度：0.9710325002670288
2025-10-19 20:40:26 [TRACE] 【目标检测】屏幕内没有目标
2025-10-19 20:40:27 [TRACE] 【目标检测】目标存在，但置信度不足
2025-10-19 20:40:28 [TRACE] 【目标检测】目标存在，但置信度不足
2025-10-19 20:40:29 [TRACE] 【目标检测】目标存在，但置信度不足
2025-10-19 20:40:30 [TRACE] 【目标检测】目标存在，但置信度不足
2025-10-19 20:40:31 [TRACE] 【目标检测】屏幕内没有目标
2025-10-19 20:40:31 [TRACE] 【状态】搜索模式：C:\Users\gelon\Desktop\ZA-Lite\assets/images/hollow\meter.png 置信度：0.9756899476051331
2025-10-19 20:40:32 [TRACE] 【目标检测】目标存在，但置信度不足
2025-10-19 20:40:32 [TRACE] 【目标检测】屏幕内没有目标
2025-10-19 20:40:33 [TRACE] 【目标检测】目标存在，但置信度不足
2025-10-19 20:40:34 [TRACE] 【目标检测】目标存在，但置信度不足
2025-10-19 20:40:35 [TRACE] 【目标检测】微调超时，无法对齐！
2025-10-19 20:40:37 [TRACE] 【目标检测】屏幕内没有目标
2025-10-19 20:40:37 [TRACE] 【状态】搜索模式：C:\Users\gelon\Desktop\ZA-Lite\assets/images/hollow\meter.png 置信度：0.9149841070175171
2025-10-19 20:40:38 [TRACE] 【目标检测】目标存在，但置信度不足
2025-10-19 20:40:39 [TRACE] 【目标检测】屏幕内没有目标
2025-10-19 20:40:41 [TRACE] 【目标检测】目标存在，但置信度不足
2025-10-19 20:40:43 [TRACE] 【状态】搜索模式：C:\Users\gelon\Desktop\ZA-Lite\assets/images/hollow\meter.png 置信度：0.9495956897735596
2025-10-19 20:40:44 [TRACE] 【目标检测】微调超时，无法对齐！
2025-10-19 20:40:45 [TRACE] 【目标检测】目标存在，但置信度不足
2025-10-19 20:40:46 [TRACE] 【目标检测】屏幕内没有目标
2025-10-19 20:40:48 [TRACE] 【目标检测】屏幕内没有目标
2025-10-19 20:40:49 [TRACE] 【目标检测】屏幕内没有目标
2025-10-19 20:40:49 [TRACE] 【状态】搜索模式：C:\Users\gelon\Desktop\ZA-Lite\assets/images/hollow\meter.png 置信度：0.9736283421516418
2025-10-19 20:40:50 [TRACE] 【目标检测】屏幕内没有目标
2025-10-19 20:40:50 [TRACE] 【目标检测】屏幕内没有目标
2025-10-19 20:40:52 [TRACE] 【目标检测】屏幕内没有目标
2025-10-19 20:40:53 [TRACE] 【目标检测】目标存在，但置信度不足
2025-10-19 20:40:54 [TRACE] 【目标检测】屏幕内没有目标
2025-10-19 20:40:54 [TRACE] 【目标检测】目标存在，但置信度不足
2025-10-19 20:40:56 [TRACE] 【目标检测】屏幕内没有目标
2025-10-19 20:40:57 [TRACE] 【空洞监听】无匹配已持续：0秒
2025-10-19 20:40:57 [TRACE] 【目标检测】屏幕内没有目标
2025-10-19 20:40:58 [TRACE] 【目标检测】微调超时，无法对齐！
2025-10-19 20:40:59 [TRACE] 【目标检测】目标存在，但置信度不足
2025-10-19 20:41:00 [TRACE] 【目标检测】屏幕内没有目标
2025-10-19 20:41:00 [TRACE] 【状态】搜索模式：C:\Users\gelon\Desktop\ZA-Lite\assets/images/hollow\meter.png 置信度：0.9260429739952087
2025-10-19 20:41:02 [TRACE] 【目标检测】屏幕内没有目标
2025-10-19 20:41:04 [TRACE] 【目标检测】目标存在，但置信度不足
2025-10-19 20:41:05 [TRACE] 【目标检测】屏幕内没有目标
2025-10-19 20:41:07 [TRACE] 【目标检测】屏幕内没有目标
2025-10-19 20:41:08 [TRACE] 【目标检测】微调超时，无法对齐！
2025-10-19 20:41:08 [TRACE] 【空洞监听】无匹配已持续：0秒
2025-10-19 20:41:09 [TRACE] 【目标检测】屏幕内没有目标
2025-10-19 20:41:10 [TRACE] 【目标检测】屏幕内没有目标
2025-10-19 20:41:11 [TRACE] 【状态】搜索模式：C:\Users\gelon\Desktop\ZA-Lite\assets/images/hollow\meter.png 置信度：0.9671688079833984
2025-10-19 20:41:12 [TRACE] 【目标检测】目标存在，但置信度不足
2025-10-19 20:41:13 [TRACE] 【目标检测】屏幕内没有目标
2025-10-19 20:41:14 [TRACE] 【目标检测】目标存在，但置信度不足
2025-10-19 20:41:15 [TRACE] 【目标检测】目标存在，但置信度不足
2025-10-19 20:41:17 [TRACE] 【目标检测】屏幕内没有目标
2025-10-19 20:41:17 [TRACE] 【状态】搜索模式：C:\Users\gelon\Desktop\ZA-Lite\assets/images/hollow\meter.png 置信度：0.9905199408531189
2025-10-19 20:41:18 [TRACE] 【目标检测】微调超时，无法对齐！
2025-10-19 20:41:20 [TRACE] 【目标检测】目标存在，但置信度不足
2025-10-19 20:41:21 [TRACE] 【目标检测】目标存在，但置信度不足
2025-10-19 20:41:23 [TRACE] 【目标检测】目标存在，但置信度不足
2025-10-19 20:41:23 [TRACE] 【目标检测】屏幕内没有目标
2025-10-19 20:41:25 [TRACE] 【目标检测】屏幕内没有目标
2025-10-19 20:41:25 [TRACE] 【空洞监听】无匹配已持续：0秒
2025-10-19 20:41:26 [TRACE] 【目标检测】屏幕内没有目标
2025-10-19 20:41:28 [TRACE] 【目标检测】微调超时，无法对齐！
2025-10-19 20:41:29 [TRACE] 【目标检测】目标存在，但置信度不足
2025-10-19 20:41:30 [TRACE] 【目标检测】屏幕内没有目标
2025-10-19 20:41:31 [TRACE] 【空洞监听】无匹配已持续：5秒
2025-10-19 20:41:31 [TRACE] 【目标检测】屏幕内没有目标
2025-10-19 20:41:32 [TRACE] 【目标检测】屏幕内没有目标
2025-10-19 20:41:32 [TRACE] 【目标检测】屏幕内没有目标
2025-10-19 20:41:35 [TRACE] 【目标检测】屏幕内没有目标
2025-10-19 20:41:36 [TRACE] 【空洞监听】无匹配已持续：10秒
2025-10-19 20:41:37 [TRACE] 【目标检测】目标存在，但置信度不足
2025-10-19 20:41:38 [TRACE] 【目标检测】屏幕内没有目标
2025-10-19 20:41:39 [TRACE] 【目标检测】目标存在，但置信度不足
2025-10-19 20:41:40 [TRACE] 【状态】搜索模式：C:\Users\gelon\Desktop\ZA-Lite\assets/images/hollow\meter.png 置信度：0.9702736139297485
2025-10-19 20:41:40 [TRACE] 【目标检测】屏幕内没有目标
2025-10-19 20:41:41 [TRACE] 【目标检测】微调超时，无法对齐！
2025-10-19 20:41:44 [TRACE] 【目标检测】TRAPPED！ 类型：blue_portal 置信度：0.6886612772941589
2025-10-19 20:41:48 [TRACE] 【空洞监听】无匹配已持续：0秒
2025-10-19 20:41:50 [TRACE] 【目标检测】屏幕内没有目标
2025-10-19 20:41:51 [TRACE] 【目标检测】屏幕内没有目标
2025-10-19 20:41:51 [TRACE] 【目标检测】屏幕内没有目标
2025-10-19 20:41:52 [TRACE] 【目标检测】屏幕内没有目标
