2025-10-19 20:18:32 [TRACE] 【1】等待目标中 C:\Users\gelon\Desktop\c2.png
2025-10-19 20:18:32 [TRACE] 【2】等待目标中 C:\Users\gelon\Desktop\c2.png
2025-10-19 20:18:33 [TRACE] 【3】等待目标中 C:\Users\gelon\Desktop\c2.png
2025-10-19 20:18:34 [TRACE] 【目标出现】C:\Users\gelon\Desktop\c2.png 置信度：0.9999998807907104
2025-10-19 20:18:34 [TRACE] 【本轮的坐标】：(np.int64(1442), np.int64(712)) ------------
2025-10-19 20:18:34 [TRACE] 【已点击过的坐标】：[(-10, -10)]
2025-10-19 20:18:34 [TRACE] 【成功点击】
2025-10-19 20:18:34 [TRACE] 【本轮的坐标】：(np.int64(1443), np.int64(712)) ------------
2025-10-19 20:18:34 [TRACE] 【已点击过的坐标】：[(-10, -10), (np.int64(1442), np.int64(712))]
2025-10-19 20:18:34 [TRACE] 【坐标太近】视为重复
2025-10-19 20:18:34 [TRACE] 【没有通过的坐标】开始下一轮
2025-10-19 20:18:34 [TRACE] 【本轮的坐标】：(np.int64(1444), np.int64(712)) ------------
2025-10-19 20:18:34 [TRACE] 【已点击过的坐标】：[(-10, -10), (np.int64(1442), np.int64(712))]
2025-10-19 20:18:34 [TRACE] 【坐标太近】视为重复
2025-10-19 20:18:34 [TRACE] 【没有通过的坐标】开始下一轮
2025-10-19 20:18:34 [TRACE] 【本轮的坐标】：(np.int64(1443), np.int64(713)) ------------
2025-10-19 20:18:34 [TRACE] 【已点击过的坐标】：[(-10, -10), (np.int64(1442), np.int64(712))]
2025-10-19 20:18:34 [TRACE] 【坐标太近】视为重复
2025-10-19 20:18:34 [TRACE] 【没有通过的坐标】开始下一轮
2025-10-19 20:18:34 [TRACE] 【本轮的坐标】：(np.int64(1442), np.int64(943)) ------------
2025-10-19 20:18:34 [TRACE] 【已点击过的坐标】：[(-10, -10), (np.int64(1442), np.int64(712))]
2025-10-19 20:18:34 [TRACE] 【成功点击】
2025-10-19 20:18:35 [TRACE] 【本轮的坐标】：(np.int64(1443), np.int64(943)) ------------
2025-10-19 20:18:35 [TRACE] 【已点击过的坐标】：[(-10, -10), (np.int64(1442), np.int64(712)), (np.int64(1442), np.int64(943))]
2025-10-19 20:18:35 [TRACE] 【坐标太近】视为重复
2025-10-19 20:18:35 [TRACE] 【没有通过的坐标】开始下一轮
2025-10-19 20:18:35 [TRACE] 【本轮的坐标】：(np.int64(1444), np.int64(943)) ------------
2025-10-19 20:18:35 [TRACE] 【已点击过的坐标】：[(-10, -10), (np.int64(1442), np.int64(712)), (np.int64(1442), np.int64(943))]
2025-10-19 20:18:35 [TRACE] 【坐标太近】视为重复
2025-10-19 20:18:35 [TRACE] 【没有通过的坐标】开始下一轮
2025-10-19 20:18:35 [TRACE] 【本轮的坐标】：(np.int64(2033), np.int64(943)) ------------
2025-10-19 20:18:35 [TRACE] 【已点击过的坐标】：[(-10, -10), (np.int64(1442), np.int64(712)), (np.int64(1442), np.int64(943))]
2025-10-19 20:18:35 [TRACE] 【成功点击】
2025-10-19 20:18:36 [TRACE] 【本轮的坐标】：(np.int64(2034), np.int64(943)) ------------
2025-10-19 20:18:36 [TRACE] 【已点击过的坐标】：[(-10, -10), (np.int64(1442), np.int64(712)), (np.int64(1442), np.int64(943)), (np.int64(2033), np.int64(943))]
2025-10-19 20:18:36 [TRACE] 【坐标太近】视为重复
2025-10-19 20:18:36 [TRACE] 【没有通过的坐标】开始下一轮
2025-10-19 20:18:36 [TRACE] 【本轮的坐标】：(np.int64(2035), np.int64(943)) ------------
2025-10-19 20:18:36 [TRACE] 【已点击过的坐标】：[(-10, -10), (np.int64(1442), np.int64(712)), (np.int64(1442), np.int64(943)), (np.int64(2033), np.int64(943))]
2025-10-19 20:18:36 [TRACE] 【坐标太近】视为重复
2025-10-19 20:18:36 [TRACE] 【没有通过的坐标】开始下一轮
2025-10-19 20:18:36 [TRACE] 【本轮的坐标】：(np.int64(2034), np.int64(1173)) ------------
2025-10-19 20:18:36 [TRACE] 【已点击过的坐标】：[(-10, -10), (np.int64(1442), np.int64(712)), (np.int64(1442), np.int64(943)), (np.int64(2033), np.int64(943))]
2025-10-19 20:18:36 [TRACE] 【成功点击】
2025-10-19 20:18:37 [TRACE] 【本轮的坐标】：(np.int64(1737), np.int64(1174)) ------------
2025-10-19 20:18:37 [TRACE] 【已点击过的坐标】：[(-10, -10), (np.int64(1442), np.int64(712)), (np.int64(1442), np.int64(943)), (np.int64(2033), np.int64(943)), (np.int64(2034), np.int64(1173))]
2025-10-19 20:18:37 [TRACE] 【成功点击】
2025-10-19 20:18:37 [TRACE] 【本轮的坐标】：(np.int64(1738), np.int64(1174)) ------------
2025-10-19 20:18:37 [TRACE] 【已点击过的坐标】：[(-10, -10), (np.int64(1442), np.int64(712)), (np.int64(1442), np.int64(943)), (np.int64(2033), np.int64(943)), (np.int64(2034), np.int64(1173)), (np.int64(1737), np.int64(1174))]
2025-10-19 20:18:37 [TRACE] 【坐标太近】视为重复
2025-10-19 20:18:37 [TRACE] 【没有通过的坐标】开始下一轮
2025-10-19 20:18:37 [TRACE] 【本轮的坐标】：(np.int64(1739), np.int64(1174)) ------------
2025-10-19 20:18:37 [TRACE] 【已点击过的坐标】：[(-10, -10), (np.int64(1442), np.int64(712)), (np.int64(1442), np.int64(943)), (np.int64(2033), np.int64(943)), (np.int64(2034), np.int64(1173)), (np.int64(1737), np.int64(1174))]
2025-10-19 20:18:37 [TRACE] 【坐标太近】视为重复
2025-10-19 20:18:37 [TRACE] 【没有通过的坐标】开始下一轮
2025-10-19 20:18:37 [TRACE] 【本轮的坐标】：(np.int64(2033), np.int64(1174)) ------------
2025-10-19 20:18:37 [TRACE] 【已点击过的坐标】：[(-10, -10), (np.int64(1442), np.int64(712)), (np.int64(1442), np.int64(943)), (np.int64(2033), np.int64(943)), (np.int64(2034), np.int64(1173)), (np.int64(1737), np.int64(1174))]
2025-10-19 20:18:37 [TRACE] 【坐标太近】视为重复
2025-10-19 20:18:37 [TRACE] 【没有通过的坐标】开始下一轮
2025-10-19 20:18:37 [TRACE] 【本轮的坐标】：(np.int64(2034), np.int64(1174)) ------------
2025-10-19 20:18:37 [TRACE] 【已点击过的坐标】：[(-10, -10), (np.int64(1442), np.int64(712)), (np.int64(1442), np.int64(943)), (np.int64(2033), np.int64(943)), (np.int64(2034), np.int64(1173)), (np.int64(1737), np.int64(1174))]
2025-10-19 20:18:37 [TRACE] 【坐标太近】视为重复
2025-10-19 20:18:37 [TRACE] 【没有通过的坐标】开始下一轮
2025-10-19 20:18:37 [TRACE] 【本轮的坐标】：(np.int64(2035), np.int64(1174)) ------------
2025-10-19 20:18:37 [TRACE] 【已点击过的坐标】：[(-10, -10), (np.int64(1442), np.int64(712)), (np.int64(1442), np.int64(943)), (np.int64(2033), np.int64(943)), (np.int64(2034), np.int64(1173)), (np.int64(1737), np.int64(1174))]
2025-10-19 20:18:37 [TRACE] 【坐标太近】视为重复
2025-10-19 20:18:37 [TRACE] 【没有通过的坐标】开始下一轮
2025-10-19 20:18:37 [TRACE] 【完成所有点击】有效次数：5
