2025-09-15 15:08:39 [TRACE] 【线程启动】全局监听
2025-09-15 15:08:39 [TRACE] 【线程启动】终止监听
2025-09-15 15:08:40 [INFO] 现在执行 1 次零号空洞
2025-09-15 15:08:42 [DEBUG] 初始化完毕..启动{零号空洞}模块
2025-09-15 15:08:45 [DEBUG] 发现已存在的游戏窗口
2025-09-15 15:08:49 [SUCCESS] 程序开始接管操作，请保持游戏画面处于前台，终止按下Alt键
2025-09-15 15:08:49 [TRACE] 【线程启动】空洞搜索
2025-09-15 15:08:49 [TRACE] 【线程启动】空洞监听
2025-09-15 15:08:49 [TRACE] 【线程启动】空洞战斗
2025-09-15 15:08:49 [DEBUG] 正在返回菜单
2025-09-15 15:08:49 [TRACE] 正在返回菜单,请保持游戏画面处于前台
2025-09-15 15:08:51 [TRACE] 正在返回菜单,请保持游戏画面处于前台
2025-09-15 15:08:53 [TRACE] 正在返回菜单,请保持游戏画面处于前台
2025-09-15 15:08:55 [TRACE] 正在返回菜单,请保持游戏画面处于前台
2025-09-15 15:08:58 [TRACE] 正在返回菜单,请保持游戏画面处于前台
2025-09-15 15:09:00 [TRACE] 正在返回菜单,请保持游戏画面处于前台
2025-09-15 15:09:02 [TRACE] 正在返回菜单,请保持游戏画面处于前台
2025-09-15 15:09:04 [TRACE] 正在返回菜单,请保持游戏画面处于前台
2025-09-15 15:09:06 [TRACE] 正在返回菜单,请保持游戏画面处于前台
2025-09-15 15:09:08 [TRACE] 退出战斗返回菜单
2025-09-15 15:09:08 [TRACE] 【目标出现】C:\Users\gelon\Desktop\ZA-Lite\assets/images/daily\quit_battle.png 置信度：0.9938616752624512
2025-09-15 15:09:10 [TRACE] 【目标出现】C:\Users\gelon\Desktop\ZA-Lite\assets/images/daily\confirm.png 置信度：0.9839485883712769
2025-09-15 15:09:11 [TRACE] 【1】等待目标中 C:\Users\gelon\Desktop\ZA-Lite\assets/images/daily\quit.png
2025-09-15 15:09:12 [TRACE] 【2】等待目标中 C:\Users\gelon\Desktop\ZA-Lite\assets/images/daily\quit.png
2025-09-15 15:09:12 [TRACE] 【3】等待目标中 C:\Users\gelon\Desktop\ZA-Lite\assets/images/daily\quit.png
2025-09-15 15:09:13 [TRACE] 【4】等待目标中 C:\Users\gelon\Desktop\ZA-Lite\assets/images/daily\quit.png
2025-09-15 15:09:14 [TRACE] 【5】等待目标中 C:\Users\gelon\Desktop\ZA-Lite\assets/images/daily\quit.png
2025-09-15 15:09:14 [TRACE] 【6】等待目标中 C:\Users\gelon\Desktop\ZA-Lite\assets/images/daily\quit.png
2025-09-15 15:09:15 [TRACE] 【7】等待目标中 C:\Users\gelon\Desktop\ZA-Lite\assets/images/daily\quit.png
2025-09-15 15:09:16 [TRACE] 【8】等待目标中 C:\Users\gelon\Desktop\ZA-Lite\assets/images/daily\quit.png
2025-09-15 15:09:16 [TRACE] 【跳过】C:\Users\gelon\Desktop\ZA-Lite\assets/images/daily\quit.png
2025-09-15 15:09:16 [TRACE] 【目标出现】C:\Users\gelon\Desktop\ZA-Lite\assets/images/hollow/mission_completed.png 置信度：0.9999998807907104
2025-09-15 15:09:18 [TRACE] 正在返回菜单,请保持游戏画面处于前台
2025-09-15 15:09:20 [TRACE] 正在返回菜单,请保持游戏画面处于前台
2025-09-15 15:09:22 [TRACE] 正在返回菜单,请保持游戏画面处于前台
2025-09-15 15:09:24 [TRACE] 正在返回菜单,请保持游戏画面处于前台
2025-09-15 15:09:26 [TRACE] 正在返回菜单,请保持游戏画面处于前台
2025-09-15 15:09:28 [TRACE] 正在返回菜单,请保持游戏画面处于前台
2025-09-15 15:09:31 [TRACE] 现在处于大厅
2025-09-15 15:09:31 [INFO] 执行零号空洞任务中
2025-09-15 15:09:32 [TRACE] 【1】等待目标中 C:\Users\gelon\Desktop\ZA-Lite\assets/images/hollow\combat.png
2025-09-15 15:09:32 [TRACE] 【目标出现】C:\Users\gelon\Desktop\ZA-Lite\assets/images/hollow\combat.png 置信度：0.9762961864471436
2025-09-15 15:09:34 [TRACE] 【目标出现】C:\Users\gelon\Desktop\ZA-Lite\assets/images/hollow\zero_hollow.png 置信度：0.9999925494194031
2025-09-15 15:09:35 [TRACE] 【目标出现】C:\Users\gelon\Desktop\ZA-Lite\assets/images/hollow\go_hollow.png 置信度：0.994286298751831
2025-09-15 15:09:36 [TRACE] 【目标出现】C:\Users\gelon\Desktop\ZA-Lite\assets/images/hollow\confirm.png 置信度：0.983951210975647
2025-09-15 15:09:38 [TRACE] 【1】等待目标中 C:\Users\gelon\Desktop\ZA-Lite\assets/images/hollow\hollow_taskforce.png
2025-09-15 15:09:38 [TRACE] 【2】等待目标中 C:\Users\gelon\Desktop\ZA-Lite\assets/images/hollow\hollow_taskforce.png
2025-09-15 15:09:39 [TRACE] 【3】等待目标中 C:\Users\gelon\Desktop\ZA-Lite\assets/images/hollow\hollow_taskforce.png
2025-09-15 15:09:40 [TRACE] 【目标出现】C:\Users\gelon\Desktop\ZA-Lite\assets/images/hollow\hollow_taskforce.png 置信度：0.9999808669090271
2025-09-15 15:09:41 [TRACE] 【目标出现】C:\Users\gelon\Desktop\ZA-Lite\assets/images/hollow\strategy.png 置信度：0.9999997019767761
2025-09-15 15:09:42 [TRACE] 【1】等待目标中 C:\Users\gelon\Desktop\ZA-Lite\assets/images/hollow\strategy_confirm.png
2025-09-15 15:09:43 [TRACE] 【目标出现】C:\Users\gelon\Desktop\ZA-Lite\assets/images/hollow\strategy_confirm.png 置信度：0.9999997615814209
2025-09-15 15:09:44 [TRACE] 【目标出现】C:\Users\gelon\Desktop\ZA-Lite\assets/images/hollow\next_step.png 置信度：0.9831347465515137
2025-09-15 15:09:45 [TRACE] 【目标出现】C:\Users\gelon\Desktop\ZA-Lite\assets/images/hollow\start_battle.png 置信度：0.9772528409957886
2025-09-15 15:09:47 [TRACE] 【空洞监听】无匹配已持续：0秒
2025-09-15 15:09:47 [TRACE] 【目标检测】屏幕内没有目标
2025-09-15 15:09:48 [TRACE] 【目标检测】屏幕内没有目标
2025-09-15 15:09:48 [TRACE] 【目标检测】屏幕内没有目标
2025-09-15 15:09:49 [TRACE] 【目标检测】屏幕内没有目标
2025-09-15 15:09:49 [TRACE] 【目标检测】屏幕内没有目标
2025-09-15 15:09:50 [TRACE] 【空洞监听】无匹配已持续：3秒
2025-09-15 15:09:51 [TRACE] 【目标检测】屏幕内没有目标
2025-09-15 15:09:51 [TRACE] 【目标检测】屏幕内没有目标
2025-09-15 15:09:52 [TRACE] 【目标检测】屏幕内没有目标
2025-09-15 15:09:52 [TRACE] 【目标检测】屏幕内没有目标
2025-09-15 15:09:53 [TRACE] 【目标检测】屏幕内没有目标
2025-09-15 15:09:54 [TRACE] 【空洞监听】无匹配已持续：7秒
2025-09-15 15:09:54 [TRACE] 【目标检测】屏幕内没有目标
2025-09-15 15:09:55 [TRACE] 【目标检测】屏幕内没有目标
2025-09-15 15:09:56 [TRACE] 【目标检测】屏幕内没有目标
2025-09-15 15:09:56 [TRACE] 【目标检测】屏幕内没有目标
2025-09-15 15:09:56 [TRACE] 【目标检测】屏幕内没有目标
2025-09-15 15:09:58 [TRACE] 【空洞监听】无匹配已持续：11秒
2025-09-15 15:09:58 [TRACE] 【目标检测】屏幕内没有目标
2025-09-15 15:09:58 [TRACE] 【目标检测】屏幕内没有目标
2025-09-15 15:09:59 [TRACE] 【目标检测】屏幕内没有目标
2025-09-15 15:09:59 [TRACE] 【目标检测】屏幕内没有目标
2025-09-15 15:10:00 [TRACE] 【目标检测】屏幕内没有目标
2025-09-15 15:10:01 [TRACE] 【空洞监听】无匹配已持续：14秒
2025-09-15 15:10:02 [TRACE] 【目标检测】屏幕内没有目标
2025-09-15 15:10:02 [TRACE] 【目标检测】屏幕内没有目标
2025-09-15 15:10:03 [TRACE] 【目标检测】屏幕内没有目标
2025-09-15 15:10:03 [TRACE] 【目标检测】屏幕内没有目标
2025-09-15 15:10:04 [TRACE] 【目标检测】屏幕内没有目标
2025-09-15 15:10:05 [TRACE] 【目标检测】屏幕内没有目标
2025-09-15 15:10:06 [TRACE] 【空洞监听】无匹配已持续：19秒
2025-09-15 15:10:06 [TRACE] 【目标检测】屏幕内没有目标
2025-09-15 15:10:07 [TRACE] 【目标检测】屏幕内没有目标
2025-09-15 15:10:07 [TRACE] 【目标检测】屏幕内没有目标
2025-09-15 15:10:08 [TRACE] 【目标检测】屏幕内没有目标
2025-09-15 15:10:10 [TRACE] 【空洞监听】无匹配已持续：23秒
2025-09-15 15:10:12 [TRACE] 【目标检测】TRAPPED！ 类型：interact 置信度：0.9286820888519287
2025-09-15 15:10:14 [TRACE] 【空洞监听】无匹配已持续：27秒
2025-09-15 15:10:18 [TRACE] 【目标检测】目标存在，但置信度不足
2025-09-15 15:10:18 [TRACE] 【目标检测】目标存在，但置信度不足
2025-09-15 15:10:18 [TRACE] 【状态】搜索模式：C:\Users\gelon\Desktop\ZA-Lite\assets/images/hollow\card.png 置信度：0.9999992847442627
2025-09-15 15:10:19 [TRACE] 【目标检测】目标存在，但置信度不足
2025-09-15 15:10:19 [TRACE] 【目标检测】目标存在，但置信度不足
2025-09-15 15:10:20 [TRACE] 【目标检测】目标存在，但置信度不足
2025-09-15 15:10:20 [TRACE] 【目标检测】目标存在，但置信度不足
2025-09-15 15:10:21 [TRACE] 【目标检测】目标存在，但置信度不足
2025-09-15 15:10:21 [TRACE] 【目标检测】目标存在，但置信度不足
2025-09-15 15:10:22 [TRACE] 【目标检测】屏幕内没有目标
2025-09-15 15:10:24 [TRACE] 【目标检测】TRAPPED！ 类型：interact 置信度：0.9152166843414307
2025-09-15 15:10:27 [TRACE] 【空洞监听】无匹配已持续：0秒
2025-09-15 15:10:30 [TRACE] 【空洞监听】无匹配已持续：3秒
2025-09-15 15:10:31 [TRACE] 【目标检测】微调超时，无法对齐！
2025-09-15 15:10:33 [TRACE] 【目标检测】TRAPPED！ 类型：interact 置信度：0.8882744312286377
2025-09-15 15:10:34 [TRACE] 【空洞监听】无匹配已持续：7秒
2025-09-15 15:10:38 [TRACE] 【空洞监听】无匹配已持续：11秒
2025-09-15 15:10:42 [TRACE] 【空洞监听】无匹配已持续：15秒
2025-09-15 15:10:42 [TRACE] 【目标检测】微调超时，无法对齐！
2025-09-15 15:10:44 [TRACE] 【目标检测】屏幕内没有目标
2025-09-15 15:10:44 [TRACE] 【目标检测】屏幕内没有目标
2025-09-15 15:10:45 [TRACE] 【目标检测】屏幕内没有目标
2025-09-15 15:10:46 [TRACE] 【目标检测】屏幕内没有目标
2025-09-15 15:10:46 [TRACE] 【空洞监听】无匹配已持续：19秒
2025-09-15 15:10:46 [TRACE] 【目标检测】屏幕内没有目标
2025-09-15 15:10:48 [TRACE] 【目标检测】屏幕内没有目标
2025-09-15 15:10:49 [TRACE] 【目标检测】屏幕内没有目标
2025-09-15 15:10:50 [TRACE] 【空洞监听】无匹配已持续：23秒
2025-09-15 15:10:52 [TRACE] 【目标检测】微调超时，无法对齐！
2025-09-15 15:10:54 [TRACE] 【空洞监听】无匹配已持续：27秒
2025-09-15 15:10:55 [TRACE] 【目标检测】TRAPPED！ 类型：interact 置信度：0.9360017776489258
2025-09-15 15:10:58 [TRACE] 【空洞监听】无匹配已持续：31秒
2025-09-15 15:11:01 [TRACE] 【目标检测】屏幕内没有目标
2025-09-15 15:11:01 [TRACE] 【目标检测】屏幕内没有目标
2025-09-15 15:11:02 [TRACE] 【空洞监听】无匹配已持续：35秒
2025-09-15 15:11:02 [TRACE] 【目标检测】屏幕内没有目标
2025-09-15 15:11:03 [TRACE] 【目标检测】目标存在，但置信度不足
2025-09-15 15:11:06 [TRACE] 【空洞监听】无匹配已持续：39秒
2025-09-15 15:11:06 [TRACE] 【目标检测】TRAPPED！ 类型：interact 置信度：0.9227096438407898
2025-09-15 15:11:12 [TRACE] 【目标检测】目标存在，但置信度不足
2025-09-15 15:11:13 [TRACE] 【目标检测】目标存在，但置信度不足
2025-09-15 15:11:16 [TRACE] 【目标检测】微调超时，无法对齐！
2025-09-15 15:11:19 [TRACE] 【空洞监听】无匹配已持续：0秒
2025-09-15 15:11:20 [TRACE] 【目标检测】TRAPPED！ 类型：interact 置信度：0.9366683959960938
2025-09-15 15:11:23 [TRACE] 【空洞监听】无匹配已持续：3秒
2025-09-15 15:11:25 [TRACE] 【目标检测】TRAPPED！ 类型：interact 置信度：0.9176017642021179
2025-09-15 15:11:27 [TRACE] 【空洞监听】无匹配已持续：7秒
2025-09-15 15:11:31 [TRACE] 【目标检测】屏幕内没有目标
2025-09-15 15:11:32 [TRACE] 【目标检测】屏幕内没有目标
2025-09-15 15:11:32 [TRACE] 【目标检测】屏幕内没有目标
2025-09-15 15:11:33 [TRACE] 【目标检测】屏幕内没有目标
2025-09-15 15:11:33 [TRACE] 【目标检测】屏幕内没有目标
2025-09-15 15:11:36 [TRACE] 【目标检测】屏幕内没有目标
2025-09-15 15:11:38 [TRACE] 【状态】搜索模式：C:\Users\gelon\Desktop\ZA-Lite\assets/images/hollow\meter.png 置信度：0.9574476480484009
2025-09-15 15:11:38 [TRACE] 【目标检测】目标存在，但置信度不足
2025-09-15 15:11:39 [TRACE] 【目标检测】微调超时，无法对齐！
2025-09-15 15:11:40 [TRACE] 【目标检测】屏幕内没有目标
2025-09-15 15:11:41 [TRACE] 【目标检测】屏幕内没有目标
2025-09-15 15:11:41 [TRACE] 【目标检测】目标存在，但置信度不足
2025-09-15 15:11:42 [TRACE] 【目标检测】屏幕内没有目标
2025-09-15 15:11:43 [TRACE] 【目标检测】屏幕内没有目标
2025-09-15 15:11:43 [TRACE] 【空洞监听】无匹配已持续：0秒
2025-09-15 15:11:45 [TRACE] 【目标检测】屏幕内没有目标
2025-09-15 15:11:46 [TRACE] 【状态】搜索模式：C:\Users\gelon\Desktop\ZA-Lite\assets/images/hollow\meter.png 置信度：0.9695963859558105
2025-09-15 15:11:47 [TRACE] 【目标检测】屏幕内没有目标
2025-09-15 15:11:48 [TRACE] 【目标检测】目标存在，但置信度不足
2025-09-15 15:11:49 [TRACE] 【目标检测】微调超时，无法对齐！
2025-09-15 15:11:51 [TRACE] 【目标检测】屏幕内没有目标
2025-09-15 15:11:52 [TRACE] 【空洞监听】无匹配已持续：0秒
2025-09-15 15:11:52 [TRACE] 【目标检测】目标存在，但置信度不足
2025-09-15 15:11:54 [TRACE] 【目标检测】目标存在，但置信度不足
2025-09-15 15:11:56 [TRACE] 【目标检测】微调超时，无法对齐！
2025-09-15 15:11:56 [TRACE] 【空洞监听】无匹配已持续：4秒
2025-09-15 15:11:58 [TRACE] 【目标检测】目标存在，但置信度不足
2025-09-15 15:11:59 [TRACE] 【目标检测】目标存在，但置信度不足
2025-09-15 15:11:59 [TRACE] 【状态】搜索模式：C:\Users\gelon\Desktop\ZA-Lite\assets/images/hollow\meter.png 置信度：0.9430974125862122
2025-09-15 15:12:00 [TRACE] 【目标检测】屏幕内没有目标
2025-09-15 15:12:01 [TRACE] 【目标检测】屏幕内没有目标
2025-09-15 15:12:03 [TRACE] 【目标检测】目标存在，但置信度不足
2025-09-15 15:12:04 [TRACE] 【目标检测】微调超时，无法对齐！
2025-09-15 15:12:05 [TRACE] 【空洞监听】无匹配已持续：0秒
2025-09-15 15:12:06 [TRACE] 【目标检测】目标存在，但置信度不足
2025-09-15 15:12:08 [TRACE] 【目标检测】目标存在，但置信度不足
2025-09-15 15:12:09 [TRACE] 【空洞监听】无匹配已持续：4秒
2025-09-15 15:12:09 [TRACE] 【目标检测】目标存在，但置信度不足
2025-09-15 15:12:11 [TRACE] 【目标检测】微调超时，无法对齐！
2025-09-15 15:12:12 [TRACE] 【状态】搜索模式：C:\Users\gelon\Desktop\ZA-Lite\assets/images/hollow\meter.png 置信度：0.9646764993667603
2025-09-15 15:12:13 [TRACE] 【目标检测】TRAPPED！ 类型：guide_point 置信度：0.7748990654945374
2025-09-15 15:12:16 [TRACE] 【状态】搜索模式：C:\Users\gelon\Desktop\ZA-Lite\assets/images/hollow\meter.png 置信度：0.9774098992347717
2025-09-15 15:12:20 [TRACE] 【目标检测】TRAPPED！ 类型：blue_portal 置信度：0.8648210167884827
2025-09-15 15:12:22 [TRACE] 【空洞监听】无匹配已持续：0秒
2025-09-15 15:12:25 [TRACE] 【空洞监听】无匹配已持续：3秒
2025-09-15 15:12:26 [TRACE] 【目标检测】TRAPPED！ 类型：blue_portal 置信度：0.9414541721343994
2025-09-15 15:12:29 [TRACE] 【空洞监听】无匹配已持续：7秒
2025-09-15 15:12:31 [TRACE] 【目标检测】TRAPPED！ 类型：blue_portal 置信度：0.931704580783844
2025-09-15 15:12:33 [TRACE] 【空洞监听】无匹配已持续：11秒
2025-09-15 15:12:37 [TRACE] 【空洞监听】无匹配已持续：15秒
2025-09-15 15:12:37 [TRACE] 【目标检测】TRAPPED！ 类型：blue_portal 置信度：0.9297435879707336
2025-09-15 15:12:41 [TRACE] 【目标检测】TRAPPED！ 类型：blue_portal 置信度：0.9354491829872131
2025-09-15 15:12:41 [TRACE] 【空洞监听】无匹配已持续：19秒
2025-09-15 15:12:45 [TRACE] 【空洞监听】无匹配已持续：22秒
2025-09-15 15:12:47 [TRACE] 【目标检测】TRAPPED！ 类型：blue_portal 置信度：0.9309853315353394
2025-09-15 15:12:48 [TRACE] 【空洞监听】无匹配已持续：26秒
2025-09-15 15:12:52 [TRACE] 【目标检测】TRAPPED！ 类型：blue_portal 置信度：0.9098084568977356
2025-09-15 15:12:52 [TRACE] 【空洞监听】无匹配已持续：30秒
2025-09-15 15:12:56 [TRACE] 【空洞监听】无匹配已持续：34秒
2025-09-15 15:12:58 [TRACE] 【目标检测】屏幕内没有目标
2025-09-15 15:12:58 [TRACE] 【目标检测】屏幕内没有目标
2025-09-15 15:12:59 [TRACE] 【目标检测】屏幕内没有目标
2025-09-15 15:12:59 [TRACE] 【目标检测】屏幕内没有目标
2025-09-15 15:12:59 [TRACE] 【空洞监听】无匹配已持续：37秒
2025-09-15 15:13:00 [TRACE] 【目标检测】屏幕内没有目标
2025-09-15 15:13:03 [TRACE] 【空洞监听】无匹配已持续：41秒
2025-09-15 15:13:04 [TRACE] 【目标检测】TRAPPED！ 类型：interact 置信度：0.9492846131324768
2025-09-15 15:13:07 [TRACE] 【空洞监听】无匹配已持续：45秒
2025-09-15 15:13:08 [TRACE] 【目标检测】TRAPPED！ 类型：interact 置信度：0.9404815435409546
2025-09-15 15:13:11 [TRACE] 【空洞监听】无匹配已持续：49秒
2025-09-15 15:13:14 [TRACE] 【目标检测】屏幕内没有目标
2025-09-15 15:13:15 [TRACE] 【目标检测】屏幕内没有目标
2025-09-15 15:13:15 [TRACE] 【目标检测】屏幕内没有目标
2025-09-15 15:13:16 [TRACE] 【目标检测】屏幕内没有目标
2025-09-15 15:13:16 [TRACE] 【目标检测】屏幕内没有目标
2025-09-15 15:13:18 [TRACE] 【目标检测】屏幕内没有目标
2025-09-15 15:13:18 [TRACE] 【目标检测】屏幕内没有目标
2025-09-15 15:13:19 [TRACE] 【目标检测】屏幕内没有目标
2025-09-15 15:13:19 [TRACE] 【目标检测】屏幕内没有目标
2025-09-15 15:13:20 [TRACE] 【目标检测】屏幕内没有目标
2025-09-15 15:13:21 [TRACE] 【目标检测】目标存在，但置信度不足
2025-09-15 15:13:22 [TRACE] 【目标检测】目标存在，但置信度不足
2025-09-15 15:13:22 [TRACE] 【目标检测】目标存在，但置信度不足
2025-09-15 15:13:23 [TRACE] 【目标检测】目标存在，但置信度不足
2025-09-15 15:13:23 [TRACE] 【目标检测】目标存在，但置信度不足
2025-09-15 15:13:24 [TRACE] 【目标检测】目标存在，但置信度不足
2025-09-15 15:13:24 [TRACE] 【状态】搜索模式：C:\Users\gelon\Desktop\ZA-Lite\assets/images/hollow\card.png 置信度：0.9999998211860657
2025-09-15 15:13:24 [TRACE] 【目标检测】目标存在，但置信度不足
2025-09-15 15:13:25 [TRACE] 【目标检测】目标存在，但置信度不足
2025-09-15 15:13:25 [TRACE] 【目标检测】目标存在，但置信度不足
2025-09-15 15:13:26 [TRACE] 【目标检测】目标存在，但置信度不足
2025-09-15 15:13:26 [TRACE] 【目标检测】目标存在，但置信度不足
2025-09-15 15:13:27 [TRACE] 【目标检测】目标存在，但置信度不足
2025-09-15 15:13:27 [TRACE] 【目标检测】目标存在，但置信度不足
2025-09-15 15:13:30 [TRACE] 【目标检测】TRAPPED！ 类型：blue_portal 置信度：0.9256084561347961
2025-09-15 15:13:32 [TRACE] 【空洞监听】无匹配已持续：0秒
2025-09-15 15:13:36 [TRACE] 【空洞监听】无匹配已持续：3秒
2025-09-15 15:13:36 [TRACE] 【目标检测】屏幕内没有目标
2025-09-15 15:13:37 [TRACE] 【目标检测】屏幕内没有目标
2025-09-15 15:13:37 [TRACE] 【目标检测】屏幕内没有目标
2025-09-15 15:13:38 [TRACE] 【目标检测】屏幕内没有目标
2025-09-15 15:13:39 [TRACE] 【目标检测】屏幕内没有目标
2025-09-15 15:13:40 [TRACE] 【空洞监听】无匹配已持续：7秒
2025-09-15 15:13:40 [TRACE] 【目标检测】屏幕内没有目标
2025-09-15 15:13:41 [TRACE] 【目标检测】屏幕内没有目标
2025-09-15 15:13:42 [TRACE] 【目标检测】屏幕内没有目标
2025-09-15 15:13:42 [TRACE] 【线程启动】攻击检测
2025-09-15 15:13:42 [TRACE] 【状态】战斗模式：C:\Users\gelon\Desktop\ZA-Lite\assets/images/hollow\battle_3.png 置信度：0.9999999403953552
2025-09-15 15:13:49 [TRACE] 【状态】战斗模式：正在受到攻击
2025-09-15 15:13:53 [TRACE] 【空洞监听】无匹配已持续：0秒
2025-09-15 15:13:57 [TRACE] 【空洞监听】无匹配已持续：4秒
2025-09-15 15:14:01 [TRACE] 【空洞监听】无匹配已持续：8秒
2025-09-15 15:14:06 [TRACE] 【空洞监听】无匹配已持续：12秒
2025-09-15 15:14:11 [TRACE] 【状态】搜索模式：C:\Users\gelon\Desktop\ZA-Lite\assets/images/hollow\resonium.png 置信度：1.0
2025-09-15 15:14:11 [TRACE] 【目标检测】目标存在，但置信度不足
2025-09-15 15:14:11 [TRACE] 【目标检测】目标存在，但置信度不足
2025-09-15 15:14:12 [TRACE] 【目标检测】目标存在，但置信度不足
2025-09-15 15:14:13 [TRACE] 【目标检测】目标存在，但置信度不足
2025-09-15 15:14:13 [TRACE] 【目标检测】目标存在，但置信度不足
2025-09-15 15:14:14 [TRACE] 【目标检测】目标存在，但置信度不足
2025-09-15 15:14:14 [TRACE] 【目标检测】目标存在，但置信度不足
2025-09-15 15:14:15 [TRACE] 【目标检测】屏幕内没有目标
2025-09-15 15:14:15 [TRACE] 【目标检测】目标存在，但置信度不足
2025-09-15 15:14:16 [TRACE] 【状态】搜索模式：C:\Users\gelon\Desktop\ZA-Lite\assets/images/hollow\next_area.png 置信度：0.9999995231628418
2025-09-15 15:14:17 [TRACE] 【目标检测】目标存在，但置信度不足
2025-09-15 15:14:18 [TRACE] 【状态】搜索模式：C:\Users\gelon\Desktop\ZA-Lite\assets/images/hollow\meter.png 置信度：0.908153772354126
2025-09-15 15:14:18 [TRACE] 【目标检测】屏幕内没有目标
2025-09-15 15:14:21 [TRACE] 【目标检测】微调超时，无法对齐！
2025-09-15 15:14:22 [TRACE] 【状态】搜索模式：C:\Users\gelon\Desktop\ZA-Lite\assets/images/hollow\meter.png 置信度：0.9050461053848267
2025-09-15 15:14:23 [TRACE] 【目标检测】目标存在，但置信度不足
2025-09-15 15:14:24 [TRACE] 【目标检测】目标存在，但置信度不足
2025-09-15 15:14:25 [TRACE] 【目标检测】目标存在，但置信度不足
2025-09-15 15:14:27 [TRACE] 【目标检测】目标存在，但置信度不足
2025-09-15 15:14:27 [TRACE] 【空洞监听】无匹配已持续：0秒
2025-09-15 15:14:28 [TRACE] 【目标检测】目标存在，但置信度不足
2025-09-15 15:14:29 [TRACE] 【目标检测】微调超时，无法对齐！
2025-09-15 15:14:31 [TRACE] 【目标检测】目标存在，但置信度不足
2025-09-15 15:14:31 [TRACE] 【空洞监听】无匹配已持续：3秒
2025-09-15 15:14:34 [TRACE] 【目标检测】微调超时，无法对齐！
2025-09-15 15:14:34 [TRACE] 【状态】搜索模式：C:\Users\gelon\Desktop\ZA-Lite\assets/images/hollow\meter.png 置信度：0.9229787588119507
2025-09-15 15:14:35 [TRACE] 【目标检测】屏幕内没有目标
2025-09-15 15:14:36 [TRACE] 【目标检测】屏幕内没有目标
2025-09-15 15:14:37 [TRACE] 【目标检测】屏幕内没有目标
2025-09-15 15:14:38 [TRACE] 【目标检测】目标存在，但置信度不足
2025-09-15 15:14:38 [TRACE] 【状态】搜索模式：C:\Users\gelon\Desktop\ZA-Lite\assets/images/hollow\meter.png 置信度：0.9127564430236816
2025-09-15 15:14:38 [TRACE] 【目标检测】屏幕内没有目标
2025-09-15 15:14:40 [TRACE] 【目标检测】屏幕内没有目标
2025-09-15 15:14:42 [TRACE] 【目标检测】屏幕内没有目标
2025-09-15 15:14:42 [TRACE] 【状态】搜索模式：C:\Users\gelon\Desktop\ZA-Lite\assets/images/hollow\meter.png 置信度：0.926031768321991
2025-09-15 15:14:43 [TRACE] 【目标检测】屏幕内没有目标
2025-09-15 15:14:44 [TRACE] 【目标检测】微调超时，无法对齐！
2025-09-15 15:14:45 [TRACE] 【目标检测】屏幕内没有目标
2025-09-15 15:14:46 [TRACE] 【状态】搜索模式：C:\Users\gelon\Desktop\ZA-Lite\assets/images/hollow\meter.png 置信度：0.9323972463607788
2025-09-15 15:14:49 [TRACE] 【目标检测】微调超时，无法对齐！
2025-09-15 15:14:50 [TRACE] 【状态】搜索模式：C:\Users\gelon\Desktop\ZA-Lite\assets/images/hollow\meter.png 置信度：0.9854426980018616
2025-09-15 15:14:50 [TRACE] 【目标检测】屏幕内没有目标
2025-09-15 15:14:52 [TRACE] 【目标检测】TRAPPED！ 类型：guide_point 置信度：0.9200665950775146
2025-09-15 15:14:56 [TRACE] 【空洞监听】无匹配已持续：0秒
2025-09-15 15:14:58 [TRACE] 【目标检测】屏幕内没有目标
2025-09-15 15:14:59 [TRACE] 【目标检测】屏幕内没有目标
2025-09-15 15:14:59 [TRACE] 【目标检测】屏幕内没有目标
2025-09-15 15:15:00 [TRACE] 【目标检测】屏幕内没有目标
2025-09-15 15:15:00 [TRACE] 【空洞监听】无匹配已持续：3秒
2025-09-15 15:15:00 [TRACE] 【目标检测】屏幕内没有目标
2025-09-15 15:15:02 [TRACE] 【目标检测】屏幕内没有目标
2025-09-15 15:15:03 [TRACE] 【目标检测】屏幕内没有目标
2025-09-15 15:15:03 [TRACE] 【目标检测】屏幕内没有目标
2025-09-15 15:15:04 [TRACE] 【空洞监听】无匹配已持续：7秒
2025-09-15 15:15:04 [TRACE] 【目标检测】屏幕内没有目标
2025-09-15 15:15:04 [TRACE] 【目标检测】屏幕内没有目标
2025-09-15 15:15:05 [TRACE] 【状态】战斗模式：C:\Users\gelon\Desktop\ZA-Lite\assets/images/hollow\battle_1.png 置信度：0.9999998211860657
2025-09-15 15:15:06 [TRACE] 【状态】战斗模式：C:\Users\gelon\Desktop\ZA-Lite\assets/images/hollow\battle_2.png 置信度：0.9999997615814209
2025-09-15 15:15:12 [TRACE] 【状态】战斗模式：正在受到攻击
2025-09-15 15:15:16 [TRACE] 【空洞监听】无匹配已持续：0秒
2025-09-15 15:15:19 [TRACE] 【状态】战斗模式：C:\Users\gelon\Desktop\ZA-Lite\assets/images/hollow\battle_3.png 置信度：0.9999997615814209
2025-09-15 15:15:19 [TRACE] 【状态】战斗模式：C:\Users\gelon\Desktop\ZA-Lite\assets/images/hollow\battle_5.png 置信度：0.9754025936126709
2025-09-15 15:15:24 [TRACE] 【状态】战斗模式：C:\Users\gelon\Desktop\ZA-Lite\assets/images/hollow\battle_5.png 置信度：0.9709860682487488
2025-09-15 15:15:28 [TRACE] 【状态】战斗模式：C:\Users\gelon\Desktop\ZA-Lite\assets/images/hollow\battle_5.png 置信度：0.9775575399398804
2025-09-15 15:15:40 [TRACE] 【状态】搜索模式：C:\Users\gelon\Desktop\ZA-Lite\assets/images/hollow\next_area.png 置信度：0.9999993443489075
2025-09-15 15:15:41 [TRACE] 【目标检测】目标存在，但置信度不足
2025-09-15 15:15:42 [TRACE] 【状态】搜索模式：C:\Users\gelon\Desktop\ZA-Lite\assets/images/hollow\meter.png 置信度：0.9631319046020508
2025-09-15 15:15:44 [TRACE] 【目标检测】微调超时，无法对齐！
2025-09-15 15:15:46 [TRACE] 【状态】搜索模式：C:\Users\gelon\Desktop\ZA-Lite\assets/images/hollow\meter.png 置信度：0.9168797135353088
2025-09-15 15:15:47 [TRACE] 【目标检测】目标存在，但置信度不足
2025-09-15 15:15:48 [TRACE] 【目标检测】目标存在，但置信度不足
2025-09-15 15:15:49 [TRACE] 【目标检测】屏幕内没有目标
2025-09-15 15:15:50 [TRACE] 【目标检测】微调超时，无法对齐！
2025-09-15 15:15:50 [TRACE] 【状态】搜索模式：C:\Users\gelon\Desktop\ZA-Lite\assets/images/hollow\meter.png 置信度：0.9308490753173828
2025-09-15 15:15:51 [TRACE] 【目标检测】目标存在，但置信度不足
2025-09-15 15:15:55 [TRACE] 【目标检测】微调超时，无法对齐！
2025-09-15 15:15:56 [TRACE] 【空洞监听】无匹配已持续：0秒
2025-09-15 15:15:56 [TRACE] 【目标检测】目标存在，但置信度不足
2025-09-15 15:15:58 [TRACE] 【目标检测】目标存在，但置信度不足
2025-09-15 15:15:59 [TRACE] 【目标检测】目标存在，但置信度不足
2025-09-15 15:16:00 [TRACE] 【空洞监听】无匹配已持续：4秒
2025-09-15 15:16:00 [TRACE] 【目标检测】目标存在，但置信度不足
2025-09-15 15:16:01 [TRACE] 【目标检测】目标存在，但置信度不足
2025-09-15 15:16:02 [TRACE] 【状态】搜索模式：C:\Users\gelon\Desktop\ZA-Lite\assets/images/hollow\meter.png 置信度：0.9210754036903381
2025-09-15 15:16:02 [TRACE] 【目标检测】微调超时，无法对齐！
2025-09-15 15:16:06 [TRACE] 【状态】搜索模式：C:\Users\gelon\Desktop\ZA-Lite\assets/images/hollow\meter.png 置信度：0.9530048370361328
2025-09-15 15:16:06 [TRACE] 【目标检测】微调超时，无法对齐！
2025-09-15 15:16:08 [TRACE] 【目标检测】TRAPPED！ 类型：guide_point 置信度：0.9238173365592957
2025-09-15 15:16:11 [TRACE] 【空洞监听】无匹配已持续：0秒
2025-09-15 15:16:14 [TRACE] 【目标检测】屏幕内没有目标
2025-09-15 15:16:14 [TRACE] 【目标检测】屏幕内没有目标
2025-09-15 15:16:15 [TRACE] 【目标检测】屏幕内没有目标
2025-09-15 15:16:15 [TRACE] 【空洞监听】无匹配已持续：3秒
2025-09-15 15:16:15 [TRACE] 【目标检测】屏幕内没有目标
2025-09-15 15:16:16 [TRACE] 【目标检测】屏幕内没有目标
2025-09-15 15:16:18 [TRACE] 【目标检测】屏幕内没有目标
2025-09-15 15:16:19 [TRACE] 【目标检测】屏幕内没有目标
2025-09-15 15:16:19 [TRACE] 【目标检测】屏幕内没有目标
2025-09-15 15:16:20 [TRACE] 【空洞监听】无匹配已持续：8秒
2025-09-15 15:16:20 [TRACE] 【目标检测】屏幕内没有目标
2025-09-15 15:16:21 [TRACE] 【目标检测】屏幕内没有目标
2025-09-15 15:16:22 [TRACE] 【状态】战斗模式：C:\Users\gelon\Desktop\ZA-Lite\assets/images/hollow\battle_3.png 置信度：0.9999995827674866
2025-09-15 15:16:22 [TRACE] 【状态】战斗模式：C:\Users\gelon\Desktop\ZA-Lite\assets/images/hollow\battle_5.png 置信度：0.976205050945282
2025-09-15 15:16:29 [TRACE] 【空洞监听】无匹配已持续：0秒
2025-09-15 15:16:33 [TRACE] 【空洞监听】无匹配已持续：4秒
2025-09-15 15:16:38 [TRACE] 【空洞监听】无匹配已持续：8秒
2025-09-15 15:16:42 [TRACE] 【空洞监听】无匹配已持续：13秒
2025-09-15 15:16:46 [TRACE] 【状态】战斗模式：正在受到攻击
2025-09-15 15:16:50 [TRACE] 【状态】战斗模式：正在受到攻击
2025-09-15 15:16:54 [TRACE] 【空洞监听】无匹配已持续：0秒
2025-09-15 15:16:58 [TRACE] 【空洞监听】无匹配已持续：4秒
2025-09-15 15:17:03 [TRACE] 【空洞监听】无匹配已持续：8秒
2025-09-15 15:17:07 [TRACE] 【空洞监听】无匹配已持续：13秒
2025-09-15 15:17:08 [TRACE] 【状态】搜索模式：C:\Users\gelon\Desktop\ZA-Lite\assets/images/hollow\next_area.png 置信度：0.9991975426673889
2025-09-15 15:17:08 [TRACE] 【目标检测】屏幕内没有目标
2025-09-15 15:17:11 [TRACE] 【目标检测】TRAPPED！ 类型：guide_point 置信度：0.7375978827476501
2025-09-15 15:17:14 [TRACE] 【状态】搜索模式：C:\Users\gelon\Desktop\ZA-Lite\assets/images/hollow\meter.png 置信度：0.9745056629180908
2025-09-15 15:17:17 [TRACE] 【目标检测】屏幕内没有目标
2025-09-15 15:17:18 [TRACE] 【目标检测】屏幕内没有目标
2025-09-15 15:17:18 [TRACE] 【目标检测】屏幕内没有目标
2025-09-15 15:17:19 [TRACE] 【目标检测】屏幕内没有目标
2025-09-15 15:17:19 [TRACE] 【目标检测】屏幕内没有目标
2025-09-15 15:17:20 [TRACE] 【空洞监听】无匹配已持续：0秒
2025-09-15 15:17:23 [TRACE] 【目标检测】TRAPPED！ 类型：interact 置信度：0.928755521774292
2025-09-15 15:17:24 [TRACE] 【空洞监听】无匹配已持续：4秒
2025-09-15 15:17:28 [TRACE] 【目标检测】TRAPPED！ 类型：interact 置信度：0.8520229458808899
2025-09-15 15:17:28 [TRACE] 【空洞监听】无匹配已持续：8秒
2025-09-15 15:17:32 [TRACE] 【空洞监听】无匹配已持续：12秒
2025-09-15 15:17:35 [TRACE] 【目标检测】目标存在，但置信度不足
2025-09-15 15:17:36 [TRACE] 【目标检测】屏幕内没有目标
2025-09-15 15:17:38 [TRACE] 【目标检测】微调超时，无法对齐！
2025-09-15 15:17:39 [TRACE] 【目标检测】屏幕内没有目标
2025-09-15 15:17:39 [TRACE] 【目标检测】目标存在，但置信度不足
2025-09-15 15:17:40 [TRACE] 【目标检测】屏幕内没有目标
2025-09-15 15:17:41 [TRACE] 【目标检测】目标存在，但置信度不足
2025-09-15 15:17:41 [TRACE] 【目标检测】屏幕内没有目标
2025-09-15 15:17:42 [TRACE] 【目标检测】屏幕内没有目标
2025-09-15 15:17:44 [TRACE] 【目标检测】目标存在，但置信度不足
2025-09-15 15:17:45 [TRACE] 【目标检测】目标存在，但置信度不足
2025-09-15 15:17:47 [TRACE] 【目标检测】微调超时，无法对齐！
2025-09-15 15:17:48 [TRACE] 【目标检测】目标存在，但置信度不足
2025-09-15 15:17:49 [TRACE] 【目标检测】目标存在，但置信度不足
2025-09-15 15:17:52 [TRACE] 【目标检测】微调超时，无法对齐！
2025-09-15 15:17:54 [TRACE] 【目标检测】目标存在，但置信度不足
2025-09-15 15:17:56 [TRACE] 【目标检测】目标存在，但置信度不足
2025-09-15 15:17:56 [TRACE] 【目标检测】目标存在，但置信度不足
2025-09-15 15:17:57 [TRACE] 【目标检测】目标存在，但置信度不足
2025-09-15 15:17:57 [TRACE] 【目标检测】目标存在，但置信度不足
2025-09-15 15:17:58 [TRACE] 【目标检测】目标存在，但置信度不足
2025-09-15 15:17:58 [TRACE] 【目标检测】目标存在，但置信度不足
2025-09-15 15:17:58 [TRACE] 【状态】搜索模式：C:\Users\gelon\Desktop\ZA-Lite\assets/images/hollow\resonium.png 置信度：0.9920591711997986
2025-09-15 15:17:59 [TRACE] 【目标检测】目标存在，但置信度不足
2025-09-15 15:17:59 [TRACE] 【目标检测】目标存在，但置信度不足
2025-09-15 15:18:00 [TRACE] 【目标检测】目标存在，但置信度不足
2025-09-15 15:18:00 [TRACE] 【目标检测】目标存在，但置信度不足
2025-09-15 15:18:01 [TRACE] 【目标检测】目标存在，但置信度不足
2025-09-15 15:18:01 [TRACE] 【目标检测】目标存在，但置信度不足
2025-09-15 15:18:02 [TRACE] 【目标检测】目标存在，但置信度不足
2025-09-15 15:18:02 [TRACE] 【目标检测】目标存在，但置信度不足
2025-09-15 15:18:04 [TRACE] 【目标检测】目标存在，但置信度不足
2025-09-15 15:18:05 [TRACE] 【目标检测】微调超时，无法对齐！
2025-09-15 15:18:07 [TRACE] 【空洞监听】无匹配已持续：0秒
2025-09-15 15:18:09 [TRACE] 【目标检测】微调超时，无法对齐！
2025-09-15 15:18:10 [TRACE] 【状态】搜索模式：C:\Users\gelon\Desktop\ZA-Lite\assets/images/hollow\meter.png 置信度：0.9626491069793701
2025-09-15 15:18:12 [TRACE] 【目标检测】TRAPPED！ 类型：guide_point 置信度：0.8339630365371704
2025-09-15 15:18:15 [TRACE] 【空洞监听】无匹配已持续：0秒
2025-09-15 15:18:18 [TRACE] 【目标检测】屏幕内没有目标
2025-09-15 15:18:18 [TRACE] 【目标检测】屏幕内没有目标
2025-09-15 15:18:19 [TRACE] 【目标检测】屏幕内没有目标
2025-09-15 15:18:19 [TRACE] 【空洞监听】无匹配已持续：3秒
2025-09-15 15:18:19 [TRACE] 【目标检测】屏幕内没有目标
2025-09-15 15:18:20 [TRACE] 【目标检测】屏幕内没有目标
2025-09-15 15:18:22 [TRACE] 【目标检测】目标存在，但置信度不足
2025-09-15 15:18:22 [TRACE] 【目标检测】屏幕内没有目标
2025-09-15 15:18:23 [TRACE] 【空洞监听】无匹配已持续：7秒
2025-09-15 15:18:23 [TRACE] 【目标检测】屏幕内没有目标
2025-09-15 15:18:23 [TRACE] 【目标检测】屏幕内没有目标
2025-09-15 15:18:24 [TRACE] 【目标检测】屏幕内没有目标
2025-09-15 15:18:24 [TRACE] 【目标检测】屏幕内没有目标
2025-09-15 15:18:25 [TRACE] 【状态】战斗模式：C:\Users\gelon\Desktop\ZA-Lite\assets/images/hollow\battle_5.png 置信度：0.9227514863014221
2025-09-15 15:18:31 [TRACE] 【状态】战斗模式：正在受到攻击
2025-09-15 15:18:35 [TRACE] 【状态】战斗模式：正在受到攻击
2025-09-15 15:18:40 [TRACE] 【空洞监听】无匹配已持续：0秒
2025-09-15 15:18:44 [TRACE] 【状态】战斗模式：正在受到攻击
2025-09-15 15:18:46 [TRACE] 【状态】战斗模式：C:\Users\gelon\Desktop\ZA-Lite\assets/images/hollow\battle_5.png 置信度：0.9765080809593201
2025-09-15 15:18:48 [TRACE] 【状态】战斗模式：正在受到攻击
2025-09-15 15:18:52 [TRACE] 【空洞监听】无匹配已持续：0秒
2025-09-15 15:18:55 [TRACE] 【状态】战斗模式：C:\Users\gelon\Desktop\ZA-Lite\assets/images/hollow\battle_5.png 置信度：0.9958795309066772
2025-09-15 15:19:01 [TRACE] 【状态】战斗模式：正在受到攻击
2025-09-15 15:19:05 [TRACE] 【空洞监听】无匹配已持续：0秒
2025-09-15 15:19:08 [TRACE] 【状态】战斗模式：C:\Users\gelon\Desktop\ZA-Lite\assets/images/hollow\battle_5.png 置信度：0.985107421875
2025-09-15 15:19:12 [TRACE] 【状态】战斗模式：C:\Users\gelon\Desktop\ZA-Lite\assets/images/hollow\battle_5.png 置信度：0.9830771088600159
2025-09-15 15:19:19 [TRACE] 【空洞监听】无匹配已持续：0秒
2025-09-15 15:19:23 [TRACE] 【空洞监听】无匹配已持续：4秒
2025-09-15 15:19:27 [TRACE] 【空洞监听】无匹配已持续：8秒
2025-09-15 15:19:29 [TRACE] 【状态】战斗模式：C:\Users\gelon\Desktop\ZA-Lite\assets/images/hollow\battle_5.png 置信度：0.9916041493415833
2025-09-15 15:19:35 [TRACE] 【状态】战斗模式：正在受到攻击
2025-09-15 15:19:40 [TRACE] 【空洞监听】无匹配已持续：0秒
2025-09-15 15:19:42 [TRACE] 【状态】战斗模式：C:\Users\gelon\Desktop\ZA-Lite\assets/images/hollow\battle_5.png 置信度：0.9827730655670166
2025-09-15 15:19:44 [TRACE] 【状态】战斗模式：正在受到攻击
2025-09-15 15:19:49 [TRACE] 【状态】战斗模式：正在受到攻击
2025-09-15 15:19:51 [TRACE] 【状态】战斗模式：C:\Users\gelon\Desktop\ZA-Lite\assets/images/hollow\battle_5.png 置信度：0.9702832698822021
2025-09-15 15:19:53 [TRACE] 【状态】战斗模式：正在受到攻击
2025-09-15 15:19:55 [TRACE] 【状态】战斗模式：C:\Users\gelon\Desktop\ZA-Lite\assets/images/hollow\battle_5.png 置信度：0.977340579032898
2025-09-15 15:20:01 [TRACE] 【空洞监听】无匹配已持续：0秒
2025-09-15 15:20:04 [TRACE] 【状态】战斗模式：C:\Users\gelon\Desktop\ZA-Lite\assets/images/hollow\battle_5.png 置信度：0.985527515411377
2025-09-15 15:20:08 [TRACE] 【状态】战斗模式：C:\Users\gelon\Desktop\ZA-Lite\assets/images/hollow\battle_5.png 置信度：0.9794937372207642
2025-09-15 15:20:12 [TRACE] 【状态】战斗模式：C:\Users\gelon\Desktop\ZA-Lite\assets/images/hollow\battle_5.png 置信度：0.9803348183631897
2025-09-15 15:20:17 [TRACE] 【状态】战斗模式：C:\Users\gelon\Desktop\ZA-Lite\assets/images/hollow\battle_5.png 置信度：0.9587637186050415
2025-09-15 15:20:19 [TRACE] 【状态】战斗模式：正在受到攻击
2025-09-15 15:20:23 [TRACE] 【空洞监听】无匹配已持续：0秒
2025-09-15 15:20:27 [TRACE] 【空洞监听】无匹配已持续：4秒
2025-09-15 15:20:28 [TRACE] 【状态】搜索模式：C:\Users\gelon\Desktop\ZA-Lite\assets/images/hollow\gear.png 置信度：0.9999998211860657
2025-09-15 15:20:28 [TRACE] 【目标检测】屏幕内没有目标
2025-09-15 15:20:29 [TRACE] 【目标检测】屏幕内没有目标
2025-09-15 15:20:29 [TRACE] 【目标检测】屏幕内没有目标
2025-09-15 15:20:30 [TRACE] 【目标检测】目标存在，但置信度不足
2025-09-15 15:20:30 [TRACE] 【目标检测】屏幕内没有目标
2025-09-15 15:20:31 [TRACE] 【目标检测】屏幕内没有目标
2025-09-15 15:20:32 [TRACE] 【状态】搜索模式：C:\Users\gelon\Desktop\ZA-Lite\assets/images/hollow\resonium.png 置信度：1.0
2025-09-15 15:20:32 [TRACE] 【目标检测】目标存在，但置信度不足
2025-09-15 15:20:33 [TRACE] 【目标检测】目标存在，但置信度不足
2025-09-15 15:20:34 [TRACE] 【目标检测】目标存在，但置信度不足
2025-09-15 15:20:34 [TRACE] 【目标检测】目标存在，但置信度不足
2025-09-15 15:20:35 [TRACE] 【目标检测】目标存在，但置信度不足
2025-09-15 15:20:35 [TRACE] 【目标检测】目标存在，但置信度不足
2025-09-15 15:20:36 [TRACE] 【目标检测】目标存在，但置信度不足
2025-09-15 15:20:36 [TRACE] 【目标检测】屏幕内没有目标
2025-09-15 15:20:37 [TRACE] 【目标检测】TRAPPED！ 类型：blue_portal 置信度：0.8796132802963257
2025-09-15 15:20:40 [TRACE] 【空洞监听】无匹配已持续：0秒
2025-09-15 15:20:41 [TRACE] 【状态】搜索模式：C:\Users\gelon\Desktop\ZA-Lite\assets/images/hollow\battle_end_boss.png 置信度：0.9999361634254456
2025-09-15 15:20:43 [TRACE] 【目标检测】屏幕内没有目标
2025-09-15 15:20:44 [TRACE] 【目标检测】屏幕内没有目标
2025-09-15 15:20:44 [TRACE] 【目标检测】屏幕内没有目标
2025-09-15 15:20:45 [TRACE] 【目标检测】屏幕内没有目标
2025-09-15 15:20:45 [TRACE] 【目标检测】屏幕内没有目标
2025-09-15 15:20:47 [TRACE] 【目标检测】屏幕内没有目标
2025-09-15 15:20:47 [TRACE] 【目标检测】屏幕内没有目标
2025-09-15 15:20:48 [TRACE] 【目标检测】屏幕内没有目标
2025-09-15 15:20:48 [TRACE] 【空洞监听】无匹配已持续：0秒
2025-09-15 15:20:48 [TRACE] 【目标检测】屏幕内没有目标
2025-09-15 15:20:49 [TRACE] 【目标检测】屏幕内没有目标
2025-09-15 15:20:51 [TRACE] 【目标检测】TRAPPED！ 类型：interact 置信度：0.7267861366271973
2025-09-15 15:20:52 [TRACE] 【空洞监听】无匹配已持续：4秒
2025-09-15 15:20:55 [TRACE] 【目标检测】TRAPPED！ 类型：interact 置信度：0.8913354873657227
2025-09-15 15:20:56 [TRACE] 【空洞监听】无匹配已持续：8秒
2025-09-15 15:21:01 [TRACE] 【目标检测】目标存在，但置信度不足
2025-09-15 15:21:01 [TRACE] 【目标检测】屏幕内没有目标
2025-09-15 15:21:03 [TRACE] 【目标检测】TRAPPED！ 类型：interact 置信度：0.8999887704849243
