2025-10-23 01:20:39 [TRACE] 【线程启动】全局监听
2025-10-23 01:20:39 [TRACE] 【线程启动】终止监听
2025-10-23 01:20:39 [INFO] 现在执行 10 次零号空洞
2025-10-23 01:20:41 [DEBUG] 目标窗口“绝区零”不存在
2025-10-23 01:20:41 [DEBUG] 初始化完毕..启动{零号空洞}模块
2025-10-23 01:20:42 [DEBUG] 目标窗口“绝区零”不存在
2025-10-23 01:20:43 [DEBUG] 目标窗口“绝区零”不存在
2025-10-23 01:20:44 [DEBUG] 目标窗口“绝区零”不存在
2025-10-23 01:20:45 [DEBUG] 目标窗口“绝区零”不存在
2025-10-23 01:20:45 [DEBUG] 目标窗口“绝区零”不存在
2025-10-23 01:20:45 [DEBUG] 启动游戏：D:/Game Files/ZenlessZoneZero Game/ZenlessZoneZero.exe
2025-10-23 01:20:45 [SUCCESS] 程序开始接管操作，请保持游戏画面处于前台，终止按下Alt键
2025-10-23 01:20:45 [TRACE] 【线程启动】空洞搜索
2025-10-23 01:20:45 [TRACE] 【线程启动】空洞监听
2025-10-23 01:20:45 [TRACE] 【线程启动】空洞战斗
2025-10-23 01:20:45 [DEBUG] 正在返回菜单
2025-10-23 01:20:46 [DEBUG] 目标窗口“绝区零”不存在
2025-10-23 01:20:46 [DEBUG] 目标窗口“绝区零”不存在
2025-10-23 01:24:22 [DEBUG] 目标窗口“绝区零”不存在
2025-10-23 01:24:22 [DEBUG] 目标窗口“绝区零”不存在
2025-10-23 01:24:23 [DEBUG] 目标窗口“绝区零”不存在
2025-10-23 01:24:23 [DEBUG] 目标窗口“绝区零”不存在
2025-10-23 01:24:24 [DEBUG] 目标窗口“绝区零”不存在
2025-10-23 01:24:24 [DEBUG] 目标窗口“绝区零”不存在
2025-10-23 01:24:25 [DEBUG] 目标窗口“绝区零”不存在
2025-10-23 01:24:25 [DEBUG] 目标窗口“绝区零”不存在
2025-10-23 01:24:26 [DEBUG] 目标窗口“绝区零”不存在
2025-10-23 01:24:26 [DEBUG] 目标窗口“绝区零”不存在
2025-10-23 01:24:27 [DEBUG] 目标窗口“绝区零”不存在
2025-10-23 01:24:27 [DEBUG] 目标窗口“绝区零”不存在
2025-10-23 01:24:28 [DEBUG] 目标窗口“绝区零”不存在
2025-10-23 01:24:28 [DEBUG] 目标窗口“绝区零”不存在
2025-10-23 01:24:29 [DEBUG] 目标窗口“绝区零”不存在
2025-10-23 01:24:29 [DEBUG] 目标窗口“绝区零”不存在
2025-10-23 01:24:30 [DEBUG] 目标窗口“绝区零”不存在
2025-10-23 01:24:30 [DEBUG] 目标窗口“绝区零”不存在
2025-10-23 01:24:31 [DEBUG] 目标窗口“绝区零”不存在
2025-10-23 01:24:31 [DEBUG] 目标窗口“绝区零”不存在
2025-10-23 01:24:32 [DEBUG] 目标窗口“绝区零”不存在
2025-10-23 01:24:32 [DEBUG] 目标窗口“绝区零”不存在
2025-10-23 01:24:33 [DEBUG] 目标窗口“绝区零”不存在
2025-10-23 01:24:33 [DEBUG] 目标窗口“绝区零”不存在
