2025-10-19 20:06:18 [TRACE] 【1】等待目标中 C:\Users\gelon\Desktop\c2.png
2025-10-19 20:06:19 [TRACE] 【2】等待目标中 C:\Users\gelon\Desktop\c2.png
2025-10-19 20:06:19 [TRACE] 【3】等待目标中 C:\Users\gelon\Desktop\c2.png
2025-10-19 20:06:20 [TRACE] 【4】等待目标中 C:\Users\gelon\Desktop\c2.png
2025-10-19 20:06:21 [TRACE] 【5】等待目标中 C:\Users\gelon\Desktop\c2.png
2025-10-19 20:06:21 [TRACE] 【6】等待目标中 C:\Users\gelon\Desktop\c2.png
2025-10-19 20:06:22 [TRACE] 【7】等待目标中 C:\Users\gelon\Desktop\c2.png
2025-10-19 20:06:23 [TRACE] 【8】等待目标中 C:\Users\gelon\Desktop\c2.png
2025-10-19 20:06:23 [TRACE] 【目标出现】C:\Users\gelon\Desktop\c2.png 置信度：0.9999995827674866
2025-10-19 20:06:23 [TRACE] 当前的坐标：
2025-10-19 20:06:23 [TRACE] 已点击过的坐标：
2025-10-19 20:06:24 [TRACE] 当前的坐标：
2025-10-19 20:06:24 [TRACE] 已点击过的坐标：
2025-10-19 20:06:24 [TRACE] 【重复的坐标是】
2025-10-19 20:06:24 [TRACE] 当前的坐标：
2025-10-19 20:06:24 [TRACE] 已点击过的坐标：
2025-10-19 20:06:24 [TRACE] 【重复的坐标是】
2025-10-19 20:06:24 [TRACE] 当前的坐标：
2025-10-19 20:06:24 [TRACE] 已点击过的坐标：
2025-10-19 20:06:24 [TRACE] 【重复的坐标是】
2025-10-19 20:06:24 [TRACE] 当前的坐标：
2025-10-19 20:06:24 [TRACE] 已点击过的坐标：
2025-10-19 20:06:25 [TRACE] 当前的坐标：
2025-10-19 20:06:25 [TRACE] 已点击过的坐标：
2025-10-19 20:06:25 [TRACE] 【重复的坐标是】
2025-10-19 20:06:25 [TRACE] 当前的坐标：
2025-10-19 20:06:25 [TRACE] 已点击过的坐标：
2025-10-19 20:06:25 [TRACE] 【重复的坐标是】
2025-10-19 20:06:25 [TRACE] 当前的坐标：
2025-10-19 20:06:25 [TRACE] 已点击过的坐标：
2025-10-19 20:06:25 [TRACE] 当前的坐标：
2025-10-19 20:06:25 [TRACE] 已点击过的坐标：
2025-10-19 20:06:25 [TRACE] 【重复的坐标是】
2025-10-19 20:06:25 [TRACE] 当前的坐标：
2025-10-19 20:06:25 [TRACE] 已点击过的坐标：
2025-10-19 20:06:25 [TRACE] 【重复的坐标是】
2025-10-19 20:06:25 [TRACE] 当前的坐标：
2025-10-19 20:06:25 [TRACE] 已点击过的坐标：
2025-10-19 20:06:26 [TRACE] 当前的坐标：
2025-10-19 20:06:26 [TRACE] 已点击过的坐标：
2025-10-19 20:06:27 [TRACE] 当前的坐标：
2025-10-19 20:06:27 [TRACE] 已点击过的坐标：
2025-10-19 20:06:27 [TRACE] 【重复的坐标是】
2025-10-19 20:06:27 [TRACE] 当前的坐标：
2025-10-19 20:06:27 [TRACE] 已点击过的坐标：
2025-10-19 20:06:27 [TRACE] 【重复的坐标是】
2025-10-19 20:06:27 [TRACE] 当前的坐标：
2025-10-19 20:06:27 [TRACE] 已点击过的坐标：
2025-10-19 20:06:27 [TRACE] 【重复的坐标是】
2025-10-19 20:06:27 [TRACE] 当前的坐标：
2025-10-19 20:06:27 [TRACE] 已点击过的坐标：
2025-10-19 20:06:27 [TRACE] 【重复的坐标是】
2025-10-19 20:06:27 [TRACE] 当前的坐标：
2025-10-19 20:06:27 [TRACE] 已点击过的坐标：
2025-10-19 20:06:27 [TRACE] 【重复的坐标是】
2025-10-19 20:06:27 [TRACE] 有效次数：5
