2025-10-21 15:58:40 [TRACE] 【线程启动】全局监听
2025-10-21 15:58:40 [TRACE] 【线程启动】终止监听
2025-10-21 15:58:40 [INFO] 现在执行 10 次零号空洞
2025-10-21 15:58:42 [DEBUG] 初始化完毕..启动{零号空洞}模块
2025-10-21 15:58:46 [DEBUG] 发现已存在的游戏窗口
2025-10-21 15:58:50 [SUCCESS] 程序开始接管操作，请保持游戏画面处于前台，终止按下Alt键
2025-10-21 15:58:50 [TRACE] 【线程启动】空洞搜索
2025-10-21 15:58:50 [TRACE] 【线程启动】空洞监听
2025-10-21 15:58:50 [TRACE] 【线程启动】空洞战斗
2025-10-21 15:58:50 [DEBUG] 正在返回菜单
2025-10-21 15:58:50 [TRACE] 正在返回菜单,请保持游戏画面处于前台
2025-10-21 15:58:52 [TRACE] 退出战斗返回菜单
2025-10-21 15:58:53 [TRACE] 【目标出现】C:\Users\gelon\Desktop\ZA-Lite\assets/images/daily\quit_battle.png 置信度：0.993864893913269
2025-10-21 15:58:54 [TRACE] 【目标出现】C:\Users\gelon\Desktop\ZA-Lite\assets/images/daily\confirm.png 置信度：0.9839528799057007
2025-10-21 15:58:56 [TRACE] 【1】等待目标中 C:\Users\gelon\Desktop\ZA-Lite\assets/images/daily\quit.png
2025-10-21 15:58:56 [TRACE] 【2】等待目标中 C:\Users\gelon\Desktop\ZA-Lite\assets/images/daily\quit.png
2025-10-21 15:58:57 [TRACE] 【3】等待目标中 C:\Users\gelon\Desktop\ZA-Lite\assets/images/daily\quit.png
2025-10-21 15:58:58 [TRACE] 【4】等待目标中 C:\Users\gelon\Desktop\ZA-Lite\assets/images/daily\quit.png
2025-10-21 15:58:59 [TRACE] 【5】等待目标中 C:\Users\gelon\Desktop\ZA-Lite\assets/images/daily\quit.png
2025-10-21 15:58:59 [TRACE] 【6】等待目标中 C:\Users\gelon\Desktop\ZA-Lite\assets/images/daily\quit.png
2025-10-21 15:59:00 [TRACE] 【7】等待目标中 C:\Users\gelon\Desktop\ZA-Lite\assets/images/daily\quit.png
2025-10-21 15:59:01 [TRACE] 【8】等待目标中 C:\Users\gelon\Desktop\ZA-Lite\assets/images/daily\quit.png
2025-10-21 15:59:02 [TRACE] 【跳过】C:\Users\gelon\Desktop\ZA-Lite\assets/images/daily\quit.png
2025-10-21 15:59:02 [TRACE] 【目标出现】C:\Users\gelon\Desktop\ZA-Lite\assets/images/hollow/mission_completed.png 置信度：0.9999998211860657
2025-10-21 15:59:03 [TRACE] 正在返回菜单,请保持游戏画面处于前台
2025-10-21 15:59:06 [TRACE] 正在返回菜单,请保持游戏画面处于前台
2025-10-21 15:59:08 [TRACE] 正在返回菜单,请保持游戏画面处于前台
2025-10-21 15:59:10 [TRACE] 正在返回菜单,请保持游戏画面处于前台
2025-10-21 15:59:12 [TRACE] 正在返回菜单,请保持游戏画面处于前台
2025-10-21 15:59:15 [TRACE] 正在返回菜单,请保持游戏画面处于前台
2025-10-21 15:59:17 [TRACE] 现在处于大厅
2025-10-21 15:59:17 [INFO] 执行零号空洞任务中
2025-10-21 15:59:18 [TRACE] 【1】等待目标中 C:\Users\gelon\Desktop\ZA-Lite\assets/images/hollow\combat.png
2025-10-21 15:59:19 [TRACE] 【目标出现】C:\Users\gelon\Desktop\ZA-Lite\assets/images/hollow\combat.png 置信度：0.9762839674949646
2025-10-21 15:59:20 [TRACE] 【目标出现】C:\Users\gelon\Desktop\ZA-Lite\assets/images/hollow\zero_hollow.png 置信度：0.9999942183494568
2025-10-21 15:59:22 [TRACE] 【目标出现】C:\Users\gelon\Desktop\ZA-Lite\assets/images/hollow\go_hollow.png 置信度：0.9942352175712585
2025-10-21 15:59:23 [TRACE] 【目标出现】C:\Users\gelon\Desktop\ZA-Lite\assets/images/hollow\confirm.png 置信度：0.9839440584182739
2025-10-21 15:59:25 [TRACE] 【1】等待目标中 C:\Users\gelon\Desktop\ZA-Lite\assets/images/hollow\hollow_taskforce.png
2025-10-21 15:59:26 [TRACE] 【2】等待目标中 C:\Users\gelon\Desktop\ZA-Lite\assets/images/hollow\hollow_taskforce.png
2025-10-21 15:59:26 [TRACE] 【3】等待目标中 C:\Users\gelon\Desktop\ZA-Lite\assets/images/hollow\hollow_taskforce.png
2025-10-21 15:59:27 [TRACE] 【目标出现】C:\Users\gelon\Desktop\ZA-Lite\assets/images/hollow\hollow_taskforce.png 置信度：0.9999988079071045
2025-10-21 15:59:28 [TRACE] 【目标出现】C:\Users\gelon\Desktop\ZA-Lite\assets/images/hollow\strategy.png 置信度：0.99708092212677
2025-10-21 15:59:30 [TRACE] 【1】等待目标中 C:\Users\gelon\Desktop\ZA-Lite\assets/images/hollow\strategy_confirm.png
2025-10-21 15:59:30 [TRACE] 【目标出现】C:\Users\gelon\Desktop\ZA-Lite\assets/images/hollow\strategy_confirm.png 置信度：1.0
2025-10-21 15:59:32 [TRACE] 【目标出现】C:\Users\gelon\Desktop\ZA-Lite\assets/images/hollow\next_step.png 置信度：0.9807112216949463
2025-10-21 15:59:33 [TRACE] 【目标出现】C:\Users\gelon\Desktop\ZA-Lite\assets/images/daily\squad_preset.png 置信度：0.9862319827079773
2025-10-21 15:59:35 [TRACE] 【目标出现】C:\Users\gelon\Desktop\ZA-Lite\assets/images/daily\squad_6.png 置信度：0.9437511563301086
2025-10-21 15:59:36 [TRACE] 【目标出现】C:\Users\gelon\Desktop\ZA-Lite\assets/images/daily\select_squad.png 置信度：0.9681318402290344
2025-10-21 15:59:37 [TRACE] 【目标出现】C:\Users\gelon\Desktop\ZA-Lite\assets/images/hollow\start_battle.png 置信度：0.975088357925415
2025-10-21 15:59:38 [TRACE] 【空洞监听】无匹配已持续：0秒
2025-10-21 15:59:38 [TRACE] 【线程启动】攻击检测
2025-10-21 15:59:40 [TRACE] 【目标检测】屏幕内没有目标
2025-10-21 15:59:42 [TRACE] 【目标检测】屏幕内没有目标
2025-10-21 15:59:43 [TRACE] 【目标检测】屏幕内没有目标
2025-10-21 15:59:45 [TRACE] 【目标检测】屏幕内没有目标
2025-10-21 15:59:46 [TRACE] 【空洞监听】无匹配已持续：7秒
2025-10-21 15:59:46 [TRACE] 【目标检测】屏幕内没有目标
2025-10-21 15:59:49 [TRACE] 【目标检测】屏幕内没有目标
2025-10-21 15:59:51 [TRACE] 【目标检测】屏幕内没有目标
2025-10-21 15:59:52 [TRACE] 【目标检测】屏幕内没有目标
2025-10-21 15:59:53 [TRACE] 【空洞监听】无匹配已持续：14秒
2025-10-21 15:59:53 [TRACE] 【目标检测】屏幕内没有目标
2025-10-21 15:59:55 [TRACE] 【目标检测】屏幕内没有目标
2025-10-21 15:59:58 [TRACE] 【目标检测】屏幕内没有目标
2025-10-21 16:00:00 [TRACE] 【目标检测】屏幕内没有目标
2025-10-21 16:00:01 [TRACE] 【空洞监听】无匹配已持续：22秒
2025-10-21 16:00:01 [TRACE] 【目标检测】屏幕内没有目标
2025-10-21 16:00:03 [TRACE] 【目标检测】屏幕内没有目标
2025-10-21 16:00:05 [TRACE] 【目标检测】屏幕内没有目标
2025-10-21 16:00:10 [TRACE] 【空洞监听】无匹配已持续：31秒
2025-10-21 16:00:13 [TRACE] 【目标检测】TRAPPED！ 类型：interact 置信度：0.9148072004318237
2025-10-21 16:00:19 [TRACE] 【空洞监听】无匹配已持续：40秒
2025-10-21 16:00:21 [TRACE] 【目标检测】屏幕内没有目标
2025-10-21 16:00:23 [TRACE] 【目标检测】屏幕内没有目标
2025-10-21 16:00:25 [TRACE] 【目标检测】屏幕内没有目标
2025-10-21 16:00:29 [TRACE] 【目标检测】TRAPPED！ 类型：interact 置信度：0.9363784193992615
2025-10-21 16:00:34 [TRACE] 【目标检测】TRAPPED！ 类型：interact 置信度：0.9502467513084412
2025-10-21 16:00:36 [TRACE] 【空洞监听】无匹配已持续：0秒
2025-10-21 16:00:44 [TRACE] 【空洞监听】无匹配已持续：7秒
2025-10-21 16:00:49 [TRACE] 【目标检测】微调超时，无法对齐！
2025-10-21 16:00:51 [TRACE] 【目标检测】屏幕内没有目标
2025-10-21 16:00:52 [TRACE] 【空洞监听】无匹配已持续：16秒
2025-10-21 16:00:55 [TRACE] 【目标检测】屏幕内没有目标
2025-10-21 16:00:56 [TRACE] 【目标检测】屏幕内没有目标
2025-10-21 16:00:58 [TRACE] 【目标检测】屏幕内没有目标
2025-10-21 16:01:00 [TRACE] 【目标检测】屏幕内没有目标
2025-10-21 16:01:01 [TRACE] 【空洞监听】无匹配已持续：25秒
2025-10-21 16:01:04 [TRACE] 【目标检测】屏幕内没有目标
2025-10-21 16:01:09 [TRACE] 【空洞监听】无匹配已持续：33秒
2025-10-21 16:01:10 [TRACE] 【目标检测】TRAPPED！ 类型：interact 置信度：0.9031000137329102
2025-10-21 16:01:17 [TRACE] 【目标检测】屏幕内没有目标
2025-10-21 16:01:20 [TRACE] 【目标检测】屏幕内没有目标
2025-10-21 16:01:21 [TRACE] 【目标检测】屏幕内没有目标
2025-10-21 16:01:23 [TRACE] 【目标检测】屏幕内没有目标
2025-10-21 16:01:26 [TRACE] 【目标检测】TRAPPED！ 类型：interact 置信度：0.9123280048370361
2025-10-21 16:01:34 [TRACE] 【目标检测】目标存在，但置信度不足
2025-10-21 16:01:35 [TRACE] 【状态】搜索模式：C:\Users\gelon\Desktop\ZA-Lite\assets/images/hollow\card.png 置信度：0.9999992847442627
2025-10-21 16:01:36 [TRACE] 【目标检测】目标存在，但置信度不足
2025-10-21 16:01:37 [TRACE] 【目标检测】目标存在，但置信度不足
2025-10-21 16:01:40 [TRACE] 【目标检测】目标存在，但置信度不足
2025-10-21 16:01:45 [TRACE] 【目标检测】TRAPPED！ 类型：blue_portal 置信度：0.8679795265197754
2025-10-21 16:01:47 [TRACE] 【状态】搜索模式：C:\Users\gelon\Desktop\ZA-Lite\assets/images/hollow\meter.png 置信度：0.9022775292396545
2025-10-21 16:01:51 [TRACE] 【目标检测】TRAPPED！ 类型：blue_portal 置信度：0.8893593549728394
2025-10-21 16:01:57 [TRACE] 【空洞监听】无匹配已持续：0秒
2025-10-21 16:01:59 [TRACE] 【目标检测】TRAPPED！ 类型：blue_portal 置信度：0.851263701915741
2025-10-21 16:02:06 [TRACE] 【空洞监听】无匹配已持续：8秒
2025-10-21 16:02:11 [TRACE] 【目标检测】微调超时，无法对齐！
2025-10-21 16:02:14 [TRACE] 【空洞监听】无匹配已持续：16秒
2025-10-21 16:02:15 [TRACE] 【目标检测】TRAPPED！ 类型：blue_portal 置信度：0.7679550647735596
2025-10-21 16:02:21 [TRACE] 【空洞监听】无匹配已持续：23秒
2025-10-21 16:02:23 [TRACE] 【目标检测】TRAPPED！ 类型：blue_portal 置信度：0.8583943247795105
2025-10-21 16:02:26 [TRACE] 【状态】搜索模式：C:\Users\gelon\Desktop\ZA-Lite\assets/images/hollow\meter.png 置信度：0.9856863021850586
2025-10-21 16:02:28 [TRACE] 【目标检测】TRAPPED！ 类型：blue_portal 置信度：0.8700348734855652
2025-10-21 16:02:35 [TRACE] 【目标检测】屏幕内没有目标
2025-10-21 16:02:36 [TRACE] 【空洞监听】无匹配已持续：0秒
2025-10-21 16:02:37 [TRACE] 【目标检测】屏幕内没有目标
2025-10-21 16:02:39 [TRACE] 【目标检测】屏幕内没有目标
2025-10-21 16:02:41 [TRACE] 【目标检测】屏幕内没有目标
2025-10-21 16:02:42 [TRACE] 【目标检测】屏幕内没有目标
2025-10-21 16:02:43 [TRACE] 【空洞监听】无匹配已持续：7秒
2025-10-21 16:02:45 [TRACE] 【目标检测】屏幕内没有目标
2025-10-21 16:02:47 [TRACE] 【目标检测】屏幕内没有目标
2025-10-21 16:02:49 [TRACE] 【目标检测】屏幕内没有目标
2025-10-21 16:02:51 [TRACE] 【目标检测】屏幕内没有目标
2025-10-21 16:02:52 [TRACE] 【空洞监听】无匹配已持续：16秒
2025-10-21 16:02:52 [TRACE] 【目标检测】屏幕内没有目标
2025-10-21 16:02:55 [TRACE] 【目标检测】屏幕内没有目标
2025-10-21 16:02:57 [TRACE] 【目标检测】屏幕内没有目标
2025-10-21 16:02:59 [TRACE] 【目标检测】屏幕内没有目标
2025-10-21 16:02:59 [TRACE] 【状态】战斗模式：正在受到攻击
2025-10-21 16:03:00 [TRACE] 【目标检测】屏幕内没有目标
2025-10-21 16:03:07 [TRACE] 【空洞监听】无匹配已持续：0秒
2025-10-21 16:03:11 [TRACE] 【状态】战斗模式：C:\Users\gelon\Desktop\ZA-Lite\assets/images/hollow\battle_3.png 置信度：0.9999997019767761
2025-10-21 16:03:22 [TRACE] 【状态】战斗模式：正在受到攻击
2025-10-21 16:03:29 [TRACE] 【状态】搜索模式：C:\Users\gelon\Desktop\ZA-Lite\assets/images/hollow\resonium.png 置信度：1.0
2025-10-21 16:03:29 [TRACE] 【目标出现】C:\Users\gelon\Desktop\ZA-Lite\assets/images/hollow\resonium.png 置信度：0.9999998807907104
2025-10-21 16:03:29 [TRACE] 【本轮的坐标】：(np.int64(1174), np.int64(475)) ------------
2025-10-21 16:03:29 [TRACE] 【已点击过的坐标】：[(-10, -10)]
2025-10-21 16:03:29 [TRACE] 【成功点击】
2025-10-21 16:03:30 [TRACE] 【目标检测】目标存在，但置信度不足
2025-10-21 16:03:30 [TRACE] 【本轮的坐标】：(np.int64(1581), np.int64(475)) ------------
2025-10-21 16:03:30 [TRACE] 【已点击过的坐标】：[(-10, -10), (np.int64(1174), np.int64(475))]
2025-10-21 16:03:30 [TRACE] 【成功点击】
2025-10-21 16:03:31 [TRACE] 【本轮的坐标】：(np.int64(1582), np.int64(475)) ------------
2025-10-21 16:03:31 [TRACE] 【已点击过的坐标】：[(-10, -10), (np.int64(1174), np.int64(475)), (np.int64(1581), np.int64(475))]
2025-10-21 16:03:31 [TRACE] 【坐标太近】视为重复
2025-10-21 16:03:31 [TRACE] 【没有通过的坐标】开始下一轮
2025-10-21 16:03:31 [TRACE] 【本轮的坐标】：(np.int64(1988), np.int64(475)) ------------
2025-10-21 16:03:31 [TRACE] 【已点击过的坐标】：[(-10, -10), (np.int64(1174), np.int64(475)), (np.int64(1581), np.int64(475))]
2025-10-21 16:03:31 [TRACE] 【成功点击】
2025-10-21 16:03:31 [TRACE] 【目标检测】屏幕内没有目标
2025-10-21 16:03:31 [TRACE] 【本轮的坐标】：(np.int64(1989), np.int64(475)) ------------
2025-10-21 16:03:31 [TRACE] 【已点击过的坐标】：[(-10, -10), (np.int64(1174), np.int64(475)), (np.int64(1581), np.int64(475)), (np.int64(1988), np.int64(475))]
2025-10-21 16:03:31 [TRACE] 【坐标太近】视为重复
2025-10-21 16:03:31 [TRACE] 【没有通过的坐标】开始下一轮
2025-10-21 16:03:31 [TRACE] 【本轮的坐标】：(np.int64(1173), np.int64(476)) ------------
2025-10-21 16:03:31 [TRACE] 【已点击过的坐标】：[(-10, -10), (np.int64(1174), np.int64(475)), (np.int64(1581), np.int64(475)), (np.int64(1988), np.int64(475))]
2025-10-21 16:03:31 [TRACE] 【坐标太近】视为重复
2025-10-21 16:03:31 [TRACE] 【没有通过的坐标】开始下一轮
2025-10-21 16:03:31 [TRACE] 【本轮的坐标】：(np.int64(1174), np.int64(476)) ------------
2025-10-21 16:03:31 [TRACE] 【已点击过的坐标】：[(-10, -10), (np.int64(1174), np.int64(475)), (np.int64(1581), np.int64(475)), (np.int64(1988), np.int64(475))]
2025-10-21 16:03:31 [TRACE] 【坐标太近】视为重复
2025-10-21 16:03:31 [TRACE] 【没有通过的坐标】开始下一轮
2025-10-21 16:03:31 [TRACE] 【本轮的坐标】：(np.int64(1175), np.int64(476)) ------------
2025-10-21 16:03:31 [TRACE] 【已点击过的坐标】：[(-10, -10), (np.int64(1174), np.int64(475)), (np.int64(1581), np.int64(475)), (np.int64(1988), np.int64(475))]
2025-10-21 16:03:31 [TRACE] 【坐标太近】视为重复
2025-10-21 16:03:31 [TRACE] 【没有通过的坐标】开始下一轮
2025-10-21 16:03:31 [TRACE] 【本轮的坐标】：(np.int64(1580), np.int64(476)) ------------
2025-10-21 16:03:31 [TRACE] 【已点击过的坐标】：[(-10, -10), (np.int64(1174), np.int64(475)), (np.int64(1581), np.int64(475)), (np.int64(1988), np.int64(475))]
2025-10-21 16:03:31 [TRACE] 【坐标太近】视为重复
2025-10-21 16:03:31 [TRACE] 【没有通过的坐标】开始下一轮
2025-10-21 16:03:31 [TRACE] 【本轮的坐标】：(np.int64(1581), np.int64(476)) ------------
2025-10-21 16:03:31 [TRACE] 【已点击过的坐标】：[(-10, -10), (np.int64(1174), np.int64(475)), (np.int64(1581), np.int64(475)), (np.int64(1988), np.int64(475))]
2025-10-21 16:03:31 [TRACE] 【坐标太近】视为重复
2025-10-21 16:03:31 [TRACE] 【没有通过的坐标】开始下一轮
2025-10-21 16:03:31 [TRACE] 【本轮的坐标】：(np.int64(1582), np.int64(476)) ------------
2025-10-21 16:03:31 [TRACE] 【已点击过的坐标】：[(-10, -10), (np.int64(1174), np.int64(475)), (np.int64(1581), np.int64(475)), (np.int64(1988), np.int64(475))]
2025-10-21 16:03:31 [TRACE] 【坐标太近】视为重复
2025-10-21 16:03:31 [TRACE] 【没有通过的坐标】开始下一轮
2025-10-21 16:03:31 [TRACE] 【本轮的坐标】：(np.int64(1987), np.int64(476)) ------------
2025-10-21 16:03:31 [TRACE] 【已点击过的坐标】：[(-10, -10), (np.int64(1174), np.int64(475)), (np.int64(1581), np.int64(475)), (np.int64(1988), np.int64(475))]
2025-10-21 16:03:31 [TRACE] 【坐标太近】视为重复
2025-10-21 16:03:31 [TRACE] 【没有通过的坐标】开始下一轮
2025-10-21 16:03:31 [TRACE] 【本轮的坐标】：(np.int64(1988), np.int64(476)) ------------
2025-10-21 16:03:31 [TRACE] 【已点击过的坐标】：[(-10, -10), (np.int64(1174), np.int64(475)), (np.int64(1581), np.int64(475)), (np.int64(1988), np.int64(475))]
2025-10-21 16:03:31 [TRACE] 【坐标太近】视为重复
2025-10-21 16:03:31 [TRACE] 【没有通过的坐标】开始下一轮
2025-10-21 16:03:31 [TRACE] 【本轮的坐标】：(np.int64(1989), np.int64(476)) ------------
2025-10-21 16:03:31 [TRACE] 【已点击过的坐标】：[(-10, -10), (np.int64(1174), np.int64(475)), (np.int64(1581), np.int64(475)), (np.int64(1988), np.int64(475))]
2025-10-21 16:03:31 [TRACE] 【坐标太近】视为重复
2025-10-21 16:03:31 [TRACE] 【没有通过的坐标】开始下一轮
2025-10-21 16:03:31 [TRACE] 【本轮的坐标】：(np.int64(1990), np.int64(476)) ------------
2025-10-21 16:03:31 [TRACE] 【已点击过的坐标】：[(-10, -10), (np.int64(1174), np.int64(475)), (np.int64(1581), np.int64(475)), (np.int64(1988), np.int64(475))]
2025-10-21 16:03:31 [TRACE] 【坐标太近】视为重复
2025-10-21 16:03:31 [TRACE] 【没有通过的坐标】开始下一轮
2025-10-21 16:03:31 [TRACE] 【本轮的坐标】：(np.int64(1174), np.int64(477)) ------------
2025-10-21 16:03:31 [TRACE] 【已点击过的坐标】：[(-10, -10), (np.int64(1174), np.int64(475)), (np.int64(1581), np.int64(475)), (np.int64(1988), np.int64(475))]
2025-10-21 16:03:31 [TRACE] 【坐标太近】视为重复
2025-10-21 16:03:31 [TRACE] 【没有通过的坐标】开始下一轮
2025-10-21 16:03:31 [TRACE] 【本轮的坐标】：(np.int64(1581), np.int64(477)) ------------
2025-10-21 16:03:31 [TRACE] 【已点击过的坐标】：[(-10, -10), (np.int64(1174), np.int64(475)), (np.int64(1581), np.int64(475)), (np.int64(1988), np.int64(475))]
2025-10-21 16:03:31 [TRACE] 【坐标太近】视为重复
2025-10-21 16:03:31 [TRACE] 【没有通过的坐标】开始下一轮
2025-10-21 16:03:31 [TRACE] 【本轮的坐标】：(np.int64(1988), np.int64(477)) ------------
2025-10-21 16:03:31 [TRACE] 【已点击过的坐标】：[(-10, -10), (np.int64(1174), np.int64(475)), (np.int64(1581), np.int64(475)), (np.int64(1988), np.int64(475))]
2025-10-21 16:03:31 [TRACE] 【坐标太近】视为重复
2025-10-21 16:03:31 [TRACE] 【没有通过的坐标】开始下一轮
2025-10-21 16:03:31 [TRACE] 【完成所有点击】有效次数：3
2025-10-21 16:03:34 [TRACE] 【目标检测】屏幕内没有目标
2025-10-21 16:03:36 [TRACE] 【目标检测】屏幕内没有目标
2025-10-21 16:03:37 [TRACE] 【目标检测】屏幕内没有目标
2025-10-21 16:03:39 [TRACE] 【目标检测】屏幕内没有目标
2025-10-21 16:03:40 [TRACE] 【目标检测】屏幕内没有目标
2025-10-21 16:03:43 [TRACE] 【目标检测】屏幕内没有目标
2025-10-21 16:03:44 [TRACE] 【目标检测】屏幕内没有目标
2025-10-21 16:03:45 [TRACE] 【空洞监听】无匹配已持续：0秒
2025-10-21 16:03:46 [TRACE] 【目标检测】屏幕内没有目标
2025-10-21 16:03:47 [TRACE] 【目标检测】屏幕内没有目标
2025-10-21 16:03:48 [TRACE] 【目标检测】屏幕内没有目标
2025-10-21 16:03:51 [TRACE] 【目标检测】屏幕内没有目标
2025-10-21 16:03:52 [TRACE] 【空洞监听】无匹配已持续：7秒
2025-10-21 16:03:53 [TRACE] 【目标检测】屏幕内没有目标
2025-10-21 16:03:54 [TRACE] 【目标检测】屏幕内没有目标
2025-10-21 16:03:56 [TRACE] 【目标检测】屏幕内没有目标
2025-10-21 16:03:57 [TRACE] 【目标检测】屏幕内没有目标
2025-10-21 16:04:00 [TRACE] 【目标检测】屏幕内没有目标
2025-10-21 16:04:00 [TRACE] 【空洞监听】无匹配已持续：14秒
2025-10-21 16:04:01 [TRACE] 【目标检测】屏幕内没有目标
2025-10-21 16:04:03 [TRACE] 【目标检测】屏幕内没有目标
2025-10-21 16:04:04 [TRACE] 【目标检测】屏幕内没有目标
2025-10-21 16:04:05 [TRACE] 【目标检测】屏幕内没有目标
2025-10-21 16:04:07 [TRACE] 【空洞监听】无匹配已持续：21秒
2025-10-21 16:04:08 [TRACE] 【目标检测】屏幕内没有目标
2025-10-21 16:04:09 [TRACE] 【目标检测】屏幕内没有目标
2025-10-21 16:04:11 [TRACE] 【目标检测】屏幕内没有目标
2025-10-21 16:04:12 [TRACE] 【目标检测】屏幕内没有目标
2025-10-21 16:04:13 [TRACE] 【目标检测】屏幕内没有目标
2025-10-21 16:04:14 [TRACE] 【空洞监听】无匹配已持续：28秒
2025-10-21 16:04:16 [TRACE] 【目标检测】屏幕内没有目标
2025-10-21 16:04:18 [TRACE] 【目标检测】屏幕内没有目标
2025-10-21 16:04:19 [TRACE] 【目标检测】屏幕内没有目标
2025-10-21 16:04:20 [TRACE] 【目标检测】屏幕内没有目标
2025-10-21 16:04:22 [TRACE] 【空洞监听】无匹配已持续：36秒
2025-10-21 16:04:22 [TRACE] 【目标检测】屏幕内没有目标
2025-10-21 16:04:25 [TRACE] 【目标检测】屏幕内没有目标
2025-10-21 16:04:26 [TRACE] 【目标检测】屏幕内没有目标
2025-10-21 16:04:27 [TRACE] 【目标检测】屏幕内没有目标
2025-10-21 16:04:29 [TRACE] 【目标检测】屏幕内没有目标
2025-10-21 16:04:29 [TRACE] 【空洞监听】无匹配已持续：43秒
2025-10-21 16:04:30 [TRACE] 【目标检测】屏幕内没有目标
2025-10-21 16:04:33 [TRACE] 【目标检测】屏幕内没有目标
2025-10-21 16:04:34 [TRACE] 【目标检测】屏幕内没有目标
2025-10-21 16:04:35 [TRACE] 【目标检测】屏幕内没有目标
2025-10-21 16:04:36 [TRACE] 【空洞监听】无匹配已持续：50秒
2025-10-21 16:04:37 [TRACE] 【目标检测】屏幕内没有目标
2025-10-21 16:04:38 [TRACE] 【目标检测】屏幕内没有目标
2025-10-21 16:04:41 [TRACE] 【目标检测】屏幕内没有目标
2025-10-21 16:04:42 [TRACE] 【目标检测】屏幕内没有目标
2025-10-21 16:04:43 [TRACE] 【空洞监听】无匹配已持续：57秒
2025-10-21 16:04:44 [TRACE] 【目标检测】屏幕内没有目标
2025-10-21 16:04:45 [TRACE] 【目标检测】屏幕内没有目标
2025-10-21 16:04:47 [TRACE] 【目标检测】屏幕内没有目标
2025-10-21 16:04:50 [TRACE] 【目标检测】屏幕内没有目标
2025-10-21 16:04:50 [TRACE] 【空洞监听】无匹配已持续：64秒
2025-10-21 16:04:50 [TRACE] 【空洞监听】即将超时，重启搜索线程
2025-10-21 16:04:51 [TRACE] 【目标检测】屏幕内没有目标
2025-10-21 16:04:53 [TRACE] 【目标检测】屏幕内没有目标
2025-10-21 16:04:54 [TRACE] 【目标检测】屏幕内没有目标
2025-10-21 16:04:56 [TRACE] 【目标检测】屏幕内没有目标
2025-10-21 16:04:58 [TRACE] 【空洞监听】无匹配已持续：72秒
2025-10-21 16:04:58 [TRACE] 【空洞监听】即将超时，重启搜索线程
2025-10-21 16:04:58 [TRACE] 【目标检测】屏幕内没有目标
2025-10-21 16:05:00 [TRACE] 【目标检测】屏幕内没有目标
2025-10-21 16:05:01 [TRACE] 【目标检测】屏幕内没有目标
2025-10-21 16:05:02 [TRACE] 【目标检测】屏幕内没有目标
2025-10-21 16:05:04 [TRACE] 【目标检测】屏幕内没有目标
2025-10-21 16:05:05 [TRACE] 【空洞监听】无匹配已持续：80秒
2025-10-21 16:05:05 [TRACE] 【空洞监听】即将超时，重启搜索线程
2025-10-21 16:05:07 [TRACE] 【目标检测】屏幕内没有目标
2025-10-21 16:05:08 [TRACE] 【目标检测】屏幕内没有目标
2025-10-21 16:05:09 [TRACE] 【目标检测】屏幕内没有目标
2025-10-21 16:05:11 [TRACE] 【目标检测】屏幕内没有目标
2025-10-21 16:05:12 [TRACE] 【目标检测】屏幕内没有目标
2025-10-21 16:05:13 [TRACE] 【空洞监听】无匹配已持续：87秒
2025-10-21 16:05:13 [TRACE] 【空洞监听】即将超时，重启搜索线程
2025-10-21 16:05:15 [TRACE] 【目标检测】屏幕内没有目标
2025-10-21 16:05:16 [TRACE] 【目标检测】屏幕内没有目标
2025-10-21 16:05:18 [TRACE] 【目标检测】屏幕内没有目标
2025-10-21 16:05:19 [TRACE] 【目标检测】屏幕内没有目标
2025-10-21 16:05:20 [TRACE] 【空洞监听】无匹配已持续：94秒
2025-10-21 16:05:20 [TRACE] 【空洞监听】即将超时，重启搜索线程
2025-10-21 16:05:20 [TRACE] 【目标检测】屏幕内没有目标
2025-10-21 16:05:23 [TRACE] 【目标检测】屏幕内没有目标
2025-10-21 16:05:24 [TRACE] 【目标检测】屏幕内没有目标
2025-10-21 16:05:26 [TRACE] 【目标检测】屏幕内没有目标
2025-10-21 16:05:27 [TRACE] 【空洞监听】无匹配已持续：102秒
2025-10-21 16:05:27 [TRACE] 【空洞监听】即将超时，重启搜索线程
2025-10-21 16:05:27 [TRACE] 【目标检测】屏幕内没有目标
2025-10-21 16:05:29 [TRACE] 【目标检测】屏幕内没有目标
2025-10-21 16:05:32 [TRACE] 【目标检测】屏幕内没有目标
2025-10-21 16:05:33 [TRACE] 【目标检测】屏幕内没有目标
2025-10-21 16:05:34 [TRACE] 【目标检测】屏幕内没有目标
2025-10-21 16:05:35 [TRACE] 【空洞监听】无匹配已持续：109秒
2025-10-21 16:05:35 [TRACE] 【空洞监听】即将超时，重启搜索线程
2025-10-21 16:05:36 [TRACE] 【目标检测】屏幕内没有目标
2025-10-21 16:05:37 [TRACE] 【目标检测】屏幕内没有目标
2025-10-21 16:05:40 [TRACE] 【目标检测】屏幕内没有目标
2025-10-21 16:05:41 [TRACE] 【目标检测】屏幕内没有目标
2025-10-21 16:05:43 [TRACE] 【空洞监听】无匹配已持续：117秒
2025-10-21 16:05:43 [TRACE] 【空洞监听】即将超时，重启搜索线程
2025-10-21 16:05:43 [TRACE] 【目标检测】屏幕内没有目标
2025-10-21 16:05:44 [TRACE] 【目标检测】屏幕内没有目标
2025-10-21 16:05:45 [TRACE] 【目标检测】屏幕内没有目标
2025-10-21 16:05:48 [TRACE] 【目标检测】屏幕内没有目标
2025-10-21 16:05:50 [TRACE] 【目标检测】屏幕内没有目标
2025-10-21 16:05:50 [TRACE] 【空洞监听】无匹配已持续：124秒
2025-10-21 16:05:50 [TRACE] 【空洞监听】即将超时，重启搜索线程
2025-10-21 16:05:51 [TRACE] 【目标检测】屏幕内没有目标
2025-10-21 16:05:52 [TRACE] 【目标检测】屏幕内没有目标
2025-10-21 16:05:54 [TRACE] 【目标检测】屏幕内没有目标
2025-10-21 16:05:57 [TRACE] 【目标检测】屏幕内没有目标
2025-10-21 16:05:58 [TRACE] 【空洞监听】无匹配已持续：132秒
2025-10-21 16:05:58 [TRACE] 【空洞监听】即将超时，重启搜索线程
2025-10-21 16:05:58 [TRACE] 【目标检测】屏幕内没有目标
2025-10-21 16:05:59 [TRACE] 【目标检测】屏幕内没有目标
2025-10-21 16:06:01 [TRACE] 【目标检测】屏幕内没有目标
2025-10-21 16:06:02 [TRACE] 【目标检测】屏幕内没有目标
2025-10-21 16:06:05 [TRACE] 【目标检测】屏幕内没有目标
2025-10-21 16:06:06 [TRACE] 【空洞监听】无匹配已持续：140秒
2025-10-21 16:06:06 [TRACE] 【空洞监听】即将超时，重启搜索线程
2025-10-21 16:06:06 [TRACE] 【目标检测】屏幕内没有目标
2025-10-21 16:06:08 [TRACE] 【目标检测】屏幕内没有目标
2025-10-21 16:06:09 [TRACE] 【目标检测】屏幕内没有目标
2025-10-21 16:06:10 [TRACE] 【目标检测】屏幕内没有目标
2025-10-21 16:06:13 [TRACE] 【目标检测】屏幕内没有目标
2025-10-21 16:06:13 [TRACE] 【空洞监听】无匹配已持续：148秒
2025-10-21 16:06:13 [TRACE] 【空洞监听】即将超时，重启搜索线程
2025-10-21 16:06:15 [TRACE] 【目标检测】屏幕内没有目标
2025-10-21 16:06:16 [TRACE] 【目标检测】屏幕内没有目标
2025-10-21 16:06:17 [TRACE] 【目标检测】屏幕内没有目标
2025-10-21 16:06:19 [TRACE] 【目标检测】屏幕内没有目标
2025-10-21 16:06:21 [TRACE] 【空洞监听】无匹配已持续：155秒
2025-10-21 16:06:21 [TRACE] 【空洞监听】即将超时，重启搜索线程
2025-10-21 16:06:22 [TRACE] 【目标检测】屏幕内没有目标
2025-10-21 16:06:23 [TRACE] 【目标检测】屏幕内没有目标
2025-10-21 16:06:24 [TRACE] 【目标检测】屏幕内没有目标
2025-10-21 16:06:26 [TRACE] 【目标检测】屏幕内没有目标
2025-10-21 16:06:27 [TRACE] 【目标检测】屏幕内没有目标
2025-10-21 16:06:29 [TRACE] 【空洞监听】无匹配已持续：163秒
2025-10-21 16:06:29 [TRACE] 【空洞监听】即将超时，重启搜索线程
2025-10-21 16:06:30 [TRACE] 【目标检测】屏幕内没有目标
2025-10-21 16:06:31 [TRACE] 【目标检测】屏幕内没有目标
2025-10-21 16:06:33 [TRACE] 【目标检测】屏幕内没有目标
2025-10-21 16:06:34 [TRACE] 【目标检测】屏幕内没有目标
2025-10-21 16:06:35 [TRACE] 【目标检测】屏幕内没有目标
2025-10-21 16:06:36 [TRACE] 【空洞监听】无匹配已持续：170秒
2025-10-21 16:06:36 [TRACE] 【空洞监听】即将超时，重启搜索线程
2025-10-21 16:06:38 [TRACE] 【目标检测】屏幕内没有目标
2025-10-21 16:06:39 [TRACE] 【目标检测】屏幕内没有目标
2025-10-21 16:06:41 [TRACE] 【目标检测】屏幕内没有目标
2025-10-21 16:06:42 [TRACE] 【目标检测】屏幕内没有目标
2025-10-21 16:06:43 [TRACE] 【空洞监听】无匹配已持续：178秒
2025-10-21 16:06:43 [TRACE] 【空洞监听】即将超时，重启搜索线程
2025-10-21 16:06:43 [TRACE] 【目标检测】屏幕内没有目标
2025-10-21 16:06:46 [TRACE] 【目标检测】屏幕内没有目标
2025-10-21 16:06:48 [TRACE] 【目标检测】屏幕内没有目标
2025-10-21 16:06:49 [TRACE] 【目标检测】屏幕内没有目标
2025-10-21 16:06:50 [TRACE] 【目标检测】屏幕内没有目标
2025-10-21 16:06:51 [TRACE] 【空洞监听】无匹配已持续：185秒
2025-10-21 16:06:51 [TRACE] 【空洞监听】即将超时，重启搜索线程
2025-10-21 16:06:51 [WARNING] 空洞任务异常，跳过本轮
2025-10-21 16:06:51 [INFO] 本轮耗时:7分钟
2025-10-21 16:06:51 [INFO] 当前已完成空洞 0 次 
2025-10-21 16:06:51 [DEBUG] 正在返回菜单
2025-10-21 16:06:52 [TRACE] 【目标检测】屏幕内没有目标
2025-10-21 16:06:52 [TRACE] 正在返回菜单,请保持游戏画面处于前台
2025-10-21 16:06:54 [TRACE] 正在返回菜单,请保持游戏画面处于前台
2025-10-21 16:06:57 [TRACE] 正在返回菜单,请保持游戏画面处于前台
2025-10-21 16:06:59 [TRACE] 正在返回菜单,请保持游戏画面处于前台
2025-10-21 16:07:02 [TRACE] 正在返回菜单,请保持游戏画面处于前台
2025-10-21 16:07:04 [TRACE] 正在返回菜单,请保持游戏画面处于前台
2025-10-21 16:07:06 [TRACE] 正在返回菜单,请保持游戏画面处于前台
2025-10-21 16:07:09 [TRACE] 正在返回菜单,请保持游戏画面处于前台
2025-10-21 16:07:11 [TRACE] 正在返回菜单,请保持游戏画面处于前台
2025-10-21 16:07:13 [TRACE] 正在返回菜单,请保持游戏画面处于前台
2025-10-21 16:07:15 [TRACE] 正在返回菜单,请保持游戏画面处于前台
2025-10-21 16:07:18 [TRACE] 正在返回菜单,请保持游戏画面处于前台
2025-10-21 16:07:20 [TRACE] 正在返回菜单,请保持游戏画面处于前台
2025-10-21 16:07:22 [TRACE] 正在返回菜单,请保持游戏画面处于前台
2025-10-21 16:07:25 [TRACE] 正在返回菜单,请保持游戏画面处于前台
2025-10-21 16:07:27 [TRACE] 正在返回菜单,请保持游戏画面处于前台
2025-10-21 16:07:29 [TRACE] 正在返回菜单,请保持游戏画面处于前台
2025-10-21 16:07:32 [TRACE] 正在返回菜单,请保持游戏画面处于前台
2025-10-21 16:07:34 [TRACE] 正在返回菜单,请保持游戏画面处于前台
2025-10-21 16:07:36 [TRACE] 正在返回菜单,请保持游戏画面处于前台
2025-10-21 16:07:39 [TRACE] 正在返回菜单,请保持游戏画面处于前台
2025-10-21 16:07:41 [TRACE] 正在返回菜单,请保持游戏画面处于前台
2025-10-21 16:07:43 [TRACE] 正在返回菜单,请保持游戏画面处于前台
2025-10-21 16:07:46 [TRACE] 正在返回菜单,请保持游戏画面处于前台
2025-10-21 16:07:48 [TRACE] 正在返回菜单,请保持游戏画面处于前台
2025-10-21 16:07:50 [TRACE] 正在返回菜单,请保持游戏画面处于前台
2025-10-21 16:07:53 [TRACE] 正在返回菜单,请保持游戏画面处于前台
