2025-10-23 00:56:50 [TRACE] 【线程启动】全局监听
2025-10-23 00:56:50 [TRACE] 【线程启动】终止监听
2025-10-23 00:56:50 [INFO] 现在执行 10 次零号空洞
2025-10-23 00:56:52 [DEBUG] 初始化完毕..启动{零号空洞}模块
2025-10-23 00:56:55 [SUCCESS] 程序开始接管操作，请保持游戏画面处于前台，终止按下Alt键
2025-10-23 00:56:55 [TRACE] 【线程启动】空洞搜索
2025-10-23 00:56:55 [TRACE] 【线程启动】空洞监听
2025-10-23 00:56:55 [TRACE] 【线程启动】空洞战斗
2025-10-23 00:56:55 [DEBUG] 正在返回菜单
2025-10-23 00:56:56 [TRACE] 正在返回菜单,请保持游戏画面处于前台
2025-10-23 00:56:58 [TRACE] 退出战斗返回菜单
2025-10-23 00:56:58 [TRACE] 【目标出现】C:\Users\gelon\Desktop\ZA-Lite\assets/images/daily\quit_battle.png 置信度：0.9938650131225586
2025-10-23 00:56:59 [TRACE] 【目标出现】C:\Users\gelon\Desktop\ZA-Lite\assets/images/daily\confirm.png 置信度：0.9839485287666321
2025-10-23 00:57:01 [TRACE] 【1】等待目标中 C:\Users\gelon\Desktop\ZA-Lite\assets/images/daily\quit.png
2025-10-23 00:57:01 [TRACE] 【2】等待目标中 C:\Users\gelon\Desktop\ZA-Lite\assets/images/daily\quit.png
2025-10-23 00:57:02 [TRACE] 【3】等待目标中 C:\Users\gelon\Desktop\ZA-Lite\assets/images/daily\quit.png
2025-10-23 00:57:03 [TRACE] 【4】等待目标中 C:\Users\gelon\Desktop\ZA-Lite\assets/images/daily\quit.png
2025-10-23 00:57:04 [TRACE] 【5】等待目标中 C:\Users\gelon\Desktop\ZA-Lite\assets/images/daily\quit.png
2025-10-23 00:57:04 [TRACE] 【6】等待目标中 C:\Users\gelon\Desktop\ZA-Lite\assets/images/daily\quit.png
2025-10-23 00:57:05 [TRACE] 【7】等待目标中 C:\Users\gelon\Desktop\ZA-Lite\assets/images/daily\quit.png
2025-10-23 00:57:06 [TRACE] 【8】等待目标中 C:\Users\gelon\Desktop\ZA-Lite\assets/images/daily\quit.png
2025-10-23 00:57:06 [TRACE] 【跳过】C:\Users\gelon\Desktop\ZA-Lite\assets/images/daily\quit.png
2025-10-23 00:57:07 [TRACE] 【目标出现】C:\Users\gelon\Desktop\ZA-Lite\assets/images/hollow/mission_completed.png 置信度：0.9999996423721313
2025-10-23 00:57:08 [TRACE] 正在返回菜单,请保持游戏画面处于前台
2025-10-23 00:57:10 [TRACE] 正在返回菜单,请保持游戏画面处于前台
2025-10-23 00:57:12 [TRACE] 正在返回菜单,请保持游戏画面处于前台
2025-10-23 00:57:15 [TRACE] 正在返回菜单,请保持游戏画面处于前台
2025-10-23 00:57:17 [TRACE] 正在返回菜单,请保持游戏画面处于前台
2025-10-23 00:57:19 [TRACE] 正在返回菜单,请保持游戏画面处于前台
2025-10-23 00:57:21 [TRACE] 现在处于大厅
2025-10-23 00:57:22 [INFO] 执行零号空洞任务中
2025-10-23 00:57:22 [TRACE] 【1】等待目标中 C:\Users\gelon\Desktop\ZA-Lite\assets/images/hollow\combat.png
2025-10-23 00:57:23 [TRACE] 【目标出现】C:\Users\gelon\Desktop\ZA-Lite\assets/images/hollow\combat.png 置信度：0.9762908220291138
2025-10-23 00:57:25 [TRACE] 【目标出现】C:\Users\gelon\Desktop\ZA-Lite\assets/images/hollow\zero_hollow.png 置信度：0.9999951124191284
2025-10-23 00:57:26 [TRACE] 【目标出现】C:\Users\gelon\Desktop\ZA-Lite\assets/images/hollow\go_hollow.png 置信度：0.9948659539222717
2025-10-23 00:57:27 [TRACE] 【目标出现】C:\Users\gelon\Desktop\ZA-Lite\assets/images/hollow\confirm.png 置信度：0.9839495420455933
2025-10-23 00:57:29 [TRACE] 【1】等待目标中 C:\Users\gelon\Desktop\ZA-Lite\assets/images/hollow\hollow_taskforce.png
2025-10-23 00:57:30 [TRACE] 【2】等待目标中 C:\Users\gelon\Desktop\ZA-Lite\assets/images/hollow\hollow_taskforce.png
2025-10-23 00:57:30 [TRACE] 【3】等待目标中 C:\Users\gelon\Desktop\ZA-Lite\assets/images/hollow\hollow_taskforce.png
2025-10-23 00:57:31 [TRACE] 【目标出现】C:\Users\gelon\Desktop\ZA-Lite\assets/images/hollow\hollow_taskforce.png 置信度：0.9999828934669495
2025-10-23 00:57:32 [TRACE] 【目标出现】C:\Users\gelon\Desktop\ZA-Lite\assets/images/hollow\strategy.png 置信度：0.9999997019767761
2025-10-23 00:57:33 [TRACE] 【1】等待目标中 C:\Users\gelon\Desktop\ZA-Lite\assets/images/hollow\strategy_confirm.png
2025-10-23 00:57:34 [TRACE] 【目标出现】C:\Users\gelon\Desktop\ZA-Lite\assets/images/hollow\strategy_confirm.png 置信度：0.999999463558197
2025-10-23 00:57:36 [TRACE] 【目标出现】C:\Users\gelon\Desktop\ZA-Lite\assets/images/hollow\next_step.png 置信度：0.9801077842712402
2025-10-23 00:57:37 [TRACE] 【目标出现】C:\Users\gelon\Desktop\ZA-Lite\assets/images/daily\squad_preset.png 置信度：0.9862329959869385
2025-10-23 00:57:39 [TRACE] 【目标出现】C:\Users\gelon\Desktop\ZA-Lite\assets/images/daily\squad_6.png 置信度：0.9797571897506714
2025-10-23 00:57:40 [TRACE] 【目标出现】C:\Users\gelon\Desktop\ZA-Lite\assets/images/daily\select_squad.png 置信度：0.9674624800682068
2025-10-23 00:57:41 [TRACE] 【目标出现】C:\Users\gelon\Desktop\ZA-Lite\assets/images/hollow\start_battle.png 置信度：0.974864661693573
2025-10-23 00:57:42 [TRACE] 【空洞监听】无匹配已持续：0秒
2025-10-23 00:57:42 [TRACE] 【线程启动】攻击检测
2025-10-23 00:57:44 [TRACE] 【目标检测】屏幕内没有目标
2025-10-23 00:57:45 [TRACE] 【目标检测】屏幕内没有目标
2025-10-23 00:57:46 [TRACE] 【目标检测】屏幕内没有目标
2025-10-23 00:57:47 [TRACE] 【目标检测】屏幕内没有目标
2025-10-23 00:57:48 [TRACE] 【目标检测】屏幕内没有目标
2025-10-23 00:57:49 [TRACE] 【空洞监听】无匹配已持续：6秒
2025-10-23 00:57:50 [TRACE] 【目标检测】屏幕内没有目标
2025-10-23 00:57:54 [TRACE] 【目标检测】屏幕内没有目标
2025-10-23 00:57:54 [TRACE] 【空洞监听】无匹配已持续：11秒
2025-10-23 00:57:55 [TRACE] 【目标检测】屏幕内没有目标
2025-10-23 00:57:56 [TRACE] 【目标检测】屏幕内没有目标
2025-10-23 00:57:58 [TRACE] 【目标检测】屏幕内没有目标
2025-10-23 00:58:00 [TRACE] 【目标检测】屏幕内没有目标
2025-10-23 00:58:01 [TRACE] 【空洞监听】无匹配已持续：18秒
2025-10-23 00:58:01 [TRACE] 【目标检测】屏幕内没有目标
2025-10-23 00:58:02 [TRACE] 【目标检测】屏幕内没有目标
2025-10-23 00:58:03 [TRACE] 【目标检测】屏幕内没有目标
2025-10-23 00:58:04 [TRACE] 【目标检测】屏幕内没有目标
2025-10-23 00:58:07 [TRACE] 【空洞监听】无匹配已持续：24秒
2025-10-23 00:58:09 [TRACE] 【目标检测】TRAPPED！ 类型：interact 置信度：0.9216551184654236
2025-10-23 00:58:15 [TRACE] 【状态】搜索模式：C:\Users\gelon\Desktop\ZA-Lite\assets/images/hollow\card.png 置信度：1.0
2025-10-23 00:58:16 [TRACE] 【目标检测】目标存在，但置信度不足
2025-10-23 00:58:17 [TRACE] 【目标检测】目标存在，但置信度不足
2025-10-23 00:58:18 [TRACE] 【目标检测】屏幕内没有目标
2025-10-23 00:58:19 [TRACE] 【目标检测】目标存在，但置信度不足
2025-10-23 00:58:22 [TRACE] 【目标检测】TRAPPED！ 类型：interact 置信度：0.9365453720092773
2025-10-23 00:58:26 [TRACE] 【目标检测】屏幕内没有目标
2025-10-23 00:58:27 [TRACE] 【目标检测】屏幕内没有目标
2025-10-23 00:58:28 [TRACE] 【空洞监听】无匹配已持续：0秒
2025-10-23 00:58:28 [TRACE] 【目标检测】屏幕内没有目标
2025-10-23 00:58:31 [TRACE] 【目标检测】屏幕内没有目标
2025-10-23 00:58:35 [TRACE] 【空洞监听】无匹配已持续：6秒
2025-10-23 00:58:38 [TRACE] 【目标检测】TRAPPED！ 类型：interact 置信度：0.9163430333137512
2025-10-23 00:58:45 [TRACE] 【目标检测】屏幕内没有目标
2025-10-23 00:58:46 [TRACE] 【目标检测】屏幕内没有目标
2025-10-23 00:58:47 [TRACE] 【目标检测】屏幕内没有目标
2025-10-23 00:58:48 [TRACE] 【目标检测】屏幕内没有目标
2025-10-23 00:58:56 [TRACE] 【目标检测】微调超时，无法对齐！
2025-10-23 00:58:56 [TRACE] 【空洞监听】无匹配已持续：0秒
2025-10-23 00:59:01 [TRACE] 【目标检测】TRAPPED！ 类型：interact 置信度：0.9412750005722046
2025-10-23 00:59:02 [TRACE] 【空洞监听】无匹配已持续：6秒
2025-10-23 00:59:08 [TRACE] 【目标检测】屏幕内没有目标
2025-10-23 00:59:13 [TRACE] 【状态】搜索模式：C:\Users\gelon\Desktop\ZA-Lite\assets/images/hollow\meter.png 置信度：0.9198423624038696
2025-10-23 00:59:14 [TRACE] 【目标检测】TRAPPED！ 类型：guide_point 置信度：0.810849130153656
2025-10-23 00:59:21 [TRACE] 【目标检测】屏幕内没有目标
2025-10-23 00:59:22 [TRACE] 【目标检测】屏幕内没有目标
2025-10-23 00:59:27 [TRACE] 【目标检测】屏幕内没有目标
2025-10-23 00:59:28 [TRACE] 【状态】搜索模式：C:\Users\gelon\Desktop\ZA-Lite\assets/images/hollow\meter.png 置信度：0.9137336015701294
2025-10-23 00:59:31 [TRACE] 【目标检测】微调超时，无法对齐！
2025-10-23 00:59:33 [TRACE] 【目标检测】TRAPPED！ 类型：guide_point 置信度：0.790242612361908
2025-10-23 00:59:34 [TRACE] 【状态】搜索模式：C:\Users\gelon\Desktop\ZA-Lite\assets/images/hollow\meter.png 置信度：0.9158021807670593
2025-10-23 00:59:37 [TRACE] 【目标检测】目标存在，但置信度不足
2025-10-23 00:59:40 [TRACE] 【目标检测】目标存在，但置信度不足
2025-10-23 00:59:41 [TRACE] 【状态】搜索模式：C:\Users\gelon\Desktop\ZA-Lite\assets/images/hollow\meter.png 置信度：0.9770311713218689
2025-10-23 00:59:46 [TRACE] 【目标检测】微调超时，无法对齐！
2025-10-23 00:59:47 [TRACE] 【状态】搜索模式：C:\Users\gelon\Desktop\ZA-Lite\assets/images/hollow\meter.png 置信度：0.9218424558639526
2025-10-23 00:59:49 [TRACE] 【目标检测】TRAPPED！ 类型：guide_point 置信度：0.8246176838874817
2025-10-23 00:59:57 [TRACE] 【空洞监听】无匹配已持续：0秒
2025-10-23 00:59:59 [TRACE] 【目标检测】TRAPPED！ 类型：blue_portal 置信度：0.9294412732124329
2025-10-23 01:00:03 [TRACE] 【空洞监听】无匹配已持续：6秒
2025-10-23 01:00:08 [TRACE] 【目标检测】TRAPPED！ 类型：blue_portal 置信度：0.9630579948425293
2025-10-23 01:00:10 [TRACE] 【空洞监听】无匹配已持续：13秒
2025-10-23 01:00:15 [TRACE] 【目标检测】屏幕内没有目标
2025-10-23 01:00:16 [TRACE] 【空洞监听】无匹配已持续：19秒
2025-10-23 01:00:19 [TRACE] 【目标检测】TRAPPED！ 类型：interact 置信度：0.9546001553535461
2025-10-23 01:00:23 [TRACE] 【空洞监听】无匹配已持续：25秒
2025-10-23 01:00:26 [TRACE] 【目标检测】TRAPPED！ 类型：interact 置信度：0.9281390309333801
2025-10-23 01:00:29 [TRACE] 【空洞监听】无匹配已持续：32秒
2025-10-23 01:00:32 [TRACE] 【目标检测】屏幕内没有目标
2025-10-23 01:00:33 [TRACE] 【目标检测】屏幕内没有目标
2025-10-23 01:00:35 [TRACE] 【目标检测】屏幕内没有目标
2025-10-23 01:00:35 [TRACE] 【目标检测】屏幕内没有目标
2025-10-23 01:00:37 [TRACE] 【目标检测】屏幕内没有目标
2025-10-23 01:00:39 [TRACE] 【目标检测】屏幕内没有目标
2025-10-23 01:00:40 [TRACE] 【目标检测】屏幕内没有目标
2025-10-23 01:00:41 [TRACE] 【目标检测】目标存在，但置信度不足
2025-10-23 01:00:42 [TRACE] 【目标检测】目标存在，但置信度不足
2025-10-23 01:00:43 [TRACE] 【状态】搜索模式：C:\Users\gelon\Desktop\ZA-Lite\assets/images/hollow\resonium.png 置信度：1.0
2025-10-23 01:00:43 [TRACE] 【目标检测】屏幕内没有目标
2025-10-23 01:00:43 [TRACE] 【目标出现】C:\Users\gelon\Desktop\ZA-Lite\assets/images/hollow\resonium.png 置信度：1.0
2025-10-23 01:00:43 [TRACE] 【本轮的坐标】：(np.int64(1378), np.int64(461)) ------------
2025-10-23 01:00:43 [TRACE] 【已点击过的坐标】：[(-10, -10)]
2025-10-23 01:00:43 [TRACE] 【成功点击】
2025-10-23 01:00:44 [TRACE] 【本轮的坐标】：(np.int64(1785), np.int64(461)) ------------
2025-10-23 01:00:44 [TRACE] 【已点击过的坐标】：[(-10, -10), (np.int64(1378), np.int64(461))]
2025-10-23 01:00:44 [TRACE] 【成功点击】
2025-10-23 01:00:44 [TRACE] 【目标检测】屏幕内没有目标
2025-10-23 01:00:45 [TRACE] 【本轮的坐标】：(np.int64(1786), np.int64(461)) ------------
2025-10-23 01:00:45 [TRACE] 【已点击过的坐标】：[(-10, -10), (np.int64(1378), np.int64(461)), (np.int64(1785), np.int64(461))]
2025-10-23 01:00:45 [TRACE] 【坐标太近】视为重复
2025-10-23 01:00:45 [TRACE] 【没有通过的坐标】开始下一轮
2025-10-23 01:00:45 [TRACE] 【本轮的坐标】：(np.int64(1377), np.int64(462)) ------------
2025-10-23 01:00:45 [TRACE] 【已点击过的坐标】：[(-10, -10), (np.int64(1378), np.int64(461)), (np.int64(1785), np.int64(461))]
2025-10-23 01:00:45 [TRACE] 【坐标太近】视为重复
2025-10-23 01:00:45 [TRACE] 【没有通过的坐标】开始下一轮
2025-10-23 01:00:45 [TRACE] 【本轮的坐标】：(np.int64(1378), np.int64(462)) ------------
2025-10-23 01:00:45 [TRACE] 【已点击过的坐标】：[(-10, -10), (np.int64(1378), np.int64(461)), (np.int64(1785), np.int64(461))]
2025-10-23 01:00:45 [TRACE] 【坐标太近】视为重复
2025-10-23 01:00:45 [TRACE] 【没有通过的坐标】开始下一轮
2025-10-23 01:00:45 [TRACE] 【本轮的坐标】：(np.int64(1379), np.int64(462)) ------------
2025-10-23 01:00:45 [TRACE] 【已点击过的坐标】：[(-10, -10), (np.int64(1378), np.int64(461)), (np.int64(1785), np.int64(461))]
2025-10-23 01:00:45 [TRACE] 【坐标太近】视为重复
2025-10-23 01:00:45 [TRACE] 【没有通过的坐标】开始下一轮
2025-10-23 01:00:45 [TRACE] 【本轮的坐标】：(np.int64(1784), np.int64(462)) ------------
2025-10-23 01:00:45 [TRACE] 【已点击过的坐标】：[(-10, -10), (np.int64(1378), np.int64(461)), (np.int64(1785), np.int64(461))]
2025-10-23 01:00:45 [TRACE] 【坐标太近】视为重复
2025-10-23 01:00:45 [TRACE] 【没有通过的坐标】开始下一轮
2025-10-23 01:00:45 [TRACE] 【本轮的坐标】：(np.int64(1785), np.int64(462)) ------------
2025-10-23 01:00:45 [TRACE] 【已点击过的坐标】：[(-10, -10), (np.int64(1378), np.int64(461)), (np.int64(1785), np.int64(461))]
2025-10-23 01:00:45 [TRACE] 【坐标太近】视为重复
2025-10-23 01:00:45 [TRACE] 【没有通过的坐标】开始下一轮
2025-10-23 01:00:45 [TRACE] 【本轮的坐标】：(np.int64(1786), np.int64(462)) ------------
2025-10-23 01:00:45 [TRACE] 【已点击过的坐标】：[(-10, -10), (np.int64(1378), np.int64(461)), (np.int64(1785), np.int64(461))]
2025-10-23 01:00:45 [TRACE] 【坐标太近】视为重复
2025-10-23 01:00:45 [TRACE] 【没有通过的坐标】开始下一轮
2025-10-23 01:00:45 [TRACE] 【本轮的坐标】：(np.int64(1378), np.int64(463)) ------------
2025-10-23 01:00:45 [TRACE] 【已点击过的坐标】：[(-10, -10), (np.int64(1378), np.int64(461)), (np.int64(1785), np.int64(461))]
2025-10-23 01:00:45 [TRACE] 【坐标太近】视为重复
2025-10-23 01:00:45 [TRACE] 【没有通过的坐标】开始下一轮
2025-10-23 01:00:45 [TRACE] 【本轮的坐标】：(np.int64(1785), np.int64(463)) ------------
2025-10-23 01:00:45 [TRACE] 【已点击过的坐标】：[(-10, -10), (np.int64(1378), np.int64(461)), (np.int64(1785), np.int64(461))]
2025-10-23 01:00:45 [TRACE] 【坐标太近】视为重复
2025-10-23 01:00:45 [TRACE] 【没有通过的坐标】开始下一轮
2025-10-23 01:00:45 [TRACE] 【完成所有点击】有效次数：2
2025-10-23 01:00:45 [TRACE] 【目标检测】屏幕内没有目标
2025-10-23 01:00:47 [TRACE] 【目标检测】屏幕内没有目标
2025-10-23 01:00:48 [TRACE] 【目标检测】屏幕内没有目标
2025-10-23 01:00:49 [TRACE] 【目标检测】屏幕内没有目标
2025-10-23 01:00:50 [TRACE] 【目标检测】屏幕内没有目标
2025-10-23 01:00:58 [TRACE] 【空洞监听】无匹配已持续：0秒
2025-10-23 01:00:58 [TRACE] 【目标检测】微调超时，无法对齐！
2025-10-23 01:01:02 [TRACE] 【状态】搜索模式：C:\Users\gelon\Desktop\ZA-Lite\assets/images/hollow\meter.png 置信度：0.9422656893730164
2025-10-23 01:01:04 [TRACE] 【目标检测】TRAPPED！ 类型：guide_point 置信度：0.9432798027992249
2025-10-23 01:01:11 [TRACE] 【目标检测】屏幕内没有目标
2025-10-23 01:01:11 [TRACE] 【空洞监听】无匹配已持续：0秒
2025-10-23 01:01:12 [TRACE] 【目标检测】屏幕内没有目标
2025-10-23 01:01:13 [TRACE] 【目标检测】屏幕内没有目标
2025-10-23 01:01:14 [TRACE] 【目标检测】屏幕内没有目标
2025-10-23 01:01:15 [TRACE] 【目标检测】屏幕内没有目标
2025-10-23 01:01:18 [TRACE] 【目标检测】屏幕内没有目标
2025-10-23 01:01:18 [TRACE] 【空洞监听】无匹配已持续：7秒
2025-10-23 01:01:19 [TRACE] 【目标检测】屏幕内没有目标
2025-10-23 01:01:20 [TRACE] 【目标检测】屏幕内没有目标
2025-10-23 01:01:21 [TRACE] 【目标检测】屏幕内没有目标
2025-10-23 01:01:22 [TRACE] 【目标检测】屏幕内没有目标
2025-10-23 01:01:25 [TRACE] 【目标检测】屏幕内没有目标
2025-10-23 01:01:25 [TRACE] 【空洞监听】无匹配已持续：14秒
2025-10-23 01:01:27 [TRACE] 【目标检测】屏幕内没有目标
2025-10-23 01:01:28 [TRACE] 【目标检测】屏幕内没有目标
2025-10-23 01:01:29 [TRACE] 【目标检测】屏幕内没有目标
2025-10-23 01:01:30 [TRACE] 【目标检测】屏幕内没有目标
2025-10-23 01:01:31 [TRACE] 【空洞监听】无匹配已持续：20秒
2025-10-23 01:01:33 [TRACE] 【目标检测】屏幕内没有目标
2025-10-23 01:01:34 [TRACE] 【目标检测】屏幕内没有目标
2025-10-23 01:01:35 [TRACE] 【目标检测】屏幕内没有目标
2025-10-23 01:01:36 [TRACE] 【目标检测】屏幕内没有目标
2025-10-23 01:01:37 [TRACE] 【目标检测】屏幕内没有目标
2025-10-23 01:01:39 [TRACE] 【空洞监听】无匹配已持续：27秒
2025-10-23 01:01:39 [TRACE] 【目标检测】屏幕内没有目标
2025-10-23 01:01:40 [TRACE] 【目标检测】屏幕内没有目标
2025-10-23 01:01:42 [TRACE] 【目标检测】屏幕内没有目标
2025-10-23 01:01:43 [TRACE] 【目标检测】屏幕内没有目标
2025-10-23 01:01:44 [TRACE] 【目标检测】屏幕内没有目标
2025-10-23 01:01:45 [TRACE] 【空洞监听】无匹配已持续：34秒
2025-10-23 01:01:46 [TRACE] 【目标检测】屏幕内没有目标
2025-10-23 01:01:47 [TRACE] 【目标检测】屏幕内没有目标
2025-10-23 01:01:48 [TRACE] 【目标检测】屏幕内没有目标
2025-10-23 01:01:50 [TRACE] 【目标检测】屏幕内没有目标
2025-10-23 01:01:51 [TRACE] 【目标检测】屏幕内没有目标
2025-10-23 01:01:51 [TRACE] 【空洞监听】无匹配已持续：40秒
2025-10-23 01:01:53 [TRACE] 【目标检测】屏幕内没有目标
2025-10-23 01:01:54 [TRACE] 【目标检测】屏幕内没有目标
2025-10-23 01:01:55 [TRACE] 【目标检测】屏幕内没有目标
2025-10-23 01:01:56 [TRACE] 【目标检测】屏幕内没有目标
2025-10-23 01:01:57 [TRACE] 【目标检测】屏幕内没有目标
2025-10-23 01:01:58 [TRACE] 【空洞监听】无匹配已持续：47秒
2025-10-23 01:02:00 [TRACE] 【目标检测】屏幕内没有目标
2025-10-23 01:02:01 [TRACE] 【目标检测】屏幕内没有目标
2025-10-23 01:02:02 [TRACE] 【目标检测】屏幕内没有目标
2025-10-23 01:02:03 [TRACE] 【目标检测】屏幕内没有目标
2025-10-23 01:02:04 [TRACE] 【目标检测】屏幕内没有目标
2025-10-23 01:02:05 [TRACE] 【空洞监听】无匹配已持续：54秒
2025-10-23 01:02:06 [TRACE] 【目标检测】屏幕内没有目标
2025-10-23 01:02:08 [TRACE] 【目标检测】屏幕内没有目标
2025-10-23 01:02:09 [TRACE] 【目标检测】屏幕内没有目标
2025-10-23 01:02:10 [TRACE] 【目标检测】目标存在，但置信度不足
2025-10-23 01:02:11 [TRACE] 【目标检测】屏幕内没有目标
2025-10-23 01:02:12 [TRACE] 【空洞监听】无匹配已持续：61秒
2025-10-23 01:02:12 [TRACE] 【空洞监听】即将超时，重启搜索线程
2025-10-23 01:02:12 [TRACE] 【目标检测】屏幕内没有目标
2025-10-23 01:02:14 [TRACE] 【目标检测】屏幕内没有目标
2025-10-23 01:02:16 [TRACE] 【目标检测】屏幕内没有目标
2025-10-23 01:02:17 [TRACE] 【目标检测】屏幕内没有目标
2025-10-23 01:02:18 [TRACE] 【目标检测】屏幕内没有目标
2025-10-23 01:02:19 [TRACE] 【空洞监听】无匹配已持续：67秒
2025-10-23 01:02:19 [TRACE] 【空洞监听】即将超时，重启搜索线程
2025-10-23 01:02:19 [TRACE] 【目标检测】屏幕内没有目标
2025-10-23 01:02:21 [TRACE] 【目标检测】屏幕内没有目标
2025-10-23 01:02:22 [TRACE] 【目标检测】屏幕内没有目标
2025-10-23 01:02:23 [TRACE] 【目标检测】屏幕内没有目标
2025-10-23 01:02:24 [TRACE] 【目标检测】屏幕内没有目标
2025-10-23 01:02:25 [TRACE] 【目标检测】屏幕内没有目标
2025-10-23 01:02:25 [TRACE] 【空洞监听】无匹配已持续：74秒
2025-10-23 01:02:25 [TRACE] 【空洞监听】即将超时，重启搜索线程
2025-10-23 01:02:28 [TRACE] 【目标检测】屏幕内没有目标
2025-10-23 01:02:29 [TRACE] 【目标检测】屏幕内没有目标
2025-10-23 01:02:30 [TRACE] 【目标检测】屏幕内没有目标
2025-10-23 01:02:31 [TRACE] 【目标检测】屏幕内没有目标
2025-10-23 01:02:32 [TRACE] 【目标检测】屏幕内没有目标
2025-10-23 01:02:32 [TRACE] 【空洞监听】无匹配已持续：81秒
2025-10-23 01:02:32 [TRACE] 【空洞监听】即将超时，重启搜索线程
2025-10-23 01:02:34 [TRACE] 【目标检测】屏幕内没有目标
2025-10-23 01:02:35 [TRACE] 【目标检测】屏幕内没有目标
2025-10-23 01:02:36 [TRACE] 【目标检测】屏幕内没有目标
2025-10-23 01:02:38 [TRACE] 【目标检测】屏幕内没有目标
2025-10-23 01:02:39 [TRACE] 【目标检测】屏幕内没有目标
2025-10-23 01:02:39 [TRACE] 【空洞监听】无匹配已持续：88秒
2025-10-23 01:02:39 [TRACE] 【空洞监听】即将超时，重启搜索线程
2025-10-23 01:02:41 [TRACE] 【目标检测】屏幕内没有目标
2025-10-23 01:02:42 [TRACE] 【目标检测】屏幕内没有目标
2025-10-23 01:02:43 [TRACE] 【目标检测】屏幕内没有目标
2025-10-23 01:02:45 [TRACE] 【目标检测】屏幕内没有目标
2025-10-23 01:02:46 [TRACE] 【目标检测】屏幕内没有目标
2025-10-23 01:02:46 [TRACE] 【空洞监听】无匹配已持续：95秒
2025-10-23 01:02:46 [TRACE] 【空洞监听】即将超时，重启搜索线程
2025-10-23 01:02:48 [TRACE] 【目标检测】屏幕内没有目标
2025-10-23 01:02:49 [TRACE] 【目标检测】屏幕内没有目标
2025-10-23 01:02:50 [TRACE] 【目标检测】屏幕内没有目标
2025-10-23 01:02:51 [TRACE] 【目标检测】屏幕内没有目标
2025-10-23 01:02:52 [TRACE] 【目标检测】屏幕内没有目标
2025-10-23 01:02:53 [TRACE] 【空洞监听】无匹配已持续：101秒
2025-10-23 01:02:53 [TRACE] 【空洞监听】即将超时，重启搜索线程
2025-10-23 01:02:54 [TRACE] 【目标检测】屏幕内没有目标
2025-10-23 01:02:56 [TRACE] 【目标检测】屏幕内没有目标
2025-10-23 01:02:57 [TRACE] 【目标检测】屏幕内没有目标
2025-10-23 01:02:58 [TRACE] 【目标检测】屏幕内没有目标
2025-10-23 01:02:59 [TRACE] 【目标检测】屏幕内没有目标
2025-10-23 01:03:00 [TRACE] 【空洞监听】无匹配已持续：108秒
2025-10-23 01:03:00 [TRACE] 【空洞监听】即将超时，重启搜索线程
2025-10-23 01:03:01 [TRACE] 【目标检测】屏幕内没有目标
2025-10-23 01:03:02 [TRACE] 【目标检测】屏幕内没有目标
2025-10-23 01:03:03 [TRACE] 【目标检测】屏幕内没有目标
2025-10-23 01:03:04 [TRACE] 【目标检测】屏幕内没有目标
2025-10-23 01:03:05 [TRACE] 【目标检测】屏幕内没有目标
2025-10-23 01:03:06 [TRACE] 【空洞监听】无匹配已持续：114秒
2025-10-23 01:03:06 [TRACE] 【空洞监听】即将超时，重启搜索线程
2025-10-23 01:03:08 [TRACE] 【目标检测】屏幕内没有目标
2025-10-23 01:03:09 [TRACE] 【目标检测】屏幕内没有目标
2025-10-23 01:03:10 [TRACE] 【目标检测】屏幕内没有目标
2025-10-23 01:03:11 [TRACE] 【目标检测】屏幕内没有目标
2025-10-23 01:03:12 [TRACE] 【目标检测】屏幕内没有目标
2025-10-23 01:03:13 [TRACE] 【空洞监听】无匹配已持续：122秒
2025-10-23 01:03:13 [TRACE] 【空洞监听】即将超时，重启搜索线程
2025-10-23 01:03:14 [TRACE] 【目标检测】屏幕内没有目标
2025-10-23 01:03:15 [TRACE] 【目标检测】屏幕内没有目标
2025-10-23 01:03:16 [TRACE] 【目标检测】屏幕内没有目标
2025-10-23 01:03:17 [TRACE] 【目标检测】屏幕内没有目标
2025-10-23 01:03:18 [TRACE] 【目标检测】屏幕内没有目标
2025-10-23 01:03:19 [TRACE] 【空洞监听】无匹配已持续：128秒
2025-10-23 01:03:19 [TRACE] 【空洞监听】即将超时，重启搜索线程
2025-10-23 01:03:21 [TRACE] 【目标检测】屏幕内没有目标
2025-10-23 01:03:22 [TRACE] 【目标检测】屏幕内没有目标
2025-10-23 01:03:23 [TRACE] 【目标检测】屏幕内没有目标
2025-10-23 01:03:24 [TRACE] 【目标检测】屏幕内没有目标
2025-10-23 01:03:26 [TRACE] 【目标检测】屏幕内没有目标
2025-10-23 01:03:26 [TRACE] 【空洞监听】无匹配已持续：135秒
2025-10-23 01:03:26 [TRACE] 【空洞监听】即将超时，重启搜索线程
2025-10-23 01:03:29 [TRACE] 【目标检测】屏幕内没有目标
2025-10-23 01:03:30 [TRACE] 【目标检测】屏幕内没有目标
2025-10-23 01:03:31 [TRACE] 【目标检测】屏幕内没有目标
2025-10-23 01:03:32 [TRACE] 【目标检测】屏幕内没有目标
2025-10-23 01:03:33 [TRACE] 【空洞监听】无匹配已持续：142秒
2025-10-23 01:03:33 [TRACE] 【空洞监听】即将超时，重启搜索线程
2025-10-23 01:03:33 [TRACE] 【目标检测】屏幕内没有目标
2025-10-23 01:03:35 [TRACE] 【目标检测】屏幕内没有目标
2025-10-23 01:03:36 [TRACE] 【目标检测】屏幕内没有目标
2025-10-23 01:03:38 [TRACE] 【目标检测】屏幕内没有目标
2025-10-23 01:03:39 [TRACE] 【目标检测】屏幕内没有目标
2025-10-23 01:03:40 [TRACE] 【空洞监听】无匹配已持续：148秒
2025-10-23 01:03:40 [TRACE] 【空洞监听】即将超时，重启搜索线程
2025-10-23 01:03:40 [TRACE] 【目标检测】屏幕内没有目标
2025-10-23 01:03:42 [TRACE] 【目标检测】屏幕内没有目标
2025-10-23 01:03:43 [TRACE] 【目标检测】屏幕内没有目标
2025-10-23 01:03:44 [TRACE] 【目标检测】屏幕内没有目标
2025-10-23 01:03:45 [TRACE] 【目标检测】屏幕内没有目标
2025-10-23 01:03:46 [TRACE] 【空洞监听】无匹配已持续：154秒
2025-10-23 01:03:46 [TRACE] 【空洞监听】即将超时，重启搜索线程
2025-10-23 01:03:46 [TRACE] 【目标检测】屏幕内没有目标
2025-10-23 01:03:49 [TRACE] 【目标检测】屏幕内没有目标
2025-10-23 01:03:50 [TRACE] 【目标检测】屏幕内没有目标
2025-10-23 01:03:51 [TRACE] 【目标检测】屏幕内没有目标
2025-10-23 01:03:52 [TRACE] 【目标检测】屏幕内没有目标
2025-10-23 01:03:52 [TRACE] 【空洞监听】无匹配已持续：161秒
2025-10-23 01:03:52 [TRACE] 【空洞监听】即将超时，重启搜索线程
2025-10-23 01:03:53 [TRACE] 【目标检测】屏幕内没有目标
2025-10-23 01:03:55 [TRACE] 【目标检测】屏幕内没有目标
2025-10-23 01:03:56 [TRACE] 【目标检测】屏幕内没有目标
2025-10-23 01:03:57 [TRACE] 【目标检测】目标存在，但置信度不足
2025-10-23 01:03:59 [TRACE] 【目标检测】屏幕内没有目标
2025-10-23 01:03:59 [TRACE] 【空洞监听】无匹配已持续：168秒
2025-10-23 01:03:59 [TRACE] 【空洞监听】即将超时，重启搜索线程
2025-10-23 01:04:00 [TRACE] 【目标检测】屏幕内没有目标
2025-10-23 01:04:01 [TRACE] 【目标检测】屏幕内没有目标
2025-10-23 01:04:03 [TRACE] 【目标检测】屏幕内没有目标
2025-10-23 01:04:04 [TRACE] 【目标检测】屏幕内没有目标
2025-10-23 01:04:05 [TRACE] 【目标检测】屏幕内没有目标
2025-10-23 01:04:06 [TRACE] 【空洞监听】无匹配已持续：174秒
2025-10-23 01:04:06 [TRACE] 【空洞监听】即将超时，重启搜索线程
2025-10-23 01:04:06 [TRACE] 【目标检测】屏幕内没有目标
2025-10-23 01:04:08 [TRACE] 【目标检测】屏幕内没有目标
2025-10-23 01:04:10 [TRACE] 【目标检测】目标存在，但置信度不足
2025-10-23 01:04:11 [TRACE] 【目标检测】屏幕内没有目标
2025-10-23 01:04:12 [TRACE] 【目标检测】屏幕内没有目标
2025-10-23 01:04:12 [TRACE] 【空洞监听】无匹配已持续：181秒
2025-10-23 01:04:12 [TRACE] 【空洞监听】即将超时，重启搜索线程
2025-10-23 01:04:12 [WARNING] 空洞任务异常，跳过本轮
2025-10-23 01:04:13 [INFO] 本轮耗时:6分钟
2025-10-23 01:04:13 [INFO] 当前已完成空洞 0 次 
2025-10-23 01:04:13 [DEBUG] 正在返回菜单
2025-10-23 01:04:13 [TRACE] 【目标检测】屏幕内没有目标
2025-10-23 01:04:13 [TRACE] 正在返回菜单,请保持游戏画面处于前台
2025-10-23 01:04:15 [TRACE] 退出战斗返回菜单
2025-10-23 01:04:16 [TRACE] 【目标出现】C:\Users\gelon\Desktop\ZA-Lite\assets/images/daily\quit_battle.png 置信度：0.9938647150993347
2025-10-23 01:04:17 [TRACE] 【1】等待目标中 C:\Users\gelon\Desktop\ZA-Lite\assets/images/daily\confirm.png
2025-10-23 01:04:18 [TRACE] 【2】等待目标中 C:\Users\gelon\Desktop\ZA-Lite\assets/images/daily\confirm.png
2025-10-23 01:04:19 [TRACE] 【3】等待目标中 C:\Users\gelon\Desktop\ZA-Lite\assets/images/daily\confirm.png
2025-10-23 01:04:19 [TRACE] 【4】等待目标中 C:\Users\gelon\Desktop\ZA-Lite\assets/images/daily\confirm.png
2025-10-23 01:04:20 [TRACE] 【5】等待目标中 C:\Users\gelon\Desktop\ZA-Lite\assets/images/daily\confirm.png
2025-10-23 01:04:21 [TRACE] 【6】等待目标中 C:\Users\gelon\Desktop\ZA-Lite\assets/images/daily\confirm.png
2025-10-23 01:04:21 [TRACE] 【7】等待目标中 C:\Users\gelon\Desktop\ZA-Lite\assets/images/daily\confirm.png
2025-10-23 01:04:22 [TRACE] 【8】等待目标中 C:\Users\gelon\Desktop\ZA-Lite\assets/images/daily\confirm.png
2025-10-23 01:04:23 [TRACE] 【9】等待目标中 C:\Users\gelon\Desktop\ZA-Lite\assets/images/daily\confirm.png
2025-10-23 01:04:24 [TRACE] 【10】等待目标中 C:\Users\gelon\Desktop\ZA-Lite\assets/images/daily\confirm.png
2025-10-23 01:04:24 [TRACE] 【11】等待目标中 C:\Users\gelon\Desktop\ZA-Lite\assets/images/daily\confirm.png
2025-10-23 01:04:25 [TRACE] 【12】等待目标中 C:\Users\gelon\Desktop\ZA-Lite\assets/images/daily\confirm.png
2025-10-23 01:04:26 [TRACE] 【13】等待目标中 C:\Users\gelon\Desktop\ZA-Lite\assets/images/daily\confirm.png
2025-10-23 01:04:26 [TRACE] 【14】等待目标中 C:\Users\gelon\Desktop\ZA-Lite\assets/images/daily\confirm.png
2025-10-23 01:04:27 [TRACE] 【15】等待目标中 C:\Users\gelon\Desktop\ZA-Lite\assets/images/daily\confirm.png
2025-10-23 01:04:28 [TRACE] 【16】等待目标中 C:\Users\gelon\Desktop\ZA-Lite\assets/images/daily\confirm.png
2025-10-23 01:04:29 [TRACE] 【17】等待目标中 C:\Users\gelon\Desktop\ZA-Lite\assets/images/daily\confirm.png
2025-10-23 01:04:29 [TRACE] 【18】等待目标中 C:\Users\gelon\Desktop\ZA-Lite\assets/images/daily\confirm.png
2025-10-23 01:04:30 [TRACE] 【19】等待目标中 C:\Users\gelon\Desktop\ZA-Lite\assets/images/daily\confirm.png
2025-10-23 01:04:31 [TRACE] 【20】等待目标中 C:\Users\gelon\Desktop\ZA-Lite\assets/images/daily\confirm.png
2025-10-23 01:04:31 [ERROR] 等待超时,开始重试
2025-10-23 01:04:32 [TRACE] 正在返回菜单,请保持游戏画面处于前台
2025-10-23 01:04:34 [TRACE] 退出战斗返回菜单
2025-10-23 01:04:34 [TRACE] 【目标出现】C:\Users\gelon\Desktop\ZA-Lite\assets/images/daily\quit_battle.png 置信度：0.9938648343086243
2025-10-23 01:04:36 [TRACE] 【目标出现】C:\Users\gelon\Desktop\ZA-Lite\assets/images/daily\confirm.png 置信度：0.9839462041854858
2025-10-23 01:04:37 [TRACE] 【1】等待目标中 C:\Users\gelon\Desktop\ZA-Lite\assets/images/daily\quit.png
2025-10-23 01:04:38 [TRACE] 【2】等待目标中 C:\Users\gelon\Desktop\ZA-Lite\assets/images/daily\quit.png
2025-10-23 01:04:38 [TRACE] 【3】等待目标中 C:\Users\gelon\Desktop\ZA-Lite\assets/images/daily\quit.png
2025-10-23 01:04:39 [TRACE] 【4】等待目标中 C:\Users\gelon\Desktop\ZA-Lite\assets/images/daily\quit.png
2025-10-23 01:04:40 [TRACE] 【5】等待目标中 C:\Users\gelon\Desktop\ZA-Lite\assets/images/daily\quit.png
2025-10-23 01:04:41 [TRACE] 【6】等待目标中 C:\Users\gelon\Desktop\ZA-Lite\assets/images/daily\quit.png
2025-10-23 01:04:41 [TRACE] 【7】等待目标中 C:\Users\gelon\Desktop\ZA-Lite\assets/images/daily\quit.png
2025-10-23 01:04:42 [TRACE] 【8】等待目标中 C:\Users\gelon\Desktop\ZA-Lite\assets/images/daily\quit.png
2025-10-23 01:04:43 [TRACE] 【跳过】C:\Users\gelon\Desktop\ZA-Lite\assets/images/daily\quit.png
2025-10-23 01:04:43 [TRACE] 【目标出现】C:\Users\gelon\Desktop\ZA-Lite\assets/images/hollow/mission_completed.png 置信度：0.9999998211860657
2025-10-23 01:04:44 [TRACE] 正在返回菜单,请保持游戏画面处于前台
2025-10-23 01:04:46 [TRACE] 正在返回菜单,请保持游戏画面处于前台
2025-10-23 01:04:49 [TRACE] 正在返回菜单,请保持游戏画面处于前台
2025-10-23 01:04:51 [TRACE] 正在返回菜单,请保持游戏画面处于前台
2025-10-23 01:04:54 [TRACE] 正在返回菜单,请保持游戏画面处于前台
2025-10-23 01:04:56 [TRACE] 正在返回菜单,请保持游戏画面处于前台
2025-10-23 01:04:58 [TRACE] 正在返回菜单,请保持游戏画面处于前台
2025-10-23 01:05:00 [TRACE] 正在返回菜单,请保持游戏画面处于前台
2025-10-23 01:05:03 [TRACE] 正在返回菜单,请保持游戏画面处于前台
2025-10-23 01:05:05 [TRACE] 正在返回菜单,请保持游戏画面处于前台
2025-10-23 01:05:07 [TRACE] 正在返回菜单,请保持游戏画面处于前台
2025-10-23 01:05:10 [TRACE] 正在返回菜单,请保持游戏画面处于前台
2025-10-23 01:05:13 [TRACE] 正在返回菜单,请保持游戏画面处于前台
2025-10-23 01:05:15 [TRACE] 正在返回菜单,请保持游戏画面处于前台
2025-10-23 01:05:17 [TRACE] 正在返回菜单,请保持游戏画面处于前台
2025-10-23 01:05:19 [TRACE] 正在返回菜单,请保持游戏画面处于前台
2025-10-23 01:05:22 [TRACE] 正在返回菜单,请保持游戏画面处于前台
2025-10-23 01:05:24 [TRACE] 正在返回菜单,请保持游戏画面处于前台
2025-10-23 01:05:26 [TRACE] 正在返回菜单,请保持游戏画面处于前台
2025-10-23 01:05:29 [TRACE] 正在返回菜单,请保持游戏画面处于前台
2025-10-23 01:05:31 [TRACE] 正在返回菜单,请保持游戏画面处于前台
2025-10-23 01:05:33 [TRACE] 正在返回菜单,请保持游戏画面处于前台
2025-10-23 01:05:35 [ERROR] 无法获取HWND
2025-10-23 01:05:36 [TRACE] 正在返回菜单,请保持游戏画面处于前台
2025-10-23 01:05:38 [TRACE] 正在返回菜单,请保持游戏画面处于前台
2025-10-23 01:05:40 [TRACE] 正在返回菜单,请保持游戏画面处于前台
2025-10-23 01:05:43 [TRACE] 正在返回菜单,请保持游戏画面处于前台
2025-10-23 01:05:45 [TRACE] 正在返回菜单,请保持游戏画面处于前台
2025-10-23 01:05:47 [TRACE] 正在返回菜单,请保持游戏画面处于前台
2025-10-23 01:05:49 [TRACE] 正在返回菜单,请保持游戏画面处于前台
2025-10-23 01:05:52 [TRACE] 正在返回菜单,请保持游戏画面处于前台
2025-10-23 01:05:54 [TRACE] 正在返回菜单,请保持游戏画面处于前台
2025-10-23 01:05:56 [TRACE] 正在返回菜单,请保持游戏画面处于前台
2025-10-23 01:05:59 [TRACE] 正在返回菜单,请保持游戏画面处于前台
2025-10-23 01:06:01 [TRACE] 正在返回菜单,请保持游戏画面处于前台
2025-10-23 01:06:04 [TRACE] 正在返回菜单,请保持游戏画面处于前台
2025-10-23 01:06:06 [TRACE] 正在返回菜单,请保持游戏画面处于前台
2025-10-23 01:06:08 [TRACE] 正在返回菜单,请保持游戏画面处于前台
2025-10-23 01:06:11 [TRACE] 正在返回菜单,请保持游戏画面处于前台
2025-10-23 01:06:13 [TRACE] 正在返回菜单,请保持游戏画面处于前台
2025-10-23 01:06:16 [TRACE] 正在返回菜单,请保持游戏画面处于前台
2025-10-23 01:06:18 [TRACE] 正在返回菜单,请保持游戏画面处于前台
