2025-10-19 20:49:31 [TRACE] 【线程启动】全局监听
2025-10-19 20:49:31 [TRACE] 【线程启动】终止监听
2025-10-19 20:49:31 [INFO] 现在执行 1 次零号空洞
2025-10-19 20:49:33 [DEBUG] 初始化完毕..启动{零号空洞}模块
2025-10-19 20:49:36 [DEBUG] 启动游戏：D:/Game Files/ZenlessZoneZero Game/ZenlessZoneZero.exe
2025-10-19 20:49:40 [SUCCESS] 程序开始接管操作，请保持游戏画面处于前台，终止按下Alt键
2025-10-19 20:49:40 [TRACE] 【线程启动】空洞搜索
2025-10-19 20:49:40 [TRACE] 【线程启动】空洞监听
2025-10-19 20:49:40 [TRACE] 【线程启动】空洞战斗
2025-10-19 20:49:40 [DEBUG] 正在返回菜单
2025-10-19 20:49:41 [TRACE] 正在返回菜单,请保持游戏画面处于前台
2025-10-19 20:49:43 [TRACE] 正在返回菜单,请保持游戏画面处于前台
2025-10-19 20:49:45 [TRACE] 正在返回菜单,请保持游戏画面处于前台
2025-10-19 20:49:47 [TRACE] 正在返回菜单,请保持游戏画面处于前台
2025-10-19 20:49:50 [TRACE] 正在返回菜单,请保持游戏画面处于前台
2025-10-19 20:49:52 [TRACE] 正在返回菜单,请保持游戏画面处于前台
2025-10-19 20:49:55 [TRACE] 正在返回菜单,请保持游戏画面处于前台
2025-10-19 20:49:57 [TRACE] 正在返回菜单,请保持游戏画面处于前台
2025-10-19 20:49:59 [TRACE] 正在返回菜单,请保持游戏画面处于前台
2025-10-19 20:50:01 [TRACE] 正在返回菜单,请保持游戏画面处于前台
2025-10-19 20:50:04 [TRACE] 正在返回菜单,请保持游戏画面处于前台
2025-10-19 20:50:06 [TRACE] 正在返回菜单,请保持游戏画面处于前台
2025-10-19 20:50:08 [TRACE] 正在返回菜单,请保持游戏画面处于前台
2025-10-19 20:50:11 [TRACE] 正在返回菜单,请保持游戏画面处于前台
2025-10-19 20:50:13 [TRACE] 正在返回菜单,请保持游戏画面处于前台
2025-10-19 20:50:15 [TRACE] 正在返回菜单,请保持游戏画面处于前台
2025-10-19 20:50:18 [TRACE] 正在返回菜单,请保持游戏画面处于前台
2025-10-19 20:50:20 [TRACE] 正在返回菜单,请保持游戏画面处于前台
2025-10-19 20:50:22 [TRACE] 正在返回菜单,请保持游戏画面处于前台
2025-10-19 20:50:25 [TRACE] 正在返回菜单,请保持游戏画面处于前台
2025-10-19 20:50:27 [TRACE] 正在返回菜单,请保持游戏画面处于前台
2025-10-19 20:50:30 [TRACE] 正在返回菜单,请保持游戏画面处于前台
2025-10-19 20:50:32 [TRACE] 正在返回菜单,请保持游戏画面处于前台
2025-10-19 20:50:34 [TRACE] 正在返回菜单,请保持游戏画面处于前台
2025-10-19 20:50:37 [TRACE] 正在返回菜单,请保持游戏画面处于前台
2025-10-19 20:50:39 [TRACE] 正在返回菜单,请保持游戏画面处于前台
2025-10-19 20:50:41 [TRACE] 正在返回菜单,请保持游戏画面处于前台
2025-10-19 20:50:44 [TRACE] 正在返回菜单,请保持游戏画面处于前台
2025-10-19 20:50:46 [TRACE] 正在返回菜单,请保持游戏画面处于前台
2025-10-19 20:50:49 [TRACE] 正在返回菜单,请保持游戏画面处于前台
2025-10-19 20:50:51 [TRACE] 正在返回菜单,请保持游戏画面处于前台
2025-10-19 20:50:53 [TRACE] 正在返回菜单,请保持游戏画面处于前台
2025-10-19 20:50:55 [TRACE] 正在返回菜单,请保持游戏画面处于前台
2025-10-19 20:50:58 [TRACE] 正在返回菜单,请保持游戏画面处于前台
2025-10-19 20:51:00 [TRACE] 正在返回菜单,请保持游戏画面处于前台
2025-10-19 20:51:03 [TRACE] 正在返回菜单,请保持游戏画面处于前台
2025-10-19 20:51:05 [TRACE] 正在返回菜单,请保持游戏画面处于前台
2025-10-19 20:51:08 [TRACE] 正在返回菜单,请保持游戏画面处于前台
2025-10-19 20:51:10 [TRACE] 正在返回菜单,请保持游戏画面处于前台
2025-10-19 20:51:12 [TRACE] 正在返回菜单,请保持游戏画面处于前台
2025-10-19 20:51:15 [TRACE] 正在返回菜单,请保持游戏画面处于前台
2025-10-19 20:51:17 [TRACE] 正在返回菜单,请保持游戏画面处于前台
2025-10-19 20:51:19 [TRACE] 正在返回菜单,请保持游戏画面处于前台
2025-10-19 20:51:22 [TRACE] 正在返回菜单,请保持游戏画面处于前台
2025-10-19 20:51:24 [TRACE] 正在返回菜单,请保持游戏画面处于前台
2025-10-19 20:51:26 [TRACE] 正在返回菜单,请保持游戏画面处于前台
2025-10-19 20:51:28 [TRACE] 正在返回菜单,请保持游戏画面处于前台
2025-10-19 20:51:31 [TRACE] 正在返回菜单,请保持游戏画面处于前台
2025-10-19 20:51:33 [TRACE] 正在返回菜单,请保持游戏画面处于前台
2025-10-19 20:51:35 [TRACE] 正在返回菜单,请保持游戏画面处于前台
2025-10-19 20:51:38 [TRACE] 正在返回菜单,请保持游戏画面处于前台
2025-10-19 20:51:40 [TRACE] 正在返回菜单,请保持游戏画面处于前台
2025-10-19 20:51:42 [TRACE] 正在返回菜单,请保持游戏画面处于前台
2025-10-19 20:51:45 [TRACE] 正在返回菜单,请保持游戏画面处于前台
2025-10-19 20:51:47 [TRACE] 正在返回菜单,请保持游戏画面处于前台
2025-10-19 20:51:49 [TRACE] 正在返回菜单,请保持游戏画面处于前台
2025-10-19 20:51:51 [TRACE] 正在返回菜单,请保持游戏画面处于前台
2025-10-19 20:51:54 [TRACE] 正在返回菜单,请保持游戏画面处于前台
2025-10-19 20:51:56 [TRACE] 正在返回菜单,请保持游戏画面处于前台
2025-10-19 20:51:59 [TRACE] 现在处于大厅
2025-10-19 20:51:59 [INFO] 执行零号空洞任务中
2025-10-19 20:52:00 [TRACE] 【1】等待目标中 C:\Users\gelon\Desktop\ZA-Lite\assets/images/hollow\combat.png
2025-10-19 20:52:00 [TRACE] 【目标出现】C:\Users\gelon\Desktop\ZA-Lite\assets/images/hollow\combat.png 置信度：0.9763113260269165
2025-10-19 20:52:02 [TRACE] 【目标出现】C:\Users\gelon\Desktop\ZA-Lite\assets/images/hollow\zero_hollow.png 置信度：0.9999951720237732
2025-10-19 20:52:03 [TRACE] 【目标出现】C:\Users\gelon\Desktop\ZA-Lite\assets/images/hollow\go_hollow.png 置信度：0.9943357110023499
2025-10-19 20:52:05 [TRACE] 【目标出现】C:\Users\gelon\Desktop\ZA-Lite\assets/images/hollow\confirm.png 置信度：0.9839572310447693
2025-10-19 20:52:06 [TRACE] 【1】等待目标中 C:\Users\gelon\Desktop\ZA-Lite\assets/images/hollow\hollow_taskforce.png
2025-10-19 20:52:07 [TRACE] 【2】等待目标中 C:\Users\gelon\Desktop\ZA-Lite\assets/images/hollow\hollow_taskforce.png
2025-10-19 20:52:08 [TRACE] 【3】等待目标中 C:\Users\gelon\Desktop\ZA-Lite\assets/images/hollow\hollow_taskforce.png
2025-10-19 20:52:09 [TRACE] 【目标出现】C:\Users\gelon\Desktop\ZA-Lite\assets/images/hollow\hollow_taskforce.png 置信度：0.9999839663505554
2025-10-19 20:52:10 [TRACE] 【目标出现】C:\Users\gelon\Desktop\ZA-Lite\assets/images/hollow\strategy.png 置信度：1.0
2025-10-19 20:52:11 [TRACE] 【1】等待目标中 C:\Users\gelon\Desktop\ZA-Lite\assets/images/hollow\strategy_confirm.png
2025-10-19 20:52:12 [TRACE] 【目标出现】C:\Users\gelon\Desktop\ZA-Lite\assets/images/hollow\strategy_confirm.png 置信度：0.9999997615814209
2025-10-19 20:52:13 [TRACE] 【目标出现】C:\Users\gelon\Desktop\ZA-Lite\assets/images/hollow\next_step.png 置信度：0.9752084612846375
2025-10-19 20:52:15 [TRACE] 【目标出现】C:\Users\gelon\Desktop\ZA-Lite\assets/images/hollow\start_battle.png 置信度：0.9759867787361145
2025-10-19 20:52:16 [TRACE] 【空洞监听】无匹配已持续：0秒
2025-10-19 20:52:17 [TRACE] 【目标检测】屏幕内没有目标
2025-10-19 20:52:18 [TRACE] 【目标检测】屏幕内没有目标
2025-10-19 20:52:18 [TRACE] 【目标检测】屏幕内没有目标
2025-10-19 20:52:19 [TRACE] 【目标检测】屏幕内没有目标
2025-10-19 20:52:20 [TRACE] 【目标检测】屏幕内没有目标
2025-10-19 20:52:21 [TRACE] 【目标检测】屏幕内没有目标
2025-10-19 20:52:22 [TRACE] 【目标检测】屏幕内没有目标
2025-10-19 20:52:22 [TRACE] 【空洞监听】无匹配已持续：5秒
2025-10-19 20:52:23 [TRACE] 【目标检测】屏幕内没有目标
2025-10-19 20:52:23 [TRACE] 【目标检测】屏幕内没有目标
2025-10-19 20:52:24 [TRACE] 【目标检测】屏幕内没有目标
2025-10-19 20:52:26 [TRACE] 【目标检测】屏幕内没有目标
2025-10-19 20:52:27 [TRACE] 【目标检测】屏幕内没有目标
2025-10-19 20:52:27 [TRACE] 【目标检测】屏幕内没有目标
2025-10-19 20:52:28 [TRACE] 【目标检测】屏幕内没有目标
2025-10-19 20:52:28 [TRACE] 【空洞监听】无匹配已持续：11秒
2025-10-19 20:52:29 [TRACE] 【目标检测】屏幕内没有目标
2025-10-19 20:52:31 [TRACE] 【目标检测】屏幕内没有目标
2025-10-19 20:52:31 [TRACE] 【目标检测】屏幕内没有目标
2025-10-19 20:52:32 [TRACE] 【目标检测】屏幕内没有目标
2025-10-19 20:52:33 [TRACE] 【目标检测】屏幕内没有目标
2025-10-19 20:52:34 [TRACE] 【目标检测】屏幕内没有目标
2025-10-19 20:52:35 [TRACE] 【空洞监听】无匹配已持续：19秒
2025-10-19 20:52:36 [TRACE] 【目标检测】屏幕内没有目标
2025-10-19 20:52:36 [TRACE] 【目标检测】屏幕内没有目标
2025-10-19 20:52:37 [TRACE] 【目标检测】屏幕内没有目标
2025-10-19 20:52:38 [TRACE] 【目标检测】屏幕内没有目标
2025-10-19 20:52:40 [TRACE] 【目标检测】TRAPPED！ 类型：interact 置信度：0.8311535120010376
2025-10-19 20:52:42 [TRACE] 【空洞监听】无匹配已持续：25秒
2025-10-19 20:52:46 [TRACE] 【目标检测】屏幕内没有目标
2025-10-19 20:52:48 [TRACE] 【目标检测】TRAPPED！ 类型：guide_point 置信度：0.9308344125747681
2025-10-19 20:52:52 [TRACE] 【目标检测】TRAPPED！ 类型：blue_portal 置信度：0.7625803351402283
2025-10-19 20:52:55 [TRACE] 【空洞监听】无匹配已持续：0秒
2025-10-19 20:52:58 [TRACE] 【目标检测】屏幕内没有目标
2025-10-19 20:52:59 [TRACE] 【目标检测】屏幕内没有目标
2025-10-19 20:52:59 [TRACE] 【目标检测】屏幕内没有目标
2025-10-19 20:53:00 [TRACE] 【目标检测】屏幕内没有目标
2025-10-19 20:53:01 [TRACE] 【目标检测】屏幕内没有目标
2025-10-19 20:53:01 [TRACE] 【空洞监听】无匹配已持续：6秒
2025-10-19 20:53:03 [TRACE] 【目标检测】屏幕内没有目标
2025-10-19 20:53:04 [TRACE] 【目标检测】屏幕内没有目标
2025-10-19 20:53:04 [TRACE] 【线程启动】攻击检测
2025-10-19 20:53:04 [TRACE] 【状态】战斗模式：C:\Users\gelon\Desktop\ZA-Lite\assets/images/hollow\battle_2.png 置信度：0.9999999403953552
2025-10-19 20:53:05 [TRACE] 【状态】战斗模式：C:\Users\gelon\Desktop\ZA-Lite\assets/images/hollow\battle_3.png 置信度：1.0
2025-10-19 20:53:16 [TRACE] 【状态】战斗模式：正在受到攻击
2025-10-19 20:53:24 [TRACE] 【空洞监听】无匹配已持续：0秒
2025-10-19 20:53:32 [TRACE] 【空洞监听】无匹配已持续：8秒
2025-10-19 20:53:40 [TRACE] 【空洞监听】无匹配已持续：15秒
2025-10-19 20:53:48 [TRACE] 【空洞监听】无匹配已持续：24秒
2025-10-19 20:53:55 [TRACE] 【空洞监听】无匹配已持续：31秒
2025-10-19 20:54:03 [TRACE] 【空洞监听】无匹配已持续：39秒
2025-10-19 20:54:12 [TRACE] 【状态】搜索模式：C:\Users\gelon\Desktop\ZA-Lite\assets/images/hollow\next_area.png 置信度：0.9999993443489075
2025-10-19 20:54:13 [TRACE] 【目标检测】屏幕内没有目标
2025-10-19 20:54:14 [TRACE] 【目标检测】屏幕内没有目标
2025-10-19 20:54:15 [TRACE] 【目标检测】屏幕内没有目标
2025-10-19 20:54:15 [TRACE] 【状态】搜索模式：C:\Users\gelon\Desktop\ZA-Lite\assets/images/hollow\meter.png 置信度：0.9790249466896057
2025-10-19 20:54:17 [TRACE] 【目标检测】屏幕内没有目标
2025-10-19 20:54:19 [TRACE] 【目标检测】目标存在，但置信度不足
2025-10-19 20:54:19 [TRACE] 【目标检测】屏幕内没有目标
2025-10-19 20:54:21 [TRACE] 【目标检测】目标存在，但置信度不足
2025-10-19 20:54:22 [TRACE] 【目标检测】目标存在，但置信度不足
2025-10-19 20:54:23 [TRACE] 【目标检测】屏幕内没有目标
2025-10-19 20:54:24 [TRACE] 【目标检测】屏幕内没有目标
2025-10-19 20:54:24 [TRACE] 【空洞监听】无匹配已持续：0秒
2025-10-19 20:54:25 [TRACE] 【目标检测】目标存在，但置信度不足
2025-10-19 20:54:26 [TRACE] 【目标检测】屏幕内没有目标
2025-10-19 20:54:28 [TRACE] 【目标检测】屏幕内没有目标
2025-10-19 20:54:29 [TRACE] 【目标检测】屏幕内没有目标
2025-10-19 20:54:30 [TRACE] 【目标检测】屏幕内没有目标
2025-10-19 20:54:31 [TRACE] 【空洞监听】无匹配已持续：6秒
2025-10-19 20:54:31 [TRACE] 【目标检测】微调超时，无法对齐！
2025-10-19 20:54:33 [TRACE] 【目标检测】屏幕内没有目标
2025-10-19 20:54:34 [TRACE] 【目标检测】屏幕内没有目标
2025-10-19 20:54:37 [TRACE] 【目标检测】屏幕内没有目标
2025-10-19 20:54:38 [TRACE] 【目标检测】屏幕内没有目标
2025-10-19 20:54:38 [TRACE] 【空洞监听】无匹配已持续：13秒
2025-10-19 20:54:39 [TRACE] 【目标检测】屏幕内没有目标
2025-10-19 20:54:40 [TRACE] 【目标检测】屏幕内没有目标
2025-10-19 20:54:41 [TRACE] 【目标检测】屏幕内没有目标
2025-10-19 20:54:42 [TRACE] 【状态】搜索模式：C:\Users\gelon\Desktop\ZA-Lite\assets/images/hollow\meter.png 置信度：0.9378803968429565
2025-10-19 20:54:44 [TRACE] 【目标检测】屏幕内没有目标
2025-10-19 20:54:45 [TRACE] 【目标检测】屏幕内没有目标
2025-10-19 20:54:46 [TRACE] 【目标检测】微调超时，无法对齐！
2025-10-19 20:54:48 [TRACE] 【目标检测】目标存在，但置信度不足
2025-10-19 20:54:48 [TRACE] 【目标检测】目标存在，但置信度不足
2025-10-19 20:54:51 [TRACE] 【目标检测】屏幕内没有目标
2025-10-19 20:54:51 [TRACE] 【空洞监听】无匹配已持续：0秒
2025-10-19 20:54:52 [TRACE] 【目标检测】目标存在，但置信度不足
2025-10-19 20:54:53 [TRACE] 【目标检测】屏幕内没有目标
2025-10-19 20:54:55 [TRACE] 【目标检测】屏幕内没有目标
2025-10-19 20:54:55 [TRACE] 【状态】搜索模式：C:\Users\gelon\Desktop\ZA-Lite\assets/images/hollow\meter.png 置信度：0.9598153829574585
2025-10-19 20:54:57 [TRACE] 【目标检测】目标存在，但置信度不足
2025-10-19 20:54:58 [TRACE] 【目标检测】微调超时，无法对齐！
2025-10-19 20:54:59 [TRACE] 【目标检测】屏幕内没有目标
2025-10-19 20:55:01 [TRACE] 【目标检测】目标存在，但置信度不足
2025-10-19 20:55:01 [TRACE] 【状态】搜索模式：C:\Users\gelon\Desktop\ZA-Lite\assets/images/hollow\meter.png 置信度：0.9134559035301208
2025-10-19 20:55:02 [TRACE] 【目标检测】屏幕内没有目标
2025-10-19 20:55:02 [TRACE] 【目标检测】屏幕内没有目标
2025-10-19 20:55:03 [TRACE] 【目标检测】目标存在，但置信度不足
2025-10-19 20:55:06 [TRACE] 【目标检测】微调超时，无法对齐！
2025-10-19 20:55:08 [TRACE] 【目标检测】屏幕内没有目标
2025-10-19 20:55:08 [TRACE] 【状态】搜索模式：C:\Users\gelon\Desktop\ZA-Lite\assets/images/hollow\meter.png 置信度：0.9550148248672485
2025-10-19 20:55:08 [TRACE] 【目标检测】目标存在，但置信度不足
2025-10-19 20:55:11 [TRACE] 【目标检测】屏幕内没有目标
2025-10-19 20:55:14 [TRACE] 【目标检测】目标存在，但置信度不足
2025-10-19 20:55:15 [TRACE] 【状态】搜索模式：C:\Users\gelon\Desktop\ZA-Lite\assets/images/hollow\meter.png 置信度：0.9786548614501953
2025-10-19 20:55:16 [TRACE] 【目标检测】微调超时，无法对齐！
2025-10-19 20:55:17 [TRACE] 【目标检测】目标存在，但置信度不足
2025-10-19 20:55:19 [TRACE] 【目标检测】目标存在，但置信度不足
2025-10-19 20:55:19 [TRACE] 【目标检测】目标存在，但置信度不足
2025-10-19 20:55:21 [TRACE] 【目标检测】屏幕内没有目标
2025-10-19 20:55:22 [TRACE] 【目标检测】目标存在，但置信度不足
2025-10-19 20:55:22 [TRACE] 【状态】搜索模式：C:\Users\gelon\Desktop\ZA-Lite\assets/images/hollow\meter.png 置信度：0.9585316181182861
2025-10-19 20:55:22 [TRACE] 【目标检测】屏幕内没有目标
2025-10-19 20:55:23 [TRACE] 【目标检测】屏幕内没有目标
2025-10-19 20:55:24 [TRACE] 【目标检测】屏幕内没有目标
2025-10-19 20:55:26 [TRACE] 【目标检测】屏幕内没有目标
2025-10-19 20:55:28 [TRACE] 【目标检测】屏幕内没有目标
2025-10-19 20:55:29 [TRACE] 【目标检测】目标存在，但置信度不足
2025-10-19 20:55:29 [TRACE] 【状态】搜索模式：C:\Users\gelon\Desktop\ZA-Lite\assets/images/hollow\meter.png 置信度：0.9549598693847656
2025-10-19 20:55:30 [TRACE] 【目标检测】屏幕内没有目标
2025-10-19 20:55:30 [TRACE] 【目标检测】目标存在，但置信度不足
2025-10-19 20:55:31 [TRACE] 【目标检测】目标存在，但置信度不足
2025-10-19 20:55:32 [TRACE] 【目标检测】屏幕内没有目标
2025-10-19 20:55:33 [TRACE] 【目标检测】屏幕内没有目标
2025-10-19 20:55:34 [TRACE] 【目标检测】目标存在，但置信度不足
2025-10-19 20:55:35 [TRACE] 【目标检测】目标存在，但置信度不足
2025-10-19 20:55:37 [TRACE] 【目标检测】屏幕内没有目标
2025-10-19 20:55:38 [TRACE] 【空洞监听】无匹配已持续：0秒
2025-10-19 20:55:39 [TRACE] 【目标检测】目标存在，但置信度不足
2025-10-19 20:55:40 [TRACE] 【目标检测】微调超时，无法对齐！
2025-10-19 20:55:41 [TRACE] 【目标检测】屏幕内没有目标
2025-10-19 20:55:42 [TRACE] 【目标检测】屏幕内没有目标
2025-10-19 20:55:44 [TRACE] 【空洞监听】无匹配已持续：6秒
2025-10-19 20:55:45 [TRACE] 【目标检测】屏幕内没有目标
2025-10-19 20:55:46 [TRACE] 【目标检测】屏幕内没有目标
2025-10-19 20:55:47 [TRACE] 【目标检测】屏幕内没有目标
2025-10-19 20:55:50 [TRACE] 【目标检测】微调超时，无法对齐！
2025-10-19 20:55:51 [TRACE] 【空洞监听】无匹配已持续：12秒
2025-10-19 20:55:52 [TRACE] 【目标检测】目标存在，但置信度不足
2025-10-19 20:55:54 [TRACE] 【目标检测】目标存在，但置信度不足
2025-10-19 20:55:56 [TRACE] 【目标检测】屏幕内没有目标
2025-10-19 20:55:57 [TRACE] 【目标检测】目标存在，但置信度不足
2025-10-19 20:55:58 [TRACE] 【空洞监听】无匹配已持续：19秒
2025-10-19 20:55:58 [TRACE] 【目标检测】微调超时，无法对齐！
2025-10-19 20:55:59 [TRACE] 【目标检测】屏幕内没有目标
2025-10-19 20:56:00 [TRACE] 【目标检测】屏幕内没有目标
2025-10-19 20:56:01 [TRACE] 【目标检测】屏幕内没有目标
2025-10-19 20:56:01 [TRACE] 【状态】搜索模式：C:\Users\gelon\Desktop\ZA-Lite\assets/images/hollow\meter.png 置信度：0.9097551703453064
2025-10-19 20:56:02 [TRACE] 【目标检测】屏幕内没有目标
2025-10-19 20:56:04 [TRACE] 【目标检测】屏幕内没有目标
2025-10-19 20:56:05 [TRACE] 【目标检测】屏幕内没有目标
2025-10-19 20:56:08 [TRACE] 【状态】搜索模式：C:\Users\gelon\Desktop\ZA-Lite\assets/images/hollow\meter.png 置信度：0.9124663472175598
2025-10-19 20:56:08 [TRACE] 【目标检测】微调超时，无法对齐！
2025-10-19 20:56:10 [TRACE] 【目标检测】屏幕内没有目标
2025-10-19 20:56:11 [TRACE] 【目标检测】屏幕内没有目标
2025-10-19 20:56:14 [TRACE] 【目标检测】目标存在，但置信度不足
2025-10-19 20:56:15 [TRACE] 【目标检测】屏幕内没有目标
2025-10-19 20:56:17 [TRACE] 【目标检测】屏幕内没有目标
2025-10-19 20:56:17 [TRACE] 【空洞监听】无匹配已持续：0秒
2025-10-19 20:56:19 [TRACE] 【目标检测】屏幕内没有目标
2025-10-19 20:56:20 [TRACE] 【目标检测】屏幕内没有目标
2025-10-19 20:56:21 [TRACE] 【目标检测】微调超时，无法对齐！
2025-10-19 20:56:21 [TRACE] 【状态】搜索模式：C:\Users\gelon\Desktop\ZA-Lite\assets/images/hollow\meter.png 置信度：0.9113346934318542
2025-10-19 20:56:22 [TRACE] 【目标检测】屏幕内没有目标
2025-10-19 20:56:24 [TRACE] 【目标检测】目标存在，但置信度不足
2025-10-19 20:56:25 [TRACE] 【目标检测】目标存在，但置信度不足
2025-10-19 20:56:27 [TRACE] 【目标检测】目标存在，但置信度不足
2025-10-19 20:56:28 [TRACE] 【状态】搜索模式：C:\Users\gelon\Desktop\ZA-Lite\assets/images/hollow\meter.png 置信度：0.9087508916854858
2025-10-19 20:56:28 [TRACE] 【目标检测】屏幕内没有目标
2025-10-19 20:56:31 [TRACE] 【目标检测】微调超时，无法对齐！
2025-10-19 20:56:32 [TRACE] 【目标检测】屏幕内没有目标
2025-10-19 20:56:34 [TRACE] 【目标检测】屏幕内没有目标
2025-10-19 20:56:35 [TRACE] 【目标检测】目标存在，但置信度不足
2025-10-19 20:56:36 [TRACE] 【目标检测】目标存在，但置信度不足
2025-10-19 20:56:37 [TRACE] 【空洞监听】无匹配已持续：0秒
2025-10-19 20:56:38 [TRACE] 【目标检测】屏幕内没有目标
2025-10-19 20:56:39 [TRACE] 【目标检测】屏幕内没有目标
2025-10-19 20:56:40 [TRACE] 【目标检测】屏幕内没有目标
2025-10-19 20:56:41 [TRACE] 【状态】搜索模式：C:\Users\gelon\Desktop\ZA-Lite\assets/images/hollow\meter.png 置信度：0.9142791032791138
2025-10-19 20:56:42 [TRACE] 【目标检测】屏幕内没有目标
2025-10-19 20:56:43 [TRACE] 【目标检测】目标存在，但置信度不足
2025-10-19 20:56:44 [TRACE] 【目标检测】屏幕内没有目标
2025-10-19 20:56:45 [TRACE] 【目标检测】屏幕内没有目标
2025-10-19 20:56:46 [TRACE] 【目标检测】微调超时，无法对齐！
2025-10-19 20:56:47 [TRACE] 【状态】搜索模式：C:\Users\gelon\Desktop\ZA-Lite\assets/images/hollow\meter.png 置信度：0.9732852578163147
2025-10-19 20:56:48 [TRACE] 【目标检测】目标存在，但置信度不足
2025-10-19 20:56:48 [TRACE] 【目标检测】目标存在，但置信度不足
2025-10-19 20:56:50 [TRACE] 【目标检测】目标存在，但置信度不足
2025-10-19 20:56:52 [TRACE] 【目标检测】屏幕内没有目标
2025-10-19 20:56:53 [TRACE] 【目标检测】屏幕内没有目标
2025-10-19 20:56:56 [TRACE] 【目标检测】微调超时，无法对齐！
2025-10-19 20:56:57 [TRACE] 【空洞监听】无匹配已持续：0秒
2025-10-19 20:56:57 [TRACE] 【目标检测】目标存在，但置信度不足
2025-10-19 20:56:59 [TRACE] 【目标检测】目标存在，但置信度不足
2025-10-19 20:56:59 [TRACE] 【目标检测】目标存在，但置信度不足
2025-10-19 20:57:01 [TRACE] 【目标检测】目标存在，但置信度不足
2025-10-19 20:57:02 [TRACE] 【目标检测】屏幕内没有目标
2025-10-19 20:57:03 [TRACE] 【目标检测】屏幕内没有目标
2025-10-19 20:57:03 [TRACE] 【空洞监听】无匹配已持续：6秒
2025-10-19 20:57:04 [TRACE] 【目标检测】屏幕内没有目标
2025-10-19 20:57:04 [TRACE] 【目标检测】屏幕内没有目标
2025-10-19 20:57:05 [TRACE] 【目标检测】屏幕内没有目标
2025-10-19 20:57:09 [TRACE] 【目标检测】屏幕内没有目标
2025-10-19 20:57:10 [TRACE] 【空洞监听】无匹配已持续：12秒
2025-10-19 20:57:10 [TRACE] 【目标检测】微调超时，无法对齐！
2025-10-19 20:57:11 [TRACE] 【目标检测】屏幕内没有目标
2025-10-19 20:57:13 [TRACE] 【目标检测】目标存在，但置信度不足
