2025-09-21 12:49:13 [TRACE] 【线程启动】全局监听
2025-09-21 12:49:13 [TRACE] 【线程启动】终止监听
2025-09-21 12:49:13 [INFO] 现在执行 1 次零号空洞
2025-09-21 12:49:15 [DEBUG] 初始化完毕..启动{零号空洞}模块
2025-09-21 12:49:18 [DEBUG] 发现已存在的游戏窗口
2025-09-21 12:49:23 [SUCCESS] 程序开始接管操作，请保持游戏画面处于前台，终止按下Alt键
2025-09-21 12:49:23 [TRACE] 【线程启动】空洞搜索
2025-09-21 12:49:23 [TRACE] 【线程启动】空洞监听
2025-09-21 12:49:23 [TRACE] 【线程启动】空洞战斗
2025-09-21 12:49:23 [DEBUG] 正在返回菜单
2025-09-21 12:49:23 [TRACE] 正在返回菜单,请保持游戏画面处于前台
2025-09-21 12:49:25 [TRACE] 现在处于大厅
2025-09-21 12:49:26 [INFO] 执行零号空洞任务中
2025-09-21 12:49:26 [TRACE] 【1】等待目标中 C:\Users\gelon\Desktop\ZA-Lite\assets/images/hollow\combat.png
2025-09-21 12:49:27 [TRACE] 【目标出现】C:\Users\gelon\Desktop\ZA-Lite\assets/images/hollow\combat.png 置信度：0.9762959480285645
2025-09-21 12:49:28 [TRACE] 【目标出现】C:\Users\gelon\Desktop\ZA-Lite\assets/images/hollow\zero_hollow.png 置信度：0.9999953508377075
2025-09-21 12:49:29 [TRACE] 【目标出现】C:\Users\gelon\Desktop\ZA-Lite\assets/images/hollow\go_hollow.png 置信度：0.994525134563446
2025-09-21 12:49:31 [TRACE] 【目标出现】C:\Users\gelon\Desktop\ZA-Lite\assets/images/hollow\confirm.png 置信度：0.9839529395103455
2025-09-21 12:49:32 [TRACE] 【1】等待目标中 C:\Users\gelon\Desktop\ZA-Lite\assets/images/hollow\hollow_taskforce.png
2025-09-21 12:49:33 [TRACE] 【2】等待目标中 C:\Users\gelon\Desktop\ZA-Lite\assets/images/hollow\hollow_taskforce.png
2025-09-21 12:49:34 [TRACE] 【3】等待目标中 C:\Users\gelon\Desktop\ZA-Lite\assets/images/hollow\hollow_taskforce.png
2025-09-21 12:49:34 [TRACE] 【目标出现】C:\Users\gelon\Desktop\ZA-Lite\assets/images/hollow\hollow_taskforce.png 置信度：0.9999805688858032
2025-09-21 12:49:36 [TRACE] 【目标出现】C:\Users\gelon\Desktop\ZA-Lite\assets/images/hollow\strategy.png 置信度：0.9999997019767761
2025-09-21 12:49:37 [TRACE] 【1】等待目标中 C:\Users\gelon\Desktop\ZA-Lite\assets/images/hollow\strategy_confirm.png
2025-09-21 12:49:38 [TRACE] 【目标出现】C:\Users\gelon\Desktop\ZA-Lite\assets/images/hollow\strategy_confirm.png 置信度：0.9999998807907104
2025-09-21 12:49:39 [TRACE] 【目标出现】C:\Users\gelon\Desktop\ZA-Lite\assets/images/hollow\next_step.png 置信度：0.9818264842033386
2025-09-21 12:49:40 [TRACE] 【目标出现】C:\Users\gelon\Desktop\ZA-Lite\assets/images/hollow\start_battle.png 置信度：0.9756696224212646
2025-09-21 12:49:42 [TRACE] 【空洞监听】无匹配已持续：0秒
2025-09-21 12:49:42 [TRACE] 【目标检测】屏幕内没有目标
2025-09-21 12:49:43 [TRACE] 【目标检测】屏幕内没有目标
2025-09-21 12:49:43 [TRACE] 【目标检测】屏幕内没有目标
2025-09-21 12:49:44 [TRACE] 【目标检测】屏幕内没有目标
2025-09-21 12:49:44 [TRACE] 【目标检测】屏幕内没有目标
2025-09-21 12:49:45 [TRACE] 【空洞监听】无匹配已持续：3秒
2025-09-21 12:49:46 [TRACE] 【目标检测】屏幕内没有目标
2025-09-21 12:49:46 [TRACE] 【目标检测】屏幕内没有目标
2025-09-21 12:49:47 [TRACE] 【目标检测】屏幕内没有目标
2025-09-21 12:49:47 [TRACE] 【目标检测】屏幕内没有目标
2025-09-21 12:49:48 [TRACE] 【目标检测】屏幕内没有目标
2025-09-21 12:49:49 [TRACE] 【空洞监听】无匹配已持续：7秒
2025-09-21 12:49:49 [TRACE] 【目标检测】屏幕内没有目标
2025-09-21 12:49:50 [TRACE] 【目标检测】屏幕内没有目标
2025-09-21 12:49:50 [TRACE] 【目标检测】屏幕内没有目标
2025-09-21 12:49:51 [TRACE] 【目标检测】屏幕内没有目标
2025-09-21 12:49:51 [TRACE] 【目标检测】屏幕内没有目标
2025-09-21 12:49:53 [TRACE] 【空洞监听】无匹配已持续：10秒
2025-09-21 12:49:53 [TRACE] 【目标检测】屏幕内没有目标
2025-09-21 12:49:54 [TRACE] 【目标检测】屏幕内没有目标
2025-09-21 12:49:54 [TRACE] 【目标检测】屏幕内没有目标
2025-09-21 12:49:55 [TRACE] 【目标检测】屏幕内没有目标
2025-09-21 12:49:55 [TRACE] 【目标检测】屏幕内没有目标
2025-09-21 12:49:56 [TRACE] 【空洞监听】无匹配已持续：14秒
2025-09-21 12:49:57 [TRACE] 【目标检测】屏幕内没有目标
2025-09-21 12:49:57 [TRACE] 【目标检测】屏幕内没有目标
2025-09-21 12:49:58 [TRACE] 【目标检测】屏幕内没有目标
2025-09-21 12:49:59 [TRACE] 【目标检测】屏幕内没有目标
2025-09-21 12:49:59 [TRACE] 【目标检测】屏幕内没有目标
2025-09-21 12:50:00 [TRACE] 【空洞监听】无匹配已持续：18秒
2025-09-21 12:50:01 [TRACE] 【目标检测】屏幕内没有目标
2025-09-21 12:50:01 [TRACE] 【目标检测】屏幕内没有目标
2025-09-21 12:50:02 [TRACE] 【目标检测】屏幕内没有目标
2025-09-21 12:50:02 [TRACE] 【目标检测】屏幕内没有目标
2025-09-21 12:50:03 [TRACE] 【目标检测】屏幕内没有目标
2025-09-21 12:50:04 [TRACE] 【目标检测】屏幕内没有目标
2025-09-21 12:50:04 [TRACE] 【空洞监听】无匹配已持续：22秒
2025-09-21 12:50:05 [TRACE] 【目标检测】屏幕内没有目标
2025-09-21 12:50:06 [TRACE] 【目标检测】屏幕内没有目标
2025-09-21 12:50:08 [TRACE] 【目标检测】TRAPPED！ 类型：interact 置信度：0.931067168712616
2025-09-21 12:50:09 [TRACE] 【空洞监听】无匹配已持续：27秒
2025-09-21 12:50:14 [TRACE] 【目标检测】目标存在，但置信度不足
2025-09-21 12:50:15 [TRACE] 【目标检测】目标存在，但置信度不足
2025-09-21 12:50:15 [TRACE] 【目标检测】屏幕内没有目标
2025-09-21 12:50:16 [TRACE] 【目标检测】目标存在，但置信度不足
2025-09-21 12:50:16 [TRACE] 【目标检测】屏幕内没有目标
2025-09-21 12:50:19 [TRACE] 【目标检测】微调超时，无法对齐！
2025-09-21 12:50:22 [TRACE] 【空洞监听】无匹配已持续：0秒
2025-09-21 12:50:22 [TRACE] 【目标检测】TRAPPED！ 类型：interact 置信度：0.8695029616355896
2025-09-21 12:50:26 [TRACE] 【空洞监听】无匹配已持续：3秒
2025-09-21 12:50:28 [TRACE] 【目标检测】微调超时，无法对齐！
2025-09-21 12:50:29 [TRACE] 【空洞监听】无匹配已持续：7秒
2025-09-21 12:50:32 [TRACE] 【目标检测】TRAPPED！ 类型：interact 置信度：0.9194523692131042
2025-09-21 12:50:33 [TRACE] 【空洞监听】无匹配已持续：11秒
2025-09-21 12:50:34 [TRACE] 【状态】搜索模式：C:\Users\gelon\Desktop\ZA-Lite\assets/images/hollow\card.png 置信度：0.9753181338310242
2025-09-21 12:50:38 [TRACE] 【目标检测】屏幕内没有目标
2025-09-21 12:50:39 [TRACE] 【目标检测】屏幕内没有目标
2025-09-21 12:50:41 [TRACE] 【目标检测】TRAPPED！ 类型：interact 置信度：0.8920273184776306
2025-09-21 12:50:42 [TRACE] 【空洞监听】无匹配已持续：0秒
2025-09-21 12:50:45 [TRACE] 【目标检测】TRAPPED！ 类型：interact 置信度：0.8768103122711182
2025-09-21 12:50:46 [TRACE] 【空洞监听】无匹配已持续：3秒
2025-09-21 12:50:49 [TRACE] 【空洞监听】无匹配已持续：7秒
2025-09-21 12:50:51 [TRACE] 【目标检测】TRAPPED！ 类型：interact 置信度：0.8829455375671387
2025-09-21 12:50:54 [TRACE] 【目标检测】屏幕内没有目标
2025-09-21 12:50:54 [TRACE] 【空洞监听】无匹配已持续：11秒
2025-09-21 12:50:54 [TRACE] 【目标检测】目标存在，但置信度不足
2025-09-21 12:50:55 [TRACE] 【目标检测】屏幕内没有目标
2025-09-21 12:50:55 [TRACE] 【目标检测】目标存在，但置信度不足
2025-09-21 12:50:56 [TRACE] 【目标检测】屏幕内没有目标
2025-09-21 12:50:56 [TRACE] 【目标检测】目标存在，但置信度不足
2025-09-21 12:50:57 [TRACE] 【目标检测】屏幕内没有目标
2025-09-21 12:50:57 [TRACE] 【目标检测】目标存在，但置信度不足
2025-09-21 12:50:58 [TRACE] 【目标检测】目标存在，但置信度不足
2025-09-21 12:50:58 [TRACE] 【空洞监听】无匹配已持续：16秒
2025-09-21 12:50:58 [TRACE] 【目标检测】目标存在，但置信度不足
2025-09-21 12:50:59 [TRACE] 【目标检测】目标存在，但置信度不足
2025-09-21 12:51:00 [TRACE] 【目标检测】目标存在，但置信度不足
2025-09-21 12:51:00 [TRACE] 【目标检测】目标存在，但置信度不足
2025-09-21 12:51:01 [TRACE] 【目标检测】目标存在，但置信度不足
2025-09-21 12:51:02 [TRACE] 【空洞监听】无匹配已持续：20秒
2025-09-21 12:51:04 [TRACE] 【目标检测】微调超时，无法对齐！
2025-09-21 12:51:07 [TRACE] 【空洞监听】无匹配已持续：24秒
2025-09-21 12:51:07 [TRACE] 【目标检测】TRAPPED！ 类型：interact 置信度：0.8995676040649414
2025-09-21 12:51:13 [TRACE] 【目标检测】屏幕内没有目标
2025-09-21 12:51:13 [TRACE] 【目标检测】屏幕内没有目标
2025-09-21 12:51:14 [TRACE] 【目标检测】屏幕内没有目标
2025-09-21 12:51:16 [TRACE] 【目标检测】TRAPPED！ 类型：blue_portal 置信度：0.8739027380943298
2025-09-21 12:51:19 [TRACE] 【空洞监听】无匹配已持续：0秒
2025-09-21 12:51:20 [TRACE] 【目标检测】TRAPPED！ 类型：blue_portal 置信度：0.8203257322311401
2025-09-21 12:51:22 [TRACE] 【状态】搜索模式：C:\Users\gelon\Desktop\ZA-Lite\assets/images/hollow\meter.png 置信度：0.9777392148971558
2025-09-21 12:51:26 [TRACE] 【状态】搜索模式：C:\Users\gelon\Desktop\ZA-Lite\assets/images/hollow\meter.png 置信度：0.9426877498626709
2025-09-21 12:51:26 [TRACE] 【目标检测】TRAPPED！ 类型：blue_portal 置信度：0.8767419457435608
2025-09-21 12:51:30 [TRACE] 【目标检测】TRAPPED！ 类型：blue_portal 置信度：0.8588284850120544
2025-09-21 12:51:30 [TRACE] 【状态】搜索模式：C:\Users\gelon\Desktop\ZA-Lite\assets/images/hollow\meter.png 置信度：0.960557222366333
2025-09-21 12:51:35 [TRACE] 【空洞监听】无匹配已持续：0秒
2025-09-21 12:51:36 [TRACE] 【目标检测】TRAPPED！ 类型：blue_portal 置信度：0.8861984014511108
2025-09-21 12:51:38 [TRACE] 【状态】搜索模式：C:\Users\gelon\Desktop\ZA-Lite\assets/images/hollow\meter.png 置信度：0.9287016987800598
2025-09-21 12:51:39 [TRACE] 【目标检测】TRAPPED！ 类型：blue_portal 置信度：0.8886029124259949
2025-09-21 12:51:42 [TRACE] 【状态】搜索模式：C:\Users\gelon\Desktop\ZA-Lite\assets/images/hollow\meter.png 置信度：0.9598723649978638
2025-09-21 12:51:45 [TRACE] 【目标检测】TRAPPED！ 类型：blue_portal 置信度：0.8733116984367371
2025-09-21 12:51:47 [TRACE] 【空洞监听】无匹配已持续：0秒
2025-09-21 12:51:49 [TRACE] 【目标检测】TRAPPED！ 类型：blue_portal 置信度：0.864256739616394
2025-09-21 12:51:51 [TRACE] 【空洞监听】无匹配已持续：3秒
2025-09-21 12:51:55 [TRACE] 【目标检测】屏幕内没有目标
2025-09-21 12:51:55 [TRACE] 【目标检测】屏幕内没有目标
2025-09-21 12:51:56 [TRACE] 【空洞监听】无匹配已持续：8秒
2025-09-21 12:51:56 [TRACE] 【目标检测】屏幕内没有目标
2025-09-21 12:51:56 [TRACE] 【目标检测】屏幕内没有目标
2025-09-21 12:51:57 [TRACE] 【目标检测】屏幕内没有目标
2025-09-21 12:51:59 [TRACE] 【目标检测】屏幕内没有目标
2025-09-21 12:51:59 [TRACE] 【目标检测】屏幕内没有目标
2025-09-21 12:52:00 [TRACE] 【空洞监听】无匹配已持续：12秒
2025-09-21 12:52:00 [TRACE] 【目标检测】屏幕内没有目标
2025-09-21 12:52:00 [TRACE] 【目标检测】屏幕内没有目标
2025-09-21 12:52:01 [TRACE] 【目标检测】屏幕内没有目标
2025-09-21 12:52:02 [TRACE] 【线程启动】攻击检测
2025-09-21 12:52:02 [TRACE] 【状态】战斗模式：C:\Users\gelon\Desktop\ZA-Lite\assets/images/hollow\battle_2.png 置信度：0.9999999403953552
2025-09-21 12:52:02 [TRACE] 【状态】战斗模式：C:\Users\gelon\Desktop\ZA-Lite\assets/images/hollow\battle_3.png 置信度：0.9999998807907104
2025-09-21 12:52:04 [TRACE] 【状态】战斗模式：正在受到攻击
2025-09-21 12:52:09 [TRACE] 【状态】战斗模式：正在受到攻击
2025-09-21 12:52:13 [TRACE] 【空洞监听】无匹配已持续：0秒
2025-09-21 12:52:18 [TRACE] 【状态】战斗模式：正在受到攻击
2025-09-21 12:52:22 [TRACE] 【空洞监听】无匹配已持续：0秒
2025-09-21 12:52:27 [TRACE] 【状态】搜索模式：C:\Users\gelon\Desktop\ZA-Lite\assets/images/hollow\resonium.png 置信度：1.0
2025-09-21 12:52:27 [TRACE] 【目标检测】目标存在，但置信度不足
2025-09-21 12:52:27 [TRACE] 【目标检测】目标存在，但置信度不足
2025-09-21 12:52:28 [TRACE] 【目标检测】目标存在，但置信度不足
2025-09-21 12:52:29 [TRACE] 【目标检测】目标存在，但置信度不足
2025-09-21 12:52:29 [TRACE] 【目标检测】目标存在，但置信度不足
2025-09-21 12:52:30 [TRACE] 【目标检测】目标存在，但置信度不足
2025-09-21 12:52:30 [TRACE] 【目标检测】目标存在，但置信度不足
2025-09-21 12:52:31 [TRACE] 【目标检测】屏幕内没有目标
2025-09-21 12:52:32 [TRACE] 【状态】搜索模式：C:\Users\gelon\Desktop\ZA-Lite\assets/images/hollow\next_area.png 置信度：0.9999997019767761
2025-09-21 12:52:33 [TRACE] 【目标检测】目标存在，但置信度不足
2025-09-21 12:52:35 [TRACE] 【目标检测】微调超时，无法对齐！
2025-09-21 12:52:36 [TRACE] 【目标检测】目标存在，但置信度不足
2025-09-21 12:52:39 [TRACE] 【目标检测】目标存在，但置信度不足
2025-09-21 12:52:39 [TRACE] 【状态】搜索模式：C:\Users\gelon\Desktop\ZA-Lite\assets/images/hollow\meter.png 置信度：0.9057800769805908
2025-09-21 12:52:40 [TRACE] 【目标检测】目标存在，但置信度不足
2025-09-21 12:52:41 [TRACE] 【目标检测】屏幕内没有目标
2025-09-21 12:52:42 [TRACE] 【目标检测】微调超时，无法对齐！
2025-09-21 12:52:43 [TRACE] 【状态】搜索模式：C:\Users\gelon\Desktop\ZA-Lite\assets/images/hollow\meter.png 置信度：0.9423898458480835
2025-09-21 12:52:45 [TRACE] 【目标检测】屏幕内没有目标
2025-09-21 12:52:46 [TRACE] 【目标检测】目标存在，但置信度不足
2025-09-21 12:52:47 [TRACE] 【状态】搜索模式：C:\Users\gelon\Desktop\ZA-Lite\assets/images/hollow\meter.png 置信度：0.9261021018028259
2025-09-21 12:52:47 [TRACE] 【目标检测】目标存在，但置信度不足
2025-09-21 12:52:48 [TRACE] 【目标检测】微调超时，无法对齐！
2025-09-21 12:52:49 [TRACE] 【目标检测】屏幕内没有目标
2025-09-21 12:52:51 [TRACE] 【目标检测】目标存在，但置信度不足
2025-09-21 12:52:51 [TRACE] 【状态】搜索模式：C:\Users\gelon\Desktop\ZA-Lite\assets/images/hollow\meter.png 置信度：0.993168294429779
2025-09-21 12:52:54 [TRACE] 【目标检测】微调超时，无法对齐！
2025-09-21 12:52:55 [TRACE] 【状态】搜索模式：C:\Users\gelon\Desktop\ZA-Lite\assets/images/hollow\meter.png 置信度：0.9305692911148071
2025-09-21 12:52:57 [TRACE] 【目标检测】TRAPPED！ 类型：guide_point 置信度：0.8405042290687561
2025-09-21 12:53:00 [TRACE] 【空洞监听】无匹配已持续：0秒
2025-09-21 12:53:02 [TRACE] 【目标检测】屏幕内没有目标
2025-09-21 12:53:03 [TRACE] 【目标检测】屏幕内没有目标
2025-09-21 12:53:04 [TRACE] 【目标检测】屏幕内没有目标
2025-09-21 12:53:04 [TRACE] 【目标检测】屏幕内没有目标
2025-09-21 12:53:04 [TRACE] 【空洞监听】无匹配已持续：3秒
2025-09-21 12:53:04 [TRACE] 【目标检测】屏幕内没有目标
2025-09-21 12:53:06 [TRACE] 【目标检测】屏幕内没有目标
2025-09-21 12:53:07 [TRACE] 【目标检测】屏幕内没有目标
2025-09-21 12:53:07 [TRACE] 【目标检测】屏幕内没有目标
2025-09-21 12:53:08 [TRACE] 【目标检测】屏幕内没有目标
2025-09-21 12:53:08 [TRACE] 【空洞监听】无匹配已持续：7秒
2025-09-21 12:53:10 [TRACE] 【目标检测】TRAPPED！ 类型：red_portal 置信度：0.7401472330093384
2025-09-21 12:53:10 [TRACE] 【状态】进入BOSS战，攻击检测预启动
2025-09-21 12:53:13 [TRACE] 【空洞监听】无匹配已持续：12秒
2025-09-21 12:53:19 [TRACE] 【目标检测】目标存在，但置信度不足
2025-09-21 12:53:21 [TRACE] 【目标检测】微调超时，无法对齐！
2025-09-21 12:53:22 [TRACE] 【目标检测】目标存在，但置信度不足
2025-09-21 12:53:23 [TRACE] 【目标检测】目标存在，但置信度不足
2025-09-21 12:53:27 [TRACE] 【目标检测】微调超时，无法对齐！
2025-09-21 12:53:32 [TRACE] 【目标检测】微调超时，无法对齐！
2025-09-21 12:53:37 [TRACE] 【目标检测】微调超时，无法对齐！
2025-09-21 12:53:39 [TRACE] 【目标检测】目标存在，但置信度不足
2025-09-21 12:53:39 [TRACE] 【目标检测】目标存在，但置信度不足
2025-09-21 12:53:40 [TRACE] 【目标检测】目标存在，但置信度不足
2025-09-21 12:53:41 [TRACE] 【目标检测】目标存在，但置信度不足
2025-09-21 12:53:41 [TRACE] 【目标检测】目标存在，但置信度不足
2025-09-21 12:53:42 [TRACE] 【状态】搜索模式：C:\Users\gelon\Desktop\ZA-Lite\assets/images/hollow\resonium.png 置信度：0.9920591711997986
2025-09-21 12:53:42 [TRACE] 【目标检测】目标存在，但置信度不足
2025-09-21 12:53:42 [TRACE] 【目标检测】目标存在，但置信度不足
2025-09-21 12:53:43 [TRACE] 【目标检测】目标存在，但置信度不足
2025-09-21 12:53:43 [TRACE] 【目标检测】目标存在，但置信度不足
2025-09-21 12:53:44 [TRACE] 【目标检测】目标存在，但置信度不足
2025-09-21 12:53:44 [TRACE] 【目标检测】目标存在，但置信度不足
2025-09-21 12:53:45 [TRACE] 【目标检测】目标存在，但置信度不足
2025-09-21 12:53:45 [TRACE] 【目标检测】目标存在，但置信度不足
2025-09-21 12:53:46 [TRACE] 【目标检测】目标存在，但置信度不足
2025-09-21 12:53:46 [TRACE] 【状态】搜索模式：C:\Users\gelon\Desktop\ZA-Lite\assets/images/hollow\resonium.png 置信度：0.9920591711997986
2025-09-21 12:53:46 [TRACE] 【目标检测】目标存在，但置信度不足
2025-09-21 12:53:47 [TRACE] 【目标检测】目标存在，但置信度不足
2025-09-21 12:53:47 [TRACE] 【目标检测】目标存在，但置信度不足
2025-09-21 12:53:48 [TRACE] 【目标检测】目标存在，但置信度不足
2025-09-21 12:53:48 [TRACE] 【目标检测】目标存在，但置信度不足
2025-09-21 12:53:49 [TRACE] 【目标检测】目标存在，但置信度不足
2025-09-21 12:53:49 [TRACE] 【目标检测】目标存在，但置信度不足
2025-09-21 12:53:53 [TRACE] 【目标检测】屏幕内没有目标
2025-09-21 12:53:53 [TRACE] 【状态】搜索模式：C:\Users\gelon\Desktop\ZA-Lite\assets/images/hollow\meter.png 置信度：0.967392086982727
2025-09-21 12:53:54 [TRACE] 【目标检测】微调超时，无法对齐！
2025-09-21 12:53:55 [TRACE] 【目标检测】目标存在，但置信度不足
2025-09-21 12:53:56 [TRACE] 【目标检测】目标存在，但置信度不足
2025-09-21 12:53:58 [TRACE] 【目标检测】屏幕内没有目标
2025-09-21 12:53:59 [TRACE] 【空洞监听】无匹配已持续：0秒
2025-09-21 12:53:59 [TRACE] 【目标检测】屏幕内没有目标
2025-09-21 12:54:01 [TRACE] 【目标检测】微调超时，无法对齐！
2025-09-21 12:54:02 [TRACE] 【目标检测】屏幕内没有目标
2025-09-21 12:54:03 [TRACE] 【空洞监听】无匹配已持续：3秒
2025-09-21 12:54:04 [TRACE] 【目标检测】屏幕内没有目标
2025-09-21 12:54:07 [TRACE] 【空洞监听】无匹配已持续：8秒
2025-09-21 12:54:08 [TRACE] 【目标检测】目标存在，但置信度不足
2025-09-21 12:54:09 [TRACE] 【目标检测】微调超时，无法对齐！
2025-09-21 12:54:11 [TRACE] 【空洞监听】无匹配已持续：12秒
2025-09-21 12:54:13 [TRACE] 【目标检测】微调超时，无法对齐！
2025-09-21 12:54:15 [TRACE] 【空洞监听】无匹配已持续：16秒
2025-09-21 12:54:17 [TRACE] 【目标检测】微调超时，无法对齐！
2025-09-21 12:54:20 [TRACE] 【目标检测】TRAPPED！ 类型：red_portal 置信度：0.830017626285553
2025-09-21 12:54:20 [TRACE] 【状态】进入BOSS战，攻击检测预启动
2025-09-21 12:54:20 [TRACE] 【空洞监听】无匹配已持续：20秒
2025-09-21 12:54:22 [TRACE] 【状态】搜索模式：C:\Users\gelon\Desktop\ZA-Lite\assets/images/hollow\meter.png 置信度：0.954364001750946
2025-09-21 12:54:28 [TRACE] 【空洞监听】无匹配已持续：0秒
2025-09-21 12:54:29 [TRACE] 【目标检测】目标存在，但置信度不足
2025-09-21 12:54:29 [TRACE] 【目标检测】微调超时，无法对齐！
2025-09-21 12:54:30 [TRACE] 【状态】搜索模式：C:\Users\gelon\Desktop\ZA-Lite\assets/images/hollow\meter.png 置信度：0.914165198802948
2025-09-21 12:54:32 [TRACE] 【目标检测】TRAPPED！ 类型：guide_point 置信度：0.868967592716217
2025-09-21 12:54:36 [TRACE] 【空洞监听】无匹配已持续：0秒
2025-09-21 12:54:38 [TRACE] 【目标检测】屏幕内没有目标
2025-09-21 12:54:39 [TRACE] 【目标检测】屏幕内没有目标
2025-09-21 12:54:40 [TRACE] 【目标检测】屏幕内没有目标
2025-09-21 12:54:40 [TRACE] 【空洞监听】无匹配已持续：4秒
2025-09-21 12:54:40 [TRACE] 【目标检测】屏幕内没有目标
2025-09-21 12:54:41 [TRACE] 【目标检测】屏幕内没有目标
2025-09-21 12:54:42 [TRACE] 【状态】战斗模式：C:\Users\gelon\Desktop\ZA-Lite\assets/images/hollow\battle_2.png 置信度：1.0
2025-09-21 12:54:42 [TRACE] 【状态】战斗模式：C:\Users\gelon\Desktop\ZA-Lite\assets/images/hollow\battle_3.png 置信度：0.9999998807907104
2025-09-21 12:54:49 [TRACE] 【空洞监听】无匹配已持续：0秒
2025-09-21 12:54:55 [TRACE] 【状态】搜索模式：C:\Users\gelon\Desktop\ZA-Lite\assets/images/hollow\next_area.png 置信度：0.9999998807907104
2025-09-21 12:54:56 [TRACE] 【目标检测】屏幕内没有目标
2025-09-21 12:54:57 [TRACE] 【状态】搜索模式：C:\Users\gelon\Desktop\ZA-Lite\assets/images/hollow\meter.png 置信度：0.9193297028541565
2025-09-21 12:54:57 [TRACE] 【目标检测】屏幕内没有目标
2025-09-21 12:54:57 [TRACE] 【目标检测】屏幕内没有目标
2025-09-21 12:54:58 [TRACE] 【目标检测】屏幕内没有目标
2025-09-21 12:54:59 [TRACE] 【目标检测】屏幕内没有目标
2025-09-21 12:55:00 [TRACE] 【目标检测】屏幕内没有目标
2025-09-21 12:55:02 [TRACE] 【空洞监听】无匹配已持续：0秒
2025-09-21 12:55:02 [TRACE] 【目标检测】屏幕内没有目标
2025-09-21 12:55:04 [TRACE] 【目标检测】微调超时，无法对齐！
2025-09-21 12:55:05 [TRACE] 【目标检测】屏幕内没有目标
2025-09-21 12:55:06 [TRACE] 【目标检测】屏幕内没有目标
2025-09-21 12:55:06 [TRACE] 【空洞监听】无匹配已持续：4秒
2025-09-21 12:55:08 [TRACE] 【目标检测】目标存在，但置信度不足
2025-09-21 12:55:09 [TRACE] 【目标检测】目标存在，但置信度不足
2025-09-21 12:55:11 [TRACE] 【空洞监听】无匹配已持续：8秒
2025-09-21 12:55:11 [TRACE] 【目标检测】目标存在，但置信度不足
2025-09-21 12:55:12 [TRACE] 【目标检测】微调超时，无法对齐！
2025-09-21 12:55:13 [TRACE] 【目标检测】目标存在，但置信度不足
2025-09-21 12:55:15 [TRACE] 【空洞监听】无匹配已持续：12秒
2025-09-21 12:55:16 [TRACE] 【目标检测】屏幕内没有目标
2025-09-21 12:55:17 [TRACE] 【目标检测】目标存在，但置信度不足
2025-09-21 12:55:18 [TRACE] 【空洞监听】无匹配已持续：16秒
2025-09-21 12:55:19 [TRACE] 【目标检测】微调超时，无法对齐！
2025-09-21 12:55:21 [TRACE] 【目标检测】目标存在，但置信度不足
2025-09-21 12:55:23 [TRACE] 【空洞监听】无匹配已持续：20秒
2025-09-21 12:55:23 [TRACE] 【目标检测】屏幕内没有目标
2025-09-21 12:55:24 [TRACE] 【目标检测】目标存在，但置信度不足
2025-09-21 12:55:25 [TRACE] 【目标检测】微调超时，无法对齐！
2025-09-21 12:55:25 [TRACE] 【状态】搜索模式：C:\Users\gelon\Desktop\ZA-Lite\assets/images/hollow\meter.png 置信度：0.9236389398574829
2025-09-21 12:55:28 [TRACE] 【目标检测】屏幕内没有目标
2025-09-21 12:55:29 [TRACE] 【目标检测】屏幕内没有目标
2025-09-21 12:55:30 [TRACE] 【目标检测】目标存在，但置信度不足
2025-09-21 12:55:31 [TRACE] 【空洞监听】无匹配已持续：0秒
2025-09-21 12:55:31 [TRACE] 【目标检测】目标存在，但置信度不足
2025-09-21 12:55:32 [TRACE] 【目标检测】微调超时，无法对齐！
2025-09-21 12:55:34 [TRACE] 【目标检测】屏幕内没有目标
2025-09-21 12:55:35 [TRACE] 【空洞监听】无匹配已持续：3秒
2025-09-21 12:55:35 [TRACE] 【目标检测】目标存在，但置信度不足
2025-09-21 12:55:36 [TRACE] 【目标检测】目标存在，但置信度不足
2025-09-21 12:55:37 [TRACE] 【状态】搜索模式：C:\Users\gelon\Desktop\ZA-Lite\assets/images/hollow\meter.png 置信度：0.9616739153862
2025-09-21 12:55:38 [TRACE] 【目标检测】微调超时，无法对齐！
2025-09-21 12:55:40 [TRACE] 【目标检测】目标存在，但置信度不足
2025-09-21 12:55:41 [TRACE] 【目标检测】屏幕内没有目标
2025-09-21 12:55:41 [TRACE] 【状态】搜索模式：C:\Users\gelon\Desktop\ZA-Lite\assets/images/hollow\meter.png 置信度：0.9585298895835876
2025-09-21 12:55:43 [TRACE] 【目标检测】目标存在，但置信度不足
2025-09-21 12:55:45 [TRACE] 【目标检测】微调超时，无法对齐！
2025-09-21 12:55:47 [TRACE] 【目标检测】屏幕内没有目标
2025-09-21 12:55:47 [TRACE] 【空洞监听】无匹配已持续：0秒
2025-09-21 12:55:48 [TRACE] 【目标检测】屏幕内没有目标
2025-09-21 12:55:49 [TRACE] 【目标检测】目标存在，但置信度不足
2025-09-21 12:55:51 [TRACE] 【空洞监听】无匹配已持续：4秒
2025-09-21 12:55:52 [TRACE] 【目标检测】TRAPPED！ 类型：guide_point 置信度：0.6893538236618042
2025-09-21 12:55:54 [TRACE] 【状态】搜索模式：C:\Users\gelon\Desktop\ZA-Lite\assets/images/hollow\meter.png 置信度：0.9092106819152832
2025-09-21 12:56:00 [TRACE] 【空洞监听】无匹配已持续：0秒
2025-09-21 12:56:01 [TRACE] 【目标检测】微调超时，无法对齐！
2025-09-21 12:56:02 [TRACE] 【目标检测】目标存在，但置信度不足
2025-09-21 12:56:03 [TRACE] 【目标检测】目标存在，但置信度不足
2025-09-21 12:56:03 [TRACE] 【目标检测】屏幕内没有目标
2025-09-21 12:56:04 [TRACE] 【空洞监听】无匹配已持续：3秒
2025-09-21 12:56:04 [TRACE] 【目标检测】屏幕内没有目标
2025-09-21 12:56:04 [TRACE] 【目标检测】屏幕内没有目标
2025-09-21 12:56:05 [TRACE] 【目标检测】屏幕内没有目标
2025-09-21 12:56:06 [TRACE] 【目标检测】屏幕内没有目标
2025-09-21 12:56:08 [TRACE] 【空洞监听】无匹配已持续：7秒
2025-09-21 12:56:11 [TRACE] 【目标检测】微调超时，无法对齐！
2025-09-21 12:56:12 [TRACE] 【空洞监听】无匹配已持续：11秒
2025-09-21 12:56:14 [TRACE] 【目标检测】TRAPPED！ 类型：blue_portal 置信度：0.85918790102005
2025-09-21 12:56:15 [TRACE] 【空洞监听】无匹配已持续：15秒
2025-09-21 12:56:19 [TRACE] 【空洞监听】无匹配已持续：19秒
2025-09-21 12:56:20 [TRACE] 【目标检测】屏幕内没有目标
2025-09-21 12:56:21 [TRACE] 【目标检测】屏幕内没有目标
2025-09-21 12:56:21 [TRACE] 【目标检测】屏幕内没有目标
2025-09-21 12:56:22 [TRACE] 【目标检测】目标存在，但置信度不足
2025-09-21 12:56:23 [TRACE] 【目标检测】屏幕内没有目标
2025-09-21 12:56:23 [TRACE] 【目标检测】屏幕内没有目标
2025-09-21 12:56:23 [TRACE] 【空洞监听】无匹配已持续：23秒
2025-09-21 12:56:25 [TRACE] 【状态】战斗模式：C:\Users\gelon\Desktop\ZA-Lite\assets/images/hollow\battle_1.png 置信度：0.9999998211860657
2025-09-21 12:56:25 [TRACE] 【目标检测】屏幕内没有目标
2025-09-21 12:56:28 [TRACE] 【状态】战斗模式：正在受到攻击
2025-09-21 12:56:32 [TRACE] 【空洞监听】无匹配已持续：0秒
2025-09-21 12:56:36 [TRACE] 【状态】战斗模式：正在受到攻击
2025-09-21 12:56:40 [TRACE] 【状态】战斗模式：正在受到攻击
2025-09-21 12:56:43 [TRACE] 【状态】战斗模式：C:\Users\gelon\Desktop\ZA-Lite\assets/images/hollow\battle_5.png 置信度：0.9805665016174316
2025-09-21 12:56:47 [TRACE] 【状态】战斗模式：C:\Users\gelon\Desktop\ZA-Lite\assets/images/hollow\battle_5.png 置信度：0.9977205395698547
2025-09-21 12:56:51 [TRACE] 【状态】战斗模式：C:\Users\gelon\Desktop\ZA-Lite\assets/images/hollow\battle_3.png 置信度：0.9999998807907104
2025-09-21 12:56:52 [TRACE] 【状态】战斗模式：C:\Users\gelon\Desktop\ZA-Lite\assets/images/hollow\battle_5.png 置信度：0.9807978868484497
2025-09-21 12:56:58 [TRACE] 【状态】战斗模式：正在受到攻击
2025-09-21 12:57:03 [TRACE] 【状态】搜索模式：C:\Users\gelon\Desktop\ZA-Lite\assets/images/hollow\next_area.png 置信度：0.9999994039535522
2025-09-21 12:57:04 [TRACE] 【目标检测】屏幕内没有目标
2025-09-21 12:57:04 [TRACE] 【目标检测】屏幕内没有目标
2025-09-21 12:57:05 [TRACE] 【目标检测】屏幕内没有目标
2025-09-21 12:57:06 [TRACE] 【目标检测】TRAPPED！ 类型：red_portal 置信度：0.9229831695556641
2025-09-21 12:57:06 [TRACE] 【状态】进入BOSS战，攻击检测预启动
2025-09-21 12:57:11 [TRACE] 【空洞监听】无匹配已持续：0秒
2025-09-21 12:57:13 [TRACE] 【目标检测】屏幕内没有目标
2025-09-21 12:57:14 [TRACE] 【目标检测】屏幕内没有目标
2025-09-21 12:57:15 [TRACE] 【目标检测】屏幕内没有目标
2025-09-21 12:57:16 [TRACE] 【目标检测】屏幕内没有目标
2025-09-21 12:57:16 [TRACE] 【空洞监听】无匹配已持续：4秒
2025-09-21 12:57:16 [TRACE] 【目标检测】屏幕内没有目标
2025-09-21 12:57:18 [TRACE] 【目标检测】屏幕内没有目标
2025-09-21 12:57:19 [TRACE] 【目标检测】屏幕内没有目标
2025-09-21 12:57:20 [TRACE] 【目标检测】屏幕内没有目标
2025-09-21 12:57:20 [TRACE] 【状态】战斗模式：正在受到攻击
2025-09-21 12:57:20 [TRACE] 【目标检测】屏幕内没有目标
2025-09-21 12:57:23 [TRACE] 【状态】战斗模式：C:\Users\gelon\Desktop\ZA-Lite\assets/images/hollow\battle_5.png 置信度：0.9748666286468506
2025-09-21 12:57:29 [TRACE] 【状态】战斗模式：正在受到攻击
2025-09-21 12:57:31 [TRACE] 【状态】战斗模式：C:\Users\gelon\Desktop\ZA-Lite\assets/images/hollow\battle_5.png 置信度：0.9046395421028137
2025-09-21 12:57:38 [TRACE] 【状态】战斗模式：正在受到攻击
2025-09-21 12:57:42 [TRACE] 【空洞监听】无匹配已持续：0秒
2025-09-21 12:57:46 [TRACE] 【空洞监听】无匹配已持续：4秒
2025-09-21 12:57:49 [TRACE] 【状态】战斗模式：C:\Users\gelon\Desktop\ZA-Lite\assets/images/hollow\battle_5.png 置信度：0.9740225076675415
2025-09-21 12:57:53 [TRACE] 【状态】战斗模式：C:\Users\gelon\Desktop\ZA-Lite\assets/images/hollow\battle_5.png 置信度：0.9886327981948853
2025-09-21 12:58:00 [TRACE] 【状态】战斗模式：正在受到攻击
2025-09-21 12:58:02 [TRACE] 【状态】战斗模式：C:\Users\gelon\Desktop\ZA-Lite\assets/images/hollow\battle_5.png 置信度：0.9803193211555481
2025-09-21 12:58:04 [TRACE] 【状态】战斗模式：正在受到攻击
2025-09-21 12:58:07 [TRACE] 【状态】战斗模式：C:\Users\gelon\Desktop\ZA-Lite\assets/images/hollow\battle_5.png 置信度：0.9896393418312073
2025-09-21 12:58:13 [TRACE] 【状态】战斗模式：正在受到攻击
2025-09-21 12:58:16 [TRACE] 【状态】战斗模式：C:\Users\gelon\Desktop\ZA-Lite\assets/images/hollow\battle_5.png 置信度：0.9754939079284668
2025-09-21 12:58:20 [TRACE] 【状态】战斗模式：C:\Users\gelon\Desktop\ZA-Lite\assets/images/hollow\battle_5.png 置信度：0.9766403436660767
2025-09-21 12:58:25 [TRACE] 【状态】战斗模式：C:\Users\gelon\Desktop\ZA-Lite\assets/images/hollow\battle_5.png 置信度：0.9641579389572144
2025-09-21 12:58:29 [TRACE] 【状态】战斗模式：C:\Users\gelon\Desktop\ZA-Lite\assets/images/hollow\battle_5.png 置信度：0.991108238697052
2025-09-21 12:58:36 [TRACE] 【状态】战斗模式：正在受到攻击
2025-09-21 12:58:38 [TRACE] 【状态】战斗模式：C:\Users\gelon\Desktop\ZA-Lite\assets/images/hollow\battle_5.png 置信度：0.9812518358230591
2025-09-21 12:58:43 [TRACE] 【状态】战斗模式：C:\Users\gelon\Desktop\ZA-Lite\assets/images/hollow\battle_5.png 置信度：0.9759613871574402
2025-09-21 12:58:48 [TRACE] 【状态】战斗模式：C:\Users\gelon\Desktop\ZA-Lite\assets/images/hollow\battle_5.png 置信度：0.9742259979248047
2025-09-21 12:58:52 [TRACE] 【状态】战斗模式：C:\Users\gelon\Desktop\ZA-Lite\assets/images/hollow\battle_5.png 置信度：0.9846122860908508
2025-09-21 12:58:57 [TRACE] 【状态】战斗模式：C:\Users\gelon\Desktop\ZA-Lite\assets/images/hollow\battle_5.png 置信度：0.9797989130020142
2025-09-21 12:59:01 [TRACE] 【状态】战斗模式：C:\Users\gelon\Desktop\ZA-Lite\assets/images/hollow\battle_5.png 置信度：0.9782521724700928
2025-09-21 12:59:06 [TRACE] 【状态】战斗模式：C:\Users\gelon\Desktop\ZA-Lite\assets/images/hollow\battle_5.png 置信度：0.9062001705169678
2025-09-21 12:59:10 [TRACE] 【状态】战斗模式：C:\Users\gelon\Desktop\ZA-Lite\assets/images/hollow\battle_5.png 置信度：0.9786971211433411
2025-09-21 12:59:17 [TRACE] 【空洞监听】无匹配已持续：0秒
2025-09-21 12:59:21 [TRACE] 【空洞监听】无匹配已持续：4秒
2025-09-21 12:59:25 [TRACE] 【空洞监听】无匹配已持续：8秒
2025-09-21 12:59:30 [TRACE] 【状态】搜索模式：C:\Users\gelon\Desktop\ZA-Lite\assets/images/hollow\gear.png 置信度：1.0
2025-09-21 12:59:30 [TRACE] 【目标检测】屏幕内没有目标
2025-09-21 12:59:32 [TRACE] 【目标检测】屏幕内没有目标
2025-09-21 12:59:32 [TRACE] 【目标检测】屏幕内没有目标
2025-09-21 12:59:33 [TRACE] 【目标检测】屏幕内没有目标
2025-09-21 12:59:34 [TRACE] 【目标检测】目标存在，但置信度不足
2025-09-21 12:59:34 [TRACE] 【状态】搜索模式：C:\Users\gelon\Desktop\ZA-Lite\assets/images/hollow\resonium.png 置信度：0.9999996423721313
2025-09-21 12:59:34 [TRACE] 【目标检测】目标存在，但置信度不足
2025-09-21 12:59:35 [TRACE] 【目标检测】目标存在，但置信度不足
2025-09-21 12:59:35 [TRACE] 【目标检测】目标存在，但置信度不足
2025-09-21 12:59:36 [TRACE] 【目标检测】目标存在，但置信度不足
2025-09-21 12:59:37 [TRACE] 【目标检测】目标存在，但置信度不足
2025-09-21 12:59:37 [TRACE] 【目标检测】目标存在，但置信度不足
2025-09-21 12:59:38 [TRACE] 【目标检测】目标存在，但置信度不足
2025-09-21 12:59:39 [TRACE] 【目标检测】TRAPPED！ 类型：blue_portal 置信度：0.8045916557312012
2025-09-21 12:59:43 [TRACE] 【空洞监听】无匹配已持续：0秒
2025-09-21 12:59:44 [TRACE] 【状态】搜索模式：C:\Users\gelon\Desktop\ZA-Lite\assets/images/hollow\battle_end_boss.png 置信度：0.9999359846115112
2025-09-21 12:59:45 [TRACE] 【目标检测】目标存在，但置信度不足
2025-09-21 12:59:46 [TRACE] 【目标检测】目标存在，但置信度不足
2025-09-21 12:59:46 [TRACE] 【目标检测】目标存在，但置信度不足
2025-09-21 12:59:47 [TRACE] 【目标检测】目标存在，但置信度不足
2025-09-21 12:59:47 [TRACE] 【目标检测】屏幕内没有目标
2025-09-21 12:59:48 [TRACE] 【目标检测】目标存在，但置信度不足
2025-09-21 12:59:48 [TRACE] 【状态】搜索模式：C:\Users\gelon\Desktop\ZA-Lite\assets/images/hollow\battle_end_boss.png 置信度：0.9999359846115112
2025-09-21 12:59:48 [TRACE] 【目标检测】目标存在，但置信度不足
2025-09-21 12:59:50 [TRACE] 【目标检测】屏幕内没有目标
2025-09-21 12:59:50 [TRACE] 【目标检测】屏幕内没有目标
2025-09-21 12:59:51 [TRACE] 【目标检测】屏幕内没有目标
2025-09-21 12:59:51 [TRACE] 【目标检测】屏幕内没有目标
2025-09-21 12:59:53 [TRACE] 【目标检测】屏幕内没有目标
2025-09-21 12:59:54 [TRACE] 【目标检测】屏幕内没有目标
2025-09-21 12:59:54 [TRACE] 【目标检测】屏幕内没有目标
2025-09-21 12:59:55 [TRACE] 【目标检测】屏幕内没有目标
2025-09-21 12:59:55 [TRACE] 【目标检测】屏幕内没有目标
2025-09-21 12:59:55 [TRACE] 【空洞监听】无匹配已持续：0秒
2025-09-21 12:59:58 [TRACE] 【目标检测】TRAPPED！ 类型：interact 置信度：0.847578763961792
2025-09-21 12:59:59 [TRACE] 【空洞监听】无匹配已持续：3秒
2025-09-21 13:00:02 [TRACE] 【目标检测】TRAPPED！ 类型：interact 置信度：0.8854551315307617
2025-09-21 13:00:04 [TRACE] 【空洞监听】无匹配已持续：8秒
2025-09-21 13:00:08 [TRACE] 【目标检测】屏幕内没有目标
2025-09-21 13:00:09 [TRACE] 【目标检测】屏幕内没有目标
2025-09-21 13:00:09 [TRACE] 【目标检测】屏幕内没有目标
2025-09-21 13:00:10 [TRACE] 【目标检测】屏幕内没有目标
2025-09-21 13:00:10 [TRACE] 【目标检测】屏幕内没有目标
2025-09-21 13:00:13 [TRACE] 【目标检测】TRAPPED！ 类型：interact 置信度：0.932738721370697
2025-09-21 13:00:17 [TRACE] 【空洞监听】无匹配已持续：0秒
2025-09-21 13:00:17 [TRACE] 【目标检测】TRAPPED！ 类型：interact 置信度：0.8333094716072083
2025-09-21 13:00:21 [TRACE] 【空洞监听】无匹配已持续：4秒
2025-09-21 13:00:23 [TRACE] 【目标检测】屏幕内没有目标
2025-09-21 13:00:24 [TRACE] 【目标检测】屏幕内没有目标
2025-09-21 13:00:24 [TRACE] 【目标检测】屏幕内没有目标
2025-09-21 13:00:25 [TRACE] 【目标检测】屏幕内没有目标
2025-09-21 13:00:25 [TRACE] 【目标检测】屏幕内没有目标
2025-09-21 13:00:25 [TRACE] 【空洞监听】无匹配已持续：8秒
2025-09-21 13:00:27 [TRACE] 【目标检测】屏幕内没有目标
2025-09-21 13:00:27 [TRACE] 【目标检测】屏幕内没有目标
2025-09-21 13:00:28 [TRACE] 【目标检测】屏幕内没有目标
2025-09-21 13:00:29 [TRACE] 【目标检测】屏幕内没有目标
2025-09-21 13:00:29 [TRACE] 【目标检测】屏幕内没有目标
2025-09-21 13:00:30 [TRACE] 【空洞监听】无匹配已持续：12秒
2025-09-21 13:00:31 [TRACE] 【目标检测】屏幕内没有目标
2025-09-21 13:00:32 [TRACE] 【目标检测】屏幕内没有目标
2025-09-21 13:00:32 [TRACE] 【目标检测】屏幕内没有目标
2025-09-21 13:00:33 [TRACE] 【目标检测】屏幕内没有目标
2025-09-21 13:00:33 [TRACE] 【目标检测】屏幕内没有目标
2025-09-21 13:00:34 [TRACE] 【空洞监听】无匹配已持续：16秒
2025-09-21 13:00:35 [TRACE] 【目标检测】屏幕内没有目标
2025-09-21 13:00:36 [TRACE] 【目标检测】屏幕内没有目标
2025-09-21 13:00:36 [TRACE] 【目标检测】屏幕内没有目标
2025-09-21 13:00:37 [TRACE] 【目标检测】屏幕内没有目标
2025-09-21 13:00:37 [TRACE] 【目标检测】屏幕内没有目标
2025-09-21 13:00:38 [TRACE] 【空洞监听】无匹配已持续：21秒
2025-09-21 13:00:39 [TRACE] 【目标检测】屏幕内没有目标
2025-09-21 13:00:40 [TRACE] 【目标检测】屏幕内没有目标
2025-09-21 13:00:40 [TRACE] 【目标检测】屏幕内没有目标
2025-09-21 13:00:41 [TRACE] 【目标检测】屏幕内没有目标
2025-09-21 13:00:42 [TRACE] 【空洞监听】无匹配已持续：24秒
2025-09-21 13:00:44 [TRACE] 【目标检测】微调超时，无法对齐！
2025-09-21 13:00:45 [TRACE] 【空洞监听】无匹配已持续：28秒
2025-09-21 13:00:49 [TRACE] 【目标检测】微调超时，无法对齐！
2025-09-21 13:00:49 [TRACE] 【空洞监听】无匹配已持续：32秒
2025-09-21 13:00:53 [TRACE] 【目标检测】微调超时，无法对齐！
2025-09-21 13:00:53 [TRACE] 【空洞监听】无匹配已持续：36秒
2025-09-21 13:00:57 [TRACE] 【空洞监听】无匹配已持续：40秒
2025-09-21 13:00:57 [TRACE] 【目标检测】微调超时，无法对齐！
2025-09-21 13:01:01 [TRACE] 【空洞监听】无匹配已持续：43秒
2025-09-21 13:01:02 [TRACE] 【目标检测】微调超时，无法对齐！
2025-09-21 13:01:05 [TRACE] 【空洞监听】无匹配已持续：47秒
2025-09-21 13:01:06 [TRACE] 【目标检测】微调超时，无法对齐！
2025-09-21 13:01:09 [TRACE] 【空洞监听】无匹配已持续：51秒
2025-09-21 13:01:11 [TRACE] 【目标检测】微调超时，无法对齐！
2025-09-21 13:01:13 [TRACE] 【空洞监听】无匹配已持续：55秒
2025-09-21 13:01:15 [TRACE] 【目标检测】微调超时，无法对齐！
2025-09-21 13:01:17 [TRACE] 【空洞监听】无匹配已持续：60秒
2025-09-21 13:01:17 [TRACE] 【空洞监听】即将超时，重启搜索线程
2025-09-21 13:01:20 [TRACE] 【目标检测】微调超时，无法对齐！
2025-09-21 13:01:21 [TRACE] 【空洞监听】无匹配已持续：64秒
2025-09-21 13:01:21 [TRACE] 【空洞监听】即将超时，重启搜索线程
2025-09-21 13:01:22 [TRACE] 【目标检测】目标存在，但置信度不足
2025-09-21 13:01:25 [TRACE] 【目标检测】微调超时，无法对齐！
2025-09-21 13:01:26 [TRACE] 【空洞监听】无匹配已持续：69秒
2025-09-21 13:01:26 [TRACE] 【空洞监听】即将超时，重启搜索线程
2025-09-21 13:01:29 [TRACE] 【目标检测】微调超时，无法对齐！
2025-09-21 13:01:30 [TRACE] 【空洞监听】无匹配已持续：73秒
2025-09-21 13:01:30 [TRACE] 【空洞监听】即将超时，重启搜索线程
2025-09-21 13:01:33 [TRACE] 【目标检测】微调超时，无法对齐！
2025-09-21 13:01:35 [TRACE] 【空洞监听】无匹配已持续：77秒
2025-09-21 13:01:35 [TRACE] 【空洞监听】即将超时，重启搜索线程
2025-09-21 13:01:38 [TRACE] 【目标检测】微调超时，无法对齐！
2025-09-21 13:01:40 [TRACE] 【空洞监听】无匹配已持续：82秒
2025-09-21 13:01:40 [TRACE] 【空洞监听】即将超时，重启搜索线程
2025-09-21 13:01:42 [TRACE] 【目标检测】目标存在，但置信度不足
2025-09-21 13:01:43 [TRACE] 【目标检测】微调超时，无法对齐！
2025-09-21 13:01:44 [TRACE] 【空洞监听】无匹配已持续：87秒
2025-09-21 13:01:44 [TRACE] 【空洞监听】即将超时，重启搜索线程
2025-09-21 13:01:47 [TRACE] 【目标检测】微调超时，无法对齐！
2025-09-21 13:01:49 [TRACE] 【空洞监听】无匹配已持续：92秒
2025-09-21 13:01:49 [TRACE] 【空洞监听】即将超时，重启搜索线程
2025-09-21 13:01:52 [TRACE] 【目标检测】微调超时，无法对齐！
2025-09-21 13:01:54 [TRACE] 【空洞监听】无匹配已持续：97秒
2025-09-21 13:01:54 [TRACE] 【空洞监听】即将超时，重启搜索线程
2025-09-21 13:01:56 [TRACE] 【目标检测】微调超时，无法对齐！
2025-09-21 13:01:59 [TRACE] 【空洞监听】无匹配已持续：101秒
2025-09-21 13:01:59 [TRACE] 【空洞监听】即将超时，重启搜索线程
2025-09-21 13:02:01 [TRACE] 【目标检测】微调超时，无法对齐！
2025-09-21 13:02:02 [TRACE] 【目标检测】目标存在，但置信度不足
2025-09-21 13:02:04 [TRACE] 【空洞监听】无匹配已持续：107秒
2025-09-21 13:02:04 [TRACE] 【空洞监听】即将超时，重启搜索线程
2025-09-21 13:02:06 [TRACE] 【目标检测】微调超时，无法对齐！
2025-09-21 13:02:10 [TRACE] 【空洞监听】无匹配已持续：112秒
2025-09-21 13:02:10 [TRACE] 【空洞监听】即将超时，重启搜索线程
2025-09-21 13:02:11 [TRACE] 【目标检测】微调超时，无法对齐！
2025-09-21 13:02:13 [TRACE] 【目标检测】目标存在，但置信度不足
2025-09-21 13:02:15 [TRACE] 【空洞监听】无匹配已持续：117秒
2025-09-21 13:02:15 [TRACE] 【空洞监听】即将超时，重启搜索线程
2025-09-21 13:02:16 [TRACE] 【目标检测】微调超时，无法对齐！
2025-09-21 13:02:20 [TRACE] 【空洞监听】无匹配已持续：123秒
2025-09-21 13:02:20 [TRACE] 【空洞监听】即将超时，重启搜索线程
2025-09-21 13:02:20 [WARNING] 空洞任务异常，跳过本轮
2025-09-21 13:02:20 [INFO] 本轮耗时:12分钟
2025-09-21 13:02:20 [INFO] 当前已完成空洞 0 次 
2025-09-21 13:02:20 [DEBUG] 正在返回菜单
2025-09-21 13:02:21 [TRACE] 正在返回菜单,请保持游戏画面处于前台
2025-09-21 13:02:23 [TRACE] 正在返回菜单,请保持游戏画面处于前台
2025-09-21 13:02:25 [TRACE] 正在返回菜单,请保持游戏画面处于前台
2025-09-21 13:02:27 [TRACE] 正在返回菜单,请保持游戏画面处于前台
2025-09-21 13:02:30 [TRACE] 正在返回菜单,请保持游戏画面处于前台
2025-09-21 13:02:32 [TRACE] 正在返回菜单,请保持游戏画面处于前台
2025-09-21 13:02:34 [TRACE] 正在返回菜单,请保持游戏画面处于前台
2025-09-21 13:02:36 [TRACE] 正在返回菜单,请保持游戏画面处于前台
2025-09-21 13:02:38 [TRACE] 正在返回菜单,请保持游戏画面处于前台
2025-09-21 13:02:41 [TRACE] 正在返回菜单,请保持游戏画面处于前台
2025-09-21 13:02:43 [TRACE] 正在返回菜单,请保持游戏画面处于前台
2025-09-21 13:02:45 [TRACE] 正在返回菜单,请保持游戏画面处于前台
2025-09-21 13:02:47 [TRACE] 正在返回菜单,请保持游戏画面处于前台
2025-09-21 13:02:49 [TRACE] 正在返回菜单,请保持游戏画面处于前台
2025-09-21 13:02:51 [TRACE] 正在返回菜单,请保持游戏画面处于前台
2025-09-21 13:02:53 [TRACE] 正在返回菜单,请保持游戏画面处于前台
2025-09-21 13:02:55 [TRACE] 正在返回菜单,请保持游戏画面处于前台
2025-09-21 13:02:58 [TRACE] 正在返回菜单,请保持游戏画面处于前台
2025-09-21 13:03:00 [TRACE] 正在返回菜单,请保持游戏画面处于前台
2025-09-21 13:03:02 [TRACE] 正在返回菜单,请保持游戏画面处于前台
2025-09-21 13:03:04 [TRACE] 正在返回菜单,请保持游戏画面处于前台
2025-09-21 13:03:07 [TRACE] 正在返回菜单,请保持游戏画面处于前台
2025-09-21 13:03:09 [TRACE] 正在返回菜单,请保持游戏画面处于前台
2025-09-21 13:03:11 [TRACE] 正在返回菜单,请保持游戏画面处于前台
2025-09-21 13:03:13 [TRACE] 正在返回菜单,请保持游戏画面处于前台
2025-09-21 13:03:15 [TRACE] 正在返回菜单,请保持游戏画面处于前台
2025-09-21 13:03:17 [TRACE] 正在返回菜单,请保持游戏画面处于前台
2025-09-21 13:03:20 [TRACE] 正在返回菜单,请保持游戏画面处于前台
2025-09-21 13:03:22 [TRACE] 正在返回菜单,请保持游戏画面处于前台
2025-09-21 13:03:24 [TRACE] 正在返回菜单,请保持游戏画面处于前台
2025-09-21 13:03:26 [TRACE] 正在返回菜单,请保持游戏画面处于前台
2025-09-21 13:03:28 [TRACE] 正在返回菜单,请保持游戏画面处于前台
2025-09-21 13:03:30 [TRACE] 正在返回菜单,请保持游戏画面处于前台
2025-09-21 13:03:33 [TRACE] 正在返回菜单,请保持游戏画面处于前台
2025-09-21 13:03:35 [TRACE] 正在返回菜单,请保持游戏画面处于前台
2025-09-21 13:03:37 [TRACE] 正在返回菜单,请保持游戏画面处于前台
2025-09-21 13:03:40 [TRACE] 正在返回菜单,请保持游戏画面处于前台
2025-09-21 13:03:42 [TRACE] 正在返回菜单,请保持游戏画面处于前台
2025-09-21 13:03:45 [TRACE] 正在返回菜单,请保持游戏画面处于前台
2025-09-21 13:03:47 [TRACE] 正在返回菜单,请保持游戏画面处于前台
2025-09-21 13:03:49 [TRACE] 正在返回菜单,请保持游戏画面处于前台
2025-09-21 13:03:52 [TRACE] 正在返回菜单,请保持游戏画面处于前台
2025-09-21 13:03:54 [TRACE] 正在返回菜单,请保持游戏画面处于前台
2025-09-21 13:03:56 [TRACE] 正在返回菜单,请保持游戏画面处于前台
2025-09-21 13:03:58 [TRACE] 正在返回菜单,请保持游戏画面处于前台
2025-09-21 13:04:01 [TRACE] 正在返回菜单,请保持游戏画面处于前台
2025-09-21 13:04:03 [TRACE] 正在返回菜单,请保持游戏画面处于前台
2025-09-21 13:04:05 [TRACE] 正在返回菜单,请保持游戏画面处于前台
2025-09-21 13:04:08 [TRACE] 正在返回菜单,请保持游戏画面处于前台
2025-09-21 13:04:10 [TRACE] 正在返回菜单,请保持游戏画面处于前台
2025-09-21 13:04:12 [TRACE] 正在返回菜单,请保持游戏画面处于前台
2025-09-21 13:04:15 [TRACE] 正在返回菜单,请保持游戏画面处于前台
2025-09-21 13:04:17 [TRACE] 正在返回菜单,请保持游戏画面处于前台
2025-09-21 13:04:19 [TRACE] 正在返回菜单,请保持游戏画面处于前台
2025-09-21 13:04:21 [TRACE] 正在返回菜单,请保持游戏画面处于前台
2025-09-21 13:04:24 [TRACE] 正在返回菜单,请保持游戏画面处于前台
2025-09-21 13:04:26 [TRACE] 正在返回菜单,请保持游戏画面处于前台
2025-09-21 13:04:28 [TRACE] 正在返回菜单,请保持游戏画面处于前台
2025-09-21 13:04:30 [TRACE] 正在返回菜单,请保持游戏画面处于前台
2025-09-21 13:04:33 [TRACE] 正在返回菜单,请保持游戏画面处于前台
2025-09-21 13:04:35 [TRACE] 正在返回菜单,请保持游戏画面处于前台
2025-09-21 13:04:37 [TRACE] 正在返回菜单,请保持游戏画面处于前台
2025-09-21 13:04:39 [TRACE] 正在返回菜单,请保持游戏画面处于前台
2025-09-21 13:04:41 [TRACE] 正在返回菜单,请保持游戏画面处于前台
2025-09-21 13:04:44 [TRACE] 正在返回菜单,请保持游戏画面处于前台
2025-09-21 13:04:46 [TRACE] 正在返回菜单,请保持游戏画面处于前台
2025-09-21 13:04:48 [TRACE] 正在返回菜单,请保持游戏画面处于前台
2025-09-21 13:04:50 [TRACE] 正在返回菜单,请保持游戏画面处于前台
2025-09-21 13:04:52 [TRACE] 正在返回菜单,请保持游戏画面处于前台
2025-09-21 13:04:54 [TRACE] 正在返回菜单,请保持游戏画面处于前台
2025-09-21 13:04:57 [TRACE] 正在返回菜单,请保持游戏画面处于前台
2025-09-21 13:04:59 [TRACE] 正在返回菜单,请保持游戏画面处于前台
2025-09-21 13:05:01 [TRACE] 正在返回菜单,请保持游戏画面处于前台
2025-09-21 13:05:03 [TRACE] 正在返回菜单,请保持游戏画面处于前台
2025-09-21 13:05:05 [TRACE] 正在返回菜单,请保持游戏画面处于前台
2025-09-21 13:05:08 [TRACE] 正在返回菜单,请保持游戏画面处于前台
2025-09-21 13:05:10 [TRACE] 正在返回菜单,请保持游戏画面处于前台
2025-09-21 13:05:13 [TRACE] 正在返回菜单,请保持游戏画面处于前台
2025-09-21 13:05:15 [TRACE] 正在返回菜单,请保持游戏画面处于前台
2025-09-21 13:05:17 [TRACE] 正在返回菜单,请保持游戏画面处于前台
2025-09-21 13:05:19 [TRACE] 正在返回菜单,请保持游戏画面处于前台
2025-09-21 13:05:21 [TRACE] 正在返回菜单,请保持游戏画面处于前台
2025-09-21 13:05:23 [TRACE] 正在返回菜单,请保持游戏画面处于前台
2025-09-21 13:05:26 [TRACE] 正在返回菜单,请保持游戏画面处于前台
2025-09-21 13:05:28 [TRACE] 正在返回菜单,请保持游戏画面处于前台
2025-09-21 13:05:30 [TRACE] 正在返回菜单,请保持游戏画面处于前台
2025-09-21 13:05:32 [TRACE] 正在返回菜单,请保持游戏画面处于前台
2025-09-21 13:05:34 [TRACE] 正在返回菜单,请保持游戏画面处于前台
2025-09-21 13:05:36 [TRACE] 正在返回菜单,请保持游戏画面处于前台
2025-09-21 13:05:39 [TRACE] 正在返回菜单,请保持游戏画面处于前台
2025-09-21 13:05:41 [TRACE] 正在返回菜单,请保持游戏画面处于前台
2025-09-21 13:05:43 [TRACE] 正在返回菜单,请保持游戏画面处于前台
2025-09-21 13:05:45 [TRACE] 正在返回菜单,请保持游戏画面处于前台
2025-09-21 13:05:47 [TRACE] 正在返回菜单,请保持游戏画面处于前台
2025-09-21 13:05:50 [TRACE] 正在返回菜单,请保持游戏画面处于前台
2025-09-21 13:05:52 [TRACE] 正在返回菜单,请保持游戏画面处于前台
2025-09-21 13:05:54 [TRACE] 正在返回菜单,请保持游戏画面处于前台
2025-09-21 13:05:56 [TRACE] 正在返回菜单,请保持游戏画面处于前台
2025-09-21 13:05:58 [TRACE] 正在返回菜单,请保持游戏画面处于前台
2025-09-21 13:06:01 [TRACE] 正在返回菜单,请保持游戏画面处于前台
2025-09-21 13:06:03 [TRACE] 正在返回菜单,请保持游戏画面处于前台
2025-09-21 13:06:05 [TRACE] 正在返回菜单,请保持游戏画面处于前台
2025-09-21 13:06:07 [TRACE] 正在返回菜单,请保持游戏画面处于前台
2025-09-21 13:06:10 [TRACE] 正在返回菜单,请保持游戏画面处于前台
2025-09-21 13:06:12 [TRACE] 正在返回菜单,请保持游戏画面处于前台
2025-09-21 13:06:14 [TRACE] 正在返回菜单,请保持游戏画面处于前台
2025-09-21 13:06:16 [TRACE] 正在返回菜单,请保持游戏画面处于前台
2025-09-21 13:06:18 [TRACE] 正在返回菜单,请保持游戏画面处于前台
2025-09-21 13:06:20 [TRACE] 正在返回菜单,请保持游戏画面处于前台
2025-09-21 13:06:23 [TRACE] 正在返回菜单,请保持游戏画面处于前台
2025-09-21 13:06:25 [TRACE] 正在返回菜单,请保持游戏画面处于前台
2025-09-21 13:06:27 [TRACE] 正在返回菜单,请保持游戏画面处于前台
2025-09-21 13:06:29 [TRACE] 正在返回菜单,请保持游戏画面处于前台
2025-09-21 13:06:31 [TRACE] 正在返回菜单,请保持游戏画面处于前台
2025-09-21 13:06:34 [TRACE] 正在返回菜单,请保持游戏画面处于前台
2025-09-21 13:06:36 [TRACE] 正在返回菜单,请保持游戏画面处于前台
2025-09-21 13:06:38 [TRACE] 正在返回菜单,请保持游戏画面处于前台
2025-09-21 13:06:40 [TRACE] 正在返回菜单,请保持游戏画面处于前台
2025-09-21 13:06:42 [TRACE] 正在返回菜单,请保持游戏画面处于前台
2025-09-21 13:06:45 [TRACE] 正在返回菜单,请保持游戏画面处于前台
2025-09-21 13:06:47 [TRACE] 正在返回菜单,请保持游戏画面处于前台
2025-09-21 13:06:49 [TRACE] 正在返回菜单,请保持游戏画面处于前台
2025-09-21 13:06:51 [TRACE] 正在返回菜单,请保持游戏画面处于前台
2025-09-21 13:06:53 [TRACE] 正在返回菜单,请保持游戏画面处于前台
2025-09-21 13:06:56 [TRACE] 正在返回菜单,请保持游戏画面处于前台
2025-09-21 13:06:58 [TRACE] 正在返回菜单,请保持游戏画面处于前台
2025-09-21 13:07:00 [TRACE] 正在返回菜单,请保持游戏画面处于前台
2025-09-21 13:07:02 [TRACE] 正在返回菜单,请保持游戏画面处于前台
2025-09-21 13:07:04 [TRACE] 正在返回菜单,请保持游戏画面处于前台
2025-09-21 13:07:06 [TRACE] 正在返回菜单,请保持游戏画面处于前台
2025-09-21 13:07:09 [TRACE] 正在返回菜单,请保持游戏画面处于前台
2025-09-21 13:07:11 [TRACE] 正在返回菜单,请保持游戏画面处于前台
2025-09-21 13:07:13 [TRACE] 正在返回菜单,请保持游戏画面处于前台
2025-09-21 13:07:15 [TRACE] 正在返回菜单,请保持游戏画面处于前台
2025-09-21 13:07:17 [TRACE] 正在返回菜单,请保持游戏画面处于前台
2025-09-21 13:07:19 [TRACE] 正在返回菜单,请保持游戏画面处于前台
2025-09-21 13:07:21 [TRACE] 正在返回菜单,请保持游戏画面处于前台
2025-09-21 13:07:24 [TRACE] 正在返回菜单,请保持游戏画面处于前台
2025-09-21 13:07:26 [TRACE] 正在返回菜单,请保持游戏画面处于前台
2025-09-21 13:07:28 [TRACE] 正在返回菜单,请保持游戏画面处于前台
2025-09-21 13:07:30 [TRACE] 正在返回菜单,请保持游戏画面处于前台
2025-09-21 13:07:32 [TRACE] 正在返回菜单,请保持游戏画面处于前台
2025-09-21 13:07:34 [TRACE] 正在返回菜单,请保持游戏画面处于前台
2025-09-21 13:07:37 [TRACE] 正在返回菜单,请保持游戏画面处于前台
2025-09-21 13:07:39 [TRACE] 正在返回菜单,请保持游戏画面处于前台
2025-09-21 13:07:41 [TRACE] 正在返回菜单,请保持游戏画面处于前台
2025-09-21 13:07:43 [TRACE] 正在返回菜单,请保持游戏画面处于前台
2025-09-21 13:07:46 [TRACE] 正在返回菜单,请保持游戏画面处于前台
2025-09-21 13:07:48 [TRACE] 正在返回菜单,请保持游戏画面处于前台
2025-09-21 13:07:50 [TRACE] 正在返回菜单,请保持游戏画面处于前台
2025-09-21 13:07:52 [TRACE] 正在返回菜单,请保持游戏画面处于前台
2025-09-21 13:07:54 [TRACE] 正在返回菜单,请保持游戏画面处于前台
2025-09-21 13:07:56 [TRACE] 正在返回菜单,请保持游戏画面处于前台
2025-09-21 13:07:58 [TRACE] 正在返回菜单,请保持游戏画面处于前台
2025-09-21 13:08:01 [TRACE] 正在返回菜单,请保持游戏画面处于前台
2025-09-21 13:08:03 [TRACE] 正在返回菜单,请保持游戏画面处于前台
2025-09-21 13:08:05 [TRACE] 正在返回菜单,请保持游戏画面处于前台
2025-09-21 13:08:07 [TRACE] 正在返回菜单,请保持游戏画面处于前台
2025-09-21 13:08:09 [TRACE] 正在返回菜单,请保持游戏画面处于前台
2025-09-21 13:08:12 [TRACE] 正在返回菜单,请保持游戏画面处于前台
2025-09-21 13:08:14 [TRACE] 正在返回菜单,请保持游戏画面处于前台
2025-09-21 13:08:16 [TRACE] 正在返回菜单,请保持游戏画面处于前台
2025-09-21 13:08:18 [TRACE] 正在返回菜单,请保持游戏画面处于前台
2025-09-21 13:08:20 [TRACE] 正在返回菜单,请保持游戏画面处于前台
2025-09-21 13:08:22 [TRACE] 正在返回菜单,请保持游戏画面处于前台
2025-09-21 13:08:24 [TRACE] 正在返回菜单,请保持游戏画面处于前台
2025-09-21 13:08:27 [TRACE] 正在返回菜单,请保持游戏画面处于前台
2025-09-21 13:08:29 [TRACE] 正在返回菜单,请保持游戏画面处于前台
2025-09-21 13:08:31 [TRACE] 正在返回菜单,请保持游戏画面处于前台
2025-09-21 13:08:33 [TRACE] 正在返回菜单,请保持游戏画面处于前台
2025-09-21 13:08:35 [TRACE] 正在返回菜单,请保持游戏画面处于前台
2025-09-21 13:08:37 [TRACE] 正在返回菜单,请保持游戏画面处于前台
2025-09-21 13:08:39 [TRACE] 正在返回菜单,请保持游戏画面处于前台
2025-09-21 13:08:42 [TRACE] 正在返回菜单,请保持游戏画面处于前台
2025-09-21 13:08:44 [TRACE] 正在返回菜单,请保持游戏画面处于前台
2025-09-21 13:08:46 [TRACE] 正在返回菜单,请保持游戏画面处于前台
2025-09-21 13:08:48 [TRACE] 正在返回菜单,请保持游戏画面处于前台
2025-09-21 13:08:51 [TRACE] 正在返回菜单,请保持游戏画面处于前台
2025-09-21 13:08:53 [TRACE] 正在返回菜单,请保持游戏画面处于前台
2025-09-21 13:08:55 [TRACE] 正在返回菜单,请保持游戏画面处于前台
2025-09-21 13:08:57 [TRACE] 正在返回菜单,请保持游戏画面处于前台
2025-09-21 13:08:59 [TRACE] 正在返回菜单,请保持游戏画面处于前台
2025-09-21 13:09:01 [TRACE] 正在返回菜单,请保持游戏画面处于前台
2025-09-21 13:09:03 [TRACE] 正在返回菜单,请保持游戏画面处于前台
2025-09-21 13:09:06 [TRACE] 正在返回菜单,请保持游戏画面处于前台
2025-09-21 13:09:08 [TRACE] 正在返回菜单,请保持游戏画面处于前台
2025-09-21 13:09:10 [TRACE] 正在返回菜单,请保持游戏画面处于前台
2025-09-21 13:09:12 [TRACE] 正在返回菜单,请保持游戏画面处于前台
2025-09-21 13:09:14 [TRACE] 正在返回菜单,请保持游戏画面处于前台
2025-09-21 13:09:17 [TRACE] 正在返回菜单,请保持游戏画面处于前台
2025-09-21 13:09:19 [TRACE] 正在返回菜单,请保持游戏画面处于前台
2025-09-21 13:09:21 [TRACE] 正在返回菜单,请保持游戏画面处于前台
2025-09-21 13:09:23 [TRACE] 正在返回菜单,请保持游戏画面处于前台
2025-09-21 13:09:25 [TRACE] 正在返回菜单,请保持游戏画面处于前台
2025-09-21 13:09:27 [TRACE] 正在返回菜单,请保持游戏画面处于前台
2025-09-21 13:09:30 [TRACE] 正在返回菜单,请保持游戏画面处于前台
2025-09-21 13:09:32 [TRACE] 正在返回菜单,请保持游戏画面处于前台
2025-09-21 13:09:34 [TRACE] 正在返回菜单,请保持游戏画面处于前台
2025-09-21 13:09:36 [TRACE] 正在返回菜单,请保持游戏画面处于前台
2025-09-21 13:09:38 [TRACE] 正在返回菜单,请保持游戏画面处于前台
2025-09-21 13:09:40 [TRACE] 正在返回菜单,请保持游戏画面处于前台
2025-09-21 13:09:43 [TRACE] 正在返回菜单,请保持游戏画面处于前台
2025-09-21 13:09:45 [TRACE] 正在返回菜单,请保持游戏画面处于前台
2025-09-21 13:09:47 [TRACE] 正在返回菜单,请保持游戏画面处于前台
2025-09-21 13:09:49 [TRACE] 正在返回菜单,请保持游戏画面处于前台
2025-09-21 13:09:51 [TRACE] 正在返回菜单,请保持游戏画面处于前台
2025-09-21 13:09:53 [TRACE] 正在返回菜单,请保持游戏画面处于前台
2025-09-21 13:09:55 [TRACE] 正在返回菜单,请保持游戏画面处于前台
2025-09-21 13:09:58 [TRACE] 正在返回菜单,请保持游戏画面处于前台
2025-09-21 13:10:00 [TRACE] 正在返回菜单,请保持游戏画面处于前台
2025-09-21 13:10:02 [TRACE] 正在返回菜单,请保持游戏画面处于前台
2025-09-21 13:10:04 [TRACE] 正在返回菜单,请保持游戏画面处于前台
2025-09-21 13:10:06 [TRACE] 正在返回菜单,请保持游戏画面处于前台
2025-09-21 13:10:09 [TRACE] 正在返回菜单,请保持游戏画面处于前台
2025-09-21 13:10:11 [TRACE] 正在返回菜单,请保持游戏画面处于前台
2025-09-21 13:10:13 [TRACE] 正在返回菜单,请保持游戏画面处于前台
2025-09-21 13:10:15 [TRACE] 正在返回菜单,请保持游戏画面处于前台
2025-09-21 13:10:17 [TRACE] 正在返回菜单,请保持游戏画面处于前台
2025-09-21 13:10:19 [TRACE] 正在返回菜单,请保持游戏画面处于前台
2025-09-21 13:10:21 [TRACE] 正在返回菜单,请保持游戏画面处于前台
2025-09-21 13:10:23 [TRACE] 正在返回菜单,请保持游戏画面处于前台
2025-09-21 13:10:26 [TRACE] 正在返回菜单,请保持游戏画面处于前台
2025-09-21 13:10:28 [TRACE] 正在返回菜单,请保持游戏画面处于前台
2025-09-21 13:10:30 [TRACE] 正在返回菜单,请保持游戏画面处于前台
2025-09-21 13:10:32 [TRACE] 正在返回菜单,请保持游戏画面处于前台
2025-09-21 13:10:34 [TRACE] 正在返回菜单,请保持游戏画面处于前台
2025-09-21 13:10:36 [TRACE] 正在返回菜单,请保持游戏画面处于前台
2025-09-21 13:10:39 [TRACE] 正在返回菜单,请保持游戏画面处于前台
2025-09-21 13:10:41 [TRACE] 正在返回菜单,请保持游戏画面处于前台
2025-09-21 13:10:43 [TRACE] 正在返回菜单,请保持游戏画面处于前台
2025-09-21 13:10:45 [TRACE] 正在返回菜单,请保持游戏画面处于前台
2025-09-21 13:10:47 [TRACE] 正在返回菜单,请保持游戏画面处于前台
2025-09-21 13:10:49 [TRACE] 正在返回菜单,请保持游戏画面处于前台
2025-09-21 13:10:51 [TRACE] 正在返回菜单,请保持游戏画面处于前台
2025-09-21 13:10:54 [TRACE] 正在返回菜单,请保持游戏画面处于前台
2025-09-21 13:10:56 [TRACE] 正在返回菜单,请保持游戏画面处于前台
2025-09-21 13:10:58 [TRACE] 正在返回菜单,请保持游戏画面处于前台
2025-09-21 13:11:00 [TRACE] 正在返回菜单,请保持游戏画面处于前台
2025-09-21 13:11:02 [TRACE] 正在返回菜单,请保持游戏画面处于前台
2025-09-21 13:11:05 [TRACE] 正在返回菜单,请保持游戏画面处于前台
2025-09-21 13:11:07 [TRACE] 正在返回菜单,请保持游戏画面处于前台
2025-09-21 13:11:09 [TRACE] 正在返回菜单,请保持游戏画面处于前台
2025-09-21 13:11:11 [TRACE] 正在返回菜单,请保持游戏画面处于前台
2025-09-21 13:11:13 [TRACE] 正在返回菜单,请保持游戏画面处于前台
2025-09-21 13:11:15 [TRACE] 正在返回菜单,请保持游戏画面处于前台
2025-09-21 13:11:18 [TRACE] 正在返回菜单,请保持游戏画面处于前台
2025-09-21 13:11:20 [TRACE] 正在返回菜单,请保持游戏画面处于前台
2025-09-21 13:11:22 [TRACE] 正在返回菜单,请保持游戏画面处于前台
2025-09-21 13:11:24 [TRACE] 正在返回菜单,请保持游戏画面处于前台
2025-09-21 13:11:26 [TRACE] 正在返回菜单,请保持游戏画面处于前台
2025-09-21 13:11:28 [TRACE] 正在返回菜单,请保持游戏画面处于前台
2025-09-21 13:11:30 [TRACE] 正在返回菜单,请保持游戏画面处于前台
2025-09-21 13:11:33 [TRACE] 正在返回菜单,请保持游戏画面处于前台
2025-09-21 13:11:35 [TRACE] 正在返回菜单,请保持游戏画面处于前台
2025-09-21 13:11:37 [TRACE] 正在返回菜单,请保持游戏画面处于前台
2025-09-21 13:11:39 [TRACE] 正在返回菜单,请保持游戏画面处于前台
2025-09-21 13:11:41 [TRACE] 正在返回菜单,请保持游戏画面处于前台
2025-09-21 13:11:43 [TRACE] 正在返回菜单,请保持游戏画面处于前台
2025-09-21 13:11:45 [TRACE] 正在返回菜单,请保持游戏画面处于前台
2025-09-21 13:11:47 [TRACE] 正在返回菜单,请保持游戏画面处于前台
2025-09-21 13:11:50 [TRACE] 正在返回菜单,请保持游戏画面处于前台
2025-09-21 13:11:52 [TRACE] 正在返回菜单,请保持游戏画面处于前台
2025-09-21 13:11:54 [TRACE] 正在返回菜单,请保持游戏画面处于前台
2025-09-21 13:11:56 [TRACE] 正在返回菜单,请保持游戏画面处于前台
2025-09-21 13:11:58 [TRACE] 正在返回菜单,请保持游戏画面处于前台
2025-09-21 13:12:00 [TRACE] 正在返回菜单,请保持游戏画面处于前台
2025-09-21 13:12:02 [TRACE] 正在返回菜单,请保持游戏画面处于前台
2025-09-21 13:12:04 [TRACE] 正在返回菜单,请保持游戏画面处于前台
2025-09-21 13:12:07 [TRACE] 正在返回菜单,请保持游戏画面处于前台
2025-09-21 13:12:09 [TRACE] 正在返回菜单,请保持游戏画面处于前台
2025-09-21 13:12:11 [TRACE] 正在返回菜单,请保持游戏画面处于前台
2025-09-21 13:12:13 [TRACE] 正在返回菜单,请保持游戏画面处于前台
2025-09-21 13:12:15 [TRACE] 正在返回菜单,请保持游戏画面处于前台
2025-09-21 13:12:17 [TRACE] 正在返回菜单,请保持游戏画面处于前台
2025-09-21 13:12:20 [TRACE] 正在返回菜单,请保持游戏画面处于前台
2025-09-21 13:12:22 [TRACE] 正在返回菜单,请保持游戏画面处于前台
2025-09-21 13:12:24 [TRACE] 正在返回菜单,请保持游戏画面处于前台
2025-09-21 13:12:26 [TRACE] 正在返回菜单,请保持游戏画面处于前台
2025-09-21 13:12:28 [TRACE] 正在返回菜单,请保持游戏画面处于前台
2025-09-21 13:12:30 [TRACE] 正在返回菜单,请保持游戏画面处于前台
2025-09-21 13:12:32 [TRACE] 正在返回菜单,请保持游戏画面处于前台
2025-09-21 13:12:35 [TRACE] 正在返回菜单,请保持游戏画面处于前台
2025-09-21 13:12:37 [TRACE] 正在返回菜单,请保持游戏画面处于前台
2025-09-21 13:12:39 [TRACE] 正在返回菜单,请保持游戏画面处于前台
2025-09-21 13:12:41 [TRACE] 正在返回菜单,请保持游戏画面处于前台
2025-09-21 13:12:43 [TRACE] 正在返回菜单,请保持游戏画面处于前台
2025-09-21 13:12:45 [TRACE] 正在返回菜单,请保持游戏画面处于前台
2025-09-21 13:12:47 [TRACE] 正在返回菜单,请保持游戏画面处于前台
2025-09-21 13:12:50 [TRACE] 正在返回菜单,请保持游戏画面处于前台
2025-09-21 13:12:52 [TRACE] 正在返回菜单,请保持游戏画面处于前台
2025-09-21 13:12:54 [TRACE] 正在返回菜单,请保持游戏画面处于前台
2025-09-21 13:12:56 [TRACE] 正在返回菜单,请保持游戏画面处于前台
2025-09-21 13:12:58 [TRACE] 正在返回菜单,请保持游戏画面处于前台
2025-09-21 13:13:00 [TRACE] 正在返回菜单,请保持游戏画面处于前台
2025-09-21 13:13:02 [TRACE] 正在返回菜单,请保持游戏画面处于前台
2025-09-21 13:13:04 [TRACE] 正在返回菜单,请保持游戏画面处于前台
2025-09-21 13:13:07 [TRACE] 正在返回菜单,请保持游戏画面处于前台
2025-09-21 13:13:09 [TRACE] 正在返回菜单,请保持游戏画面处于前台
2025-09-21 13:13:11 [TRACE] 正在返回菜单,请保持游戏画面处于前台
2025-09-21 13:13:13 [TRACE] 正在返回菜单,请保持游戏画面处于前台
2025-09-21 13:13:15 [TRACE] 正在返回菜单,请保持游戏画面处于前台
2025-09-21 13:13:17 [TRACE] 正在返回菜单,请保持游戏画面处于前台
2025-09-21 13:13:20 [TRACE] 正在返回菜单,请保持游戏画面处于前台
2025-09-21 13:13:22 [TRACE] 正在返回菜单,请保持游戏画面处于前台
2025-09-21 13:13:24 [TRACE] 正在返回菜单,请保持游戏画面处于前台
2025-09-21 13:13:26 [TRACE] 正在返回菜单,请保持游戏画面处于前台
2025-09-21 13:13:28 [TRACE] 正在返回菜单,请保持游戏画面处于前台
2025-09-21 13:13:30 [TRACE] 正在返回菜单,请保持游戏画面处于前台
2025-09-21 13:13:32 [TRACE] 正在返回菜单,请保持游戏画面处于前台
2025-09-21 13:13:35 [TRACE] 正在返回菜单,请保持游戏画面处于前台
2025-09-21 13:13:37 [TRACE] 正在返回菜单,请保持游戏画面处于前台
2025-09-21 13:13:39 [TRACE] 正在返回菜单,请保持游戏画面处于前台
2025-09-21 13:13:41 [TRACE] 正在返回菜单,请保持游戏画面处于前台
2025-09-21 13:13:43 [TRACE] 正在返回菜单,请保持游戏画面处于前台
2025-09-21 13:13:45 [TRACE] 正在返回菜单,请保持游戏画面处于前台
2025-09-21 13:13:48 [TRACE] 正在返回菜单,请保持游戏画面处于前台
2025-09-21 13:13:50 [TRACE] 正在返回菜单,请保持游戏画面处于前台
2025-09-21 13:13:52 [TRACE] 正在返回菜单,请保持游戏画面处于前台
2025-09-21 13:13:54 [TRACE] 正在返回菜单,请保持游戏画面处于前台
2025-09-21 13:13:56 [TRACE] 正在返回菜单,请保持游戏画面处于前台
2025-09-21 13:13:58 [TRACE] 正在返回菜单,请保持游戏画面处于前台
2025-09-21 13:14:00 [TRACE] 正在返回菜单,请保持游戏画面处于前台
2025-09-21 13:14:03 [TRACE] 正在返回菜单,请保持游戏画面处于前台
2025-09-21 13:14:05 [TRACE] 正在返回菜单,请保持游戏画面处于前台
2025-09-21 13:14:07 [TRACE] 正在返回菜单,请保持游戏画面处于前台
2025-09-21 13:14:09 [TRACE] 正在返回菜单,请保持游戏画面处于前台
2025-09-21 13:14:11 [TRACE] 正在返回菜单,请保持游戏画面处于前台
2025-09-21 13:14:13 [TRACE] 正在返回菜单,请保持游戏画面处于前台
2025-09-21 13:14:15 [TRACE] 正在返回菜单,请保持游戏画面处于前台
2025-09-21 13:14:18 [TRACE] 正在返回菜单,请保持游戏画面处于前台
2025-09-21 13:14:20 [TRACE] 正在返回菜单,请保持游戏画面处于前台
2025-09-21 13:14:22 [TRACE] 正在返回菜单,请保持游戏画面处于前台
2025-09-21 13:14:24 [TRACE] 正在返回菜单,请保持游戏画面处于前台
2025-09-21 13:14:26 [TRACE] 正在返回菜单,请保持游戏画面处于前台
2025-09-21 13:14:28 [TRACE] 正在返回菜单,请保持游戏画面处于前台
2025-09-21 13:14:30 [TRACE] 正在返回菜单,请保持游戏画面处于前台
2025-09-21 13:14:32 [TRACE] 正在返回菜单,请保持游戏画面处于前台
2025-09-21 13:14:35 [TRACE] 正在返回菜单,请保持游戏画面处于前台
2025-09-21 13:14:37 [TRACE] 正在返回菜单,请保持游戏画面处于前台
2025-09-21 13:14:39 [TRACE] 正在返回菜单,请保持游戏画面处于前台
2025-09-21 13:14:41 [TRACE] 正在返回菜单,请保持游戏画面处于前台
2025-09-21 13:14:43 [TRACE] 正在返回菜单,请保持游戏画面处于前台
2025-09-21 13:14:45 [TRACE] 正在返回菜单,请保持游戏画面处于前台
2025-09-21 13:14:47 [TRACE] 正在返回菜单,请保持游戏画面处于前台
2025-09-21 13:14:50 [TRACE] 正在返回菜单,请保持游戏画面处于前台
2025-09-21 13:14:52 [TRACE] 正在返回菜单,请保持游戏画面处于前台
2025-09-21 13:14:54 [TRACE] 正在返回菜单,请保持游戏画面处于前台
2025-09-21 13:14:56 [TRACE] 正在返回菜单,请保持游戏画面处于前台
2025-09-21 13:14:58 [TRACE] 正在返回菜单,请保持游戏画面处于前台
2025-09-21 13:15:00 [TRACE] 正在返回菜单,请保持游戏画面处于前台
2025-09-21 13:15:02 [TRACE] 正在返回菜单,请保持游戏画面处于前台
2025-09-21 13:15:04 [TRACE] 正在返回菜单,请保持游戏画面处于前台
2025-09-21 13:15:07 [TRACE] 正在返回菜单,请保持游戏画面处于前台
2025-09-21 13:15:09 [TRACE] 正在返回菜单,请保持游戏画面处于前台
2025-09-21 13:15:11 [TRACE] 正在返回菜单,请保持游戏画面处于前台
2025-09-21 13:15:13 [TRACE] 正在返回菜单,请保持游戏画面处于前台
2025-09-21 13:15:15 [TRACE] 正在返回菜单,请保持游戏画面处于前台
2025-09-21 13:15:17 [TRACE] 正在返回菜单,请保持游戏画面处于前台
2025-09-21 13:15:19 [TRACE] 正在返回菜单,请保持游戏画面处于前台
2025-09-21 13:15:21 [TRACE] 正在返回菜单,请保持游戏画面处于前台
2025-09-21 13:15:24 [TRACE] 正在返回菜单,请保持游戏画面处于前台
2025-09-21 13:15:26 [TRACE] 正在返回菜单,请保持游戏画面处于前台
2025-09-21 13:15:28 [TRACE] 正在返回菜单,请保持游戏画面处于前台
2025-09-21 13:15:30 [TRACE] 正在返回菜单,请保持游戏画面处于前台
2025-09-21 13:15:32 [TRACE] 正在返回菜单,请保持游戏画面处于前台
2025-09-21 13:15:34 [TRACE] 正在返回菜单,请保持游戏画面处于前台
2025-09-21 13:15:36 [TRACE] 正在返回菜单,请保持游戏画面处于前台
2025-09-21 13:15:39 [TRACE] 正在返回菜单,请保持游戏画面处于前台
2025-09-21 13:15:41 [TRACE] 正在返回菜单,请保持游戏画面处于前台
2025-09-21 13:15:43 [TRACE] 正在返回菜单,请保持游戏画面处于前台
2025-09-21 13:15:45 [TRACE] 正在返回菜单,请保持游戏画面处于前台
2025-09-21 13:15:47 [TRACE] 正在返回菜单,请保持游戏画面处于前台
2025-09-21 13:15:49 [TRACE] 正在返回菜单,请保持游戏画面处于前台
2025-09-21 13:15:52 [TRACE] 正在返回菜单,请保持游戏画面处于前台
2025-09-21 13:15:54 [TRACE] 正在返回菜单,请保持游戏画面处于前台
2025-09-21 13:15:56 [TRACE] 正在返回菜单,请保持游戏画面处于前台
2025-09-21 13:15:58 [TRACE] 正在返回菜单,请保持游戏画面处于前台
2025-09-21 13:16:00 [TRACE] 正在返回菜单,请保持游戏画面处于前台
2025-09-21 13:16:02 [TRACE] 正在返回菜单,请保持游戏画面处于前台
2025-09-21 13:16:05 [TRACE] 正在返回菜单,请保持游戏画面处于前台
2025-09-21 13:16:07 [TRACE] 正在返回菜单,请保持游戏画面处于前台
2025-09-21 13:16:09 [TRACE] 正在返回菜单,请保持游戏画面处于前台
2025-09-21 13:16:11 [TRACE] 正在返回菜单,请保持游戏画面处于前台
2025-09-21 13:16:13 [TRACE] 正在返回菜单,请保持游戏画面处于前台
2025-09-21 13:16:15 [TRACE] 正在返回菜单,请保持游戏画面处于前台
2025-09-21 13:16:17 [TRACE] 正在返回菜单,请保持游戏画面处于前台
2025-09-21 13:16:19 [TRACE] 正在返回菜单,请保持游戏画面处于前台
2025-09-21 13:16:22 [TRACE] 正在返回菜单,请保持游戏画面处于前台
2025-09-21 13:16:24 [TRACE] 正在返回菜单,请保持游戏画面处于前台
2025-09-21 13:16:26 [TRACE] 正在返回菜单,请保持游戏画面处于前台
2025-09-21 13:16:28 [TRACE] 正在返回菜单,请保持游戏画面处于前台
2025-09-21 13:16:30 [TRACE] 正在返回菜单,请保持游戏画面处于前台
2025-09-21 13:16:32 [TRACE] 正在返回菜单,请保持游戏画面处于前台
2025-09-21 13:16:34 [TRACE] 正在返回菜单,请保持游戏画面处于前台
2025-09-21 13:16:37 [TRACE] 正在返回菜单,请保持游戏画面处于前台
2025-09-21 13:16:39 [TRACE] 正在返回菜单,请保持游戏画面处于前台
2025-09-21 13:16:41 [TRACE] 正在返回菜单,请保持游戏画面处于前台
2025-09-21 13:16:43 [TRACE] 正在返回菜单,请保持游戏画面处于前台
2025-09-21 13:16:45 [TRACE] 正在返回菜单,请保持游戏画面处于前台
2025-09-21 13:16:47 [TRACE] 正在返回菜单,请保持游戏画面处于前台
2025-09-21 13:16:49 [TRACE] 正在返回菜单,请保持游戏画面处于前台
2025-09-21 13:16:51 [TRACE] 正在返回菜单,请保持游戏画面处于前台
2025-09-21 13:16:54 [TRACE] 正在返回菜单,请保持游戏画面处于前台
2025-09-21 13:16:56 [TRACE] 正在返回菜单,请保持游戏画面处于前台
2025-09-21 13:16:58 [TRACE] 正在返回菜单,请保持游戏画面处于前台
2025-09-21 13:17:00 [TRACE] 正在返回菜单,请保持游戏画面处于前台
2025-09-21 13:17:02 [TRACE] 正在返回菜单,请保持游戏画面处于前台
2025-09-21 13:17:04 [TRACE] 正在返回菜单,请保持游戏画面处于前台
2025-09-21 13:17:06 [TRACE] 正在返回菜单,请保持游戏画面处于前台
2025-09-21 13:17:09 [TRACE] 正在返回菜单,请保持游戏画面处于前台
2025-09-21 13:17:11 [TRACE] 正在返回菜单,请保持游戏画面处于前台
2025-09-21 13:17:13 [TRACE] 正在返回菜单,请保持游戏画面处于前台
2025-09-21 13:17:15 [TRACE] 正在返回菜单,请保持游戏画面处于前台
2025-09-21 13:17:17 [TRACE] 正在返回菜单,请保持游戏画面处于前台
2025-09-21 13:17:19 [TRACE] 正在返回菜单,请保持游戏画面处于前台
2025-09-21 13:17:21 [TRACE] 正在返回菜单,请保持游戏画面处于前台
2025-09-21 13:17:24 [TRACE] 正在返回菜单,请保持游戏画面处于前台
2025-09-21 13:17:26 [TRACE] 正在返回菜单,请保持游戏画面处于前台
2025-09-21 13:17:28 [TRACE] 正在返回菜单,请保持游戏画面处于前台
2025-09-21 13:17:30 [TRACE] 正在返回菜单,请保持游戏画面处于前台
2025-09-21 13:17:32 [TRACE] 正在返回菜单,请保持游戏画面处于前台
2025-09-21 13:17:34 [TRACE] 正在返回菜单,请保持游戏画面处于前台
2025-09-21 13:17:37 [TRACE] 正在返回菜单,请保持游戏画面处于前台
2025-09-21 13:17:39 [TRACE] 正在返回菜单,请保持游戏画面处于前台
2025-09-21 13:17:41 [TRACE] 正在返回菜单,请保持游戏画面处于前台
2025-09-21 13:17:43 [TRACE] 正在返回菜单,请保持游戏画面处于前台
2025-09-21 13:17:45 [TRACE] 正在返回菜单,请保持游戏画面处于前台
2025-09-21 13:17:47 [TRACE] 正在返回菜单,请保持游戏画面处于前台
2025-09-21 13:17:49 [TRACE] 正在返回菜单,请保持游戏画面处于前台
2025-09-21 13:17:51 [TRACE] 正在返回菜单,请保持游戏画面处于前台
2025-09-21 13:17:54 [TRACE] 正在返回菜单,请保持游戏画面处于前台
2025-09-21 13:17:56 [TRACE] 正在返回菜单,请保持游戏画面处于前台
2025-09-21 13:17:58 [TRACE] 正在返回菜单,请保持游戏画面处于前台
2025-09-21 13:18:00 [TRACE] 正在返回菜单,请保持游戏画面处于前台
2025-09-21 13:18:02 [TRACE] 正在返回菜单,请保持游戏画面处于前台
2025-09-21 13:18:04 [TRACE] 正在返回菜单,请保持游戏画面处于前台
2025-09-21 13:18:06 [TRACE] 正在返回菜单,请保持游戏画面处于前台
2025-09-21 13:18:09 [TRACE] 正在返回菜单,请保持游戏画面处于前台
2025-09-21 13:18:11 [TRACE] 正在返回菜单,请保持游戏画面处于前台
2025-09-21 13:18:13 [TRACE] 正在返回菜单,请保持游戏画面处于前台
2025-09-21 13:18:15 [TRACE] 正在返回菜单,请保持游戏画面处于前台
2025-09-21 13:18:17 [TRACE] 正在返回菜单,请保持游戏画面处于前台
2025-09-21 13:18:19 [TRACE] 正在返回菜单,请保持游戏画面处于前台
2025-09-21 13:18:21 [TRACE] 正在返回菜单,请保持游戏画面处于前台
2025-09-21 13:18:24 [TRACE] 正在返回菜单,请保持游戏画面处于前台
2025-09-21 13:18:26 [TRACE] 正在返回菜单,请保持游戏画面处于前台
2025-09-21 13:18:28 [TRACE] 正在返回菜单,请保持游戏画面处于前台
2025-09-21 13:18:30 [TRACE] 正在返回菜单,请保持游戏画面处于前台
2025-09-21 13:18:32 [TRACE] 正在返回菜单,请保持游戏画面处于前台
2025-09-21 13:18:34 [TRACE] 正在返回菜单,请保持游戏画面处于前台
2025-09-21 13:18:36 [TRACE] 正在返回菜单,请保持游戏画面处于前台
2025-09-21 13:18:39 [TRACE] 正在返回菜单,请保持游戏画面处于前台
2025-09-21 13:18:41 [TRACE] 正在返回菜单,请保持游戏画面处于前台
2025-09-21 13:18:43 [TRACE] 正在返回菜单,请保持游戏画面处于前台
2025-09-21 13:18:45 [TRACE] 正在返回菜单,请保持游戏画面处于前台
2025-09-21 13:18:47 [TRACE] 正在返回菜单,请保持游戏画面处于前台
2025-09-21 13:18:49 [TRACE] 正在返回菜单,请保持游戏画面处于前台
2025-09-21 13:18:51 [TRACE] 正在返回菜单,请保持游戏画面处于前台
2025-09-21 13:18:54 [TRACE] 正在返回菜单,请保持游戏画面处于前台
2025-09-21 13:18:56 [TRACE] 正在返回菜单,请保持游戏画面处于前台
2025-09-21 13:18:58 [TRACE] 正在返回菜单,请保持游戏画面处于前台
2025-09-21 13:19:00 [TRACE] 正在返回菜单,请保持游戏画面处于前台
2025-09-21 13:19:02 [TRACE] 正在返回菜单,请保持游戏画面处于前台
2025-09-21 13:19:04 [TRACE] 正在返回菜单,请保持游戏画面处于前台
2025-09-21 13:19:06 [TRACE] 正在返回菜单,请保持游戏画面处于前台
2025-09-21 13:19:09 [TRACE] 正在返回菜单,请保持游戏画面处于前台
2025-09-21 13:19:11 [TRACE] 正在返回菜单,请保持游戏画面处于前台
2025-09-21 13:19:13 [TRACE] 正在返回菜单,请保持游戏画面处于前台
2025-09-21 13:19:15 [TRACE] 正在返回菜单,请保持游戏画面处于前台
2025-09-21 13:19:17 [TRACE] 正在返回菜单,请保持游戏画面处于前台
2025-09-21 13:19:19 [TRACE] 正在返回菜单,请保持游戏画面处于前台
2025-09-21 13:19:21 [TRACE] 正在返回菜单,请保持游戏画面处于前台
2025-09-21 13:19:24 [TRACE] 正在返回菜单,请保持游戏画面处于前台
2025-09-21 13:19:26 [TRACE] 正在返回菜单,请保持游戏画面处于前台
2025-09-21 13:19:28 [TRACE] 正在返回菜单,请保持游戏画面处于前台
2025-09-21 13:19:30 [TRACE] 正在返回菜单,请保持游戏画面处于前台
2025-09-21 13:19:32 [TRACE] 正在返回菜单,请保持游戏画面处于前台
2025-09-21 13:19:34 [TRACE] 正在返回菜单,请保持游戏画面处于前台
2025-09-21 13:19:36 [TRACE] 正在返回菜单,请保持游戏画面处于前台
2025-09-21 13:19:39 [TRACE] 正在返回菜单,请保持游戏画面处于前台
2025-09-21 13:19:41 [TRACE] 正在返回菜单,请保持游戏画面处于前台
2025-09-21 13:19:43 [TRACE] 正在返回菜单,请保持游戏画面处于前台
2025-09-21 13:19:45 [TRACE] 正在返回菜单,请保持游戏画面处于前台
2025-09-21 13:19:47 [TRACE] 正在返回菜单,请保持游戏画面处于前台
2025-09-21 13:19:49 [TRACE] 正在返回菜单,请保持游戏画面处于前台
2025-09-21 13:19:51 [TRACE] 正在返回菜单,请保持游戏画面处于前台
2025-09-21 13:19:54 [TRACE] 正在返回菜单,请保持游戏画面处于前台
2025-09-21 13:19:56 [TRACE] 正在返回菜单,请保持游戏画面处于前台
2025-09-21 13:19:58 [TRACE] 正在返回菜单,请保持游戏画面处于前台
2025-09-21 13:20:00 [TRACE] 正在返回菜单,请保持游戏画面处于前台
2025-09-21 13:20:02 [TRACE] 正在返回菜单,请保持游戏画面处于前台
2025-09-21 13:20:04 [TRACE] 正在返回菜单,请保持游戏画面处于前台
2025-09-21 13:20:06 [TRACE] 正在返回菜单,请保持游戏画面处于前台
2025-09-21 13:20:09 [TRACE] 正在返回菜单,请保持游戏画面处于前台
2025-09-21 13:20:11 [TRACE] 正在返回菜单,请保持游戏画面处于前台
2025-09-21 13:20:13 [TRACE] 正在返回菜单,请保持游戏画面处于前台
2025-09-21 13:20:15 [TRACE] 正在返回菜单,请保持游戏画面处于前台
2025-09-21 13:20:17 [TRACE] 正在返回菜单,请保持游戏画面处于前台
2025-09-21 13:20:19 [TRACE] 正在返回菜单,请保持游戏画面处于前台
2025-09-21 13:20:21 [TRACE] 正在返回菜单,请保持游戏画面处于前台
2025-09-21 13:20:24 [TRACE] 正在返回菜单,请保持游戏画面处于前台
2025-09-21 13:20:26 [TRACE] 正在返回菜单,请保持游戏画面处于前台
2025-09-21 13:20:28 [TRACE] 正在返回菜单,请保持游戏画面处于前台
2025-09-21 13:20:30 [TRACE] 正在返回菜单,请保持游戏画面处于前台
2025-09-21 13:20:32 [TRACE] 正在返回菜单,请保持游戏画面处于前台
2025-09-21 13:20:34 [TRACE] 正在返回菜单,请保持游戏画面处于前台
2025-09-21 13:20:36 [TRACE] 正在返回菜单,请保持游戏画面处于前台
2025-09-21 13:20:39 [TRACE] 正在返回菜单,请保持游戏画面处于前台
2025-09-21 13:20:41 [TRACE] 正在返回菜单,请保持游戏画面处于前台
2025-09-21 13:20:43 [TRACE] 正在返回菜单,请保持游戏画面处于前台
2025-09-21 13:20:45 [TRACE] 正在返回菜单,请保持游戏画面处于前台
2025-09-21 13:20:47 [TRACE] 正在返回菜单,请保持游戏画面处于前台
2025-09-21 13:20:50 [TRACE] 正在返回菜单,请保持游戏画面处于前台
2025-09-21 13:20:52 [TRACE] 正在返回菜单,请保持游戏画面处于前台
2025-09-21 13:20:54 [TRACE] 正在返回菜单,请保持游戏画面处于前台
2025-09-21 13:20:56 [TRACE] 正在返回菜单,请保持游戏画面处于前台
2025-09-21 13:20:58 [TRACE] 正在返回菜单,请保持游戏画面处于前台
2025-09-21 13:21:00 [TRACE] 正在返回菜单,请保持游戏画面处于前台
2025-09-21 13:21:02 [TRACE] 正在返回菜单,请保持游戏画面处于前台
2025-09-21 13:21:05 [TRACE] 正在返回菜单,请保持游戏画面处于前台
2025-09-21 13:21:07 [TRACE] 正在返回菜单,请保持游戏画面处于前台
2025-09-21 13:21:09 [TRACE] 正在返回菜单,请保持游戏画面处于前台
2025-09-21 13:21:11 [TRACE] 正在返回菜单,请保持游戏画面处于前台
2025-09-21 13:21:13 [TRACE] 正在返回菜单,请保持游戏画面处于前台
2025-09-21 13:21:16 [TRACE] 正在返回菜单,请保持游戏画面处于前台
2025-09-21 13:21:18 [TRACE] 正在返回菜单,请保持游戏画面处于前台
2025-09-21 13:21:20 [TRACE] 正在返回菜单,请保持游戏画面处于前台
2025-09-21 13:21:22 [TRACE] 正在返回菜单,请保持游戏画面处于前台
2025-09-21 13:21:24 [TRACE] 正在返回菜单,请保持游戏画面处于前台
2025-09-21 13:21:26 [TRACE] 正在返回菜单,请保持游戏画面处于前台
2025-09-21 13:21:28 [TRACE] 正在返回菜单,请保持游戏画面处于前台
2025-09-21 13:21:31 [TRACE] 正在返回菜单,请保持游戏画面处于前台
2025-09-21 13:21:33 [TRACE] 正在返回菜单,请保持游戏画面处于前台
2025-09-21 13:21:35 [TRACE] 正在返回菜单,请保持游戏画面处于前台
2025-09-21 13:21:37 [TRACE] 正在返回菜单,请保持游戏画面处于前台
2025-09-21 13:21:39 [TRACE] 正在返回菜单,请保持游戏画面处于前台
2025-09-21 13:21:41 [TRACE] 正在返回菜单,请保持游戏画面处于前台
2025-09-21 13:21:43 [TRACE] 正在返回菜单,请保持游戏画面处于前台
2025-09-21 13:21:45 [TRACE] 正在返回菜单,请保持游戏画面处于前台
2025-09-21 13:21:48 [TRACE] 正在返回菜单,请保持游戏画面处于前台
2025-09-21 13:21:50 [TRACE] 正在返回菜单,请保持游戏画面处于前台
2025-09-21 13:21:52 [TRACE] 正在返回菜单,请保持游戏画面处于前台
2025-09-21 13:21:54 [TRACE] 正在返回菜单,请保持游戏画面处于前台
2025-09-21 13:21:56 [TRACE] 正在返回菜单,请保持游戏画面处于前台
2025-09-21 13:21:58 [TRACE] 正在返回菜单,请保持游戏画面处于前台
2025-09-21 13:22:00 [TRACE] 正在返回菜单,请保持游戏画面处于前台
2025-09-21 13:22:02 [TRACE] 正在返回菜单,请保持游戏画面处于前台
2025-09-21 13:22:05 [TRACE] 正在返回菜单,请保持游戏画面处于前台
2025-09-21 13:22:07 [TRACE] 正在返回菜单,请保持游戏画面处于前台
2025-09-21 13:22:09 [TRACE] 正在返回菜单,请保持游戏画面处于前台
2025-09-21 13:22:11 [TRACE] 正在返回菜单,请保持游戏画面处于前台
2025-09-21 13:22:13 [TRACE] 正在返回菜单,请保持游戏画面处于前台
2025-09-21 13:22:15 [TRACE] 正在返回菜单,请保持游戏画面处于前台
2025-09-21 13:22:17 [TRACE] 正在返回菜单,请保持游戏画面处于前台
2025-09-21 13:22:20 [TRACE] 正在返回菜单,请保持游戏画面处于前台
2025-09-21 13:22:22 [TRACE] 正在返回菜单,请保持游戏画面处于前台
2025-09-21 13:22:24 [TRACE] 正在返回菜单,请保持游戏画面处于前台
2025-09-21 13:22:26 [TRACE] 正在返回菜单,请保持游戏画面处于前台
2025-09-21 13:22:28 [TRACE] 正在返回菜单,请保持游戏画面处于前台
2025-09-21 13:22:30 [TRACE] 正在返回菜单,请保持游戏画面处于前台
2025-09-21 13:22:33 [TRACE] 正在返回菜单,请保持游戏画面处于前台
2025-09-21 13:22:35 [TRACE] 正在返回菜单,请保持游戏画面处于前台
2025-09-21 13:22:37 [TRACE] 正在返回菜单,请保持游戏画面处于前台
2025-09-21 13:22:39 [TRACE] 正在返回菜单,请保持游戏画面处于前台
2025-09-21 13:22:41 [TRACE] 正在返回菜单,请保持游戏画面处于前台
2025-09-21 13:22:43 [TRACE] 退出战斗返回菜单
2025-09-21 13:22:44 [TRACE] 【目标出现】C:\Users\gelon\Desktop\ZA-Lite\assets/images/daily\quit_battle.png 置信度：0.9938649535179138
2025-09-21 13:22:45 [TRACE] 【目标出现】C:\Users\gelon\Desktop\ZA-Lite\assets/images/daily\confirm.png 置信度：0.954816997051239
