2025-10-23 00:43:32 [TRACE] 【线程启动】全局监听
2025-10-23 00:43:32 [TRACE] 【线程启动】终止监听
2025-10-23 00:43:32 [INFO] 现在执行 10 次零号空洞
2025-10-23 00:43:33 [DEBUG] 目标窗口“绝区零”不存在
2025-10-23 00:43:33 [DEBUG] 目标窗口“绝区零”不存在
2025-10-23 00:43:33 [DEBUG] 目标窗口“绝区零”不存在
2025-10-23 00:43:33 [DEBUG] 目标窗口“绝区零”不存在
2025-10-23 00:43:33 [DEBUG] 目标窗口“绝区零”不存在
2025-10-23 00:43:33 [DEBUG] 目标窗口“绝区零”不存在
2025-10-23 00:43:34 [DEBUG] 初始化完毕..启动{零号空洞}模块
2025-10-23 00:43:35 [DEBUG] 目标窗口“绝区零”不存在
2025-10-23 00:43:35 [DEBUG] 目标窗口“绝区零”不存在
2025-10-23 00:43:35 [DEBUG] 目标窗口“绝区零”不存在
2025-10-23 00:43:35 [DEBUG] 目标窗口“绝区零”不存在
2025-10-23 00:43:35 [DEBUG] 目标窗口“绝区零”不存在
2025-10-23 00:43:36 [DEBUG] 目标窗口“绝区零”不存在
2025-10-23 00:43:37 [DEBUG] 目标窗口“绝区零”不存在
2025-10-23 00:43:37 [DEBUG] 启动游戏：D:/Game Files/ZenlessZoneZero Game/ZenlessZoneZero.exe
2025-10-23 00:43:37 [SUCCESS] 程序开始接管操作，请保持游戏画面处于前台，终止按下Alt键
2025-10-23 00:43:37 [TRACE] 【线程启动】空洞搜索
2025-10-23 00:43:37 [TRACE] 【线程启动】空洞监听
2025-10-23 00:43:37 [TRACE] 【线程启动】空洞战斗
2025-10-23 00:43:37 [DEBUG] 目标窗口“绝区零”不存在
2025-10-23 00:43:37 [DEBUG] 正在返回菜单
2025-10-23 00:43:37 [DEBUG] 目标窗口“绝区零”不存在
2025-10-23 00:43:37 [DEBUG] 目标窗口“绝区零”不存在
2025-10-23 00:43:37 [DEBUG] 目标窗口“绝区零”不存在
2025-10-23 00:43:37 [DEBUG] 目标窗口“绝区零”不存在
2025-10-23 00:43:37 [DEBUG] 目标窗口“绝区零”不存在
2025-10-23 00:43:37 [TRACE] 正在返回菜单,请保持游戏画面处于前台
2025-10-23 00:43:37 [DEBUG] 目标窗口“绝区零”不存在
2025-10-23 00:43:38 [DEBUG] 目标窗口“绝区零”不存在
2025-10-23 00:43:38 [DEBUG] 目标窗口“绝区零”不存在
2025-10-23 00:43:39 [TRACE] 发现已存在的游戏窗口:绝区零
2025-10-23 00:43:39 [TRACE] 窗口未激活，尝试恢复窗口
2025-10-23 00:43:39 [TRACE] 发现已存在的游戏窗口:绝区零
2025-10-23 00:43:39 [TRACE] 窗口未激活，尝试恢复窗口
2025-10-23 00:43:41 [TRACE] 发现已存在的游戏窗口:绝区零
2025-10-23 00:43:41 [TRACE] 发现已存在的游戏窗口:绝区零
2025-10-23 00:43:41 [TRACE] 窗口处于前台
2025-10-23 00:43:41 [TRACE] 窗口处于前台
2025-10-23 00:43:42 [TRACE] 发现已存在的游戏窗口:绝区零
2025-10-23 00:43:42 [TRACE] 窗口处于前台
2025-10-23 00:43:42 [TRACE] 正在返回菜单,请保持游戏画面处于前台
2025-10-23 00:43:42 [TRACE] 发现已存在的游戏窗口:绝区零
2025-10-23 00:43:42 [TRACE] 窗口处于前台
2025-10-23 00:43:42 [TRACE] 发现已存在的游戏窗口:绝区零
2025-10-23 00:43:42 [TRACE] 窗口处于前台
2025-10-23 00:43:42 [TRACE] 发现已存在的游戏窗口:绝区零
2025-10-23 00:43:42 [TRACE] 窗口处于前台
2025-10-23 00:43:43 [TRACE] 发现已存在的游戏窗口:绝区零
2025-10-23 00:43:43 [TRACE] 窗口处于前台
2025-10-23 00:43:43 [TRACE] 发现已存在的游戏窗口:绝区零
2025-10-23 00:43:43 [TRACE] 窗口处于前台
2025-10-23 00:43:44 [TRACE] 发现已存在的游戏窗口:绝区零
2025-10-23 00:43:44 [TRACE] 窗口处于前台
2025-10-23 00:43:44 [TRACE] 发现已存在的游戏窗口:绝区零
2025-10-23 00:43:44 [TRACE] 窗口处于前台
2025-10-23 00:43:44 [TRACE] 发现已存在的游戏窗口:绝区零
2025-10-23 00:43:44 [TRACE] 窗口处于前台
2025-10-23 00:43:44 [TRACE] 正在返回菜单,请保持游戏画面处于前台
2025-10-23 00:43:44 [TRACE] 发现已存在的游戏窗口:绝区零
2025-10-23 00:43:44 [TRACE] 窗口处于前台
2025-10-23 00:43:44 [TRACE] 发现已存在的游戏窗口:绝区零
2025-10-23 00:43:44 [TRACE] 窗口处于前台
2025-10-23 00:43:44 [TRACE] 发现已存在的游戏窗口:绝区零
2025-10-23 00:43:44 [TRACE] 窗口处于前台
2025-10-23 00:43:46 [TRACE] 发现已存在的游戏窗口:绝区零
2025-10-23 00:43:46 [TRACE] 窗口处于前台
2025-10-23 00:43:46 [TRACE] 发现已存在的游戏窗口:绝区零
2025-10-23 00:43:46 [TRACE] 窗口处于前台
2025-10-23 00:43:46 [TRACE] 发现已存在的游戏窗口:绝区零
2025-10-23 00:43:46 [TRACE] 窗口处于前台
2025-10-23 00:43:46 [TRACE] 发现已存在的游戏窗口:绝区零
2025-10-23 00:43:46 [TRACE] 窗口处于前台
2025-10-23 00:43:46 [TRACE] 发现已存在的游戏窗口:绝区零
2025-10-23 00:43:46 [TRACE] 窗口处于前台
2025-10-23 00:43:46 [TRACE] 正在返回菜单,请保持游戏画面处于前台
2025-10-23 00:43:46 [TRACE] 发现已存在的游戏窗口:绝区零
2025-10-23 00:43:46 [TRACE] 窗口处于前台
2025-10-23 00:43:46 [TRACE] 发现已存在的游戏窗口:绝区零
2025-10-23 00:43:46 [TRACE] 窗口处于前台
2025-10-23 00:43:47 [TRACE] 发现已存在的游戏窗口:绝区零
2025-10-23 00:43:47 [TRACE] 窗口处于前台
2025-10-23 00:43:48 [TRACE] 发现已存在的游戏窗口:绝区零
2025-10-23 00:43:48 [TRACE] 窗口处于前台
2025-10-23 00:43:48 [TRACE] 发现已存在的游戏窗口:绝区零
2025-10-23 00:43:48 [TRACE] 窗口处于前台
2025-10-23 00:43:48 [TRACE] 发现已存在的游戏窗口:绝区零
2025-10-23 00:43:48 [TRACE] 窗口处于前台
2025-10-23 00:43:48 [TRACE] 发现已存在的游戏窗口:绝区零
2025-10-23 00:43:48 [TRACE] 窗口处于前台
2025-10-23 00:43:48 [TRACE] 发现已存在的游戏窗口:绝区零
2025-10-23 00:43:48 [TRACE] 窗口处于前台
2025-10-23 00:43:48 [TRACE] 发现已存在的游戏窗口:绝区零
2025-10-23 00:43:48 [TRACE] 窗口处于前台
2025-10-23 00:43:49 [TRACE] 正在返回菜单,请保持游戏画面处于前台
2025-10-23 00:43:49 [TRACE] 发现已存在的游戏窗口:绝区零
2025-10-23 00:43:49 [TRACE] 窗口处于前台
2025-10-23 00:43:49 [TRACE] 发现已存在的游戏窗口:绝区零
2025-10-23 00:43:49 [TRACE] 窗口处于前台
2025-10-23 00:43:50 [TRACE] 发现已存在的游戏窗口:绝区零
2025-10-23 00:43:50 [TRACE] 窗口处于前台
2025-10-23 00:43:50 [TRACE] 发现已存在的游戏窗口:绝区零
2025-10-23 00:43:50 [TRACE] 窗口处于前台
2025-10-23 00:43:50 [TRACE] 发现已存在的游戏窗口:绝区零
2025-10-23 00:43:50 [TRACE] 窗口处于前台
2025-10-23 00:43:50 [TRACE] 发现已存在的游戏窗口:绝区零
2025-10-23 00:43:50 [TRACE] 窗口处于前台
2025-10-23 00:43:51 [TRACE] 发现已存在的游戏窗口:绝区零
2025-10-23 00:43:51 [TRACE] 窗口处于前台
2025-10-23 00:43:51 [TRACE] 发现已存在的游戏窗口:绝区零
2025-10-23 00:43:51 [TRACE] 窗口处于前台
2025-10-23 00:43:51 [TRACE] 正在返回菜单,请保持游戏画面处于前台
2025-10-23 00:43:51 [TRACE] 发现已存在的游戏窗口:绝区零
2025-10-23 00:43:51 [TRACE] 窗口处于前台
2025-10-23 00:43:51 [TRACE] 发现已存在的游戏窗口:绝区零
2025-10-23 00:43:51 [TRACE] 窗口处于前台
2025-10-23 00:43:52 [TRACE] 发现已存在的游戏窗口:绝区零
2025-10-23 00:43:52 [TRACE] 窗口处于前台
2025-10-23 00:43:52 [TRACE] 发现已存在的游戏窗口:绝区零
2025-10-23 00:43:52 [TRACE] 窗口处于前台
2025-10-23 00:43:53 [TRACE] 发现已存在的游戏窗口:绝区零
2025-10-23 00:43:53 [TRACE] 窗口处于前台
2025-10-23 00:43:53 [TRACE] 发现已存在的游戏窗口:绝区零
2025-10-23 00:43:53 [TRACE] 窗口处于前台
2025-10-23 00:43:53 [TRACE] 发现已存在的游戏窗口:绝区零
2025-10-23 00:43:53 [TRACE] 窗口处于前台
2025-10-23 00:43:53 [TRACE] 发现已存在的游戏窗口:绝区零
2025-10-23 00:43:53 [TRACE] 窗口处于前台
2025-10-23 00:43:53 [TRACE] 发现已存在的游戏窗口:绝区零
2025-10-23 00:43:53 [TRACE] 窗口处于前台
2025-10-23 00:43:53 [TRACE] 正在返回菜单,请保持游戏画面处于前台
2025-10-23 00:43:53 [TRACE] 发现已存在的游戏窗口:绝区零
2025-10-23 00:43:53 [TRACE] 窗口处于前台
2025-10-23 00:43:54 [TRACE] 发现已存在的游戏窗口:绝区零
2025-10-23 00:43:54 [TRACE] 窗口处于前台
2025-10-23 00:43:54 [TRACE] 发现已存在的游戏窗口:绝区零
2025-10-23 00:43:54 [TRACE] 窗口处于前台
2025-10-23 00:43:55 [TRACE] 发现已存在的游戏窗口:绝区零
2025-10-23 00:43:55 [TRACE] 窗口处于前台
2025-10-23 00:43:55 [TRACE] 发现已存在的游戏窗口:绝区零
2025-10-23 00:43:55 [TRACE] 窗口处于前台
2025-10-23 00:43:55 [TRACE] 发现已存在的游戏窗口:绝区零
2025-10-23 00:43:55 [TRACE] 窗口处于前台
2025-10-23 00:43:55 [TRACE] 发现已存在的游戏窗口:绝区零
2025-10-23 00:43:55 [TRACE] 窗口处于前台
2025-10-23 00:43:55 [TRACE] 发现已存在的游戏窗口:绝区零
2025-10-23 00:43:55 [TRACE] 窗口处于前台
2025-10-23 00:43:55 [TRACE] 正在返回菜单,请保持游戏画面处于前台
2025-10-23 00:43:55 [TRACE] 发现已存在的游戏窗口:绝区零
2025-10-23 00:43:55 [TRACE] 窗口处于前台
2025-10-23 00:43:57 [TRACE] 发现已存在的游戏窗口:绝区零
2025-10-23 00:43:57 [TRACE] 窗口处于前台
2025-10-23 00:43:57 [TRACE] 发现已存在的游戏窗口:绝区零
2025-10-23 00:43:57 [TRACE] 窗口处于前台
2025-10-23 00:43:57 [TRACE] 发现已存在的游戏窗口:绝区零
2025-10-23 00:43:57 [TRACE] 窗口处于前台
2025-10-23 00:43:57 [TRACE] 发现已存在的游戏窗口:绝区零
2025-10-23 00:43:57 [TRACE] 窗口处于前台
2025-10-23 00:43:57 [TRACE] 发现已存在的游戏窗口:绝区零
2025-10-23 00:43:57 [TRACE] 窗口处于前台
2025-10-23 00:43:57 [TRACE] 发现已存在的游戏窗口:绝区零
2025-10-23 00:43:57 [TRACE] 窗口处于前台
2025-10-23 00:43:57 [TRACE] 发现已存在的游戏窗口:绝区零
2025-10-23 00:43:57 [TRACE] 窗口处于前台
2025-10-23 00:43:58 [TRACE] 正在返回菜单,请保持游戏画面处于前台
2025-10-23 00:43:58 [TRACE] 发现已存在的游戏窗口:绝区零
2025-10-23 00:43:58 [TRACE] 窗口处于前台
2025-10-23 00:43:59 [TRACE] 发现已存在的游戏窗口:绝区零
2025-10-23 00:43:59 [TRACE] 窗口处于前台
2025-10-23 00:43:59 [TRACE] 发现已存在的游戏窗口:绝区零
2025-10-23 00:43:59 [TRACE] 窗口处于前台
2025-10-23 00:43:59 [TRACE] 发现已存在的游戏窗口:绝区零
2025-10-23 00:43:59 [TRACE] 窗口处于前台
2025-10-23 00:43:59 [TRACE] 发现已存在的游戏窗口:绝区零
2025-10-23 00:43:59 [TRACE] 窗口处于前台
2025-10-23 00:43:59 [TRACE] 发现已存在的游戏窗口:绝区零
2025-10-23 00:43:59 [TRACE] 窗口处于前台
2025-10-23 00:44:00 [TRACE] 发现已存在的游戏窗口:绝区零
2025-10-23 00:44:00 [TRACE] 窗口处于前台
2025-10-23 00:44:00 [TRACE] 发现已存在的游戏窗口:绝区零
2025-10-23 00:44:00 [TRACE] 窗口处于前台
2025-10-23 00:44:00 [TRACE] 发现已存在的游戏窗口:绝区零
2025-10-23 00:44:00 [TRACE] 窗口处于前台
2025-10-23 00:44:00 [TRACE] 正在返回菜单,请保持游戏画面处于前台
2025-10-23 00:44:01 [TRACE] 发现已存在的游戏窗口:绝区零
2025-10-23 00:44:01 [TRACE] 窗口处于前台
2025-10-23 00:44:01 [TRACE] 发现已存在的游戏窗口:绝区零
2025-10-23 00:44:01 [TRACE] 窗口处于前台
2025-10-23 00:44:02 [TRACE] 发现已存在的游戏窗口:绝区零
2025-10-23 00:44:02 [TRACE] 窗口处于前台
2025-10-23 00:44:02 [TRACE] 发现已存在的游戏窗口:绝区零
2025-10-23 00:44:02 [TRACE] 窗口处于前台
2025-10-23 00:44:02 [TRACE] 正在返回菜单,请保持游戏画面处于前台
2025-10-23 00:44:02 [TRACE] 发现已存在的游戏窗口:绝区零
2025-10-23 00:44:02 [TRACE] 窗口处于前台
2025-10-23 00:44:02 [TRACE] 发现已存在的游戏窗口:绝区零
2025-10-23 00:44:02 [TRACE] 窗口处于前台
2025-10-23 00:44:03 [TRACE] 发现已存在的游戏窗口:绝区零
2025-10-23 00:44:03 [TRACE] 窗口处于前台
2025-10-23 00:44:03 [TRACE] 发现已存在的游戏窗口:绝区零
2025-10-23 00:44:03 [TRACE] 窗口处于前台
2025-10-23 00:44:04 [TRACE] 发现已存在的游戏窗口:绝区零
2025-10-23 00:44:04 [TRACE] 窗口处于前台
2025-10-23 00:44:04 [TRACE] 发现已存在的游戏窗口:绝区零
2025-10-23 00:44:04 [TRACE] 窗口处于前台
2025-10-23 00:44:04 [TRACE] 发现已存在的游戏窗口:绝区零
2025-10-23 00:44:04 [TRACE] 窗口处于前台
2025-10-23 00:44:04 [TRACE] 发现已存在的游戏窗口:绝区零
2025-10-23 00:44:04 [TRACE] 窗口处于前台
2025-10-23 00:44:05 [TRACE] 正在返回菜单,请保持游戏画面处于前台
2025-10-23 00:44:05 [TRACE] 发现已存在的游戏窗口:绝区零
2025-10-23 00:44:05 [TRACE] 窗口处于前台
2025-10-23 00:44:05 [TRACE] 发现已存在的游戏窗口:绝区零
2025-10-23 00:44:05 [TRACE] 窗口处于前台
2025-10-23 00:44:05 [TRACE] 发现已存在的游戏窗口:绝区零
2025-10-23 00:44:05 [TRACE] 窗口处于前台
2025-10-23 00:44:05 [TRACE] 发现已存在的游戏窗口:绝区零
2025-10-23 00:44:05 [TRACE] 窗口处于前台
2025-10-23 00:44:06 [TRACE] 发现已存在的游戏窗口:绝区零
2025-10-23 00:44:06 [TRACE] 窗口处于前台
2025-10-23 00:44:06 [TRACE] 发现已存在的游戏窗口:绝区零
2025-10-23 00:44:06 [TRACE] 窗口处于前台
2025-10-23 00:44:07 [TRACE] 发现已存在的游戏窗口:绝区零
2025-10-23 00:44:07 [TRACE] 窗口处于前台
2025-10-23 00:44:07 [TRACE] 发现已存在的游戏窗口:绝区零
2025-10-23 00:44:07 [TRACE] 窗口处于前台
2025-10-23 00:44:07 [TRACE] 正在返回菜单,请保持游戏画面处于前台
2025-10-23 00:44:07 [TRACE] 发现已存在的游戏窗口:绝区零
2025-10-23 00:44:07 [TRACE] 窗口处于前台
2025-10-23 00:44:07 [TRACE] 发现已存在的游戏窗口:绝区零
2025-10-23 00:44:07 [TRACE] 窗口处于前台
2025-10-23 00:44:07 [TRACE] 发现已存在的游戏窗口:绝区零
2025-10-23 00:44:07 [TRACE] 窗口处于前台
2025-10-23 00:44:08 [TRACE] 发现已存在的游戏窗口:绝区零
2025-10-23 00:44:08 [TRACE] 窗口处于前台
2025-10-23 00:44:09 [TRACE] 发现已存在的游戏窗口:绝区零
2025-10-23 00:44:09 [TRACE] 窗口处于前台
2025-10-23 00:44:09 [TRACE] 发现已存在的游戏窗口:绝区零
2025-10-23 00:44:09 [TRACE] 窗口处于前台
2025-10-23 00:44:09 [TRACE] 发现已存在的游戏窗口:绝区零
2025-10-23 00:44:09 [TRACE] 窗口处于前台
2025-10-23 00:44:09 [TRACE] 发现已存在的游戏窗口:绝区零
2025-10-23 00:44:09 [TRACE] 窗口处于前台
2025-10-23 00:44:09 [TRACE] 发现已存在的游戏窗口:绝区零
2025-10-23 00:44:09 [TRACE] 窗口处于前台
2025-10-23 00:44:09 [TRACE] 正在返回菜单,请保持游戏画面处于前台
2025-10-23 00:44:10 [TRACE] 发现已存在的游戏窗口:绝区零
2025-10-23 00:44:10 [TRACE] 窗口处于前台
2025-10-23 00:44:10 [TRACE] 发现已存在的游戏窗口:绝区零
2025-10-23 00:44:10 [TRACE] 窗口处于前台
2025-10-23 00:44:10 [TRACE] 发现已存在的游戏窗口:绝区零
2025-10-23 00:44:10 [TRACE] 窗口处于前台
2025-10-23 00:44:11 [TRACE] 发现已存在的游戏窗口:绝区零
2025-10-23 00:44:11 [TRACE] 窗口处于前台
2025-10-23 00:44:11 [TRACE] 发现已存在的游戏窗口:绝区零
2025-10-23 00:44:11 [TRACE] 窗口处于前台
2025-10-23 00:44:11 [TRACE] 发现已存在的游戏窗口:绝区零
2025-10-23 00:44:11 [TRACE] 窗口处于前台
2025-10-23 00:44:11 [TRACE] 发现已存在的游戏窗口:绝区零
2025-10-23 00:44:11 [TRACE] 窗口处于前台
2025-10-23 00:44:12 [TRACE] 发现已存在的游戏窗口:绝区零
2025-10-23 00:44:12 [TRACE] 窗口处于前台
2025-10-23 00:44:12 [TRACE] 正在返回菜单,请保持游戏画面处于前台
2025-10-23 00:44:12 [TRACE] 发现已存在的游戏窗口:绝区零
2025-10-23 00:44:12 [TRACE] 窗口处于前台
2025-10-23 00:44:12 [TRACE] 发现已存在的游戏窗口:绝区零
2025-10-23 00:44:12 [TRACE] 窗口处于前台
2025-10-23 00:44:12 [TRACE] 发现已存在的游戏窗口:绝区零
2025-10-23 00:44:12 [TRACE] 窗口处于前台
2025-10-23 00:44:13 [TRACE] 发现已存在的游戏窗口:绝区零
2025-10-23 00:44:13 [TRACE] 窗口处于前台
2025-10-23 00:44:13 [TRACE] 发现已存在的游戏窗口:绝区零
2025-10-23 00:44:13 [TRACE] 窗口处于前台
2025-10-23 00:44:14 [TRACE] 发现已存在的游戏窗口:绝区零
2025-10-23 00:44:14 [TRACE] 窗口处于前台
2025-10-23 00:44:14 [TRACE] 发现已存在的游戏窗口:绝区零
2025-10-23 00:44:14 [TRACE] 窗口处于前台
2025-10-23 00:44:14 [TRACE] 发现已存在的游戏窗口:绝区零
2025-10-23 00:44:14 [TRACE] 窗口处于前台
2025-10-23 00:44:14 [TRACE] 正在返回菜单,请保持游戏画面处于前台
2025-10-23 00:44:14 [TRACE] 发现已存在的游戏窗口:绝区零
2025-10-23 00:44:14 [TRACE] 窗口处于前台
2025-10-23 00:44:14 [TRACE] 发现已存在的游戏窗口:绝区零
2025-10-23 00:44:14 [TRACE] 窗口处于前台
2025-10-23 00:44:14 [TRACE] 发现已存在的游戏窗口:绝区零
2025-10-23 00:44:14 [TRACE] 窗口处于前台
2025-10-23 00:44:16 [TRACE] 发现已存在的游戏窗口:绝区零
2025-10-23 00:44:16 [TRACE] 窗口处于前台
2025-10-23 00:44:16 [TRACE] 发现已存在的游戏窗口:绝区零
2025-10-23 00:44:16 [TRACE] 窗口处于前台
2025-10-23 00:44:16 [TRACE] 发现已存在的游戏窗口:绝区零
2025-10-23 00:44:16 [TRACE] 窗口处于前台
2025-10-23 00:44:16 [TRACE] 发现已存在的游戏窗口:绝区零
2025-10-23 00:44:16 [TRACE] 窗口处于前台
2025-10-23 00:44:16 [TRACE] 发现已存在的游戏窗口:绝区零
2025-10-23 00:44:16 [TRACE] 窗口处于前台
2025-10-23 00:44:16 [TRACE] 正在返回菜单,请保持游戏画面处于前台
2025-10-23 00:44:16 [TRACE] 发现已存在的游戏窗口:绝区零
2025-10-23 00:44:16 [TRACE] 窗口处于前台
2025-10-23 00:44:16 [TRACE] 发现已存在的游戏窗口:绝区零
2025-10-23 00:44:16 [TRACE] 窗口处于前台
2025-10-23 00:44:17 [TRACE] 发现已存在的游戏窗口:绝区零
2025-10-23 00:44:17 [TRACE] 窗口处于前台
2025-10-23 00:44:18 [TRACE] 发现已存在的游戏窗口:绝区零
2025-10-23 00:44:18 [TRACE] 窗口处于前台
2025-10-23 00:44:18 [TRACE] 发现已存在的游戏窗口:绝区零
2025-10-23 00:44:18 [TRACE] 窗口处于前台
2025-10-23 00:44:18 [TRACE] 发现已存在的游戏窗口:绝区零
2025-10-23 00:44:18 [TRACE] 窗口处于前台
2025-10-23 00:44:18 [TRACE] 发现已存在的游戏窗口:绝区零
2025-10-23 00:44:18 [TRACE] 窗口处于前台
2025-10-23 00:44:18 [TRACE] 发现已存在的游戏窗口:绝区零
2025-10-23 00:44:18 [TRACE] 窗口处于前台
2025-10-23 00:44:19 [TRACE] 正在返回菜单,请保持游戏画面处于前台
2025-10-23 00:44:19 [TRACE] 发现已存在的游戏窗口:绝区零
2025-10-23 00:44:19 [TRACE] 窗口处于前台
2025-10-23 00:44:19 [TRACE] 发现已存在的游戏窗口:绝区零
2025-10-23 00:44:19 [TRACE] 窗口处于前台
2025-10-23 00:44:19 [TRACE] 发现已存在的游戏窗口:绝区零
2025-10-23 00:44:19 [TRACE] 窗口处于前台
2025-10-23 00:44:20 [TRACE] 发现已存在的游戏窗口:绝区零
2025-10-23 00:44:20 [TRACE] 窗口处于前台
2025-10-23 00:44:20 [TRACE] 发现已存在的游戏窗口:绝区零
2025-10-23 00:44:20 [TRACE] 窗口处于前台
2025-10-23 00:44:20 [TRACE] 发现已存在的游戏窗口:绝区零
2025-10-23 00:44:20 [TRACE] 窗口处于前台
2025-10-23 00:44:21 [TRACE] 发现已存在的游戏窗口:绝区零
2025-10-23 00:44:21 [TRACE] 窗口处于前台
2025-10-23 00:44:21 [TRACE] 发现已存在的游戏窗口:绝区零
2025-10-23 00:44:21 [TRACE] 窗口处于前台
2025-10-23 00:44:21 [TRACE] 正在返回菜单,请保持游戏画面处于前台
2025-10-23 00:44:21 [TRACE] 发现已存在的游戏窗口:绝区零
2025-10-23 00:44:21 [TRACE] 窗口处于前台
2025-10-23 00:44:21 [TRACE] 发现已存在的游戏窗口:绝区零
2025-10-23 00:44:21 [TRACE] 窗口处于前台
2025-10-23 00:44:21 [TRACE] 发现已存在的游戏窗口:绝区零
2025-10-23 00:44:21 [TRACE] 窗口处于前台
2025-10-23 00:44:22 [TRACE] 发现已存在的游戏窗口:绝区零
2025-10-23 00:44:22 [TRACE] 窗口处于前台
2025-10-23 00:44:22 [TRACE] 发现已存在的游戏窗口:绝区零
2025-10-23 00:44:22 [TRACE] 窗口处于前台
2025-10-23 00:44:23 [TRACE] 发现已存在的游戏窗口:绝区零
2025-10-23 00:44:23 [TRACE] 窗口处于前台
2025-10-23 00:44:23 [TRACE] 发现已存在的游戏窗口:绝区零
2025-10-23 00:44:23 [TRACE] 窗口处于前台
2025-10-23 00:44:23 [TRACE] 发现已存在的游戏窗口:绝区零
2025-10-23 00:44:23 [TRACE] 窗口处于前台
2025-10-23 00:44:23 [TRACE] 正在返回菜单,请保持游戏画面处于前台
2025-10-23 00:44:23 [TRACE] 发现已存在的游戏窗口:绝区零
2025-10-23 00:44:23 [TRACE] 窗口处于前台
2025-10-23 00:44:23 [TRACE] 发现已存在的游戏窗口:绝区零
2025-10-23 00:44:23 [TRACE] 窗口处于前台
2025-10-23 00:44:23 [TRACE] 发现已存在的游戏窗口:绝区零
2025-10-23 00:44:23 [TRACE] 窗口处于前台
2025-10-23 00:44:24 [TRACE] 发现已存在的游戏窗口:绝区零
2025-10-23 00:44:24 [TRACE] 窗口处于前台
2025-10-23 00:44:25 [TRACE] 发现已存在的游戏窗口:绝区零
2025-10-23 00:44:25 [TRACE] 窗口处于前台
2025-10-23 00:44:25 [TRACE] 发现已存在的游戏窗口:绝区零
2025-10-23 00:44:25 [TRACE] 窗口处于前台
2025-10-23 00:44:25 [TRACE] 发现已存在的游戏窗口:绝区零
2025-10-23 00:44:25 [TRACE] 窗口处于前台
2025-10-23 00:44:25 [TRACE] 发现已存在的游戏窗口:绝区零
2025-10-23 00:44:25 [TRACE] 窗口处于前台
2025-10-23 00:44:25 [TRACE] 发现已存在的游戏窗口:绝区零
2025-10-23 00:44:25 [TRACE] 窗口处于前台
2025-10-23 00:44:25 [TRACE] 正在返回菜单,请保持游戏画面处于前台
2025-10-23 00:44:25 [TRACE] 发现已存在的游戏窗口:绝区零
2025-10-23 00:44:25 [TRACE] 窗口处于前台
2025-10-23 00:44:26 [TRACE] 发现已存在的游戏窗口:绝区零
2025-10-23 00:44:26 [TRACE] 窗口处于前台
2025-10-23 00:44:27 [TRACE] 发现已存在的游戏窗口:绝区零
2025-10-23 00:44:27 [TRACE] 窗口处于前台
2025-10-23 00:44:27 [TRACE] 发现已存在的游戏窗口:绝区零
2025-10-23 00:44:27 [TRACE] 发现已存在的游戏窗口:绝区零
2025-10-23 00:44:27 [TRACE] 窗口处于前台
2025-10-23 00:44:27 [TRACE] 窗口处于前台
2025-10-23 00:44:27 [TRACE] 发现已存在的游戏窗口:绝区零
2025-10-23 00:44:27 [TRACE] 窗口处于前台
2025-10-23 00:44:28 [TRACE] 正在返回菜单,请保持游戏画面处于前台
2025-10-23 00:44:28 [TRACE] 发现已存在的游戏窗口:绝区零
2025-10-23 00:44:28 [TRACE] 窗口处于前台
2025-10-23 00:44:28 [TRACE] 发现已存在的游戏窗口:绝区零
2025-10-23 00:44:28 [TRACE] 窗口处于前台
2025-10-23 00:44:29 [TRACE] 发现已存在的游戏窗口:绝区零
2025-10-23 00:44:29 [TRACE] 窗口处于前台
2025-10-23 00:44:29 [TRACE] 发现已存在的游戏窗口:绝区零
2025-10-23 00:44:29 [TRACE] 窗口未激活，尝试恢复窗口
2025-10-23 00:44:29 [TRACE] 发现已存在的游戏窗口:绝区零
2025-10-23 00:44:29 [TRACE] 窗口未激活，尝试恢复窗口
2025-10-23 00:44:30 [TRACE] 发现已存在的游戏窗口:绝区零
2025-10-23 00:44:30 [TRACE] 窗口处于前台
2025-10-23 00:44:31 [TRACE] 正在返回菜单,请保持游戏画面处于前台
2025-10-23 00:44:31 [TRACE] 发现已存在的游戏窗口:绝区零
2025-10-23 00:44:31 [TRACE] 窗口处于前台
2025-10-23 00:44:32 [TRACE] 发现已存在的游戏窗口:绝区零
2025-10-23 00:44:32 [TRACE] 窗口处于前台
2025-10-23 00:44:32 [TRACE] 发现已存在的游戏窗口:绝区零
2025-10-23 00:44:32 [TRACE] 窗口处于前台
2025-10-23 00:44:32 [TRACE] 发现已存在的游戏窗口:绝区零
2025-10-23 00:44:32 [TRACE] 窗口处于前台
2025-10-23 00:44:32 [TRACE] 发现已存在的游戏窗口:绝区零
2025-10-23 00:44:32 [TRACE] 窗口未激活，尝试恢复窗口
2025-10-23 00:44:33 [ERROR] 无法获取HWND
2025-10-23 00:44:33 [TRACE] 发现已存在的游戏窗口:绝区零
2025-10-23 00:44:33 [TRACE] 窗口未激活，尝试恢复窗口
2025-10-23 00:44:33 [TRACE] 发现已存在的游戏窗口:绝区零
2025-10-23 00:44:33 [TRACE] 窗口未激活，尝试恢复窗口
2025-10-23 00:44:33 [TRACE] 正在返回菜单,请保持游戏画面处于前台
2025-10-23 00:44:34 [TRACE] 发现已存在的游戏窗口:绝区零
2025-10-23 00:44:34 [TRACE] 窗口处于前台
2025-10-23 00:44:34 [TRACE] 发现已存在的游戏窗口:绝区零
2025-10-23 00:44:34 [TRACE] 窗口处于前台
2025-10-23 00:44:35 [TRACE] 发现已存在的游戏窗口:绝区零
2025-10-23 00:44:35 [TRACE] 窗口处于前台
2025-10-23 00:44:35 [TRACE] 发现已存在的游戏窗口:绝区零
2025-10-23 00:44:35 [TRACE] 窗口处于前台
2025-10-23 00:44:35 [TRACE] 发现已存在的游戏窗口:绝区零
2025-10-23 00:44:35 [TRACE] 窗口处于前台
2025-10-23 00:44:35 [TRACE] 发现已存在的游戏窗口:绝区零
2025-10-23 00:44:35 [TRACE] 窗口处于前台
2025-10-23 00:44:35 [TRACE] 发现已存在的游戏窗口:绝区零
2025-10-23 00:44:35 [TRACE] 窗口处于前台
2025-10-23 00:44:35 [TRACE] 发现已存在的游戏窗口:绝区零
2025-10-23 00:44:35 [TRACE] 窗口处于前台
2025-10-23 00:44:35 [TRACE] 正在返回菜单,请保持游戏画面处于前台
2025-10-23 00:44:37 [TRACE] 发现已存在的游戏窗口:绝区零
2025-10-23 00:44:37 [TRACE] 窗口处于前台
2025-10-23 00:44:37 [TRACE] 发现已存在的游戏窗口:绝区零
2025-10-23 00:44:37 [TRACE] 窗口未激活，尝试恢复窗口
2025-10-23 00:44:37 [TRACE] 发现已存在的游戏窗口:绝区零
2025-10-23 00:44:37 [TRACE] 窗口处于前台
2025-10-23 00:44:38 [TRACE] 发现已存在的游戏窗口:绝区零
2025-10-23 00:44:38 [TRACE] 窗口处于前台
2025-10-23 00:44:38 [TRACE] 发现已存在的游戏窗口:绝区零
2025-10-23 00:44:38 [TRACE] 窗口处于前台
2025-10-23 00:44:38 [TRACE] 正在返回菜单,请保持游戏画面处于前台
2025-10-23 00:44:38 [TRACE] 发现已存在的游戏窗口:绝区零
2025-10-23 00:44:38 [TRACE] 窗口处于前台
2025-10-23 00:44:38 [TRACE] 发现已存在的游戏窗口:绝区零
2025-10-23 00:44:38 [TRACE] 窗口处于前台
2025-10-23 00:44:38 [TRACE] 发现已存在的游戏窗口:绝区零
2025-10-23 00:44:38 [TRACE] 窗口处于前台
2025-10-23 00:44:39 [TRACE] 发现已存在的游戏窗口:绝区零
2025-10-23 00:44:39 [TRACE] 窗口处于前台
2025-10-23 00:44:40 [TRACE] 发现已存在的游戏窗口:绝区零
2025-10-23 00:44:40 [TRACE] 窗口处于前台
2025-10-23 00:44:40 [TRACE] 发现已存在的游戏窗口:绝区零
2025-10-23 00:44:40 [TRACE] 窗口处于前台
2025-10-23 00:44:40 [TRACE] 发现已存在的游戏窗口:绝区零
2025-10-23 00:44:40 [TRACE] 窗口处于前台
2025-10-23 00:44:40 [TRACE] 正在返回菜单,请保持游戏画面处于前台
2025-10-23 00:44:41 [TRACE] 发现已存在的游戏窗口:绝区零
2025-10-23 00:44:41 [TRACE] 窗口处于前台
2025-10-23 00:44:41 [TRACE] 发现已存在的游戏窗口:绝区零
2025-10-23 00:44:41 [TRACE] 窗口处于前台
2025-10-23 00:44:41 [TRACE] 发现已存在的游戏窗口:绝区零
2025-10-23 00:44:41 [TRACE] 窗口处于前台
2025-10-23 00:44:41 [TRACE] 发现已存在的游戏窗口:绝区零
2025-10-23 00:44:41 [TRACE] 窗口处于前台
2025-10-23 00:44:42 [TRACE] 发现已存在的游戏窗口:绝区零
2025-10-23 00:44:42 [TRACE] 窗口处于前台
2025-10-23 00:44:42 [TRACE] 发现已存在的游戏窗口:绝区零
2025-10-23 00:44:42 [TRACE] 窗口处于前台
2025-10-23 00:44:42 [TRACE] 正在返回菜单,请保持游戏画面处于前台
2025-10-23 00:44:42 [TRACE] 发现已存在的游戏窗口:绝区零
2025-10-23 00:44:42 [TRACE] 窗口处于前台
2025-10-23 00:44:43 [TRACE] 发现已存在的游戏窗口:绝区零
2025-10-23 00:44:43 [TRACE] 窗口处于前台
2025-10-23 00:44:43 [TRACE] 发现已存在的游戏窗口:绝区零
2025-10-23 00:44:43 [TRACE] 窗口处于前台
2025-10-23 00:44:43 [TRACE] 发现已存在的游戏窗口:绝区零
2025-10-23 00:44:43 [TRACE] 窗口处于前台
2025-10-23 00:44:43 [TRACE] 发现已存在的游戏窗口:绝区零
2025-10-23 00:44:43 [TRACE] 窗口处于前台
2025-10-23 00:44:43 [TRACE] 发现已存在的游戏窗口:绝区零
2025-10-23 00:44:43 [TRACE] 窗口处于前台
2025-10-23 00:44:44 [TRACE] 发现已存在的游戏窗口:绝区零
2025-10-23 00:44:44 [TRACE] 窗口处于前台
2025-10-23 00:44:44 [TRACE] 发现已存在的游戏窗口:绝区零
2025-10-23 00:44:44 [TRACE] 窗口处于前台
2025-10-23 00:44:45 [TRACE] 正在返回菜单,请保持游戏画面处于前台
2025-10-23 00:44:45 [TRACE] 发现已存在的游戏窗口:绝区零
2025-10-23 00:44:45 [TRACE] 窗口处于前台
2025-10-23 00:44:45 [TRACE] 发现已存在的游戏窗口:绝区零
2025-10-23 00:44:45 [TRACE] 窗口处于前台
2025-10-23 00:44:45 [TRACE] 发现已存在的游戏窗口:绝区零
2025-10-23 00:44:45 [TRACE] 窗口处于前台
2025-10-23 00:44:45 [TRACE] 发现已存在的游戏窗口:绝区零
2025-10-23 00:44:45 [TRACE] 窗口处于前台
2025-10-23 00:44:45 [TRACE] 发现已存在的游戏窗口:绝区零
2025-10-23 00:44:45 [TRACE] 窗口处于前台
2025-10-23 00:44:45 [TRACE] 发现已存在的游戏窗口:绝区零
2025-10-23 00:44:45 [TRACE] 窗口处于前台
2025-10-23 00:44:46 [TRACE] 发现已存在的游戏窗口:绝区零
2025-10-23 00:44:46 [TRACE] 窗口处于前台
2025-10-23 00:44:47 [TRACE] 发现已存在的游戏窗口:绝区零
2025-10-23 00:44:47 [TRACE] 窗口处于前台
2025-10-23 00:44:47 [TRACE] 发现已存在的游戏窗口:绝区零
2025-10-23 00:44:47 [TRACE] 窗口处于前台
2025-10-23 00:44:47 [TRACE] 正在返回菜单,请保持游戏画面处于前台
2025-10-23 00:44:47 [TRACE] 发现已存在的游戏窗口:绝区零
2025-10-23 00:44:47 [TRACE] 窗口处于前台
2025-10-23 00:44:47 [TRACE] 发现已存在的游戏窗口:绝区零
2025-10-23 00:44:47 [TRACE] 窗口处于前台
2025-10-23 00:44:47 [TRACE] 发现已存在的游戏窗口:绝区零
2025-10-23 00:44:47 [TRACE] 窗口处于前台
2025-10-23 00:44:47 [TRACE] 发现已存在的游戏窗口:绝区零
2025-10-23 00:44:47 [TRACE] 窗口处于前台
2025-10-23 00:44:48 [TRACE] 发现已存在的游戏窗口:绝区零
2025-10-23 00:44:48 [TRACE] 窗口处于前台
2025-10-23 00:44:49 [TRACE] 发现已存在的游戏窗口:绝区零
2025-10-23 00:44:49 [TRACE] 窗口处于前台
2025-10-23 00:44:49 [TRACE] 发现已存在的游戏窗口:绝区零
2025-10-23 00:44:49 [TRACE] 窗口处于前台
2025-10-23 00:44:49 [TRACE] 发现已存在的游戏窗口:绝区零
2025-10-23 00:44:49 [TRACE] 窗口处于前台
2025-10-23 00:44:49 [TRACE] 正在返回菜单,请保持游戏画面处于前台
2025-10-23 00:44:49 [TRACE] 发现已存在的游戏窗口:绝区零
2025-10-23 00:44:49 [TRACE] 窗口处于前台
2025-10-23 00:44:49 [TRACE] 发现已存在的游戏窗口:绝区零
2025-10-23 00:44:49 [TRACE] 窗口处于前台
2025-10-23 00:44:49 [TRACE] 发现已存在的游戏窗口:绝区零
2025-10-23 00:44:49 [TRACE] 窗口处于前台
2025-10-23 00:44:50 [TRACE] 发现已存在的游戏窗口:绝区零
2025-10-23 00:44:50 [TRACE] 窗口处于前台
2025-10-23 00:44:50 [TRACE] 发现已存在的游戏窗口:绝区零
2025-10-23 00:44:50 [TRACE] 窗口处于前台
2025-10-23 00:44:51 [TRACE] 发现已存在的游戏窗口:绝区零
2025-10-23 00:44:51 [TRACE] 窗口处于前台
2025-10-23 00:44:51 [TRACE] 发现已存在的游戏窗口:绝区零
2025-10-23 00:44:51 [TRACE] 窗口处于前台
2025-10-23 00:44:51 [TRACE] 发现已存在的游戏窗口:绝区零
2025-10-23 00:44:51 [TRACE] 窗口处于前台
2025-10-23 00:44:51 [TRACE] 正在返回菜单,请保持游戏画面处于前台
2025-10-23 00:44:51 [TRACE] 发现已存在的游戏窗口:绝区零
2025-10-23 00:44:51 [TRACE] 窗口处于前台
2025-10-23 00:44:51 [TRACE] 发现已存在的游戏窗口:绝区零
2025-10-23 00:44:51 [TRACE] 窗口处于前台
2025-10-23 00:44:52 [TRACE] 发现已存在的游戏窗口:绝区零
2025-10-23 00:44:52 [TRACE] 窗口处于前台
2025-10-23 00:44:52 [TRACE] 发现已存在的游戏窗口:绝区零
2025-10-23 00:44:52 [TRACE] 窗口处于前台
2025-10-23 00:44:52 [TRACE] 发现已存在的游戏窗口:绝区零
2025-10-23 00:44:52 [TRACE] 窗口处于前台
2025-10-23 00:44:53 [TRACE] 发现已存在的游戏窗口:绝区零
2025-10-23 00:44:53 [TRACE] 窗口处于前台
2025-10-23 00:44:53 [TRACE] 发现已存在的游戏窗口:绝区零
2025-10-23 00:44:53 [TRACE] 窗口处于前台
2025-10-23 00:44:53 [TRACE] 发现已存在的游戏窗口:绝区零
2025-10-23 00:44:53 [TRACE] 窗口处于前台
2025-10-23 00:44:54 [TRACE] 发现已存在的游戏窗口:绝区零
2025-10-23 00:44:54 [TRACE] 窗口处于前台
2025-10-23 00:44:54 [TRACE] 正在返回菜单,请保持游戏画面处于前台
2025-10-23 00:44:54 [TRACE] 发现已存在的游戏窗口:绝区零
2025-10-23 00:44:54 [TRACE] 窗口处于前台
2025-10-23 00:44:54 [TRACE] 发现已存在的游戏窗口:绝区零
2025-10-23 00:44:54 [TRACE] 窗口处于前台
2025-10-23 00:44:54 [TRACE] 发现已存在的游戏窗口:绝区零
2025-10-23 00:44:54 [TRACE] 窗口处于前台
2025-10-23 00:44:54 [TRACE] 发现已存在的游戏窗口:绝区零
2025-10-23 00:44:54 [TRACE] 窗口处于前台
2025-10-23 00:44:55 [TRACE] 发现已存在的游戏窗口:绝区零
2025-10-23 00:44:55 [TRACE] 窗口处于前台
2025-10-23 00:44:56 [TRACE] 发现已存在的游戏窗口:绝区零
2025-10-23 00:44:56 [TRACE] 窗口处于前台
2025-10-23 00:44:56 [TRACE] 发现已存在的游戏窗口:绝区零
2025-10-23 00:44:56 [TRACE] 窗口处于前台
2025-10-23 00:44:56 [TRACE] 现在处于大厅
2025-10-23 00:44:56 [TRACE] 发现已存在的游戏窗口:绝区零
2025-10-23 00:44:56 [TRACE] 窗口处于前台
2025-10-23 00:44:56 [TRACE] 发现已存在的游戏窗口:绝区零
2025-10-23 00:44:56 [TRACE] 窗口处于前台
2025-10-23 00:44:56 [TRACE] 发现已存在的游戏窗口:绝区零
2025-10-23 00:44:56 [TRACE] 窗口处于前台
2025-10-23 00:44:56 [INFO] 执行零号空洞任务中
2025-10-23 00:44:57 [TRACE] 发现已存在的游戏窗口:绝区零
2025-10-23 00:44:57 [TRACE] 窗口处于前台
2025-10-23 00:44:57 [TRACE] 发现已存在的游戏窗口:绝区零
2025-10-23 00:44:57 [TRACE] 窗口处于前台
2025-10-23 00:44:57 [TRACE] 发现已存在的游戏窗口:绝区零
2025-10-23 00:44:57 [TRACE] 窗口处于前台
2025-10-23 00:44:57 [TRACE] 【1】等待目标中 C:\Users\gelon\Desktop\ZA-Lite\assets/images/hollow\combat.png
2025-10-23 00:44:58 [TRACE] 发现已存在的游戏窗口:绝区零
2025-10-23 00:44:58 [TRACE] 窗口处于前台
2025-10-23 00:44:58 [TRACE] 【目标出现】C:\Users\gelon\Desktop\ZA-Lite\assets/images/hollow\combat.png 置信度：0.9763116240501404
2025-10-23 00:44:58 [TRACE] 发现已存在的游戏窗口:绝区零
2025-10-23 00:44:58 [TRACE] 窗口处于前台
2025-10-23 00:44:58 [TRACE] 发现已存在的游戏窗口:绝区零
2025-10-23 00:44:58 [TRACE] 窗口处于前台
2025-10-23 00:44:58 [TRACE] 发现已存在的游戏窗口:绝区零
2025-10-23 00:44:58 [TRACE] 窗口处于前台
2025-10-23 00:44:59 [TRACE] 发现已存在的游戏窗口:绝区零
2025-10-23 00:44:59 [TRACE] 窗口处于前台
2025-10-23 00:44:59 [TRACE] 发现已存在的游戏窗口:绝区零
2025-10-23 00:44:59 [TRACE] 窗口处于前台
2025-10-23 00:44:59 [TRACE] 发现已存在的游戏窗口:绝区零
2025-10-23 00:44:59 [TRACE] 窗口处于前台
2025-10-23 00:44:59 [TRACE] 发现已存在的游戏窗口:绝区零
2025-10-23 00:44:59 [TRACE] 窗口处于前台
2025-10-23 00:44:59 [TRACE] 【目标出现】C:\Users\gelon\Desktop\ZA-Lite\assets/images/hollow\zero_hollow.png 置信度：0.9999939203262329
2025-10-23 00:45:00 [TRACE] 发现已存在的游戏窗口:绝区零
2025-10-23 00:45:00 [TRACE] 窗口处于前台
2025-10-23 00:45:00 [TRACE] 发现已存在的游戏窗口:绝区零
2025-10-23 00:45:00 [TRACE] 窗口处于前台
2025-10-23 00:45:00 [TRACE] 发现已存在的游戏窗口:绝区零
2025-10-23 00:45:00 [TRACE] 窗口处于前台
2025-10-23 00:45:01 [TRACE] 【目标出现】C:\Users\gelon\Desktop\ZA-Lite\assets/images/hollow\go_hollow.png 置信度：0.9945257306098938
2025-10-23 00:45:01 [TRACE] 发现已存在的游戏窗口:绝区零
2025-10-23 00:45:01 [TRACE] 窗口处于前台
2025-10-23 00:45:01 [TRACE] 发现已存在的游戏窗口:绝区零
2025-10-23 00:45:01 [TRACE] 窗口处于前台
2025-10-23 00:45:01 [TRACE] 发现已存在的游戏窗口:绝区零
2025-10-23 00:45:01 [TRACE] 窗口处于前台
2025-10-23 00:45:01 [TRACE] 发现已存在的游戏窗口:绝区零
2025-10-23 00:45:01 [TRACE] 窗口处于前台
2025-10-23 00:45:02 [TRACE] 发现已存在的游戏窗口:绝区零
2025-10-23 00:45:02 [TRACE] 窗口处于前台
2025-10-23 00:45:02 [TRACE] 【目标出现】C:\Users\gelon\Desktop\ZA-Lite\assets/images/hollow\confirm.png 置信度：0.9839413166046143
2025-10-23 00:45:02 [TRACE] 发现已存在的游戏窗口:绝区零
2025-10-23 00:45:02 [TRACE] 窗口处于前台
2025-10-23 00:45:03 [TRACE] 发现已存在的游戏窗口:绝区零
2025-10-23 00:45:03 [TRACE] 窗口处于前台
2025-10-23 00:45:03 [TRACE] 发现已存在的游戏窗口:绝区零
2025-10-23 00:45:03 [TRACE] 窗口处于前台
2025-10-23 00:45:03 [TRACE] 发现已存在的游戏窗口:绝区零
2025-10-23 00:45:03 [TRACE] 窗口处于前台
2025-10-23 00:45:03 [TRACE] 发现已存在的游戏窗口:绝区零
2025-10-23 00:45:03 [TRACE] 窗口处于前台
2025-10-23 00:45:03 [TRACE] 发现已存在的游戏窗口:绝区零
2025-10-23 00:45:03 [TRACE] 窗口处于前台
2025-10-23 00:45:03 [TRACE] 发现已存在的游戏窗口:绝区零
2025-10-23 00:45:03 [TRACE] 窗口处于前台
2025-10-23 00:45:04 [TRACE] 【1】等待目标中 C:\Users\gelon\Desktop\ZA-Lite\assets/images/hollow\hollow_taskforce.png
2025-10-23 00:45:04 [TRACE] 发现已存在的游戏窗口:绝区零
2025-10-23 00:45:04 [TRACE] 窗口处于前台
2025-10-23 00:45:04 [TRACE] 【2】等待目标中 C:\Users\gelon\Desktop\ZA-Lite\assets/images/hollow\hollow_taskforce.png
2025-10-23 00:45:05 [TRACE] 发现已存在的游戏窗口:绝区零
2025-10-23 00:45:05 [TRACE] 窗口处于前台
2025-10-23 00:45:05 [TRACE] 发现已存在的游戏窗口:绝区零
2025-10-23 00:45:05 [TRACE] 窗口处于前台
2025-10-23 00:45:05 [TRACE] 发现已存在的游戏窗口:绝区零
2025-10-23 00:45:05 [TRACE] 窗口处于前台
2025-10-23 00:45:05 [TRACE] 【3】等待目标中 C:\Users\gelon\Desktop\ZA-Lite\assets/images/hollow\hollow_taskforce.png
2025-10-23 00:45:05 [TRACE] 发现已存在的游戏窗口:绝区零
2025-10-23 00:45:05 [TRACE] 窗口处于前台
2025-10-23 00:45:05 [TRACE] 发现已存在的游戏窗口:绝区零
2025-10-23 00:45:05 [TRACE] 窗口处于前台
2025-10-23 00:45:05 [TRACE] 发现已存在的游戏窗口:绝区零
2025-10-23 00:45:05 [TRACE] 窗口处于前台
2025-10-23 00:45:06 [TRACE] 发现已存在的游戏窗口:绝区零
2025-10-23 00:45:06 [TRACE] 窗口处于前台
2025-10-23 00:45:06 [TRACE] 发现已存在的游戏窗口:绝区零
2025-10-23 00:45:06 [TRACE] 窗口处于前台
2025-10-23 00:45:06 [TRACE] 【目标出现】C:\Users\gelon\Desktop\ZA-Lite\assets/images/hollow\hollow_taskforce.png 置信度：0.9999805688858032
2025-10-23 00:45:07 [TRACE] 发现已存在的游戏窗口:绝区零
2025-10-23 00:45:07 [TRACE] 窗口处于前台
2025-10-23 00:45:07 [TRACE] 发现已存在的游戏窗口:绝区零
2025-10-23 00:45:07 [TRACE] 窗口处于前台
2025-10-23 00:45:07 [TRACE] 发现已存在的游戏窗口:绝区零
2025-10-23 00:45:07 [TRACE] 窗口处于前台
2025-10-23 00:45:07 [TRACE] 【目标出现】C:\Users\gelon\Desktop\ZA-Lite\assets/images/hollow\strategy.png 置信度：0.9050195813179016
2025-10-23 00:45:07 [TRACE] 发现已存在的游戏窗口:绝区零
2025-10-23 00:45:07 [TRACE] 窗口处于前台
2025-10-23 00:45:08 [TRACE] 发现已存在的游戏窗口:绝区零
2025-10-23 00:45:08 [TRACE] 窗口处于前台
2025-10-23 00:45:08 [TRACE] 发现已存在的游戏窗口:绝区零
2025-10-23 00:45:08 [TRACE] 窗口处于前台
2025-10-23 00:45:08 [TRACE] 发现已存在的游戏窗口:绝区零
2025-10-23 00:45:08 [TRACE] 窗口处于前台
2025-10-23 00:45:08 [TRACE] 发现已存在的游戏窗口:绝区零
2025-10-23 00:45:08 [TRACE] 窗口处于前台
2025-10-23 00:45:08 [TRACE] 【1】等待目标中 C:\Users\gelon\Desktop\ZA-Lite\assets/images/hollow\strategy_confirm.png
2025-10-23 00:45:09 [TRACE] 发现已存在的游戏窗口:绝区零
2025-10-23 00:45:09 [TRACE] 窗口处于前台
2025-10-23 00:45:09 [TRACE] 【目标出现】C:\Users\gelon\Desktop\ZA-Lite\assets/images/hollow\strategy_confirm.png 置信度：0.9999998807907104
2025-10-23 00:45:09 [TRACE] 发现已存在的游戏窗口:绝区零
2025-10-23 00:45:09 [TRACE] 窗口处于前台
2025-10-23 00:45:09 [TRACE] 发现已存在的游戏窗口:绝区零
2025-10-23 00:45:09 [TRACE] 窗口处于前台
2025-10-23 00:45:10 [TRACE] 发现已存在的游戏窗口:绝区零
2025-10-23 00:45:10 [TRACE] 窗口处于前台
2025-10-23 00:45:10 [TRACE] 发现已存在的游戏窗口:绝区零
2025-10-23 00:45:10 [TRACE] 窗口处于前台
2025-10-23 00:45:10 [TRACE] 发现已存在的游戏窗口:绝区零
2025-10-23 00:45:10 [TRACE] 窗口处于前台
2025-10-23 00:45:10 [TRACE] 发现已存在的游戏窗口:绝区零
2025-10-23 00:45:10 [TRACE] 窗口处于前台
2025-10-23 00:45:10 [TRACE] 发现已存在的游戏窗口:绝区零
2025-10-23 00:45:10 [TRACE] 窗口处于前台
2025-10-23 00:45:10 [TRACE] 【目标出现】C:\Users\gelon\Desktop\ZA-Lite\assets/images/hollow\next_step.png 置信度：0.9820850491523743
2025-10-23 00:45:11 [TRACE] 发现已存在的游戏窗口:绝区零
2025-10-23 00:45:11 [TRACE] 窗口处于前台
2025-10-23 00:45:12 [TRACE] 发现已存在的游戏窗口:绝区零
2025-10-23 00:45:12 [TRACE] 窗口处于前台
2025-10-23 00:45:12 [TRACE] 发现已存在的游戏窗口:绝区零
2025-10-23 00:45:12 [TRACE] 窗口处于前台
2025-10-23 00:45:12 [TRACE] 发现已存在的游戏窗口:绝区零
2025-10-23 00:45:12 [TRACE] 窗口处于前台
2025-10-23 00:45:12 [TRACE] 【目标出现】C:\Users\gelon\Desktop\ZA-Lite\assets/images/daily\squad_preset.png 置信度：0.9862330555915833
2025-10-23 00:45:12 [TRACE] 发现已存在的游戏窗口:绝区零
2025-10-23 00:45:12 [TRACE] 窗口处于前台
2025-10-23 00:45:12 [TRACE] 发现已存在的游戏窗口:绝区零
2025-10-23 00:45:12 [TRACE] 窗口处于前台
2025-10-23 00:45:13 [TRACE] 发现已存在的游戏窗口:绝区零
2025-10-23 00:45:13 [TRACE] 窗口处于前台
2025-10-23 00:45:13 [TRACE] 发现已存在的游戏窗口:绝区零
2025-10-23 00:45:13 [TRACE] 窗口处于前台
2025-10-23 00:45:13 [TRACE] 【目标出现】C:\Users\gelon\Desktop\ZA-Lite\assets/images/daily\squad_6.png 置信度：0.9191625714302063
2025-10-23 00:45:14 [TRACE] 发现已存在的游戏窗口:绝区零
2025-10-23 00:45:14 [TRACE] 窗口处于前台
2025-10-23 00:45:14 [TRACE] 发现已存在的游戏窗口:绝区零
2025-10-23 00:45:14 [TRACE] 窗口处于前台
2025-10-23 00:45:14 [TRACE] 发现已存在的游戏窗口:绝区零
2025-10-23 00:45:14 [TRACE] 窗口处于前台
2025-10-23 00:45:14 [TRACE] 发现已存在的游戏窗口:绝区零
2025-10-23 00:45:14 [TRACE] 窗口处于前台
2025-10-23 00:45:14 [TRACE] 【目标出现】C:\Users\gelon\Desktop\ZA-Lite\assets/images/daily\select_squad.png 置信度：0.9694162011146545
2025-10-23 00:45:14 [TRACE] 发现已存在的游戏窗口:绝区零
2025-10-23 00:45:14 [TRACE] 窗口处于前台
2025-10-23 00:45:15 [TRACE] 发现已存在的游戏窗口:绝区零
2025-10-23 00:45:15 [TRACE] 窗口处于前台
2025-10-23 00:45:15 [TRACE] 发现已存在的游戏窗口:绝区零
2025-10-23 00:45:15 [TRACE] 窗口处于前台
2025-10-23 00:45:16 [TRACE] 发现已存在的游戏窗口:绝区零
2025-10-23 00:45:16 [TRACE] 窗口处于前台
2025-10-23 00:45:16 [TRACE] 【目标出现】C:\Users\gelon\Desktop\ZA-Lite\assets/images/hollow\start_battle.png 置信度：0.9836993217468262
2025-10-23 00:45:16 [TRACE] 发现已存在的游戏窗口:绝区零
2025-10-23 00:45:16 [TRACE] 窗口处于前台
2025-10-23 00:45:16 [TRACE] 发现已存在的游戏窗口:绝区零
2025-10-23 00:45:16 [TRACE] 窗口处于前台
2025-10-23 00:45:16 [TRACE] 发现已存在的游戏窗口:绝区零
2025-10-23 00:45:16 [TRACE] 窗口处于前台
2025-10-23 00:45:17 [TRACE] 发现已存在的游戏窗口:绝区零
2025-10-23 00:45:17 [TRACE] 窗口处于前台
2025-10-23 00:45:17 [TRACE] 发现已存在的游戏窗口:绝区零
2025-10-23 00:45:17 [TRACE] 窗口处于前台
2025-10-23 00:45:17 [TRACE] 发现已存在的游戏窗口:绝区零
2025-10-23 00:45:17 [TRACE] 窗口处于前台
2025-10-23 00:45:17 [TRACE] 【空洞监听】无匹配已持续：0秒
2025-10-23 00:45:17 [TRACE] 【线程启动】攻击检测
2025-10-23 00:45:18 [TRACE] 【目标检测】目标存在，但置信度不足
2025-10-23 00:45:18 [TRACE] 发现已存在的游戏窗口:绝区零
2025-10-23 00:45:18 [TRACE] 窗口处于前台
2025-10-23 00:45:18 [TRACE] 发现已存在的游戏窗口:绝区零
2025-10-23 00:45:18 [TRACE] 窗口处于前台
2025-10-23 00:45:19 [TRACE] 发现已存在的游戏窗口:绝区零
2025-10-23 00:45:19 [TRACE] 窗口处于前台
2025-10-23 00:45:19 [TRACE] 发现已存在的游戏窗口:绝区零
2025-10-23 00:45:19 [TRACE] 窗口处于前台
2025-10-23 00:45:19 [TRACE] 发现已存在的游戏窗口:绝区零
2025-10-23 00:45:19 [TRACE] 窗口处于前台
2025-10-23 00:45:19 [TRACE] 【目标检测】目标存在，但置信度不足
2025-10-23 00:45:19 [TRACE] 发现已存在的游戏窗口:绝区零
2025-10-23 00:45:19 [TRACE] 窗口处于前台
2025-10-23 00:45:20 [TRACE] 发现已存在的游戏窗口:绝区零
2025-10-23 00:45:20 [TRACE] 窗口处于前台
2025-10-23 00:45:20 [TRACE] 发现已存在的游戏窗口:绝区零
2025-10-23 00:45:20 [TRACE] 窗口处于前台
2025-10-23 00:45:21 [TRACE] 发现已存在的游戏窗口:绝区零
2025-10-23 00:45:21 [TRACE] 窗口处于前台
2025-10-23 00:45:21 [TRACE] 发现已存在的游戏窗口:绝区零
2025-10-23 00:45:21 [TRACE] 窗口处于前台
2025-10-23 00:45:22 [TRACE] 发现已存在的游戏窗口:绝区零
2025-10-23 00:45:22 [TRACE] 窗口处于前台
2025-10-23 00:45:22 [TRACE] 发现已存在的游戏窗口:绝区零
2025-10-23 00:45:22 [TRACE] 窗口处于前台
2025-10-23 00:45:22 [TRACE] 【目标检测】目标存在，但置信度不足
2025-10-23 00:45:22 [TRACE] 发现已存在的游戏窗口:绝区零
2025-10-23 00:45:22 [TRACE] 窗口处于前台
2025-10-23 00:45:22 [TRACE] 发现已存在的游戏窗口:绝区零
2025-10-23 00:45:22 [TRACE] 窗口处于前台
2025-10-23 00:45:22 [TRACE] 发现已存在的游戏窗口:绝区零
2025-10-23 00:45:22 [TRACE] 窗口处于前台
2025-10-23 00:45:23 [TRACE] 【目标检测】屏幕内没有目标
2025-10-23 00:45:23 [TRACE] 发现已存在的游戏窗口:绝区零
2025-10-23 00:45:23 [TRACE] 窗口处于前台
2025-10-23 00:45:24 [TRACE] 发现已存在的游戏窗口:绝区零
2025-10-23 00:45:24 [TRACE] 窗口处于前台
2025-10-23 00:45:24 [TRACE] 发现已存在的游戏窗口:绝区零
2025-10-23 00:45:24 [TRACE] 窗口处于前台
2025-10-23 00:45:24 [TRACE] 发现已存在的游戏窗口:绝区零
2025-10-23 00:45:24 [TRACE] 窗口处于前台
2025-10-23 00:45:25 [TRACE] 【目标检测】屏幕内没有目标
2025-10-23 00:45:25 [TRACE] 发现已存在的游戏窗口:绝区零
2025-10-23 00:45:25 [TRACE] 窗口处于前台
2025-10-23 00:45:25 [TRACE] 发现已存在的游戏窗口:绝区零
2025-10-23 00:45:25 [TRACE] 窗口处于前台
2025-10-23 00:45:25 [TRACE] 发现已存在的游戏窗口:绝区零
2025-10-23 00:45:25 [TRACE] 窗口处于前台
2025-10-23 00:45:25 [TRACE] 发现已存在的游戏窗口:绝区零
2025-10-23 00:45:25 [TRACE] 窗口处于前台
2025-10-23 00:45:26 [TRACE] 【目标检测】屏幕内没有目标
2025-10-23 00:45:26 [TRACE] 发现已存在的游戏窗口:绝区零
2025-10-23 00:45:26 [TRACE] 窗口处于前台
2025-10-23 00:45:26 [TRACE] 发现已存在的游戏窗口:绝区零
2025-10-23 00:45:26 [TRACE] 窗口处于前台
2025-10-23 00:45:27 [TRACE] 发现已存在的游戏窗口:绝区零
2025-10-23 00:45:27 [TRACE] 窗口处于前台
2025-10-23 00:45:27 [TRACE] 发现已存在的游戏窗口:绝区零
2025-10-23 00:45:27 [TRACE] 窗口处于前台
2025-10-23 00:45:27 [TRACE] 【目标检测】屏幕内没有目标
2025-10-23 00:45:27 [TRACE] 发现已存在的游戏窗口:绝区零
2025-10-23 00:45:27 [TRACE] 窗口处于前台
2025-10-23 00:45:27 [TRACE] 发现已存在的游戏窗口:绝区零
2025-10-23 00:45:27 [TRACE] 窗口处于前台
2025-10-23 00:45:28 [TRACE] 发现已存在的游戏窗口:绝区零
2025-10-23 00:45:28 [TRACE] 窗口处于前台
2025-10-23 00:45:28 [TRACE] 发现已存在的游戏窗口:绝区零
2025-10-23 00:45:28 [TRACE] 窗口处于前台
2025-10-23 00:45:28 [TRACE] 【目标检测】屏幕内没有目标
2025-10-23 00:45:28 [TRACE] 发现已存在的游戏窗口:绝区零
2025-10-23 00:45:28 [TRACE] 窗口处于前台
2025-10-23 00:45:29 [TRACE] 发现已存在的游戏窗口:绝区零
2025-10-23 00:45:29 [TRACE] 窗口处于前台
2025-10-23 00:45:29 [TRACE] 【空洞监听】无匹配已持续：0秒
2025-10-23 00:45:29 [TRACE] 发现已存在的游戏窗口:绝区零
2025-10-23 00:45:29 [TRACE] 窗口处于前台
2025-10-23 00:45:29 [TRACE] 发现已存在的游戏窗口:绝区零
2025-10-23 00:45:29 [TRACE] 窗口处于前台
2025-10-23 00:45:30 [TRACE] 发现已存在的游戏窗口:绝区零
2025-10-23 00:45:30 [TRACE] 窗口处于前台
2025-10-23 00:45:30 [TRACE] 发现已存在的游戏窗口:绝区零
2025-10-23 00:45:30 [TRACE] 窗口处于前台
2025-10-23 00:45:30 [TRACE] 发现已存在的游戏窗口:绝区零
2025-10-23 00:45:30 [TRACE] 窗口处于前台
2025-10-23 00:45:30 [TRACE] 发现已存在的游戏窗口:绝区零
2025-10-23 00:45:30 [TRACE] 窗口处于前台
2025-10-23 00:45:31 [TRACE] 【目标检测】屏幕内没有目标
2025-10-23 00:45:31 [TRACE] 发现已存在的游戏窗口:绝区零
2025-10-23 00:45:31 [TRACE] 窗口处于前台
2025-10-23 00:45:32 [TRACE] 发现已存在的游戏窗口:绝区零
2025-10-23 00:45:32 [TRACE] 窗口处于前台
2025-10-23 00:45:32 [TRACE] 【目标检测】屏幕内没有目标
2025-10-23 00:45:32 [TRACE] 发现已存在的游戏窗口:绝区零
2025-10-23 00:45:32 [TRACE] 窗口处于前台
2025-10-23 00:45:32 [TRACE] 发现已存在的游戏窗口:绝区零
2025-10-23 00:45:32 [TRACE] 窗口处于前台
2025-10-23 00:45:32 [TRACE] 发现已存在的游戏窗口:绝区零
2025-10-23 00:45:32 [TRACE] 窗口处于前台
2025-10-23 00:45:33 [TRACE] 发现已存在的游戏窗口:绝区零
2025-10-23 00:45:33 [TRACE] 窗口处于前台
2025-10-23 00:45:33 [TRACE] 发现已存在的游戏窗口:绝区零
2025-10-23 00:45:33 [TRACE] 窗口处于前台
2025-10-23 00:45:34 [TRACE] 发现已存在的游戏窗口:绝区零
2025-10-23 00:45:34 [TRACE] 窗口处于前台
2025-10-23 00:45:34 [TRACE] 【目标检测】屏幕内没有目标
2025-10-23 00:45:34 [TRACE] 发现已存在的游戏窗口:绝区零
2025-10-23 00:45:34 [TRACE] 窗口处于前台
2025-10-23 00:45:35 [TRACE] 发现已存在的游戏窗口:绝区零
2025-10-23 00:45:35 [TRACE] 窗口处于前台
2025-10-23 00:45:35 [TRACE] 【目标检测】屏幕内没有目标
2025-10-23 00:45:35 [TRACE] 发现已存在的游戏窗口:绝区零
2025-10-23 00:45:35 [TRACE] 窗口处于前台
2025-10-23 00:45:35 [TRACE] 发现已存在的游戏窗口:绝区零
2025-10-23 00:45:35 [TRACE] 窗口处于前台
2025-10-23 00:45:35 [TRACE] 发现已存在的游戏窗口:绝区零
2025-10-23 00:45:35 [TRACE] 窗口处于前台
2025-10-23 00:45:36 [TRACE] 发现已存在的游戏窗口:绝区零
2025-10-23 00:45:36 [TRACE] 窗口处于前台
2025-10-23 00:45:36 [TRACE] 【空洞监听】无匹配已持续：6秒
2025-10-23 00:45:36 [TRACE] 发现已存在的游戏窗口:绝区零
2025-10-23 00:45:36 [TRACE] 窗口处于前台
2025-10-23 00:45:36 [TRACE] 发现已存在的游戏窗口:绝区零
2025-10-23 00:45:36 [TRACE] 窗口处于前台
2025-10-23 00:45:36 [TRACE] 【目标检测】屏幕内没有目标
2025-10-23 00:45:36 [TRACE] 发现已存在的游戏窗口:绝区零
2025-10-23 00:45:36 [TRACE] 窗口处于前台
2025-10-23 00:45:38 [TRACE] 发现已存在的游戏窗口:绝区零
2025-10-23 00:45:38 [TRACE] 窗口处于前台
2025-10-23 00:45:38 [TRACE] 发现已存在的游戏窗口:绝区零
2025-10-23 00:45:38 [TRACE] 窗口处于前台
2025-10-23 00:45:38 [TRACE] 发现已存在的游戏窗口:绝区零
2025-10-23 00:45:38 [TRACE] 窗口处于前台
2025-10-23 00:45:38 [TRACE] 发现已存在的游戏窗口:绝区零
2025-10-23 00:45:38 [TRACE] 窗口处于前台
2025-10-23 00:45:39 [TRACE] 发现已存在的游戏窗口:绝区零
2025-10-23 00:45:39 [TRACE] 窗口处于前台
2025-10-23 00:45:39 [TRACE] 发现已存在的游戏窗口:绝区零
2025-10-23 00:45:39 [TRACE] 窗口处于前台
2025-10-23 00:45:39 [TRACE] 【目标检测】屏幕内没有目标
2025-10-23 00:45:39 [TRACE] 发现已存在的游戏窗口:绝区零
2025-10-23 00:45:39 [TRACE] 窗口处于前台
2025-10-23 00:45:39 [TRACE] 发现已存在的游戏窗口:绝区零
2025-10-23 00:45:39 [TRACE] 窗口处于前台
2025-10-23 00:45:40 [TRACE] 【目标检测】屏幕内没有目标
2025-10-23 00:45:40 [TRACE] 发现已存在的游戏窗口:绝区零
2025-10-23 00:45:40 [TRACE] 窗口处于前台
2025-10-23 00:45:41 [TRACE] 发现已存在的游戏窗口:绝区零
2025-10-23 00:45:41 [TRACE] 窗口处于前台
2025-10-23 00:45:41 [TRACE] 发现已存在的游戏窗口:绝区零
2025-10-23 00:45:41 [TRACE] 窗口处于前台
2025-10-23 00:45:42 [TRACE] 发现已存在的游戏窗口:绝区零
2025-10-23 00:45:42 [TRACE] 窗口处于前台
2025-10-23 00:45:42 [TRACE] 发现已存在的游戏窗口:绝区零
2025-10-23 00:45:42 [TRACE] 窗口处于前台
2025-10-23 00:45:42 [TRACE] 【目标检测】屏幕内没有目标
2025-10-23 00:45:42 [TRACE] 发现已存在的游戏窗口:绝区零
2025-10-23 00:45:42 [TRACE] 窗口处于前台
2025-10-23 00:45:42 [TRACE] 发现已存在的游戏窗口:绝区零
2025-10-23 00:45:42 [TRACE] 窗口处于前台
2025-10-23 00:45:42 [TRACE] 【空洞监听】无匹配已持续：13秒
2025-10-23 00:45:42 [TRACE] 发现已存在的游戏窗口:绝区零
2025-10-23 00:45:42 [TRACE] 窗口处于前台
2025-10-23 00:45:44 [TRACE] 发现已存在的游戏窗口:绝区零
2025-10-23 00:45:44 [TRACE] 窗口处于前台
2025-10-23 00:45:44 [TRACE] 发现已存在的游戏窗口:绝区零
2025-10-23 00:45:44 [TRACE] 窗口处于前台
2025-10-23 00:45:44 [TRACE] 发现已存在的游戏窗口:绝区零
2025-10-23 00:45:44 [TRACE] 窗口处于前台
2025-10-23 00:45:45 [TRACE] 发现已存在的游戏窗口:绝区零
2025-10-23 00:45:45 [TRACE] 窗口处于前台
2025-10-23 00:45:45 [TRACE] 发现已存在的游戏窗口:绝区零
2025-10-23 00:45:45 [TRACE] 窗口处于前台
2025-10-23 00:45:45 [TRACE] 发现已存在的游戏窗口:绝区零
2025-10-23 00:45:45 [TRACE] 窗口处于前台
2025-10-23 00:45:47 [TRACE] 发现已存在的游戏窗口:绝区零
2025-10-23 00:45:47 [TRACE] 窗口处于前台
2025-10-23 00:45:47 [TRACE] 发现已存在的游戏窗口:绝区零
2025-10-23 00:45:47 [TRACE] 窗口处于前台
2025-10-23 00:45:47 [TRACE] 发现已存在的游戏窗口:绝区零
2025-10-23 00:45:47 [TRACE] 窗口处于前台
2025-10-23 00:45:48 [TRACE] 【目标检测】TRAPPED！ 类型：interact 置信度：0.9196847081184387
2025-10-23 00:45:48 [TRACE] 发现已存在的游戏窗口:绝区零
2025-10-23 00:45:48 [TRACE] 窗口处于前台
2025-10-23 00:45:48 [TRACE] 发现已存在的游戏窗口:绝区零
2025-10-23 00:45:48 [TRACE] 窗口处于前台
2025-10-23 00:45:48 [TRACE] 发现已存在的游戏窗口:绝区零
2025-10-23 00:45:48 [TRACE] 窗口处于前台
2025-10-23 00:45:49 [TRACE] 【空洞监听】无匹配已持续：19秒
2025-10-23 00:45:50 [TRACE] 发现已存在的游戏窗口:绝区零
2025-10-23 00:45:50 [TRACE] 窗口处于前台
2025-10-23 00:45:50 [TRACE] 发现已存在的游戏窗口:绝区零
2025-10-23 00:45:50 [TRACE] 窗口处于前台
2025-10-23 00:45:50 [TRACE] 发现已存在的游戏窗口:绝区零
2025-10-23 00:45:50 [TRACE] 窗口处于前台
2025-10-23 00:45:50 [TRACE] 发现已存在的游戏窗口:绝区零
2025-10-23 00:45:50 [TRACE] 窗口处于前台
2025-10-23 00:45:51 [TRACE] 发现已存在的游戏窗口:绝区零
2025-10-23 00:45:51 [TRACE] 窗口处于前台
2025-10-23 00:45:51 [TRACE] 发现已存在的游戏窗口:绝区零
2025-10-23 00:45:51 [TRACE] 窗口处于前台
2025-10-23 00:45:52 [TRACE] 发现已存在的游戏窗口:绝区零
2025-10-23 00:45:52 [TRACE] 窗口处于前台
2025-10-23 00:45:53 [TRACE] 发现已存在的游戏窗口:绝区零
2025-10-23 00:45:53 [TRACE] 窗口处于前台
2025-10-23 00:45:53 [TRACE] 发现已存在的游戏窗口:绝区零
2025-10-23 00:45:53 [TRACE] 窗口处于前台
2025-10-23 00:45:53 [TRACE] 发现已存在的游戏窗口:绝区零
2025-10-23 00:45:53 [TRACE] 窗口处于前台
2025-10-23 00:45:54 [TRACE] 发现已存在的游戏窗口:绝区零
2025-10-23 00:45:54 [TRACE] 窗口处于前台
2025-10-23 00:45:54 [TRACE] 发现已存在的游戏窗口:绝区零
2025-10-23 00:45:54 [TRACE] 窗口处于前台
2025-10-23 00:45:54 [TRACE] 【目标检测】屏幕内没有目标
2025-10-23 00:45:54 [TRACE] 发现已存在的游戏窗口:绝区零
2025-10-23 00:45:54 [TRACE] 窗口处于前台
2025-10-23 00:45:55 [TRACE] 发现已存在的游戏窗口:绝区零
2025-10-23 00:45:55 [TRACE] 窗口处于前台
2025-10-23 00:45:56 [TRACE] 发现已存在的游戏窗口:绝区零
2025-10-23 00:45:56 [TRACE] 窗口处于前台
2025-10-23 00:45:56 [TRACE] 发现已存在的游戏窗口:绝区零
2025-10-23 00:45:56 [TRACE] 窗口处于前台
2025-10-23 00:45:56 [TRACE] 发现已存在的游戏窗口:绝区零
2025-10-23 00:45:56 [TRACE] 窗口处于前台
2025-10-23 00:45:56 [TRACE] 发现已存在的游戏窗口:绝区零
2025-10-23 00:45:56 [TRACE] 窗口处于前台
2025-10-23 00:45:57 [TRACE] 发现已存在的游戏窗口:绝区零
2025-10-23 00:45:57 [TRACE] 窗口处于前台
2025-10-23 00:45:58 [TRACE] 发现已存在的游戏窗口:绝区零
2025-10-23 00:45:58 [TRACE] 窗口处于前台
2025-10-23 00:45:58 [TRACE] 发现已存在的游戏窗口:绝区零
2025-10-23 00:45:58 [TRACE] 窗口处于前台
2025-10-23 00:45:59 [TRACE] 发现已存在的游戏窗口:绝区零
2025-10-23 00:45:59 [TRACE] 窗口处于前台
2025-10-23 00:45:59 [TRACE] 发现已存在的游戏窗口:绝区零
2025-10-23 00:45:59 [TRACE] 窗口处于前台
2025-10-23 00:45:59 [TRACE] 发现已存在的游戏窗口:绝区零
2025-10-23 00:45:59 [TRACE] 窗口处于前台
2025-10-23 00:46:00 [TRACE] 发现已存在的游戏窗口:绝区零
2025-10-23 00:46:00 [TRACE] 窗口处于前台
2025-10-23 00:46:00 [TRACE] 【状态】搜索模式：C:\Users\gelon\Desktop\ZA-Lite\assets/images/hollow\meter.png 置信度：0.9649918079376221
2025-10-23 00:46:01 [TRACE] 发现已存在的游戏窗口:绝区零
2025-10-23 00:46:01 [TRACE] 窗口处于前台
2025-10-23 00:46:01 [TRACE] 发现已存在的游戏窗口:绝区零
2025-10-23 00:46:01 [TRACE] 窗口处于前台
2025-10-23 00:46:02 [TRACE] 发现已存在的游戏窗口:绝区零
2025-10-23 00:46:02 [TRACE] 窗口处于前台
2025-10-23 00:46:02 [TRACE] 发现已存在的游戏窗口:绝区零
2025-10-23 00:46:02 [TRACE] 窗口处于前台
2025-10-23 00:46:02 [TRACE] 发现已存在的游戏窗口:绝区零
2025-10-23 00:46:02 [TRACE] 窗口处于前台
2025-10-23 00:46:03 [TRACE] 发现已存在的游戏窗口:绝区零
2025-10-23 00:46:03 [TRACE] 窗口处于前台
2025-10-23 00:46:03 [TRACE] 【目标检测】TRAPPED！ 类型：guide_point 置信度：0.9348599910736084
2025-10-23 00:46:04 [TRACE] 发现已存在的游戏窗口:绝区零
2025-10-23 00:46:04 [TRACE] 窗口处于前台
2025-10-23 00:46:04 [TRACE] 发现已存在的游戏窗口:绝区零
2025-10-23 00:46:04 [TRACE] 窗口处于前台
2025-10-23 00:46:05 [TRACE] 发现已存在的游戏窗口:绝区零
2025-10-23 00:46:05 [TRACE] 窗口处于前台
2025-10-23 00:46:05 [TRACE] 发现已存在的游戏窗口:绝区零
2025-10-23 00:46:05 [TRACE] 窗口处于前台
2025-10-23 00:46:05 [TRACE] 发现已存在的游戏窗口:绝区零
2025-10-23 00:46:05 [TRACE] 窗口处于前台
2025-10-23 00:46:05 [TRACE] 发现已存在的游戏窗口:绝区零
2025-10-23 00:46:05 [TRACE] 窗口处于前台
2025-10-23 00:46:07 [TRACE] 发现已存在的游戏窗口:绝区零
2025-10-23 00:46:07 [TRACE] 窗口处于前台
2025-10-23 00:46:07 [TRACE] 发现已存在的游戏窗口:绝区零
2025-10-23 00:46:07 [TRACE] 窗口处于前台
2025-10-23 00:46:07 [TRACE] 发现已存在的游戏窗口:绝区零
2025-10-23 00:46:07 [TRACE] 窗口处于前台
2025-10-23 00:46:08 [TRACE] 发现已存在的游戏窗口:绝区零
2025-10-23 00:46:08 [TRACE] 窗口处于前台
2025-10-23 00:46:08 [TRACE] 发现已存在的游戏窗口:绝区零
2025-10-23 00:46:08 [TRACE] 窗口处于前台
2025-10-23 00:46:08 [TRACE] 【目标检测】TRAPPED！ 类型：blue_portal 置信度：0.9029548168182373
2025-10-23 00:46:08 [TRACE] 发现已存在的游戏窗口:绝区零
2025-10-23 00:46:08 [TRACE] 窗口处于前台
2025-10-23 00:46:09 [TRACE] 【空洞监听】无匹配已持续：0秒
2025-10-23 00:46:10 [TRACE] 发现已存在的游戏窗口:绝区零
2025-10-23 00:46:10 [TRACE] 窗口处于前台
2025-10-23 00:46:10 [TRACE] 发现已存在的游戏窗口:绝区零
2025-10-23 00:46:10 [TRACE] 窗口处于前台
2025-10-23 00:46:10 [TRACE] 发现已存在的游戏窗口:绝区零
2025-10-23 00:46:10 [TRACE] 窗口处于前台
2025-10-23 00:46:11 [TRACE] 发现已存在的游戏窗口:绝区零
2025-10-23 00:46:11 [TRACE] 窗口处于前台
2025-10-23 00:46:11 [TRACE] 发现已存在的游戏窗口:绝区零
2025-10-23 00:46:11 [TRACE] 窗口处于前台
2025-10-23 00:46:11 [TRACE] 发现已存在的游戏窗口:绝区零
2025-10-23 00:46:11 [TRACE] 窗口处于前台
2025-10-23 00:46:12 [TRACE] 发现已存在的游戏窗口:绝区零
2025-10-23 00:46:12 [TRACE] 窗口处于前台
2025-10-23 00:46:13 [TRACE] 发现已存在的游戏窗口:绝区零
2025-10-23 00:46:13 [TRACE] 窗口处于前台
2025-10-23 00:46:13 [TRACE] 发现已存在的游戏窗口:绝区零
2025-10-23 00:46:13 [TRACE] 窗口处于前台
2025-10-23 00:46:13 [TRACE] 发现已存在的游戏窗口:绝区零
2025-10-23 00:46:13 [TRACE] 窗口处于前台
2025-10-23 00:46:14 [TRACE] 发现已存在的游戏窗口:绝区零
2025-10-23 00:46:14 [TRACE] 窗口处于前台
2025-10-23 00:46:14 [TRACE] 发现已存在的游戏窗口:绝区零
2025-10-23 00:46:14 [TRACE] 窗口处于前台
2025-10-23 00:46:15 [TRACE] 【目标检测】屏幕内没有目标
2025-10-23 00:46:15 [TRACE] 发现已存在的游戏窗口:绝区零
2025-10-23 00:46:15 [TRACE] 窗口处于前台
2025-10-23 00:46:15 [TRACE] 发现已存在的游戏窗口:绝区零
2025-10-23 00:46:15 [TRACE] 窗口处于前台
2025-10-23 00:46:15 [TRACE] 【空洞监听】无匹配已持续：6秒
2025-10-23 00:46:16 [TRACE] 发现已存在的游戏窗口:绝区零
2025-10-23 00:46:16 [TRACE] 窗口处于前台
2025-10-23 00:46:16 [TRACE] 发现已存在的游戏窗口:绝区零
2025-10-23 00:46:16 [TRACE] 窗口处于前台
2025-10-23 00:46:16 [TRACE] 发现已存在的游戏窗口:绝区零
2025-10-23 00:46:16 [TRACE] 窗口处于前台
2025-10-23 00:46:16 [TRACE] 【目标检测】屏幕内没有目标
2025-10-23 00:46:16 [TRACE] 发现已存在的游戏窗口:绝区零
2025-10-23 00:46:16 [TRACE] 窗口处于前台
2025-10-23 00:46:17 [TRACE] 发现已存在的游戏窗口:绝区零
2025-10-23 00:46:17 [TRACE] 窗口处于前台
2025-10-23 00:46:17 [TRACE] 发现已存在的游戏窗口:绝区零
2025-10-23 00:46:17 [TRACE] 窗口处于前台
2025-10-23 00:46:18 [TRACE] 【目标检测】屏幕内没有目标
2025-10-23 00:46:18 [TRACE] 发现已存在的游戏窗口:绝区零
2025-10-23 00:46:18 [TRACE] 窗口处于前台
2025-10-23 00:46:19 [TRACE] 发现已存在的游戏窗口:绝区零
2025-10-23 00:46:19 [TRACE] 窗口处于前台
2025-10-23 00:46:19 [TRACE] 发现已存在的游戏窗口:绝区零
2025-10-23 00:46:19 [TRACE] 窗口处于前台
2025-10-23 00:46:19 [TRACE] 发现已存在的游戏窗口:绝区零
2025-10-23 00:46:19 [TRACE] 窗口处于前台
2025-10-23 00:46:20 [TRACE] 发现已存在的游戏窗口:绝区零
2025-10-23 00:46:20 [TRACE] 窗口处于前台
2025-10-23 00:46:20 [TRACE] 发现已存在的游戏窗口:绝区零
2025-10-23 00:46:20 [TRACE] 窗口处于前台
2025-10-23 00:46:20 [TRACE] 发现已存在的游戏窗口:绝区零
2025-10-23 00:46:20 [TRACE] 窗口处于前台
2025-10-23 00:46:22 [TRACE] 发现已存在的游戏窗口:绝区零
2025-10-23 00:46:22 [TRACE] 窗口处于前台
2025-10-23 00:46:22 [TRACE] 发现已存在的游戏窗口:绝区零
2025-10-23 00:46:22 [TRACE] 窗口处于前台
2025-10-23 00:46:22 [TRACE] 发现已存在的游戏窗口:绝区零
2025-10-23 00:46:22 [TRACE] 窗口处于前台
2025-10-23 00:46:22 [TRACE] 【空洞监听】无匹配已持续：13秒
2025-10-23 00:46:22 [TRACE] 【目标检测】TRAPPED！ 类型：interact 置信度：0.9187339544296265
2025-10-23 00:46:22 [TRACE] 发现已存在的游戏窗口:绝区零
2025-10-23 00:46:22 [TRACE] 窗口处于前台
2025-10-23 00:46:23 [TRACE] 发现已存在的游戏窗口:绝区零
2025-10-23 00:46:23 [TRACE] 窗口处于前台
2025-10-23 00:46:23 [TRACE] 发现已存在的游戏窗口:绝区零
2025-10-23 00:46:23 [TRACE] 窗口处于前台
2025-10-23 00:46:24 [TRACE] 发现已存在的游戏窗口:绝区零
2025-10-23 00:46:24 [TRACE] 窗口处于前台
2025-10-23 00:46:25 [TRACE] 发现已存在的游戏窗口:绝区零
2025-10-23 00:46:25 [TRACE] 窗口处于前台
2025-10-23 00:46:25 [TRACE] 发现已存在的游戏窗口:绝区零
2025-10-23 00:46:25 [TRACE] 窗口处于前台
2025-10-23 00:46:25 [TRACE] 发现已存在的游戏窗口:绝区零
2025-10-23 00:46:25 [TRACE] 窗口处于前台
2025-10-23 00:46:26 [TRACE] 发现已存在的游戏窗口:绝区零
2025-10-23 00:46:26 [TRACE] 窗口处于前台
2025-10-23 00:46:26 [TRACE] 发现已存在的游戏窗口:绝区零
2025-10-23 00:46:26 [TRACE] 窗口处于前台
2025-10-23 00:46:27 [TRACE] 发现已存在的游戏窗口:绝区零
2025-10-23 00:46:27 [TRACE] 窗口处于前台
2025-10-23 00:46:28 [TRACE] 发现已存在的游戏窗口:绝区零
2025-10-23 00:46:28 [TRACE] 窗口处于前台
2025-10-23 00:46:28 [TRACE] 发现已存在的游戏窗口:绝区零
2025-10-23 00:46:28 [TRACE] 窗口处于前台
2025-10-23 00:46:28 [TRACE] 发现已存在的游戏窗口:绝区零
2025-10-23 00:46:28 [TRACE] 窗口处于前台
2025-10-23 00:46:29 [TRACE] 发现已存在的游戏窗口:绝区零
2025-10-23 00:46:29 [TRACE] 窗口处于前台
2025-10-23 00:46:29 [TRACE] 发现已存在的游戏窗口:绝区零
2025-10-23 00:46:29 [TRACE] 窗口处于前台
2025-10-23 00:46:29 [TRACE] 【空洞监听】无匹配已持续：19秒
2025-10-23 00:46:30 [TRACE] 发现已存在的游戏窗口:绝区零
2025-10-23 00:46:30 [TRACE] 窗口处于前台
2025-10-23 00:46:30 [TRACE] 【目标检测】TRAPPED！ 类型：interact 置信度：0.9166687726974487
2025-10-23 00:46:30 [TRACE] 发现已存在的游戏窗口:绝区零
2025-10-23 00:46:30 [TRACE] 窗口处于前台
2025-10-23 00:46:31 [TRACE] 发现已存在的游戏窗口:绝区零
2025-10-23 00:46:31 [TRACE] 窗口处于前台
2025-10-23 00:46:31 [TRACE] 发现已存在的游戏窗口:绝区零
2025-10-23 00:46:31 [TRACE] 窗口处于前台
2025-10-23 00:46:31 [TRACE] 发现已存在的游戏窗口:绝区零
2025-10-23 00:46:31 [TRACE] 窗口处于前台
2025-10-23 00:46:32 [TRACE] 发现已存在的游戏窗口:绝区零
2025-10-23 00:46:32 [TRACE] 窗口处于前台
2025-10-23 00:46:33 [TRACE] 发现已存在的游戏窗口:绝区零
2025-10-23 00:46:33 [TRACE] 窗口处于前台
2025-10-23 00:46:33 [TRACE] 发现已存在的游戏窗口:绝区零
2025-10-23 00:46:33 [TRACE] 窗口处于前台
2025-10-23 00:46:34 [TRACE] 发现已存在的游戏窗口:绝区零
2025-10-23 00:46:34 [TRACE] 窗口处于前台
2025-10-23 00:46:34 [TRACE] 发现已存在的游戏窗口:绝区零
2025-10-23 00:46:34 [TRACE] 窗口处于前台
2025-10-23 00:46:34 [TRACE] 发现已存在的游戏窗口:绝区零
2025-10-23 00:46:34 [TRACE] 窗口处于前台
2025-10-23 00:46:34 [TRACE] 发现已存在的游戏窗口:绝区零
2025-10-23 00:46:34 [TRACE] 窗口处于前台
2025-10-23 00:46:35 [TRACE] 【空洞监听】无匹配已持续：25秒
2025-10-23 00:46:36 [TRACE] 发现已存在的游戏窗口:绝区零
2025-10-23 00:46:36 [TRACE] 窗口处于前台
2025-10-23 00:46:36 [TRACE] 发现已存在的游戏窗口:绝区零
2025-10-23 00:46:36 [TRACE] 窗口处于前台
2025-10-23 00:46:36 [TRACE] 发现已存在的游戏窗口:绝区零
2025-10-23 00:46:36 [TRACE] 窗口处于前台
2025-10-23 00:46:37 [TRACE] 发现已存在的游戏窗口:绝区零
2025-10-23 00:46:37 [TRACE] 窗口处于前台
2025-10-23 00:46:37 [TRACE] 发现已存在的游戏窗口:绝区零
2025-10-23 00:46:37 [TRACE] 窗口处于前台
2025-10-23 00:46:37 [TRACE] 发现已存在的游戏窗口:绝区零
2025-10-23 00:46:37 [TRACE] 窗口处于前台
2025-10-23 00:46:37 [TRACE] 【目标检测】屏幕内没有目标
2025-10-23 00:46:37 [TRACE] 发现已存在的游戏窗口:绝区零
2025-10-23 00:46:37 [TRACE] 窗口处于前台
2025-10-23 00:46:38 [TRACE] 发现已存在的游戏窗口:绝区零
2025-10-23 00:46:38 [TRACE] 窗口处于前台
2025-10-23 00:46:38 [TRACE] 【目标检测】屏幕内没有目标
2025-10-23 00:46:38 [TRACE] 发现已存在的游戏窗口:绝区零
2025-10-23 00:46:38 [TRACE] 窗口处于前台
2025-10-23 00:46:39 [TRACE] 发现已存在的游戏窗口:绝区零
2025-10-23 00:46:39 [TRACE] 窗口处于前台
2025-10-23 00:46:39 [TRACE] 发现已存在的游戏窗口:绝区零
2025-10-23 00:46:39 [TRACE] 窗口处于前台
2025-10-23 00:46:39 [TRACE] 发现已存在的游戏窗口:绝区零
2025-10-23 00:46:39 [TRACE] 窗口处于前台
2025-10-23 00:46:39 [TRACE] 发现已存在的游戏窗口:绝区零
2025-10-23 00:46:39 [TRACE] 窗口处于前台
2025-10-23 00:46:40 [TRACE] 发现已存在的游戏窗口:绝区零
2025-10-23 00:46:40 [TRACE] 窗口处于前台
2025-10-23 00:46:40 [TRACE] 【目标检测】屏幕内没有目标
2025-10-23 00:46:40 [TRACE] 发现已存在的游戏窗口:绝区零
2025-10-23 00:46:40 [TRACE] 窗口处于前台
2025-10-23 00:46:41 [TRACE] 发现已存在的游戏窗口:绝区零
2025-10-23 00:46:41 [TRACE] 窗口处于前台
2025-10-23 00:46:41 [TRACE] 【目标检测】屏幕内没有目标
2025-10-23 00:46:41 [TRACE] 发现已存在的游戏窗口:绝区零
2025-10-23 00:46:41 [TRACE] 窗口处于前台
2025-10-23 00:46:41 [TRACE] 发现已存在的游戏窗口:绝区零
2025-10-23 00:46:41 [TRACE] 窗口处于前台
2025-10-23 00:46:42 [TRACE] 发现已存在的游戏窗口:绝区零
2025-10-23 00:46:42 [TRACE] 窗口处于前台
2025-10-23 00:46:42 [TRACE] 发现已存在的游戏窗口:绝区零
2025-10-23 00:46:42 [TRACE] 窗口处于前台
2025-10-23 00:46:42 [TRACE] 发现已存在的游戏窗口:绝区零
2025-10-23 00:46:42 [TRACE] 窗口处于前台
2025-10-23 00:46:43 [TRACE] 发现已存在的游戏窗口:绝区零
2025-10-23 00:46:43 [TRACE] 窗口处于前台
2025-10-23 00:46:43 [TRACE] 【目标检测】屏幕内没有目标
2025-10-23 00:46:43 [TRACE] 发现已存在的游戏窗口:绝区零
2025-10-23 00:46:43 [TRACE] 窗口处于前台
2025-10-23 00:46:44 [TRACE] 发现已存在的游戏窗口:绝区零
2025-10-23 00:46:44 [TRACE] 窗口处于前台
2025-10-23 00:46:44 [TRACE] 发现已存在的游戏窗口:绝区零
2025-10-23 00:46:44 [TRACE] 窗口处于前台
2025-10-23 00:46:44 [TRACE] 发现已存在的游戏窗口:绝区零
2025-10-23 00:46:44 [TRACE] 窗口处于前台
2025-10-23 00:46:45 [TRACE] 发现已存在的游戏窗口:绝区零
2025-10-23 00:46:45 [TRACE] 窗口处于前台
2025-10-23 00:46:45 [TRACE] 发现已存在的游戏窗口:绝区零
2025-10-23 00:46:45 [TRACE] 窗口处于前台
2025-10-23 00:46:45 [TRACE] 发现已存在的游戏窗口:绝区零
2025-10-23 00:46:45 [TRACE] 窗口处于前台
2025-10-23 00:46:45 [TRACE] 【目标检测】屏幕内没有目标
2025-10-23 00:46:45 [TRACE] 发现已存在的游戏窗口:绝区零
2025-10-23 00:46:45 [TRACE] 窗口处于前台
2025-10-23 00:46:46 [TRACE] 发现已存在的游戏窗口:绝区零
2025-10-23 00:46:46 [TRACE] 窗口处于前台
2025-10-23 00:46:47 [TRACE] 【目标检测】屏幕内没有目标
2025-10-23 00:46:47 [TRACE] 发现已存在的游戏窗口:绝区零
2025-10-23 00:46:47 [TRACE] 窗口处于前台
2025-10-23 00:46:47 [TRACE] 发现已存在的游戏窗口:绝区零
2025-10-23 00:46:47 [TRACE] 窗口处于前台
2025-10-23 00:46:47 [TRACE] 发现已存在的游戏窗口:绝区零
2025-10-23 00:46:47 [TRACE] 窗口处于前台
2025-10-23 00:46:47 [TRACE] 发现已存在的游戏窗口:绝区零
2025-10-23 00:46:47 [TRACE] 窗口处于前台
2025-10-23 00:46:48 [TRACE] 发现已存在的游戏窗口:绝区零
2025-10-23 00:46:48 [TRACE] 窗口处于前台
2025-10-23 00:46:48 [TRACE] 【目标检测】屏幕内没有目标
2025-10-23 00:46:48 [TRACE] 发现已存在的游戏窗口:绝区零
2025-10-23 00:46:48 [TRACE] 窗口处于前台
2025-10-23 00:46:48 [TRACE] 发现已存在的游戏窗口:绝区零
2025-10-23 00:46:48 [TRACE] 窗口处于前台
2025-10-23 00:46:48 [TRACE] 发现已存在的游戏窗口:绝区零
2025-10-23 00:46:48 [TRACE] 窗口处于前台
2025-10-23 00:46:49 [TRACE] 【目标检测】屏幕内没有目标
2025-10-23 00:46:49 [TRACE] 发现已存在的游戏窗口:绝区零
2025-10-23 00:46:49 [TRACE] 窗口处于前台
2025-10-23 00:46:50 [TRACE] 发现已存在的游戏窗口:绝区零
2025-10-23 00:46:50 [TRACE] 窗口处于前台
2025-10-23 00:46:50 [TRACE] 发现已存在的游戏窗口:绝区零
2025-10-23 00:46:50 [TRACE] 窗口处于前台
2025-10-23 00:46:50 [TRACE] 发现已存在的游戏窗口:绝区零
2025-10-23 00:46:50 [TRACE] 窗口处于前台
2025-10-23 00:46:51 [TRACE] 【目标检测】屏幕内没有目标
2025-10-23 00:46:51 [TRACE] 发现已存在的游戏窗口:绝区零
2025-10-23 00:46:51 [TRACE] 窗口处于前台
2025-10-23 00:46:51 [TRACE] 发现已存在的游戏窗口:绝区零
2025-10-23 00:46:51 [TRACE] 窗口处于前台
2025-10-23 00:46:51 [TRACE] 发现已存在的游戏窗口:绝区零
2025-10-23 00:46:51 [TRACE] 窗口处于前台
