2025-09-15 18:05:31 [TRACE] 【线程启动】全局监听
2025-09-15 18:05:31 [TRACE] 【线程启动】终止监听
2025-09-15 18:05:31 [INFO] 现在执行 1 次零号空洞
2025-09-15 18:05:33 [DEBUG] 初始化完毕..启动{零号空洞}模块
2025-09-15 18:05:36 [DEBUG] 启动游戏：D:/Game Files/ZenlessZoneZero Game/ZenlessZoneZero.exe
2025-09-15 18:05:40 [SUCCESS] 程序开始接管操作，请保持游戏画面处于前台，终止按下Alt键
2025-09-15 18:05:40 [TRACE] 【线程启动】空洞搜索
2025-09-15 18:05:40 [TRACE] 【线程启动】空洞监听
2025-09-15 18:05:40 [TRACE] 【线程启动】空洞战斗
2025-09-15 18:05:40 [DEBUG] 正在返回菜单
2025-09-15 18:05:40 [TRACE] 正在返回菜单,请保持游戏画面处于前台
2025-09-15 18:05:42 [TRACE] 正在返回菜单,请保持游戏画面处于前台
2025-09-15 18:05:44 [TRACE] 正在返回菜单,请保持游戏画面处于前台
2025-09-15 18:05:47 [TRACE] 正在返回菜单,请保持游戏画面处于前台
2025-09-15 18:05:49 [TRACE] 正在返回菜单,请保持游戏画面处于前台
2025-09-15 18:05:51 [TRACE] 正在返回菜单,请保持游戏画面处于前台
2025-09-15 18:05:53 [TRACE] 正在返回菜单,请保持游戏画面处于前台
2025-09-15 18:05:55 [TRACE] 正在返回菜单,请保持游戏画面处于前台
2025-09-15 18:05:57 [TRACE] 正在返回菜单,请保持游戏画面处于前台
2025-09-15 18:05:59 [TRACE] 正在返回菜单,请保持游戏画面处于前台
2025-09-15 18:06:01 [TRACE] 正在返回菜单,请保持游戏画面处于前台
2025-09-15 18:06:04 [TRACE] 正在返回菜单,请保持游戏画面处于前台
2025-09-15 18:06:06 [TRACE] 正在返回菜单,请保持游戏画面处于前台
2025-09-15 18:06:08 [TRACE] 正在返回菜单,请保持游戏画面处于前台
2025-09-15 18:06:10 [TRACE] 正在返回菜单,请保持游戏画面处于前台
2025-09-15 18:06:12 [TRACE] 正在返回菜单,请保持游戏画面处于前台
2025-09-15 18:06:14 [TRACE] 正在返回菜单,请保持游戏画面处于前台
2025-09-15 18:06:16 [TRACE] 正在返回菜单,请保持游戏画面处于前台
2025-09-15 18:06:18 [TRACE] 正在返回菜单,请保持游戏画面处于前台
2025-09-15 18:06:20 [TRACE] 正在返回菜单,请保持游戏画面处于前台
2025-09-15 18:06:23 [TRACE] 正在返回菜单,请保持游戏画面处于前台
2025-09-15 18:06:25 [TRACE] 正在返回菜单,请保持游戏画面处于前台
2025-09-15 18:06:27 [TRACE] 正在返回菜单,请保持游戏画面处于前台
2025-09-15 18:06:29 [TRACE] 正在返回菜单,请保持游戏画面处于前台
2025-09-15 18:06:31 [TRACE] 正在返回菜单,请保持游戏画面处于前台
2025-09-15 18:06:33 [TRACE] 正在返回菜单,请保持游戏画面处于前台
2025-09-15 18:06:35 [TRACE] 正在返回菜单,请保持游戏画面处于前台
2025-09-15 18:06:37 [TRACE] 正在返回菜单,请保持游戏画面处于前台
2025-09-15 18:06:40 [TRACE] 正在返回菜单,请保持游戏画面处于前台
2025-09-15 18:06:42 [TRACE] 正在返回菜单,请保持游戏画面处于前台
2025-09-15 18:06:44 [TRACE] 正在返回菜单,请保持游戏画面处于前台
2025-09-15 18:06:46 [TRACE] 正在返回菜单,请保持游戏画面处于前台
2025-09-15 18:06:48 [TRACE] 正在返回菜单,请保持游戏画面处于前台
2025-09-15 18:06:50 [TRACE] 正在返回菜单,请保持游戏画面处于前台
2025-09-15 18:06:53 [TRACE] 正在返回菜单,请保持游戏画面处于前台
2025-09-15 18:06:55 [TRACE] 正在返回菜单,请保持游戏画面处于前台
2025-09-15 18:06:57 [TRACE] 正在返回菜单,请保持游戏画面处于前台
2025-09-15 18:06:59 [TRACE] 现在处于大厅
2025-09-15 18:07:00 [INFO] 执行零号空洞任务中
2025-09-15 18:07:00 [TRACE] 【1】等待目标中 C:\Users\gelon\Desktop\ZA-Lite\assets/images/hollow\combat.png
2025-09-15 18:07:01 [TRACE] 【目标出现】C:\Users\gelon\Desktop\ZA-Lite\assets/images/hollow\combat.png 置信度：0.9686107635498047
2025-09-15 18:07:02 [TRACE] 【目标出现】C:\Users\gelon\Desktop\ZA-Lite\assets/images/hollow\zero_hollow.png 置信度：0.9999953508377075
2025-09-15 18:07:04 [TRACE] 【目标出现】C:\Users\gelon\Desktop\ZA-Lite\assets/images/hollow\go_hollow.png 置信度：0.9941169023513794
2025-09-15 18:07:05 [TRACE] 【目标出现】C:\Users\gelon\Desktop\ZA-Lite\assets/images/hollow\confirm.png 置信度：0.9839516878128052
2025-09-15 18:07:07 [TRACE] 【1】等待目标中 C:\Users\gelon\Desktop\ZA-Lite\assets/images/hollow\hollow_taskforce.png
2025-09-15 18:07:07 [TRACE] 【2】等待目标中 C:\Users\gelon\Desktop\ZA-Lite\assets/images/hollow\hollow_taskforce.png
2025-09-15 18:07:08 [TRACE] 【3】等待目标中 C:\Users\gelon\Desktop\ZA-Lite\assets/images/hollow\hollow_taskforce.png
2025-09-15 18:07:09 [TRACE] 【目标出现】C:\Users\gelon\Desktop\ZA-Lite\assets/images/hollow\hollow_taskforce.png 置信度：0.9999995231628418
2025-09-15 18:07:10 [TRACE] 【目标出现】C:\Users\gelon\Desktop\ZA-Lite\assets/images/hollow\strategy.png 置信度：0.917189359664917
2025-09-15 18:07:11 [TRACE] 【1】等待目标中 C:\Users\gelon\Desktop\ZA-Lite\assets/images/hollow\strategy_confirm.png
2025-09-15 18:07:12 [TRACE] 【目标出现】C:\Users\gelon\Desktop\ZA-Lite\assets/images/hollow\strategy_confirm.png 置信度：1.0
2025-09-15 18:07:13 [TRACE] 【目标出现】C:\Users\gelon\Desktop\ZA-Lite\assets/images/hollow\next_step.png 置信度：0.9832469820976257
2025-09-15 18:07:15 [TRACE] 【目标出现】C:\Users\gelon\Desktop\ZA-Lite\assets/images/hollow\start_battle.png 置信度：0.9749960899353027
2025-09-15 18:07:16 [TRACE] 【空洞监听】无匹配已持续：0秒
2025-09-15 18:07:17 [TRACE] 【目标检测】屏幕内没有目标
2025-09-15 18:07:17 [TRACE] 【目标检测】屏幕内没有目标
2025-09-15 18:07:18 [TRACE] 【目标检测】屏幕内没有目标
2025-09-15 18:07:18 [TRACE] 【目标检测】屏幕内没有目标
2025-09-15 18:07:19 [TRACE] 【目标检测】屏幕内没有目标
2025-09-15 18:07:20 [TRACE] 【空洞监听】无匹配已持续：4秒
2025-09-15 18:07:20 [TRACE] 【目标检测】屏幕内没有目标
2025-09-15 18:07:21 [TRACE] 【目标检测】屏幕内没有目标
2025-09-15 18:07:21 [TRACE] 【目标检测】屏幕内没有目标
2025-09-15 18:07:22 [TRACE] 【目标检测】屏幕内没有目标
2025-09-15 18:07:23 [TRACE] 【目标检测】屏幕内没有目标
2025-09-15 18:07:24 [TRACE] 【空洞监听】无匹配已持续：8秒
2025-09-15 18:07:24 [TRACE] 【目标检测】屏幕内没有目标
2025-09-15 18:07:25 [TRACE] 【目标检测】屏幕内没有目标
2025-09-15 18:07:26 [TRACE] 【目标检测】屏幕内没有目标
2025-09-15 18:07:26 [TRACE] 【目标检测】屏幕内没有目标
2025-09-15 18:07:26 [TRACE] 【目标检测】屏幕内没有目标
2025-09-15 18:07:28 [TRACE] 【空洞监听】无匹配已持续：11秒
2025-09-15 18:07:28 [TRACE] 【目标检测】屏幕内没有目标
2025-09-15 18:07:28 [TRACE] 【目标检测】屏幕内没有目标
2025-09-15 18:07:29 [TRACE] 【目标检测】屏幕内没有目标
2025-09-15 18:07:29 [TRACE] 【目标检测】屏幕内没有目标
2025-09-15 18:07:30 [TRACE] 【目标检测】屏幕内没有目标
2025-09-15 18:07:32 [TRACE] 【目标检测】屏幕内没有目标
2025-09-15 18:07:32 [TRACE] 【空洞监听】无匹配已持续：15秒
2025-09-15 18:07:32 [TRACE] 【目标检测】屏幕内没有目标
2025-09-15 18:07:33 [TRACE] 【目标检测】屏幕内没有目标
2025-09-15 18:07:33 [TRACE] 【目标检测】屏幕内没有目标
2025-09-15 18:07:34 [TRACE] 【目标检测】屏幕内没有目标
2025-09-15 18:07:36 [TRACE] 【目标检测】屏幕内没有目标
2025-09-15 18:07:36 [TRACE] 【空洞监听】无匹配已持续：20秒
2025-09-15 18:07:36 [TRACE] 【目标检测】屏幕内没有目标
2025-09-15 18:07:37 [TRACE] 【目标检测】屏幕内没有目标
2025-09-15 18:07:37 [TRACE] 【目标检测】屏幕内没有目标
2025-09-15 18:07:38 [TRACE] 【目标检测】屏幕内没有目标
2025-09-15 18:07:40 [TRACE] 【空洞监听】无匹配已持续：24秒
2025-09-15 18:07:41 [TRACE] 【目标检测】TRAPPED！ 类型：interact 置信度：0.9229821562767029
2025-09-15 18:07:46 [TRACE] 【状态】搜索模式：C:\Users\gelon\Desktop\ZA-Lite\assets/images/hollow\card.png 置信度：1.0
2025-09-15 18:07:47 [TRACE] 【目标检测】目标存在，但置信度不足
2025-09-15 18:07:48 [TRACE] 【目标检测】目标存在，但置信度不足
2025-09-15 18:07:48 [TRACE] 【目标检测】目标存在，但置信度不足
2025-09-15 18:07:49 [TRACE] 【目标检测】目标存在，但置信度不足
2025-09-15 18:07:49 [TRACE] 【目标检测】目标存在，但置信度不足
2025-09-15 18:07:50 [TRACE] 【目标检测】屏幕内没有目标
2025-09-15 18:07:52 [TRACE] 【目标检测】TRAPPED！ 类型：interact 置信度：0.9169977903366089
2025-09-15 18:07:55 [TRACE] 【空洞监听】无匹配已持续：0秒
2025-09-15 18:07:58 [TRACE] 【目标检测】TRAPPED！ 类型：interact 置信度：0.9292759895324707
2025-09-15 18:07:59 [TRACE] 【空洞监听】无匹配已持续：4秒
2025-09-15 18:08:03 [TRACE] 【空洞监听】无匹配已持续：7秒
2025-09-15 18:08:04 [TRACE] 【目标检测】屏幕内没有目标
2025-09-15 18:08:06 [TRACE] 【空洞监听】无匹配已持续：11秒
2025-09-15 18:08:08 [TRACE] 【目标检测】微调超时，无法对齐！
2025-09-15 18:08:10 [TRACE] 【目标检测】TRAPPED！ 类型：interact 置信度：0.9442327618598938
2025-09-15 18:08:11 [TRACE] 【空洞监听】无匹配已持续：16秒
2025-09-15 18:08:13 [TRACE] 【目标检测】屏幕内没有目标
2025-09-15 18:08:14 [TRACE] 【目标检测】屏幕内没有目标
2025-09-15 18:08:15 [TRACE] 【空洞监听】无匹配已持续：20秒
2025-09-15 18:08:16 [TRACE] 【目标检测】TRAPPED！ 类型：interact 置信度：0.6599904894828796
2025-09-15 18:08:22 [TRACE] 【目标检测】屏幕内没有目标
2025-09-15 18:08:26 [TRACE] 【目标检测】微调超时，无法对齐！
2025-09-15 18:08:28 [TRACE] 【空洞监听】无匹配已持续：0秒
2025-09-15 18:08:29 [TRACE] 【目标检测】TRAPPED！ 类型：interact 置信度：0.9232687950134277
2025-09-15 18:08:32 [TRACE] 【目标检测】屏幕内没有目标
2025-09-15 18:08:32 [TRACE] 【空洞监听】无匹配已持续：4秒
2025-09-15 18:08:35 [TRACE] 【目标检测】TRAPPED！ 类型：interact 置信度：0.9294880032539368
2025-09-15 18:08:36 [TRACE] 【空洞监听】无匹配已持续：8秒
2025-09-15 18:08:41 [TRACE] 【目标检测】屏幕内没有目标
2025-09-15 18:08:41 [TRACE] 【目标检测】屏幕内没有目标
2025-09-15 18:08:42 [TRACE] 【目标检测】屏幕内没有目标
2025-09-15 18:08:43 [TRACE] 【目标检测】屏幕内没有目标
2025-09-15 18:08:43 [TRACE] 【目标检测】屏幕内没有目标
2025-09-15 18:08:45 [TRACE] 【目标检测】目标存在，但置信度不足
2025-09-15 18:08:46 [TRACE] 【目标检测】目标存在，但置信度不足
2025-09-15 18:08:46 [TRACE] 【目标检测】目标存在，但置信度不足
2025-09-15 18:08:48 [TRACE] 【目标检测】目标存在，但置信度不足
2025-09-15 18:08:49 [TRACE] 【状态】搜索模式：C:\Users\gelon\Desktop\ZA-Lite\assets/images/hollow\meter.png 置信度：0.9844244718551636
2025-09-15 18:08:50 [TRACE] 【目标检测】TRAPPED！ 类型：guide_point 置信度：0.6267200708389282
2025-09-15 18:08:54 [TRACE] 【目标检测】TRAPPED！ 类型：blue_portal 置信度：0.8884803056716919
2025-09-15 18:08:55 [TRACE] 【空洞监听】无匹配已持续：0秒
2025-09-15 18:08:59 [TRACE] 【空洞监听】无匹配已持续：3秒
2025-09-15 18:09:00 [TRACE] 【目标检测】屏幕内没有目标
2025-09-15 18:09:01 [TRACE] 【目标检测】屏幕内没有目标
2025-09-15 18:09:01 [TRACE] 【目标检测】屏幕内没有目标
2025-09-15 18:09:02 [TRACE] 【目标检测】屏幕内没有目标
2025-09-15 18:09:02 [TRACE] 【目标检测】屏幕内没有目标
2025-09-15 18:09:03 [TRACE] 【空洞监听】无匹配已持续：8秒
2025-09-15 18:09:04 [TRACE] 【目标检测】屏幕内没有目标
2025-09-15 18:09:05 [TRACE] 【目标检测】屏幕内没有目标
2025-09-15 18:09:05 [TRACE] 【目标检测】屏幕内没有目标
2025-09-15 18:09:06 [TRACE] 【目标检测】屏幕内没有目标
2025-09-15 18:09:07 [TRACE] 【目标检测】屏幕内没有目标
2025-09-15 18:09:07 [TRACE] 【空洞监听】无匹配已持续：12秒
2025-09-15 18:09:09 [TRACE] 【目标检测】屏幕内没有目标
2025-09-15 18:09:09 [TRACE] 【线程启动】攻击检测
2025-09-15 18:09:09 [TRACE] 【状态】战斗模式：C:\Users\gelon\Desktop\ZA-Lite\assets/images/hollow\battle_2.png 置信度：1.0
2025-09-15 18:09:09 [TRACE] 【状态】战斗模式：C:\Users\gelon\Desktop\ZA-Lite\assets/images/hollow\battle_3.png 置信度：0.9999998807907104
2025-09-15 18:09:16 [TRACE] 【状态】战斗模式：正在受到攻击
2025-09-15 18:09:21 [TRACE] 【状态】战斗模式：正在受到攻击
2025-09-15 18:09:26 [TRACE] 【空洞监听】无匹配已持续：0秒
2025-09-15 18:09:30 [TRACE] 【状态】战斗模式：正在受到攻击
2025-09-15 18:09:32 [TRACE] 【状态】战斗模式：C:\Users\gelon\Desktop\ZA-Lite\assets/images/hollow\battle_5.png 置信度：0.9832901954650879
2025-09-15 18:09:40 [TRACE] 【状态】搜索模式：C:\Users\gelon\Desktop\ZA-Lite\assets/images/hollow\resonium.png 置信度：0.9999998807907104
2025-09-15 18:09:40 [TRACE] 【目标检测】目标存在，但置信度不足
2025-09-15 18:09:41 [TRACE] 【目标检测】目标存在，但置信度不足
2025-09-15 18:09:41 [TRACE] 【目标检测】目标存在，但置信度不足
2025-09-15 18:09:42 [TRACE] 【目标检测】目标存在，但置信度不足
2025-09-15 18:09:42 [TRACE] 【目标检测】目标存在，但置信度不足
2025-09-15 18:09:43 [TRACE] 【目标检测】目标存在，但置信度不足
2025-09-15 18:09:43 [TRACE] 【目标检测】目标存在，但置信度不足
2025-09-15 18:09:44 [TRACE] 【目标检测】屏幕内没有目标
2025-09-15 18:09:44 [TRACE] 【目标检测】屏幕内没有目标
2025-09-15 18:09:45 [TRACE] 【状态】搜索模式：C:\Users\gelon\Desktop\ZA-Lite\assets/images/hollow\next_area.png 置信度：0.9999997019767761
2025-09-15 18:09:48 [TRACE] 【目标检测】微调超时，无法对齐！
2025-09-15 18:09:49 [TRACE] 【目标检测】TRAPPED！ 类型：guide_point 置信度：0.8634605407714844
2025-09-15 18:09:51 [TRACE] 【状态】搜索模式：C:\Users\gelon\Desktop\ZA-Lite\assets/images/hollow\meter.png 置信度：0.9372177720069885
2025-09-15 18:09:55 [TRACE] 【目标检测】屏幕内没有目标
2025-09-15 18:09:56 [TRACE] 【目标检测】屏幕内没有目标
2025-09-15 18:09:56 [TRACE] 【目标检测】屏幕内没有目标
2025-09-15 18:09:57 [TRACE] 【目标检测】屏幕内没有目标
2025-09-15 18:09:57 [TRACE] 【空洞监听】无匹配已持续：0秒
2025-09-15 18:09:57 [TRACE] 【目标检测】屏幕内没有目标
2025-09-15 18:09:59 [TRACE] 【目标检测】屏幕内没有目标
2025-09-15 18:10:00 [TRACE] 【目标检测】屏幕内没有目标
2025-09-15 18:10:01 [TRACE] 【目标检测】屏幕内没有目标
2025-09-15 18:10:01 [TRACE] 【空洞监听】无匹配已持续：4秒
2025-09-15 18:10:01 [TRACE] 【目标检测】屏幕内没有目标
2025-09-15 18:10:02 [TRACE] 【目标检测】屏幕内没有目标
2025-09-15 18:10:03 [TRACE] 【状态】战斗模式：C:\Users\gelon\Desktop\ZA-Lite\assets/images/hollow\battle_2.png 置信度：0.9999997615814209
2025-09-15 18:10:03 [TRACE] 【状态】战斗模式：C:\Users\gelon\Desktop\ZA-Lite\assets/images/hollow\battle_3.png 置信度：1.0
2025-09-15 18:10:11 [TRACE] 【空洞监听】无匹配已持续：0秒
2025-09-15 18:10:15 [TRACE] 【空洞监听】无匹配已持续：4秒
2025-09-15 18:10:19 [TRACE] 【状态】战斗模式：正在受到攻击
2025-09-15 18:10:24 [TRACE] 【状态】战斗模式：正在受到攻击
2025-09-15 18:10:28 [TRACE] 【空洞监听】无匹配已持续：0秒
2025-09-15 18:10:34 [TRACE] 【状态】搜索模式：C:\Users\gelon\Desktop\ZA-Lite\assets/images/hollow\next_area.png 置信度：0.9931359887123108
2025-09-15 18:10:36 [TRACE] 【目标检测】屏幕内没有目标
2025-09-15 18:10:37 [TRACE] 【目标检测】屏幕内没有目标
2025-09-15 18:10:38 [TRACE] 【目标检测】屏幕内没有目标
2025-09-15 18:10:38 [TRACE] 【目标检测】屏幕内没有目标
2025-09-15 18:10:39 [TRACE] 【目标检测】屏幕内没有目标
2025-09-15 18:10:41 [TRACE] 【目标检测】微调超时，无法对齐！
2025-09-15 18:10:42 [TRACE] 【空洞监听】无匹配已持续：0秒
2025-09-15 18:10:43 [TRACE] 【目标检测】TRAPPED！ 类型：blue_portal 置信度：0.8317241668701172
2025-09-15 18:10:46 [TRACE] 【空洞监听】无匹配已持续：4秒
2025-09-15 18:10:49 [TRACE] 【目标检测】屏幕内没有目标
2025-09-15 18:10:49 [TRACE] 【目标检测】屏幕内没有目标
2025-09-15 18:10:50 [TRACE] 【目标检测】屏幕内没有目标
2025-09-15 18:10:50 [TRACE] 【空洞监听】无匹配已持续：8秒
2025-09-15 18:10:51 [TRACE] 【目标检测】屏幕内没有目标
2025-09-15 18:10:51 [TRACE] 【目标检测】屏幕内没有目标
2025-09-15 18:10:53 [TRACE] 【目标检测】屏幕内没有目标
2025-09-15 18:10:54 [TRACE] 【目标检测】屏幕内没有目标
2025-09-15 18:10:54 [TRACE] 【空洞监听】无匹配已持续：12秒
2025-09-15 18:10:58 [TRACE] 【目标检测】TRAPPED！ 类型：interact 置信度：0.9443360567092896
2025-09-15 18:10:58 [TRACE] 【空洞监听】无匹配已持续：16秒
2025-09-15 18:11:02 [TRACE] 【空洞监听】无匹配已持续：20秒
2025-09-15 18:11:03 [TRACE] 【目标检测】TRAPPED！ 类型：interact 置信度：0.9206146001815796
2025-09-15 18:11:06 [TRACE] 【空洞监听】无匹配已持续：23秒
2025-09-15 18:11:09 [TRACE] 【目标检测】屏幕内没有目标
2025-09-15 18:11:10 [TRACE] 【目标检测】屏幕内没有目标
2025-09-15 18:11:10 [TRACE] 【目标检测】屏幕内没有目标
2025-09-15 18:11:11 [TRACE] 【目标检测】屏幕内没有目标
2025-09-15 18:11:11 [TRACE] 【目标检测】屏幕内没有目标
2025-09-15 18:11:13 [TRACE] 【目标检测】目标存在，但置信度不足
2025-09-15 18:11:13 [TRACE] 【目标检测】目标存在，但置信度不足
2025-09-15 18:11:14 [TRACE] 【目标检测】目标存在，但置信度不足
2025-09-15 18:11:14 [TRACE] 【目标检测】目标存在，但置信度不足
2025-09-15 18:11:15 [TRACE] 【目标检测】目标存在，但置信度不足
2025-09-15 18:11:15 [TRACE] 【状态】搜索模式：C:\Users\gelon\Desktop\ZA-Lite\assets/images/hollow\resonium.png 置信度：0.9999998807907104
2025-09-15 18:11:15 [TRACE] 【目标检测】目标存在，但置信度不足
2025-09-15 18:11:16 [TRACE] 【目标检测】目标存在，但置信度不足
2025-09-15 18:11:16 [TRACE] 【目标检测】目标存在，但置信度不足
2025-09-15 18:11:17 [TRACE] 【目标检测】目标存在，但置信度不足
2025-09-15 18:11:17 [TRACE] 【目标检测】目标存在，但置信度不足
2025-09-15 18:11:18 [TRACE] 【目标检测】目标存在，但置信度不足
2025-09-15 18:11:18 [TRACE] 【目标检测】目标存在，但置信度不足
2025-09-15 18:11:19 [TRACE] 【目标检测】目标存在，但置信度不足
2025-09-15 18:11:19 [TRACE] 【目标检测】屏幕内没有目标
2025-09-15 18:11:22 [TRACE] 【状态】搜索模式：C:\Users\gelon\Desktop\ZA-Lite\assets/images/hollow\meter.png 置信度：0.9355927109718323
2025-09-15 18:11:23 [TRACE] 【目标检测】微调超时，无法对齐！
2025-09-15 18:11:25 [TRACE] 【目标检测】TRAPPED！ 类型：guide_point 置信度：0.8847360610961914
2025-09-15 18:11:28 [TRACE] 【空洞监听】无匹配已持续：0秒
2025-09-15 18:11:31 [TRACE] 【目标检测】屏幕内没有目标
2025-09-15 18:11:32 [TRACE] 【目标检测】屏幕内没有目标
2025-09-15 18:11:32 [TRACE] 【空洞监听】无匹配已持续：3秒
2025-09-15 18:11:32 [TRACE] 【目标检测】屏幕内没有目标
2025-09-15 18:11:33 [TRACE] 【目标检测】屏幕内没有目标
2025-09-15 18:11:34 [TRACE] 【目标检测】屏幕内没有目标
2025-09-15 18:11:36 [TRACE] 【空洞监听】无匹配已持续：7秒
2025-09-15 18:11:36 [TRACE] 【目标检测】屏幕内没有目标
2025-09-15 18:11:37 [TRACE] 【目标检测】屏幕内没有目标
2025-09-15 18:11:38 [TRACE] 【目标检测】屏幕内没有目标
2025-09-15 18:11:38 [TRACE] 【目标检测】屏幕内没有目标
2025-09-15 18:11:39 [TRACE] 【目标检测】屏幕内没有目标
2025-09-15 18:11:41 [TRACE] 【空洞监听】无匹配已持续：12秒
2025-09-15 18:11:41 [TRACE] 【目标检测】屏幕内没有目标
2025-09-15 18:11:41 [TRACE] 【目标检测】屏幕内没有目标
2025-09-15 18:11:42 [TRACE] 【目标检测】屏幕内没有目标
2025-09-15 18:11:44 [TRACE] 【目标检测】屏幕内没有目标
2025-09-15 18:11:45 [TRACE] 【空洞监听】无匹配已持续：16秒
2025-09-15 18:11:46 [TRACE] 【目标检测】微调超时，无法对齐！
2025-09-15 18:11:47 [TRACE] 【目标检测】屏幕内没有目标
2025-09-15 18:11:49 [TRACE] 【空洞监听】无匹配已持续：20秒
2025-09-15 18:11:50 [TRACE] 【目标检测】屏幕内没有目标
2025-09-15 18:11:51 [TRACE] 【目标检测】屏幕内没有目标
2025-09-15 18:11:52 [TRACE] 【目标检测】屏幕内没有目标
2025-09-15 18:11:53 [TRACE] 【空洞监听】无匹配已持续：24秒
2025-09-15 18:11:54 [TRACE] 【目标检测】屏幕内没有目标
2025-09-15 18:11:55 [TRACE] 【目标检测】微调超时，无法对齐！
2025-09-15 18:11:57 [TRACE] 【空洞监听】无匹配已持续：29秒
2025-09-15 18:11:57 [TRACE] 【目标检测】TRAPPED！ 类型：blue_portal 置信度：0.906821072101593
2025-09-15 18:12:01 [TRACE] 【空洞监听】无匹配已持续：32秒
2025-09-15 18:12:03 [TRACE] 【目标检测】屏幕内没有目标
2025-09-15 18:12:04 [TRACE] 【目标检测】屏幕内没有目标
2025-09-15 18:12:04 [TRACE] 【目标检测】屏幕内没有目标
2025-09-15 18:12:05 [TRACE] 【目标检测】屏幕内没有目标
2025-09-15 18:12:05 [TRACE] 【空洞监听】无匹配已持续：36秒
2025-09-15 18:12:09 [TRACE] 【目标检测】微调超时，无法对齐！
2025-09-15 18:12:09 [TRACE] 【空洞监听】无匹配已持续：41秒
2025-09-15 18:12:11 [TRACE] 【目标检测】TRAPPED！ 类型：blue_portal 置信度：0.9575186371803284
2025-09-15 18:12:13 [TRACE] 【空洞监听】无匹配已持续：45秒
2025-09-15 18:12:14 [TRACE] 【目标检测】目标存在，但置信度不足
2025-09-15 18:12:15 [TRACE] 【目标检测】目标存在，但置信度不足
2025-09-15 18:12:17 [TRACE] 【目标检测】目标存在，但置信度不足
2025-09-15 18:12:18 [TRACE] 【空洞监听】无匹配已持续：49秒
2025-09-15 18:12:18 [TRACE] 【目标检测】目标存在，但置信度不足
2025-09-15 18:12:18 [TRACE] 【目标检测】目标存在，但置信度不足
2025-09-15 18:12:19 [TRACE] 【目标检测】目标存在，但置信度不足
2025-09-15 18:12:19 [TRACE] 【目标检测】目标存在，但置信度不足
2025-09-15 18:12:20 [TRACE] 【目标检测】目标存在，但置信度不足
2025-09-15 18:12:21 [TRACE] 【目标检测】目标存在，但置信度不足
2025-09-15 18:12:22 [TRACE] 【目标检测】微调超时，无法对齐！
2025-09-15 18:12:22 [TRACE] 【空洞监听】无匹配已持续：53秒
2025-09-15 18:12:23 [TRACE] 【目标检测】目标存在，但置信度不足
2025-09-15 18:12:25 [TRACE] 【目标检测】屏幕内没有目标
2025-09-15 18:12:26 [TRACE] 【目标检测】屏幕内没有目标
2025-09-15 18:12:26 [TRACE] 【目标检测】目标存在，但置信度不足
2025-09-15 18:12:27 [TRACE] 【目标检测】目标存在，但置信度不足
2025-09-15 18:12:27 [TRACE] 【空洞监听】无匹配已持续：58秒
2025-09-15 18:12:27 [TRACE] 【目标检测】目标存在，但置信度不足
2025-09-15 18:12:28 [TRACE] 【目标检测】目标存在，但置信度不足
2025-09-15 18:12:29 [TRACE] 【目标检测】屏幕内没有目标
2025-09-15 18:12:29 [TRACE] 【目标检测】屏幕内没有目标
2025-09-15 18:12:30 [TRACE] 【目标检测】屏幕内没有目标
2025-09-15 18:12:31 [TRACE] 【空洞监听】无匹配已持续：62秒
2025-09-15 18:12:31 [TRACE] 【空洞监听】即将超时，重启搜索线程
2025-09-15 18:12:31 [TRACE] 【目标检测】屏幕内没有目标
2025-09-15 18:12:33 [TRACE] 【目标检测】屏幕内没有目标
2025-09-15 18:12:33 [TRACE] 【目标检测】屏幕内没有目标
2025-09-15 18:12:34 [TRACE] 【目标检测】屏幕内没有目标
2025-09-15 18:12:34 [TRACE] 【目标检测】屏幕内没有目标
2025-09-15 18:12:35 [TRACE] 【空洞监听】无匹配已持续：67秒
2025-09-15 18:12:35 [TRACE] 【空洞监听】即将超时，重启搜索线程
2025-09-15 18:12:36 [TRACE] 【目标检测】屏幕内没有目标
2025-09-15 18:12:37 [TRACE] 【目标检测】屏幕内没有目标
2025-09-15 18:12:37 [TRACE] 【目标检测】屏幕内没有目标
2025-09-15 18:12:38 [TRACE] 【目标检测】屏幕内没有目标
2025-09-15 18:12:38 [TRACE] 【目标检测】目标存在，但置信度不足
2025-09-15 18:12:39 [TRACE] 【目标检测】屏幕内没有目标
2025-09-15 18:12:40 [TRACE] 【空洞监听】无匹配已持续：72秒
2025-09-15 18:12:40 [TRACE] 【空洞监听】即将超时，重启搜索线程
2025-09-15 18:12:40 [TRACE] 【目标检测】屏幕内没有目标
2025-09-15 18:12:41 [TRACE] 【目标检测】目标存在，但置信度不足
2025-09-15 18:12:42 [TRACE] 【目标检测】屏幕内没有目标
2025-09-15 18:12:42 [TRACE] 【目标检测】目标存在，但置信度不足
2025-09-15 18:12:43 [TRACE] 【目标检测】屏幕内没有目标
2025-09-15 18:12:43 [TRACE] 【目标检测】屏幕内没有目标
2025-09-15 18:12:44 [TRACE] 【目标检测】屏幕内没有目标
2025-09-15 18:12:45 [TRACE] 【空洞监听】无匹配已持续：76秒
2025-09-15 18:12:45 [TRACE] 【空洞监听】即将超时，重启搜索线程
2025-09-15 18:12:46 [TRACE] 【目标检测】屏幕内没有目标
2025-09-15 18:12:46 [TRACE] 【目标检测】屏幕内没有目标
2025-09-15 18:12:47 [TRACE] 【目标检测】目标存在，但置信度不足
2025-09-15 18:12:47 [TRACE] 【目标检测】屏幕内没有目标
2025-09-15 18:12:48 [TRACE] 【目标检测】目标存在，但置信度不足
2025-09-15 18:12:48 [TRACE] 【目标检测】屏幕内没有目标
2025-09-15 18:12:49 [TRACE] 【目标检测】屏幕内没有目标
2025-09-15 18:12:50 [TRACE] 【空洞监听】无匹配已持续：81秒
2025-09-15 18:12:50 [TRACE] 【空洞监听】即将超时，重启搜索线程
2025-09-15 18:12:51 [TRACE] 【目标检测】屏幕内没有目标
2025-09-15 18:12:52 [TRACE] 【目标检测】屏幕内没有目标
2025-09-15 18:12:52 [TRACE] 【目标检测】屏幕内没有目标
2025-09-15 18:12:53 [TRACE] 【目标检测】屏幕内没有目标
2025-09-15 18:12:54 [TRACE] 【目标检测】屏幕内没有目标
2025-09-15 18:12:54 [TRACE] 【空洞监听】无匹配已持续：86秒
2025-09-15 18:12:54 [TRACE] 【空洞监听】即将超时，重启搜索线程
2025-09-15 18:12:56 [TRACE] 【目标检测】屏幕内没有目标
2025-09-15 18:12:56 [TRACE] 【目标检测】屏幕内没有目标
2025-09-15 18:12:57 [TRACE] 【目标检测】微调超时，无法对齐！
2025-09-15 18:12:58 [TRACE] 【空洞监听】无匹配已持续：90秒
2025-09-15 18:12:58 [TRACE] 【空洞监听】即将超时，重启搜索线程
2025-09-15 18:13:01 [TRACE] 【目标检测】微调超时，无法对齐！
2025-09-15 18:13:02 [TRACE] 【空洞监听】无匹配已持续：94秒
2025-09-15 18:13:02 [TRACE] 【空洞监听】即将超时，重启搜索线程
2025-09-15 18:13:03 [TRACE] 【目标检测】屏幕内没有目标
2025-09-15 18:13:03 [TRACE] 【目标检测】屏幕内没有目标
2025-09-15 18:13:04 [TRACE] 【目标检测】屏幕内没有目标
2025-09-15 18:13:05 [TRACE] 【目标检测】屏幕内没有目标
2025-09-15 18:13:06 [TRACE] 【目标检测】屏幕内没有目标
2025-09-15 18:13:06 [TRACE] 【目标检测】屏幕内没有目标
2025-09-15 18:13:07 [TRACE] 【目标检测】屏幕内没有目标
2025-09-15 18:13:07 [TRACE] 【空洞监听】无匹配已持续：98秒
2025-09-15 18:13:07 [TRACE] 【空洞监听】即将超时，重启搜索线程
2025-09-15 18:13:08 [TRACE] 【目标检测】屏幕内没有目标
2025-09-15 18:13:09 [TRACE] 【目标检测】屏幕内没有目标
2025-09-15 18:13:10 [TRACE] 【目标检测】屏幕内没有目标
2025-09-15 18:13:11 [TRACE] 【目标检测】屏幕内没有目标
2025-09-15 18:13:11 [TRACE] 【目标检测】屏幕内没有目标
2025-09-15 18:13:12 [TRACE] 【目标检测】屏幕内没有目标
2025-09-15 18:13:12 [TRACE] 【空洞监听】无匹配已持续：103秒
2025-09-15 18:13:12 [TRACE] 【空洞监听】即将超时，重启搜索线程
2025-09-15 18:13:13 [TRACE] 【目标检测】屏幕内没有目标
2025-09-15 18:13:14 [TRACE] 【目标检测】屏幕内没有目标
2025-09-15 18:13:15 [TRACE] 【目标检测】屏幕内没有目标
2025-09-15 18:13:15 [TRACE] 【目标检测】屏幕内没有目标
2025-09-15 18:13:16 [TRACE] 【目标检测】屏幕内没有目标
2025-09-15 18:13:16 [TRACE] 【空洞监听】无匹配已持续：108秒
2025-09-15 18:13:17 [TRACE] 【空洞监听】即将超时，重启搜索线程
2025-09-15 18:13:17 [TRACE] 【目标检测】屏幕内没有目标
2025-09-15 18:13:18 [TRACE] 【目标检测】屏幕内没有目标
2025-09-15 18:13:18 [TRACE] 【目标检测】屏幕内没有目标
2025-09-15 18:13:19 [TRACE] 【目标检测】屏幕内没有目标
2025-09-15 18:13:19 [TRACE] 【目标检测】屏幕内没有目标
2025-09-15 18:13:21 [TRACE] 【空洞监听】无匹配已持续：112秒
2025-09-15 18:13:21 [TRACE] 【空洞监听】即将超时，重启搜索线程
2025-09-15 18:13:21 [TRACE] 【目标检测】屏幕内没有目标
2025-09-15 18:13:21 [TRACE] 【目标检测】屏幕内没有目标
2025-09-15 18:13:22 [TRACE] 【目标检测】屏幕内没有目标
2025-09-15 18:13:22 [TRACE] 【目标检测】屏幕内没有目标
2025-09-15 18:13:23 [TRACE] 【目标检测】屏幕内没有目标
2025-09-15 18:13:26 [TRACE] 【空洞监听】无匹配已持续：117秒
2025-09-15 18:13:26 [TRACE] 【空洞监听】即将超时，重启搜索线程
2025-09-15 18:13:26 [TRACE] 【目标检测】屏幕内没有目标
2025-09-15 18:13:29 [TRACE] 【目标检测】微调超时，无法对齐！
2025-09-15 18:13:30 [TRACE] 【空洞监听】无匹配已持续：121秒
2025-09-15 18:13:30 [TRACE] 【空洞监听】即将超时，重启搜索线程
2025-09-15 18:13:30 [TRACE] 【目标检测】TRAPPED！ 类型：blue_portal 置信度：0.8926702737808228
2025-09-15 18:13:30 [WARNING] 空洞任务异常，跳过本轮
2025-09-15 18:13:30 [INFO] 本轮耗时:6分钟
2025-09-15 18:13:30 [INFO] 当前已完成空洞 0 次 
2025-09-15 18:13:30 [DEBUG] 正在返回菜单
2025-09-15 18:13:31 [TRACE] 正在返回菜单,请保持游戏画面处于前台
2025-09-15 18:13:33 [TRACE] 退出战斗返回菜单
2025-09-15 18:13:33 [TRACE] 【目标出现】C:\Users\gelon\Desktop\ZA-Lite\assets/images/daily\quit_battle.png 置信度：0.9938648343086243
2025-09-15 18:13:34 [TRACE] 【1】等待目标中 C:\Users\gelon\Desktop\ZA-Lite\assets/images/daily\confirm.png
2025-09-15 18:13:35 [TRACE] 【2】等待目标中 C:\Users\gelon\Desktop\ZA-Lite\assets/images/daily\confirm.png
2025-09-15 18:13:36 [TRACE] 【3】等待目标中 C:\Users\gelon\Desktop\ZA-Lite\assets/images/daily\confirm.png
2025-09-15 18:13:36 [TRACE] 【4】等待目标中 C:\Users\gelon\Desktop\ZA-Lite\assets/images/daily\confirm.png
2025-09-15 18:13:37 [TRACE] 【5】等待目标中 C:\Users\gelon\Desktop\ZA-Lite\assets/images/daily\confirm.png
2025-09-15 18:13:38 [TRACE] 【6】等待目标中 C:\Users\gelon\Desktop\ZA-Lite\assets/images/daily\confirm.png
2025-09-15 18:13:38 [TRACE] 【7】等待目标中 C:\Users\gelon\Desktop\ZA-Lite\assets/images/daily\confirm.png
2025-09-15 18:13:39 [TRACE] 【8】等待目标中 C:\Users\gelon\Desktop\ZA-Lite\assets/images/daily\confirm.png
2025-09-15 18:13:40 [TRACE] 【9】等待目标中 C:\Users\gelon\Desktop\ZA-Lite\assets/images/daily\confirm.png
2025-09-15 18:13:40 [TRACE] 【10】等待目标中 C:\Users\gelon\Desktop\ZA-Lite\assets/images/daily\confirm.png
2025-09-15 18:13:41 [TRACE] 【11】等待目标中 C:\Users\gelon\Desktop\ZA-Lite\assets/images/daily\confirm.png
2025-09-15 18:13:42 [TRACE] 【12】等待目标中 C:\Users\gelon\Desktop\ZA-Lite\assets/images/daily\confirm.png
2025-09-15 18:13:42 [TRACE] 【13】等待目标中 C:\Users\gelon\Desktop\ZA-Lite\assets/images/daily\confirm.png
2025-09-15 18:13:43 [TRACE] 【14】等待目标中 C:\Users\gelon\Desktop\ZA-Lite\assets/images/daily\confirm.png
2025-09-15 18:13:44 [TRACE] 【15】等待目标中 C:\Users\gelon\Desktop\ZA-Lite\assets/images/daily\confirm.png
2025-09-15 18:13:44 [TRACE] 【16】等待目标中 C:\Users\gelon\Desktop\ZA-Lite\assets/images/daily\confirm.png
2025-09-15 18:13:45 [TRACE] 【17】等待目标中 C:\Users\gelon\Desktop\ZA-Lite\assets/images/daily\confirm.png
2025-09-15 18:13:46 [TRACE] 【18】等待目标中 C:\Users\gelon\Desktop\ZA-Lite\assets/images/daily\confirm.png
2025-09-15 18:13:46 [TRACE] 【19】等待目标中 C:\Users\gelon\Desktop\ZA-Lite\assets/images/daily\confirm.png
2025-09-15 18:13:47 [TRACE] 【20】等待目标中 C:\Users\gelon\Desktop\ZA-Lite\assets/images/daily\confirm.png
2025-09-15 18:13:48 [ERROR] 等待超时,开始重试
2025-09-15 18:13:48 [TRACE] 正在返回菜单,请保持游戏画面处于前台
2025-09-15 18:13:51 [TRACE] 正在返回菜单,请保持游戏画面处于前台
2025-09-15 18:13:53 [TRACE] 正在返回菜单,请保持游戏画面处于前台
