2025-10-19 19:54:53 [TRACE] 【1】等待目标中 C:\Users\gelon\Desktop\c2.png
2025-10-19 19:54:53 [TRACE] 【2】等待目标中 C:\Users\gelon\Desktop\c2.png
2025-10-19 19:54:54 [TRACE] 【目标出现】C:\Users\gelon\Desktop\c2.png 置信度：1.0
2025-10-19 19:54:54 [TRACE] ------------最新的XY是
2025-10-19 19:54:54 [TRACE] [(-10, -10)]
2025-10-19 19:54:55 [TRACE] ------------最新的XY是
2025-10-19 19:54:55 [TRACE] [(-10, -10), (np.int64(1442), np.int64(712))]
2025-10-19 19:54:55 [TRACE] ------------最新的XY是
2025-10-19 19:54:55 [TRACE] [(-10, -10), (np.int64(1442), np.int64(712))]
2025-10-19 19:54:55 [TRACE] ------------最新的XY是
2025-10-19 19:54:55 [TRACE] [(-10, -10), (np.int64(1442), np.int64(712))]
2025-10-19 19:54:55 [TRACE] ------------最新的XY是
2025-10-19 19:54:55 [TRACE] [(-10, -10), (np.int64(1442), np.int64(712))]
2025-10-19 19:54:55 [TRACE] ------------最新的XY是
2025-10-19 19:54:55 [TRACE] [(-10, -10), (np.int64(1442), np.int64(712)), (np.int64(1442), np.int64(943))]
2025-10-19 19:54:55 [TRACE] ------------最新的XY是
2025-10-19 19:54:55 [TRACE] [(-10, -10), (np.int64(1442), np.int64(712)), (np.int64(1442), np.int64(943))]
2025-10-19 19:54:55 [TRACE] ------------最新的XY是
2025-10-19 19:54:55 [TRACE] [(-10, -10), (np.int64(1442), np.int64(712)), (np.int64(1442), np.int64(943))]
2025-10-19 19:54:56 [TRACE] ------------最新的XY是
2025-10-19 19:54:56 [TRACE] [(-10, -10), (np.int64(1442), np.int64(712)), (np.int64(1442), np.int64(943)), (np.int64(2033), np.int64(943))]
2025-10-19 19:54:56 [TRACE] ------------最新的XY是
2025-10-19 19:54:56 [TRACE] [(-10, -10), (np.int64(1442), np.int64(712)), (np.int64(1442), np.int64(943)), (np.int64(2033), np.int64(943))]
2025-10-19 19:54:56 [TRACE] ------------最新的XY是
2025-10-19 19:54:56 [TRACE] [(-10, -10), (np.int64(1442), np.int64(712)), (np.int64(1442), np.int64(943)), (np.int64(2033), np.int64(943))]
2025-10-19 19:54:57 [TRACE] ------------最新的XY是
2025-10-19 19:54:57 [TRACE] [(-10, -10), (np.int64(1442), np.int64(712)), (np.int64(1442), np.int64(943)), (np.int64(2033), np.int64(943)), (np.int64(2034), np.int64(1173))]
2025-10-19 19:54:58 [TRACE] ------------最新的XY是
2025-10-19 19:54:58 [TRACE] [(-10, -10), (np.int64(1442), np.int64(712)), (np.int64(1442), np.int64(943)), (np.int64(2033), np.int64(943)), (np.int64(2034), np.int64(1173)), (np.int64(1737), np.int64(1174))]
2025-10-19 19:54:58 [TRACE] ------------最新的XY是
2025-10-19 19:54:58 [TRACE] [(-10, -10), (np.int64(1442), np.int64(712)), (np.int64(1442), np.int64(943)), (np.int64(2033), np.int64(943)), (np.int64(2034), np.int64(1173)), (np.int64(1737), np.int64(1174))]
2025-10-19 19:54:58 [TRACE] ------------最新的XY是
2025-10-19 19:54:58 [TRACE] [(-10, -10), (np.int64(1442), np.int64(712)), (np.int64(1442), np.int64(943)), (np.int64(2033), np.int64(943)), (np.int64(2034), np.int64(1173)), (np.int64(1737), np.int64(1174))]
2025-10-19 19:54:58 [TRACE] ------------最新的XY是
2025-10-19 19:54:58 [TRACE] [(-10, -10), (np.int64(1442), np.int64(712)), (np.int64(1442), np.int64(943)), (np.int64(2033), np.int64(943)), (np.int64(2034), np.int64(1173)), (np.int64(1737), np.int64(1174))]
2025-10-19 19:54:58 [TRACE] ------------最新的XY是
2025-10-19 19:54:58 [TRACE] [(-10, -10), (np.int64(1442), np.int64(712)), (np.int64(1442), np.int64(943)), (np.int64(2033), np.int64(943)), (np.int64(2034), np.int64(1173)), (np.int64(1737), np.int64(1174))]
2025-10-19 19:54:58 [TRACE] 有效次数：5
