2025-09-15 18:04:17 [TRACE] 【线程启动】全局监听
2025-09-15 18:04:17 [TRACE] 【线程启动】终止监听
2025-09-15 18:04:17 [INFO] 现在执行 1 次零号空洞
2025-09-15 18:04:19 [DEBUG] 初始化完毕..启动{零号空洞}模块
2025-09-15 18:04:22 [DEBUG] 启动游戏：D:/Game Files/ZenlessZoneZero Game/ZenlessZoneZero.exe
2025-09-15 18:04:28 [SUCCESS] 程序开始接管操作，请保持游戏画面处于前台，终止按下Alt键
2025-09-15 18:04:28 [TRACE] 【线程启动】空洞搜索
2025-09-15 18:04:28 [TRACE] 【线程启动】空洞监听
2025-09-15 18:04:28 [TRACE] 【线程启动】空洞战斗
2025-09-15 18:04:28 [DEBUG] 正在返回菜单
2025-09-15 18:04:28 [TRACE] 正在返回菜单,请保持游戏画面处于前台
2025-09-15 18:04:30 [TRACE] 正在返回菜单,请保持游戏画面处于前台
2025-09-15 18:04:32 [TRACE] 正在返回菜单,请保持游戏画面处于前台
2025-09-15 18:04:34 [TRACE] 正在返回菜单,请保持游戏画面处于前台
2025-09-15 18:04:37 [TRACE] 正在返回菜单,请保持游戏画面处于前台
2025-09-15 18:04:39 [TRACE] 正在返回菜单,请保持游戏画面处于前台
2025-09-15 18:04:41 [TRACE] 正在返回菜单,请保持游戏画面处于前台
2025-09-15 18:04:43 [TRACE] 正在返回菜单,请保持游戏画面处于前台
2025-09-15 18:04:45 [TRACE] 正在返回菜单,请保持游戏画面处于前台
2025-09-15 18:04:47 [TRACE] 正在返回菜单,请保持游戏画面处于前台
2025-09-15 18:04:49 [TRACE] 正在返回菜单,请保持游戏画面处于前台
2025-09-15 18:04:51 [TRACE] 正在返回菜单,请保持游戏画面处于前台
2025-09-15 18:04:53 [TRACE] 正在返回菜单,请保持游戏画面处于前台
2025-09-15 18:04:56 [TRACE] 正在返回菜单,请保持游戏画面处于前台
2025-09-15 18:04:58 [TRACE] 正在返回菜单,请保持游戏画面处于前台
2025-09-15 18:05:00 [TRACE] 正在返回菜单,请保持游戏画面处于前台
2025-09-15 18:05:02 [TRACE] 正在返回菜单,请保持游戏画面处于前台
2025-09-15 18:05:04 [TRACE] 正在返回菜单,请保持游戏画面处于前台
2025-09-15 18:05:06 [TRACE] 正在返回菜单,请保持游戏画面处于前台
2025-09-15 18:05:09 [TRACE] 正在返回菜单,请保持游戏画面处于前台
2025-09-15 18:05:11 [TRACE] 正在返回菜单,请保持游戏画面处于前台
2025-09-15 18:05:13 [TRACE] 正在返回菜单,请保持游戏画面处于前台
2025-09-15 18:05:15 [TRACE] 正在返回菜单,请保持游戏画面处于前台
2025-09-15 18:05:17 [TRACE] 正在返回菜单,请保持游戏画面处于前台
2025-09-15 18:05:19 [TRACE] 正在返回菜单,请保持游戏画面处于前台
