2025-10-23 00:51:42 [TRACE] 【线程启动】全局监听
2025-10-23 00:51:42 [TRACE] 【线程启动】终止监听
2025-10-23 00:51:42 [INFO] 现在执行 10 次零号空洞
2025-10-23 00:51:43 [TRACE] 发现已存在的游戏窗口:绝区零
2025-10-23 00:51:43 [TRACE] 窗口未激活，尝试恢复窗口
2025-10-23 00:51:44 [TRACE] 发现已存在的游戏窗口:绝区零
2025-10-23 00:51:44 [TRACE] 窗口处于前台
2025-10-23 00:51:44 [TRACE] 发现已存在的游戏窗口:绝区零
2025-10-23 00:51:44 [TRACE] 窗口处于前台
2025-10-23 00:51:44 [TRACE] 发现已存在的游戏窗口:绝区零
2025-10-23 00:51:44 [TRACE] 窗口处于前台
2025-10-23 00:51:44 [TRACE] 发现已存在的游戏窗口:绝区零
2025-10-23 00:51:44 [TRACE] 窗口处于前台
2025-10-23 00:51:44 [DEBUG] 初始化完毕..启动{零号空洞}模块
2025-10-23 00:51:45 [TRACE] 发现已存在的游戏窗口:绝区零
2025-10-23 00:51:45 [TRACE] 窗口处于前台
2025-10-23 00:51:46 [TRACE] 发现已存在的游戏窗口:绝区零
2025-10-23 00:51:46 [TRACE] 窗口处于前台
2025-10-23 00:51:46 [TRACE] 发现已存在的游戏窗口:绝区零
2025-10-23 00:51:46 [TRACE] 窗口处于前台
2025-10-23 00:51:46 [TRACE] 发现已存在的游戏窗口:绝区零
2025-10-23 00:51:46 [TRACE] 窗口处于前台
2025-10-23 00:51:46 [TRACE] 发现已存在的游戏窗口:绝区零
2025-10-23 00:51:46 [TRACE] 窗口处于前台
2025-10-23 00:51:47 [TRACE] 发现已存在的游戏窗口:绝区零
2025-10-23 00:51:47 [TRACE] 窗口处于前台
2025-10-23 00:51:47 [TRACE] 发现已存在的游戏窗口:绝区零
2025-10-23 00:51:47 [TRACE] 窗口处于前台
2025-10-23 00:51:47 [TRACE] 发现已存在的游戏窗口:绝区零
2025-10-23 00:51:47 [TRACE] 窗口处于前台
2025-10-23 00:51:47 [SUCCESS] 程序开始接管操作，请保持游戏画面处于前台，终止按下Alt键
2025-10-23 00:51:47 [TRACE] 【线程启动】空洞搜索
2025-10-23 00:51:47 [TRACE] 【线程启动】空洞监听
2025-10-23 00:51:47 [TRACE] 【线程启动】空洞战斗
2025-10-23 00:51:47 [TRACE] 发现已存在的游戏窗口:绝区零
2025-10-23 00:51:47 [TRACE] 窗口处于前台
2025-10-23 00:51:47 [DEBUG] 正在返回菜单
2025-10-23 00:51:47 [TRACE] 发现已存在的游戏窗口:绝区零
2025-10-23 00:51:47 [TRACE] 窗口处于前台
2025-10-23 00:51:48 [TRACE] 发现已存在的游戏窗口:绝区零
2025-10-23 00:51:48 [TRACE] 窗口处于前台
2025-10-23 00:51:48 [TRACE] 正在返回菜单,请保持游戏画面处于前台
2025-10-23 00:51:48 [TRACE] 发现已存在的游戏窗口:绝区零
2025-10-23 00:51:48 [TRACE] 窗口处于前台
2025-10-23 00:51:48 [TRACE] 发现已存在的游戏窗口:绝区零
2025-10-23 00:51:48 [TRACE] 窗口处于前台
2025-10-23 00:51:48 [TRACE] 发现已存在的游戏窗口:绝区零
2025-10-23 00:51:48 [TRACE] 窗口处于前台
2025-10-23 00:51:48 [TRACE] 发现已存在的游戏窗口:绝区零
2025-10-23 00:51:48 [TRACE] 窗口处于前台
2025-10-23 00:51:49 [TRACE] 发现已存在的游戏窗口:绝区零
2025-10-23 00:51:49 [TRACE] 窗口处于前台
2025-10-23 00:51:49 [TRACE] 发现已存在的游戏窗口:绝区零
2025-10-23 00:51:49 [TRACE] 窗口处于前台
2025-10-23 00:51:50 [TRACE] 发现已存在的游戏窗口:绝区零
2025-10-23 00:51:50 [TRACE] 窗口处于前台
2025-10-23 00:51:50 [TRACE] 发现已存在的游戏窗口:绝区零
2025-10-23 00:51:50 [TRACE] 窗口处于前台
2025-10-23 00:51:50 [TRACE] 发现已存在的游戏窗口:绝区零
2025-10-23 00:51:50 [TRACE] 窗口处于前台
2025-10-23 00:51:50 [TRACE] 正在返回菜单,请保持游戏画面处于前台
2025-10-23 00:51:50 [TRACE] 发现已存在的游戏窗口:绝区零
2025-10-23 00:51:50 [TRACE] 窗口处于前台
2025-10-23 00:51:50 [TRACE] 发现已存在的游戏窗口:绝区零
2025-10-23 00:51:50 [TRACE] 窗口处于前台
2025-10-23 00:51:51 [TRACE] 发现已存在的游戏窗口:绝区零
2025-10-23 00:51:51 [TRACE] 窗口处于前台
2025-10-23 00:51:51 [TRACE] 发现已存在的游戏窗口:绝区零
2025-10-23 00:51:51 [TRACE] 窗口处于前台
2025-10-23 00:51:51 [TRACE] 发现已存在的游戏窗口:绝区零
2025-10-23 00:51:51 [TRACE] 窗口处于前台
2025-10-23 00:51:52 [TRACE] 发现已存在的游戏窗口:绝区零
2025-10-23 00:51:52 [TRACE] 窗口处于前台
2025-10-23 00:51:52 [TRACE] 发现已存在的游戏窗口:绝区零
2025-10-23 00:51:52 [TRACE] 窗口处于前台
2025-10-23 00:51:52 [TRACE] 发现已存在的游戏窗口:绝区零
2025-10-23 00:51:52 [TRACE] 窗口处于前台
2025-10-23 00:51:52 [TRACE] 正在返回菜单,请保持游戏画面处于前台
2025-10-23 00:51:52 [TRACE] 发现已存在的游戏窗口:绝区零
2025-10-23 00:51:52 [TRACE] 窗口处于前台
2025-10-23 00:51:53 [TRACE] 发现已存在的游戏窗口:绝区零
2025-10-23 00:51:53 [TRACE] 窗口处于前台
2025-10-23 00:51:53 [TRACE] 发现已存在的游戏窗口:绝区零
2025-10-23 00:51:53 [TRACE] 窗口处于前台
2025-10-23 00:51:53 [TRACE] 发现已存在的游戏窗口:绝区零
2025-10-23 00:51:53 [TRACE] 窗口处于前台
2025-10-23 00:51:53 [TRACE] 发现已存在的游戏窗口:绝区零
2025-10-23 00:51:53 [TRACE] 窗口处于前台
2025-10-23 00:51:54 [TRACE] 发现已存在的游戏窗口:绝区零
2025-10-23 00:51:54 [TRACE] 窗口处于前台
2025-10-23 00:51:54 [TRACE] 发现已存在的游戏窗口:绝区零
2025-10-23 00:51:54 [TRACE] 窗口处于前台
2025-10-23 00:51:54 [TRACE] 发现已存在的游戏窗口:绝区零
2025-10-23 00:51:54 [TRACE] 窗口处于前台
2025-10-23 00:51:55 [TRACE] 正在返回菜单,请保持游戏画面处于前台
2025-10-23 00:51:55 [TRACE] 发现已存在的游戏窗口:绝区零
2025-10-23 00:51:55 [TRACE] 窗口处于前台
2025-10-23 00:51:55 [TRACE] 发现已存在的游戏窗口:绝区零
2025-10-23 00:51:55 [TRACE] 窗口处于前台
2025-10-23 00:51:55 [TRACE] 发现已存在的游戏窗口:绝区零
2025-10-23 00:51:55 [TRACE] 窗口处于前台
2025-10-23 00:51:55 [TRACE] 发现已存在的游戏窗口:绝区零
2025-10-23 00:51:55 [TRACE] 窗口处于前台
2025-10-23 00:51:55 [TRACE] 发现已存在的游戏窗口:绝区零
2025-10-23 00:51:55 [TRACE] 窗口处于前台
2025-10-23 00:51:56 [TRACE] 发现已存在的游戏窗口:绝区零
2025-10-23 00:51:56 [TRACE] 窗口处于前台
2025-10-23 00:51:57 [TRACE] 发现已存在的游戏窗口:绝区零
2025-10-23 00:51:57 [TRACE] 窗口处于前台
2025-10-23 00:51:57 [TRACE] 发现已存在的游戏窗口:绝区零
2025-10-23 00:51:57 [TRACE] 窗口处于前台
2025-10-23 00:51:57 [TRACE] 正在返回菜单,请保持游戏画面处于前台
2025-10-23 00:51:57 [TRACE] 发现已存在的游戏窗口:绝区零
2025-10-23 00:51:57 [TRACE] 窗口处于前台
2025-10-23 00:51:57 [TRACE] 发现已存在的游戏窗口:绝区零
2025-10-23 00:51:57 [TRACE] 窗口处于前台
2025-10-23 00:51:57 [TRACE] 发现已存在的游戏窗口:绝区零
2025-10-23 00:51:57 [TRACE] 窗口处于前台
2025-10-23 00:51:57 [TRACE] 发现已存在的游戏窗口:绝区零
2025-10-23 00:51:57 [TRACE] 窗口处于前台
2025-10-23 00:51:58 [TRACE] 发现已存在的游戏窗口:绝区零
2025-10-23 00:51:58 [TRACE] 窗口处于前台
2025-10-23 00:51:59 [TRACE] 发现已存在的游戏窗口:绝区零
2025-10-23 00:51:59 [TRACE] 窗口处于前台
2025-10-23 00:51:59 [TRACE] 发现已存在的游戏窗口:绝区零
2025-10-23 00:51:59 [TRACE] 窗口处于前台
2025-10-23 00:51:59 [TRACE] 发现已存在的游戏窗口:绝区零
2025-10-23 00:51:59 [TRACE] 窗口处于前台
2025-10-23 00:51:59 [TRACE] 发现已存在的游戏窗口:绝区零
2025-10-23 00:51:59 [TRACE] 窗口处于前台
2025-10-23 00:51:59 [TRACE] 正在返回菜单,请保持游戏画面处于前台
2025-10-23 00:52:00 [TRACE] 发现已存在的游戏窗口:绝区零
2025-10-23 00:52:00 [TRACE] 窗口处于前台
2025-10-23 00:52:00 [TRACE] 发现已存在的游戏窗口:绝区零
2025-10-23 00:52:00 [TRACE] 窗口处于前台
2025-10-23 00:52:00 [TRACE] 发现已存在的游戏窗口:绝区零
2025-10-23 00:52:00 [TRACE] 窗口处于前台
2025-10-23 00:52:00 [TRACE] 发现已存在的游戏窗口:绝区零
2025-10-23 00:52:00 [TRACE] 窗口处于前台
2025-10-23 00:52:01 [TRACE] 发现已存在的游戏窗口:绝区零
2025-10-23 00:52:01 [TRACE] 窗口处于前台
2025-10-23 00:52:01 [TRACE] 发现已存在的游戏窗口:绝区零
2025-10-23 00:52:01 [TRACE] 窗口处于前台
2025-10-23 00:52:01 [TRACE] 发现已存在的游戏窗口:绝区零
2025-10-23 00:52:01 [TRACE] 窗口处于前台
2025-10-23 00:52:02 [TRACE] 发现已存在的游戏窗口:绝区零
2025-10-23 00:52:02 [TRACE] 窗口处于前台
2025-10-23 00:52:02 [TRACE] 正在返回菜单,请保持游戏画面处于前台
2025-10-23 00:52:02 [TRACE] 发现已存在的游戏窗口:绝区零
2025-10-23 00:52:02 [TRACE] 窗口处于前台
2025-10-23 00:52:02 [TRACE] 发现已存在的游戏窗口:绝区零
2025-10-23 00:52:02 [TRACE] 窗口处于前台
2025-10-23 00:52:02 [TRACE] 发现已存在的游戏窗口:绝区零
2025-10-23 00:52:02 [TRACE] 窗口处于前台
2025-10-23 00:52:02 [TRACE] 发现已存在的游戏窗口:绝区零
2025-10-23 00:52:02 [TRACE] 窗口处于前台
2025-10-23 00:52:03 [TRACE] 发现已存在的游戏窗口:绝区零
2025-10-23 00:52:03 [TRACE] 窗口处于前台
2025-10-23 00:52:04 [TRACE] 发现已存在的游戏窗口:绝区零
2025-10-23 00:52:04 [TRACE] 窗口处于前台
2025-10-23 00:52:04 [TRACE] 发现已存在的游戏窗口:绝区零
2025-10-23 00:52:04 [TRACE] 窗口处于前台
2025-10-23 00:52:04 [TRACE] 发现已存在的游戏窗口:绝区零
2025-10-23 00:52:04 [TRACE] 窗口处于前台
2025-10-23 00:52:04 [TRACE] 正在返回菜单,请保持游戏画面处于前台
2025-10-23 00:52:04 [TRACE] 发现已存在的游戏窗口:绝区零
2025-10-23 00:52:04 [TRACE] 窗口处于前台
2025-10-23 00:52:04 [TRACE] 发现已存在的游戏窗口:绝区零
2025-10-23 00:52:04 [TRACE] 窗口处于前台
2025-10-23 00:52:04 [TRACE] 发现已存在的游戏窗口:绝区零
2025-10-23 00:52:04 [TRACE] 窗口处于前台
2025-10-23 00:52:05 [TRACE] 发现已存在的游戏窗口:绝区零
2025-10-23 00:52:05 [TRACE] 窗口处于前台
2025-10-23 00:52:06 [TRACE] 发现已存在的游戏窗口:绝区零
2025-10-23 00:52:06 [TRACE] 窗口处于前台
2025-10-23 00:52:06 [TRACE] 发现已存在的游戏窗口:绝区零
2025-10-23 00:52:06 [TRACE] 窗口处于前台
2025-10-23 00:52:06 [TRACE] 退出战斗返回菜单
2025-10-23 00:52:06 [TRACE] 发现已存在的游戏窗口:绝区零
2025-10-23 00:52:06 [TRACE] 窗口处于前台
2025-10-23 00:52:06 [TRACE] 发现已存在的游戏窗口:绝区零
2025-10-23 00:52:06 [TRACE] 窗口处于前台
2025-10-23 00:52:06 [TRACE] 发现已存在的游戏窗口:绝区零
2025-10-23 00:52:06 [TRACE] 窗口处于前台
2025-10-23 00:52:06 [TRACE] 【目标出现】C:\Users\gelon\Desktop\ZA-Lite\assets/images/daily\quit_battle.png 置信度：0.9938649535179138
2025-10-23 00:52:06 [TRACE] 发现已存在的游戏窗口:绝区零
2025-10-23 00:52:06 [TRACE] 窗口处于前台
2025-10-23 00:52:07 [TRACE] 发现已存在的游戏窗口:绝区零
2025-10-23 00:52:07 [TRACE] 窗口处于前台
2025-10-23 00:52:07 [TRACE] 发现已存在的游戏窗口:绝区零
2025-10-23 00:52:07 [TRACE] 窗口处于前台
2025-10-23 00:52:08 [TRACE] 发现已存在的游戏窗口:绝区零
2025-10-23 00:52:08 [TRACE] 窗口处于前台
2025-10-23 00:52:08 [TRACE] 【目标出现】C:\Users\gelon\Desktop\ZA-Lite\assets/images/daily\confirm.png 置信度：0.983955979347229
2025-10-23 00:52:08 [TRACE] 发现已存在的游戏窗口:绝区零
2025-10-23 00:52:08 [TRACE] 窗口处于前台
2025-10-23 00:52:08 [TRACE] 发现已存在的游戏窗口:绝区零
2025-10-23 00:52:08 [TRACE] 窗口处于前台
2025-10-23 00:52:08 [TRACE] 发现已存在的游戏窗口:绝区零
2025-10-23 00:52:08 [TRACE] 窗口处于前台
2025-10-23 00:52:09 [TRACE] 发现已存在的游戏窗口:绝区零
2025-10-23 00:52:09 [TRACE] 窗口处于前台
2025-10-23 00:52:09 [TRACE] 发现已存在的游戏窗口:绝区零
2025-10-23 00:52:09 [TRACE] 窗口处于前台
2025-10-23 00:52:09 [TRACE] 发现已存在的游戏窗口:绝区零
2025-10-23 00:52:09 [TRACE] 窗口处于前台
2025-10-23 00:52:09 [TRACE] 发现已存在的游戏窗口:绝区零
2025-10-23 00:52:09 [TRACE] 窗口处于前台
2025-10-23 00:52:09 [TRACE] 【1】等待目标中 C:\Users\gelon\Desktop\ZA-Lite\assets/images/daily\quit.png
2025-10-23 00:52:10 [TRACE] 发现已存在的游戏窗口:绝区零
2025-10-23 00:52:10 [TRACE] 窗口处于前台
2025-10-23 00:52:10 [TRACE] 【2】等待目标中 C:\Users\gelon\Desktop\ZA-Lite\assets/images/daily\quit.png
2025-10-23 00:52:10 [TRACE] 发现已存在的游戏窗口:绝区零
2025-10-23 00:52:10 [TRACE] 窗口处于前台
2025-10-23 00:52:10 [TRACE] 发现已存在的游戏窗口:绝区零
2025-10-23 00:52:10 [TRACE] 窗口处于前台
2025-10-23 00:52:10 [TRACE] 发现已存在的游戏窗口:绝区零
2025-10-23 00:52:10 [TRACE] 窗口处于前台
2025-10-23 00:52:10 [TRACE] 【3】等待目标中 C:\Users\gelon\Desktop\ZA-Lite\assets/images/daily\quit.png
2025-10-23 00:52:11 [TRACE] 发现已存在的游戏窗口:绝区零
2025-10-23 00:52:11 [TRACE] 窗口处于前台
2025-10-23 00:52:11 [TRACE] 发现已存在的游戏窗口:绝区零
2025-10-23 00:52:11 [TRACE] 窗口处于前台
2025-10-23 00:52:11 [TRACE] 发现已存在的游戏窗口:绝区零
2025-10-23 00:52:11 [TRACE] 窗口处于前台
2025-10-23 00:52:11 [TRACE] 发现已存在的游戏窗口:绝区零
2025-10-23 00:52:11 [TRACE] 窗口处于前台
2025-10-23 00:52:11 [TRACE] 【4】等待目标中 C:\Users\gelon\Desktop\ZA-Lite\assets/images/daily\quit.png
2025-10-23 00:52:11 [TRACE] 发现已存在的游戏窗口:绝区零
2025-10-23 00:52:11 [TRACE] 窗口处于前台
2025-10-23 00:52:12 [TRACE] 发现已存在的游戏窗口:绝区零
2025-10-23 00:52:12 [TRACE] 窗口处于前台
2025-10-23 00:52:12 [TRACE] 【5】等待目标中 C:\Users\gelon\Desktop\ZA-Lite\assets/images/daily\quit.png
2025-10-23 00:52:12 [TRACE] 发现已存在的游戏窗口:绝区零
2025-10-23 00:52:12 [TRACE] 窗口处于前台
2025-10-23 00:52:13 [TRACE] 发现已存在的游戏窗口:绝区零
2025-10-23 00:52:13 [TRACE] 窗口处于前台
2025-10-23 00:52:13 [TRACE] 【6】等待目标中 C:\Users\gelon\Desktop\ZA-Lite\assets/images/daily\quit.png
2025-10-23 00:52:13 [TRACE] 发现已存在的游戏窗口:绝区零
2025-10-23 00:52:13 [TRACE] 窗口处于前台
2025-10-23 00:52:13 [TRACE] 发现已存在的游戏窗口:绝区零
2025-10-23 00:52:13 [TRACE] 窗口处于前台
2025-10-23 00:52:13 [TRACE] 发现已存在的游戏窗口:绝区零
2025-10-23 00:52:13 [TRACE] 窗口处于前台
2025-10-23 00:52:13 [TRACE] 发现已存在的游戏窗口:绝区零
2025-10-23 00:52:13 [TRACE] 窗口处于前台
2025-10-23 00:52:13 [TRACE] 发现已存在的游戏窗口:绝区零
2025-10-23 00:52:13 [TRACE] 窗口处于前台
2025-10-23 00:52:13 [TRACE] 【7】等待目标中 C:\Users\gelon\Desktop\ZA-Lite\assets/images/daily\quit.png
2025-10-23 00:52:14 [TRACE] 发现已存在的游戏窗口:绝区零
2025-10-23 00:52:14 [TRACE] 窗口处于前台
2025-10-23 00:52:14 [TRACE] 发现已存在的游戏窗口:绝区零
2025-10-23 00:52:14 [TRACE] 窗口处于前台
2025-10-23 00:52:14 [TRACE] 【8】等待目标中 C:\Users\gelon\Desktop\ZA-Lite\assets/images/daily\quit.png
2025-10-23 00:52:15 [TRACE] 发现已存在的游戏窗口:绝区零
2025-10-23 00:52:15 [TRACE] 窗口处于前台
2025-10-23 00:52:15 [TRACE] 【跳过】C:\Users\gelon\Desktop\ZA-Lite\assets/images/daily\quit.png
2025-10-23 00:52:15 [TRACE] 发现已存在的游戏窗口:绝区零
2025-10-23 00:52:15 [TRACE] 窗口处于前台
2025-10-23 00:52:15 [TRACE] 【目标出现】C:\Users\gelon\Desktop\ZA-Lite\assets/images/hollow/mission_completed.png 置信度：0.9999998211860657
2025-10-23 00:52:17 [TRACE] 发现已存在的游戏窗口:绝区零
2025-10-23 00:52:17 [TRACE] 窗口处于前台
2025-10-23 00:52:17 [TRACE] 正在返回菜单,请保持游戏画面处于前台
2025-10-23 00:52:19 [TRACE] 发现已存在的游戏窗口:绝区零
2025-10-23 00:52:19 [TRACE] 窗口处于前台
2025-10-23 00:52:19 [TRACE] 发现已存在的游戏窗口:绝区零
2025-10-23 00:52:19 [TRACE] 窗口处于前台
2025-10-23 00:52:19 [TRACE] 正在返回菜单,请保持游戏画面处于前台
2025-10-23 00:52:19 [TRACE] 发现已存在的游戏窗口:绝区零
2025-10-23 00:52:19 [TRACE] 窗口处于前台
2025-10-23 00:52:20 [TRACE] 发现已存在的游戏窗口:绝区零
2025-10-23 00:52:20 [TRACE] 窗口处于前台
2025-10-23 00:52:20 [TRACE] 发现已存在的游戏窗口:绝区零
2025-10-23 00:52:20 [TRACE] 窗口处于前台
2025-10-23 00:52:20 [TRACE] 发现已存在的游戏窗口:绝区零
2025-10-23 00:52:20 [TRACE] 窗口处于前台
2025-10-23 00:52:20 [TRACE] 发现已存在的游戏窗口:绝区零
2025-10-23 00:52:20 [TRACE] 窗口处于前台
2025-10-23 00:52:20 [TRACE] 发现已存在的游戏窗口:绝区零
2025-10-23 00:52:20 [TRACE] 窗口处于前台
2025-10-23 00:52:21 [TRACE] 发现已存在的游戏窗口:绝区零
2025-10-23 00:52:21 [TRACE] 窗口处于前台
2025-10-23 00:52:21 [TRACE] 发现已存在的游戏窗口:绝区零
2025-10-23 00:52:21 [TRACE] 窗口处于前台
2025-10-23 00:52:21 [TRACE] 正在返回菜单,请保持游戏画面处于前台
2025-10-23 00:52:22 [TRACE] 发现已存在的游戏窗口:绝区零
2025-10-23 00:52:22 [TRACE] 窗口处于前台
2025-10-23 00:52:22 [TRACE] 发现已存在的游戏窗口:绝区零
2025-10-23 00:52:22 [TRACE] 窗口处于前台
2025-10-23 00:52:22 [TRACE] 发现已存在的游戏窗口:绝区零
2025-10-23 00:52:22 [TRACE] 窗口处于前台
2025-10-23 00:52:22 [TRACE] 发现已存在的游戏窗口:绝区零
2025-10-23 00:52:22 [TRACE] 窗口处于前台
2025-10-23 00:52:22 [TRACE] 发现已存在的游戏窗口:绝区零
2025-10-23 00:52:22 [TRACE] 窗口处于前台
2025-10-23 00:52:22 [TRACE] 发现已存在的游戏窗口:绝区零
2025-10-23 00:52:22 [TRACE] 窗口处于前台
2025-10-23 00:52:23 [TRACE] 发现已存在的游戏窗口:绝区零
2025-10-23 00:52:23 [TRACE] 窗口处于前台
2025-10-23 00:52:23 [TRACE] 发现已存在的游戏窗口:绝区零
2025-10-23 00:52:23 [TRACE] 窗口处于前台
2025-10-23 00:52:23 [TRACE] 正在返回菜单,请保持游戏画面处于前台
2025-10-23 00:52:24 [TRACE] 发现已存在的游戏窗口:绝区零
2025-10-23 00:52:24 [TRACE] 窗口处于前台
2025-10-23 00:52:24 [TRACE] 发现已存在的游戏窗口:绝区零
2025-10-23 00:52:24 [TRACE] 窗口处于前台
2025-10-23 00:52:24 [TRACE] 发现已存在的游戏窗口:绝区零
2025-10-23 00:52:24 [TRACE] 窗口处于前台
2025-10-23 00:52:24 [TRACE] 发现已存在的游戏窗口:绝区零
2025-10-23 00:52:24 [TRACE] 窗口处于前台
2025-10-23 00:52:24 [TRACE] 发现已存在的游戏窗口:绝区零
2025-10-23 00:52:24 [TRACE] 窗口处于前台
2025-10-23 00:52:25 [TRACE] 发现已存在的游戏窗口:绝区零
2025-10-23 00:52:25 [TRACE] 窗口处于前台
2025-10-23 00:52:25 [TRACE] 发现已存在的游戏窗口:绝区零
2025-10-23 00:52:25 [TRACE] 窗口处于前台
2025-10-23 00:52:25 [TRACE] 发现已存在的游戏窗口:绝区零
2025-10-23 00:52:25 [TRACE] 窗口处于前台
2025-10-23 00:52:26 [TRACE] 正在返回菜单,请保持游戏画面处于前台
2025-10-23 00:52:26 [TRACE] 发现已存在的游戏窗口:绝区零
2025-10-23 00:52:26 [TRACE] 窗口处于前台
2025-10-23 00:52:26 [TRACE] 发现已存在的游戏窗口:绝区零
2025-10-23 00:52:26 [TRACE] 窗口处于前台
2025-10-23 00:52:26 [TRACE] 发现已存在的游戏窗口:绝区零
2025-10-23 00:52:26 [TRACE] 窗口处于前台
2025-10-23 00:52:26 [TRACE] 发现已存在的游戏窗口:绝区零
2025-10-23 00:52:26 [TRACE] 窗口处于前台
2025-10-23 00:52:27 [TRACE] 发现已存在的游戏窗口:绝区零
2025-10-23 00:52:27 [TRACE] 窗口处于前台
2025-10-23 00:52:27 [TRACE] 发现已存在的游戏窗口:绝区零
2025-10-23 00:52:27 [TRACE] 窗口处于前台
2025-10-23 00:52:27 [TRACE] 发现已存在的游戏窗口:绝区零
2025-10-23 00:52:27 [TRACE] 窗口处于前台
2025-10-23 00:52:28 [TRACE] 发现已存在的游戏窗口:绝区零
2025-10-23 00:52:28 [TRACE] 窗口处于前台
2025-10-23 00:52:28 [TRACE] 现在处于大厅
2025-10-23 00:52:28 [TRACE] 发现已存在的游戏窗口:绝区零
2025-10-23 00:52:28 [TRACE] 窗口处于前台
2025-10-23 00:52:28 [INFO] 执行零号空洞任务中
2025-10-23 00:52:28 [TRACE] 发现已存在的游戏窗口:绝区零
2025-10-23 00:52:28 [TRACE] 窗口处于前台
2025-10-23 00:52:28 [TRACE] 发现已存在的游戏窗口:绝区零
2025-10-23 00:52:28 [TRACE] 窗口处于前台
2025-10-23 00:52:29 [TRACE] 发现已存在的游戏窗口:绝区零
2025-10-23 00:52:29 [TRACE] 窗口处于前台
2025-10-23 00:52:29 [TRACE] 发现已存在的游戏窗口:绝区零
2025-10-23 00:52:29 [TRACE] 窗口处于前台
2025-10-23 00:52:29 [TRACE] 【1】等待目标中 C:\Users\gelon\Desktop\ZA-Lite\assets/images/hollow\combat.png
2025-10-23 00:52:29 [TRACE] 发现已存在的游戏窗口:绝区零
2025-10-23 00:52:29 [TRACE] 窗口处于前台
2025-10-23 00:52:29 [TRACE] 发现已存在的游戏窗口:绝区零
2025-10-23 00:52:29 [TRACE] 窗口处于前台
2025-10-23 00:52:29 [TRACE] 发现已存在的游戏窗口:绝区零
2025-10-23 00:52:29 [TRACE] 窗口处于前台
2025-10-23 00:52:30 [TRACE] 【目标出现】C:\Users\gelon\Desktop\ZA-Lite\assets/images/hollow\combat.png 置信度：0.9762964844703674
2025-10-23 00:52:31 [TRACE] 发现已存在的游戏窗口:绝区零
2025-10-23 00:52:31 [TRACE] 窗口处于前台
2025-10-23 00:52:31 [TRACE] 发现已存在的游戏窗口:绝区零
2025-10-23 00:52:31 [TRACE] 窗口处于前台
2025-10-23 00:52:31 [TRACE] 发现已存在的游戏窗口:绝区零
2025-10-23 00:52:31 [TRACE] 窗口处于前台
2025-10-23 00:52:31 [TRACE] 发现已存在的游戏窗口:绝区零
2025-10-23 00:52:31 [TRACE] 窗口处于前台
2025-10-23 00:52:31 [TRACE] 【目标出现】C:\Users\gelon\Desktop\ZA-Lite\assets/images/hollow\zero_hollow.png 置信度：0.9999940991401672
2025-10-23 00:52:31 [TRACE] 发现已存在的游戏窗口:绝区零
2025-10-23 00:52:31 [TRACE] 窗口处于前台
2025-10-23 00:52:31 [TRACE] 发现已存在的游戏窗口:绝区零
2025-10-23 00:52:31 [TRACE] 窗口处于前台
2025-10-23 00:52:32 [TRACE] 发现已存在的游戏窗口:绝区零
2025-10-23 00:52:32 [TRACE] 窗口处于前台
2025-10-23 00:52:32 [TRACE] 发现已存在的游戏窗口:绝区零
2025-10-23 00:52:32 [TRACE] 窗口处于前台
2025-10-23 00:52:32 [TRACE] 【目标出现】C:\Users\gelon\Desktop\ZA-Lite\assets/images/hollow\go_hollow.png 置信度：0.9947067499160767
2025-10-23 00:52:33 [TRACE] 发现已存在的游戏窗口:绝区零
2025-10-23 00:52:33 [TRACE] 窗口处于前台
2025-10-23 00:52:33 [TRACE] 发现已存在的游戏窗口:绝区零
2025-10-23 00:52:33 [TRACE] 窗口处于前台
2025-10-23 00:52:33 [TRACE] 发现已存在的游戏窗口:绝区零
2025-10-23 00:52:33 [TRACE] 窗口处于前台
2025-10-23 00:52:33 [TRACE] 发现已存在的游戏窗口:绝区零
2025-10-23 00:52:33 [TRACE] 窗口处于前台
2025-10-23 00:52:34 [TRACE] 发现已存在的游戏窗口:绝区零
2025-10-23 00:52:34 [TRACE] 窗口处于前台
2025-10-23 00:52:34 [TRACE] 发现已存在的游戏窗口:绝区零
2025-10-23 00:52:34 [TRACE] 窗口处于前台
2025-10-23 00:52:34 [TRACE] 发现已存在的游戏窗口:绝区零
2025-10-23 00:52:34 [TRACE] 窗口处于前台
2025-10-23 00:52:34 [TRACE] 【目标出现】C:\Users\gelon\Desktop\ZA-Lite\assets/images/hollow\confirm.png 置信度：0.9839499592781067
2025-10-23 00:52:35 [TRACE] 发现已存在的游戏窗口:绝区零
2025-10-23 00:52:35 [TRACE] 窗口处于前台
2025-10-23 00:52:35 [TRACE] 发现已存在的游戏窗口:绝区零
2025-10-23 00:52:35 [TRACE] 窗口处于前台
2025-10-23 00:52:35 [TRACE] 发现已存在的游戏窗口:绝区零
2025-10-23 00:52:35 [TRACE] 窗口处于前台
2025-10-23 00:52:35 [TRACE] 【1】等待目标中 C:\Users\gelon\Desktop\ZA-Lite\assets/images/hollow\hollow_taskforce.png
2025-10-23 00:52:35 [TRACE] 发现已存在的游戏窗口:绝区零
2025-10-23 00:52:35 [TRACE] 窗口处于前台
2025-10-23 00:52:36 [TRACE] 发现已存在的游戏窗口:绝区零
2025-10-23 00:52:36 [TRACE] 窗口处于前台
2025-10-23 00:52:36 [TRACE] 发现已存在的游戏窗口:绝区零
2025-10-23 00:52:36 [TRACE] 窗口处于前台
2025-10-23 00:52:36 [TRACE] 发现已存在的游戏窗口:绝区零
2025-10-23 00:52:36 [TRACE] 窗口处于前台
2025-10-23 00:52:36 [TRACE] 发现已存在的游戏窗口:绝区零
2025-10-23 00:52:36 [TRACE] 窗口处于前台
2025-10-23 00:52:36 [TRACE] 【2】等待目标中 C:\Users\gelon\Desktop\ZA-Lite\assets/images/hollow\hollow_taskforce.png
2025-10-23 00:52:37 [TRACE] 发现已存在的游戏窗口:绝区零
2025-10-23 00:52:37 [TRACE] 窗口处于前台
2025-10-23 00:52:37 [TRACE] 【3】等待目标中 C:\Users\gelon\Desktop\ZA-Lite\assets/images/hollow\hollow_taskforce.png
2025-10-23 00:52:37 [TRACE] 发现已存在的游戏窗口:绝区零
2025-10-23 00:52:37 [TRACE] 窗口处于前台
2025-10-23 00:52:37 [TRACE] 发现已存在的游戏窗口:绝区零
2025-10-23 00:52:37 [TRACE] 窗口处于前台
2025-10-23 00:52:37 [TRACE] 发现已存在的游戏窗口:绝区零
2025-10-23 00:52:37 [TRACE] 窗口处于前台
2025-10-23 00:52:37 [TRACE] 【目标出现】C:\Users\gelon\Desktop\ZA-Lite\assets/images/hollow\hollow_taskforce.png 置信度：0.9999861121177673
2025-10-23 00:52:38 [TRACE] 发现已存在的游戏窗口:绝区零
2025-10-23 00:52:38 [TRACE] 窗口处于前台
2025-10-23 00:52:38 [TRACE] 发现已存在的游戏窗口:绝区零
2025-10-23 00:52:38 [TRACE] 窗口处于前台
2025-10-23 00:52:38 [TRACE] 发现已存在的游戏窗口:绝区零
2025-10-23 00:52:38 [TRACE] 窗口处于前台
2025-10-23 00:52:38 [TRACE] 发现已存在的游戏窗口:绝区零
2025-10-23 00:52:38 [TRACE] 窗口处于前台
2025-10-23 00:52:39 [TRACE] 发现已存在的游戏窗口:绝区零
2025-10-23 00:52:39 [TRACE] 窗口处于前台
2025-10-23 00:52:39 [TRACE] 【目标出现】C:\Users\gelon\Desktop\ZA-Lite\assets/images/hollow\strategy.png 置信度：0.9999997019767761
2025-10-23 00:52:39 [TRACE] 发现已存在的游戏窗口:绝区零
2025-10-23 00:52:39 [TRACE] 窗口处于前台
2025-10-23 00:52:40 [TRACE] 发现已存在的游戏窗口:绝区零
2025-10-23 00:52:40 [TRACE] 窗口处于前台
2025-10-23 00:52:40 [TRACE] 发现已存在的游戏窗口:绝区零
2025-10-23 00:52:40 [TRACE] 窗口处于前台
2025-10-23 00:52:40 [TRACE] 发现已存在的游戏窗口:绝区零
2025-10-23 00:52:40 [TRACE] 窗口处于前台
2025-10-23 00:52:40 [TRACE] 发现已存在的游戏窗口:绝区零
2025-10-23 00:52:40 [TRACE] 窗口处于前台
2025-10-23 00:52:40 [TRACE] 【1】等待目标中 C:\Users\gelon\Desktop\ZA-Lite\assets/images/hollow\strategy_confirm.png
2025-10-23 00:52:40 [TRACE] 发现已存在的游戏窗口:绝区零
2025-10-23 00:52:40 [TRACE] 窗口处于前台
2025-10-23 00:52:40 [TRACE] 发现已存在的游戏窗口:绝区零
2025-10-23 00:52:40 [TRACE] 窗口处于前台
2025-10-23 00:52:40 [TRACE] 发现已存在的游戏窗口:绝区零
2025-10-23 00:52:40 [TRACE] 窗口处于前台
2025-10-23 00:52:41 [TRACE] 【目标出现】C:\Users\gelon\Desktop\ZA-Lite\assets/images/hollow\strategy_confirm.png 置信度：1.0
2025-10-23 00:52:41 [TRACE] 发现已存在的游戏窗口:绝区零
2025-10-23 00:52:41 [TRACE] 窗口处于前台
2025-10-23 00:52:42 [TRACE] 发现已存在的游戏窗口:绝区零
2025-10-23 00:52:42 [TRACE] 窗口处于前台
2025-10-23 00:52:42 [TRACE] 发现已存在的游戏窗口:绝区零
2025-10-23 00:52:42 [TRACE] 窗口处于前台
2025-10-23 00:52:42 [TRACE] 发现已存在的游戏窗口:绝区零
2025-10-23 00:52:42 [TRACE] 窗口处于前台
2025-10-23 00:52:42 [TRACE] 【目标出现】C:\Users\gelon\Desktop\ZA-Lite\assets/images/hollow\next_step.png 置信度：0.9814363718032837
2025-10-23 00:52:42 [TRACE] 发现已存在的游戏窗口:绝区零
2025-10-23 00:52:42 [TRACE] 窗口处于前台
2025-10-23 00:52:42 [TRACE] 发现已存在的游戏窗口:绝区零
2025-10-23 00:52:42 [TRACE] 窗口处于前台
2025-10-23 00:52:42 [TRACE] 发现已存在的游戏窗口:绝区零
2025-10-23 00:52:42 [TRACE] 窗口处于前台
2025-10-23 00:52:43 [TRACE] 发现已存在的游戏窗口:绝区零
2025-10-23 00:52:43 [TRACE] 窗口处于前台
2025-10-23 00:52:43 [TRACE] 【目标出现】C:\Users\gelon\Desktop\ZA-Lite\assets/images/daily\squad_preset.png 置信度：0.9862328767776489
2025-10-23 00:52:44 [TRACE] 发现已存在的游戏窗口:绝区零
2025-10-23 00:52:44 [TRACE] 窗口处于前台
2025-10-23 00:52:44 [TRACE] 发现已存在的游戏窗口:绝区零
2025-10-23 00:52:44 [TRACE] 窗口处于前台
2025-10-23 00:52:44 [TRACE] 发现已存在的游戏窗口:绝区零
2025-10-23 00:52:44 [TRACE] 窗口处于前台
2025-10-23 00:52:44 [TRACE] 发现已存在的游戏窗口:绝区零
2025-10-23 00:52:44 [TRACE] 窗口处于前台
2025-10-23 00:52:45 [TRACE] 发现已存在的游戏窗口:绝区零
2025-10-23 00:52:45 [TRACE] 窗口处于前台
2025-10-23 00:52:45 [TRACE] 发现已存在的游戏窗口:绝区零
2025-10-23 00:52:45 [TRACE] 窗口处于前台
2025-10-23 00:52:45 [TRACE] 发现已存在的游戏窗口:绝区零
2025-10-23 00:52:45 [TRACE] 窗口处于前台
2025-10-23 00:52:45 [TRACE] 【目标出现】C:\Users\gelon\Desktop\ZA-Lite\assets/images/daily\squad_6.png 置信度：0.9276994466781616
2025-10-23 00:52:46 [TRACE] 发现已存在的游戏窗口:绝区零
2025-10-23 00:52:46 [TRACE] 窗口处于前台
2025-10-23 00:52:46 [TRACE] 【目标出现】C:\Users\gelon\Desktop\ZA-Lite\assets/images/daily\select_squad.png 置信度：0.9684983491897583
2025-10-23 00:52:46 [TRACE] 发现已存在的游戏窗口:绝区零
2025-10-23 00:52:46 [TRACE] 窗口处于前台
2025-10-23 00:52:46 [TRACE] 发现已存在的游戏窗口:绝区零
2025-10-23 00:52:46 [TRACE] 窗口处于前台
2025-10-23 00:52:46 [TRACE] 发现已存在的游戏窗口:绝区零
2025-10-23 00:52:46 [TRACE] 窗口处于前台
2025-10-23 00:52:47 [TRACE] 发现已存在的游戏窗口:绝区零
2025-10-23 00:52:47 [TRACE] 窗口处于前台
2025-10-23 00:52:47 [TRACE] 发现已存在的游戏窗口:绝区零
2025-10-23 00:52:47 [TRACE] 窗口处于前台
2025-10-23 00:52:47 [TRACE] 发现已存在的游戏窗口:绝区零
2025-10-23 00:52:47 [TRACE] 窗口处于前台
2025-10-23 00:52:47 [TRACE] 发现已存在的游戏窗口:绝区零
2025-10-23 00:52:47 [TRACE] 窗口处于前台
2025-10-23 00:52:47 [TRACE] 【目标出现】C:\Users\gelon\Desktop\ZA-Lite\assets/images/hollow\start_battle.png 置信度：0.9864148497581482
2025-10-23 00:52:48 [TRACE] 发现已存在的游戏窗口:绝区零
2025-10-23 00:52:48 [TRACE] 窗口处于前台
2025-10-23 00:52:48 [TRACE] 发现已存在的游戏窗口:绝区零
2025-10-23 00:52:48 [TRACE] 窗口处于前台
2025-10-23 00:52:49 [TRACE] 【空洞监听】无匹配已持续：0秒
2025-10-23 00:52:49 [TRACE] 【线程启动】攻击检测
2025-10-23 00:52:49 [TRACE] 发现已存在的游戏窗口:绝区零
2025-10-23 00:52:49 [TRACE] 窗口处于前台
2025-10-23 00:52:49 [TRACE] 发现已存在的游戏窗口:绝区零
2025-10-23 00:52:49 [TRACE] 窗口处于前台
2025-10-23 00:52:49 [TRACE] 发现已存在的游戏窗口:绝区零
2025-10-23 00:52:49 [TRACE] 窗口处于前台
2025-10-23 00:52:50 [TRACE] 发现已存在的游戏窗口:绝区零
2025-10-23 00:52:50 [TRACE] 窗口处于前台
2025-10-23 00:52:50 [TRACE] 【目标检测】屏幕内没有目标
2025-10-23 00:52:51 [TRACE] 【目标检测】屏幕内没有目标
2025-10-23 00:52:51 [TRACE] 发现已存在的游戏窗口:绝区零
2025-10-23 00:52:51 [TRACE] 窗口处于前台
2025-10-23 00:52:51 [TRACE] 发现已存在的游戏窗口:绝区零
2025-10-23 00:52:51 [TRACE] 窗口处于前台
2025-10-23 00:52:52 [TRACE] 发现已存在的游戏窗口:绝区零
2025-10-23 00:52:52 [TRACE] 窗口处于前台
2025-10-23 00:52:52 [TRACE] 发现已存在的游戏窗口:绝区零
2025-10-23 00:52:52 [TRACE] 窗口处于前台
2025-10-23 00:52:52 [TRACE] 【目标检测】屏幕内没有目标
2025-10-23 00:52:52 [TRACE] 发现已存在的游戏窗口:绝区零
2025-10-23 00:52:52 [TRACE] 窗口处于前台
2025-10-23 00:52:52 [TRACE] 发现已存在的游戏窗口:绝区零
2025-10-23 00:52:52 [TRACE] 窗口处于前台
2025-10-23 00:52:53 [TRACE] 【目标检测】屏幕内没有目标
2025-10-23 00:52:54 [TRACE] 发现已存在的游戏窗口:绝区零
2025-10-23 00:52:54 [TRACE] 窗口处于前台
2025-10-23 00:52:54 [TRACE] 发现已存在的游戏窗口:绝区零
2025-10-23 00:52:54 [TRACE] 窗口处于前台
2025-10-23 00:52:54 [TRACE] 发现已存在的游戏窗口:绝区零
2025-10-23 00:52:54 [TRACE] 窗口处于前台
2025-10-23 00:52:55 [TRACE] 【目标检测】屏幕内没有目标
2025-10-23 00:52:55 [TRACE] 发现已存在的游戏窗口:绝区零
2025-10-23 00:52:55 [TRACE] 窗口处于前台
2025-10-23 00:52:55 [TRACE] 【空洞监听】无匹配已持续：6秒
2025-10-23 00:52:55 [TRACE] 发现已存在的游戏窗口:绝区零
2025-10-23 00:52:55 [TRACE] 窗口处于前台
2025-10-23 00:52:55 [TRACE] 发现已存在的游戏窗口:绝区零
2025-10-23 00:52:55 [TRACE] 窗口处于前台
2025-10-23 00:52:57 [TRACE] 发现已存在的游戏窗口:绝区零
2025-10-23 00:52:57 [TRACE] 窗口处于前台
2025-10-23 00:52:57 [TRACE] 【目标检测】屏幕内没有目标
2025-10-23 00:52:57 [TRACE] 发现已存在的游戏窗口:绝区零
2025-10-23 00:52:57 [TRACE] 窗口处于前台
2025-10-23 00:52:57 [TRACE] 发现已存在的游戏窗口:绝区零
2025-10-23 00:52:57 [TRACE] 窗口处于前台
2025-10-23 00:52:57 [TRACE] 发现已存在的游戏窗口:绝区零
2025-10-23 00:52:57 [TRACE] 窗口处于前台
2025-10-23 00:52:58 [TRACE] 发现已存在的游戏窗口:绝区零
2025-10-23 00:52:58 [TRACE] 窗口处于前台
2025-10-23 00:52:58 [TRACE] 【目标检测】屏幕内没有目标
2025-10-23 00:52:58 [TRACE] 发现已存在的游戏窗口:绝区零
2025-10-23 00:52:58 [TRACE] 窗口处于前台
2025-10-23 00:52:59 [TRACE] 【目标检测】屏幕内没有目标
2025-10-23 00:52:59 [TRACE] 发现已存在的游戏窗口:绝区零
2025-10-23 00:52:59 [TRACE] 窗口处于前台
2025-10-23 00:53:00 [TRACE] 发现已存在的游戏窗口:绝区零
2025-10-23 00:53:00 [TRACE] 窗口处于前台
2025-10-23 00:53:00 [TRACE] 发现已存在的游戏窗口:绝区零
2025-10-23 00:53:00 [TRACE] 窗口处于前台
2025-10-23 00:53:00 [TRACE] 【目标检测】屏幕内没有目标
2025-10-23 00:53:00 [TRACE] 发现已存在的游戏窗口:绝区零
2025-10-23 00:53:00 [TRACE] 窗口处于前台
2025-10-23 00:53:01 [TRACE] 发现已存在的游戏窗口:绝区零
2025-10-23 00:53:01 [TRACE] 窗口处于前台
2025-10-23 00:53:01 [TRACE] 【空洞监听】无匹配已持续：12秒
2025-10-23 00:53:01 [TRACE] 发现已存在的游戏窗口:绝区零
2025-10-23 00:53:01 [TRACE] 窗口处于前台
2025-10-23 00:53:01 [TRACE] 【目标检测】屏幕内没有目标
2025-10-23 00:53:02 [TRACE] 发现已存在的游戏窗口:绝区零
2025-10-23 00:53:02 [TRACE] 窗口处于前台
2025-10-23 00:53:02 [TRACE] 发现已存在的游戏窗口:绝区零
2025-10-23 00:53:02 [TRACE] 窗口处于前台
2025-10-23 00:53:03 [TRACE] 发现已存在的游戏窗口:绝区零
2025-10-23 00:53:03 [TRACE] 窗口处于前台
2025-10-23 00:53:03 [TRACE] 发现已存在的游戏窗口:绝区零
2025-10-23 00:53:03 [TRACE] 窗口处于前台
2025-10-23 00:53:03 [TRACE] 发现已存在的游戏窗口:绝区零
2025-10-23 00:53:03 [TRACE] 窗口处于前台
2025-10-23 00:53:04 [TRACE] 发现已存在的游戏窗口:绝区零
2025-10-23 00:53:04 [TRACE] 窗口处于前台
2025-10-23 00:53:04 [TRACE] 【目标检测】屏幕内没有目标
2025-10-23 00:53:05 [TRACE] 【目标检测】屏幕内没有目标
2025-10-23 00:53:05 [TRACE] 发现已存在的游戏窗口:绝区零
2025-10-23 00:53:05 [TRACE] 窗口处于前台
2025-10-23 00:53:05 [TRACE] 发现已存在的游戏窗口:绝区零
2025-10-23 00:53:05 [TRACE] 窗口处于前台
2025-10-23 00:53:06 [TRACE] 发现已存在的游戏窗口:绝区零
2025-10-23 00:53:06 [TRACE] 窗口处于前台
2025-10-23 00:53:06 [TRACE] 发现已存在的游戏窗口:绝区零
2025-10-23 00:53:06 [TRACE] 窗口处于前台
2025-10-23 00:53:06 [TRACE] 【目标检测】屏幕内没有目标
2025-10-23 00:53:06 [TRACE] 发现已存在的游戏窗口:绝区零
2025-10-23 00:53:06 [TRACE] 窗口处于前台
2025-10-23 00:53:07 [TRACE] 发现已存在的游戏窗口:绝区零
2025-10-23 00:53:07 [TRACE] 窗口处于前台
2025-10-23 00:53:07 [TRACE] 【目标检测】屏幕内没有目标
2025-10-23 00:53:08 [TRACE] 【空洞监听】无匹配已持续：18秒
2025-10-23 00:53:08 [TRACE] 发现已存在的游戏窗口:绝区零
2025-10-23 00:53:08 [TRACE] 窗口处于前台
2025-10-23 00:53:08 [TRACE] 【目标检测】屏幕内没有目标
2025-10-23 00:53:08 [TRACE] 发现已存在的游戏窗口:绝区零
2025-10-23 00:53:08 [TRACE] 窗口处于前台
2025-10-23 00:53:09 [TRACE] 发现已存在的游戏窗口:绝区零
2025-10-23 00:53:09 [TRACE] 窗口处于前台
2025-10-23 00:53:09 [TRACE] 发现已存在的游戏窗口:绝区零
2025-10-23 00:53:09 [TRACE] 窗口处于前台
2025-10-23 00:53:09 [TRACE] 发现已存在的游戏窗口:绝区零
2025-10-23 00:53:09 [TRACE] 窗口处于前台
2025-10-23 00:53:10 [TRACE] 发现已存在的游戏窗口:绝区零
2025-10-23 00:53:10 [TRACE] 窗口处于前台
2025-10-23 00:53:11 [TRACE] 【目标检测】屏幕内没有目标
2025-10-23 00:53:11 [TRACE] 发现已存在的游戏窗口:绝区零
2025-10-23 00:53:11 [TRACE] 窗口处于前台
2025-10-23 00:53:11 [TRACE] 发现已存在的游戏窗口:绝区零
2025-10-23 00:53:11 [TRACE] 窗口处于前台
2025-10-23 00:53:11 [TRACE] 发现已存在的游戏窗口:绝区零
2025-10-23 00:53:11 [TRACE] 窗口处于前台
2025-10-23 00:53:12 [TRACE] 发现已存在的游戏窗口:绝区零
2025-10-23 00:53:12 [TRACE] 窗口处于前台
2025-10-23 00:53:12 [TRACE] 【目标检测】屏幕内没有目标
2025-10-23 00:53:12 [TRACE] 发现已存在的游戏窗口:绝区零
2025-10-23 00:53:12 [TRACE] 窗口处于前台
2025-10-23 00:53:12 [TRACE] 发现已存在的游戏窗口:绝区零
2025-10-23 00:53:12 [TRACE] 窗口处于前台
2025-10-23 00:53:14 [TRACE] 发现已存在的游戏窗口:绝区零
2025-10-23 00:53:14 [TRACE] 窗口处于前台
2025-10-23 00:53:14 [TRACE] 【空洞监听】无匹配已持续：25秒
2025-10-23 00:53:14 [TRACE] 发现已存在的游戏窗口:绝区零
2025-10-23 00:53:14 [TRACE] 窗口处于前台
2025-10-23 00:53:15 [TRACE] 发现已存在的游戏窗口:绝区零
2025-10-23 00:53:15 [TRACE] 窗口处于前台
2025-10-23 00:53:15 [TRACE] 【目标检测】TRAPPED！ 类型：interact 置信度：0.95064377784729
2025-10-23 00:53:15 [TRACE] 发现已存在的游戏窗口:绝区零
2025-10-23 00:53:15 [TRACE] 窗口处于前台
2025-10-23 00:53:15 [TRACE] 发现已存在的游戏窗口:绝区零
2025-10-23 00:53:15 [TRACE] 窗口处于前台
2025-10-23 00:53:16 [TRACE] 发现已存在的游戏窗口:绝区零
2025-10-23 00:53:16 [TRACE] 窗口处于前台
2025-10-23 00:53:17 [TRACE] 发现已存在的游戏窗口:绝区零
2025-10-23 00:53:17 [TRACE] 窗口处于前台
2025-10-23 00:53:17 [TRACE] 发现已存在的游戏窗口:绝区零
2025-10-23 00:53:17 [TRACE] 窗口处于前台
2025-10-23 00:53:18 [TRACE] 发现已存在的游戏窗口:绝区零
2025-10-23 00:53:18 [TRACE] 窗口处于前台
2025-10-23 00:53:18 [TRACE] 发现已存在的游戏窗口:绝区零
2025-10-23 00:53:18 [TRACE] 窗口处于前台
2025-10-23 00:53:18 [TRACE] 发现已存在的游戏窗口:绝区零
2025-10-23 00:53:18 [TRACE] 窗口处于前台
2025-10-23 00:53:19 [TRACE] 发现已存在的游戏窗口:绝区零
2025-10-23 00:53:19 [TRACE] 窗口处于前台
2025-10-23 00:53:20 [TRACE] 发现已存在的游戏窗口:绝区零
2025-10-23 00:53:20 [TRACE] 窗口处于前台
2025-10-23 00:53:20 [TRACE] 发现已存在的游戏窗口:绝区零
2025-10-23 00:53:20 [TRACE] 窗口处于前台
2025-10-23 00:53:21 [TRACE] 发现已存在的游戏窗口:绝区零
2025-10-23 00:53:21 [TRACE] 窗口处于前台
2025-10-23 00:53:21 [TRACE] 发现已存在的游戏窗口:绝区零
2025-10-23 00:53:21 [TRACE] 窗口处于前台
2025-10-23 00:53:21 [TRACE] 发现已存在的游戏窗口:绝区零
2025-10-23 00:53:21 [TRACE] 窗口处于前台
2025-10-23 00:53:22 [TRACE] 【目标检测】屏幕内没有目标
2025-10-23 00:53:22 [TRACE] 发现已存在的游戏窗口:绝区零
2025-10-23 00:53:22 [TRACE] 窗口处于前台
2025-10-23 00:53:23 [TRACE] 【目标检测】屏幕内没有目标
2025-10-23 00:53:23 [TRACE] 发现已存在的游戏窗口:绝区零
2025-10-23 00:53:23 [TRACE] 窗口处于前台
2025-10-23 00:53:23 [TRACE] 发现已存在的游戏窗口:绝区零
2025-10-23 00:53:23 [TRACE] 窗口处于前台
2025-10-23 00:53:24 [TRACE] 发现已存在的游戏窗口:绝区零
2025-10-23 00:53:24 [TRACE] 窗口处于前台
2025-10-23 00:53:24 [TRACE] 发现已存在的游戏窗口:绝区零
2025-10-23 00:53:24 [TRACE] 窗口处于前台
2025-10-23 00:53:24 [TRACE] 【目标检测】屏幕内没有目标
2025-10-23 00:53:24 [TRACE] 发现已存在的游戏窗口:绝区零
2025-10-23 00:53:24 [TRACE] 窗口处于前台
2025-10-23 00:53:25 [TRACE] 发现已存在的游戏窗口:绝区零
2025-10-23 00:53:25 [TRACE] 窗口处于前台
2025-10-23 00:53:25 [TRACE] 【目标检测】屏幕内没有目标
2025-10-23 00:53:26 [TRACE] 发现已存在的游戏窗口:绝区零
2025-10-23 00:53:26 [TRACE] 窗口处于前台
2025-10-23 00:53:26 [TRACE] 发现已存在的游戏窗口:绝区零
2025-10-23 00:53:26 [TRACE] 窗口处于前台
2025-10-23 00:53:26 [TRACE] 【目标检测】屏幕内没有目标
2025-10-23 00:53:26 [TRACE] 发现已存在的游戏窗口:绝区零
2025-10-23 00:53:26 [TRACE] 窗口处于前台
2025-10-23 00:53:27 [TRACE] 发现已存在的游戏窗口:绝区零
2025-10-23 00:53:27 [TRACE] 窗口处于前台
2025-10-23 00:53:27 [TRACE] 发现已存在的游戏窗口:绝区零
2025-10-23 00:53:27 [TRACE] 窗口处于前台
2025-10-23 00:53:27 [TRACE] 发现已存在的游戏窗口:绝区零
2025-10-23 00:53:27 [TRACE] 窗口处于前台
2025-10-23 00:53:28 [TRACE] 【目标检测】屏幕内没有目标
2025-10-23 00:53:29 [TRACE] 发现已存在的游戏窗口:绝区零
2025-10-23 00:53:29 [TRACE] 窗口处于前台
2025-10-23 00:53:29 [TRACE] 发现已存在的游戏窗口:绝区零
2025-10-23 00:53:29 [TRACE] 窗口处于前台
2025-10-23 00:53:29 [TRACE] 发现已存在的游戏窗口:绝区零
2025-10-23 00:53:29 [TRACE] 窗口处于前台
2025-10-23 00:53:30 [TRACE] 发现已存在的游戏窗口:绝区零
2025-10-23 00:53:30 [TRACE] 窗口处于前台
2025-10-23 00:53:30 [TRACE] 【目标检测】屏幕内没有目标
2025-10-23 00:53:30 [TRACE] 发现已存在的游戏窗口:绝区零
2025-10-23 00:53:30 [TRACE] 窗口处于前台
2025-10-23 00:53:30 [TRACE] 发现已存在的游戏窗口:绝区零
2025-10-23 00:53:30 [TRACE] 窗口处于前台
2025-10-23 00:53:31 [TRACE] 【目标检测】屏幕内没有目标
2025-10-23 00:53:32 [TRACE] 发现已存在的游戏窗口:绝区零
2025-10-23 00:53:32 [TRACE] 窗口处于前台
2025-10-23 00:53:32 [TRACE] 发现已存在的游戏窗口:绝区零
2025-10-23 00:53:32 [TRACE] 窗口处于前台
2025-10-23 00:53:32 [TRACE] 【目标检测】屏幕内没有目标
2025-10-23 00:53:32 [TRACE] 发现已存在的游戏窗口:绝区零
2025-10-23 00:53:32 [TRACE] 窗口处于前台
2025-10-23 00:53:32 [TRACE] 发现已存在的游戏窗口:绝区零
2025-10-23 00:53:32 [TRACE] 窗口处于前台
2025-10-23 00:53:33 [TRACE] 发现已存在的游戏窗口:绝区零
2025-10-23 00:53:33 [TRACE] 窗口处于前台
2025-10-23 00:53:33 [TRACE] 发现已存在的游戏窗口:绝区零
2025-10-23 00:53:33 [TRACE] 窗口处于前台
2025-10-23 00:53:33 [TRACE] 【目标检测】屏幕内没有目标
2025-10-23 00:53:34 [TRACE] 发现已存在的游戏窗口:绝区零
2025-10-23 00:53:34 [TRACE] 窗口处于前台
2025-10-23 00:53:35 [TRACE] 发现已存在的游戏窗口:绝区零
2025-10-23 00:53:35 [TRACE] 窗口处于前台
2025-10-23 00:53:35 [TRACE] 发现已存在的游戏窗口:绝区零
2025-10-23 00:53:35 [TRACE] 窗口处于前台
2025-10-23 00:53:35 [TRACE] 发现已存在的游戏窗口:绝区零
2025-10-23 00:53:35 [TRACE] 窗口处于前台
2025-10-23 00:53:36 [TRACE] 发现已存在的游戏窗口:绝区零
2025-10-23 00:53:36 [TRACE] 窗口处于前台
2025-10-23 00:53:36 [TRACE] 发现已存在的游戏窗口:绝区零
2025-10-23 00:53:36 [TRACE] 窗口处于前台
2025-10-23 00:53:37 [TRACE] 发现已存在的游戏窗口:绝区零
2025-10-23 00:53:37 [TRACE] 窗口处于前台
2025-10-23 00:53:38 [TRACE] 发现已存在的游戏窗口:绝区零
2025-10-23 00:53:38 [TRACE] 窗口处于前台
2025-10-23 00:53:38 [TRACE] 发现已存在的游戏窗口:绝区零
2025-10-23 00:53:38 [TRACE] 窗口处于前台
2025-10-23 00:53:38 [TRACE] 发现已存在的游戏窗口:绝区零
2025-10-23 00:53:38 [TRACE] 窗口处于前台
2025-10-23 00:53:39 [TRACE] 发现已存在的游戏窗口:绝区零
2025-10-23 00:53:39 [TRACE] 窗口未激活，尝试恢复窗口
2025-10-23 00:53:39 [TRACE] 发现已存在的游戏窗口:绝区零
2025-10-23 00:53:39 [TRACE] 窗口处于前台
2025-10-23 00:53:39 [TRACE] 【目标检测】屏幕内没有目标
2025-10-23 00:53:41 [TRACE] 发现已存在的游戏窗口:绝区零
2025-10-23 00:53:41 [TRACE] 窗口处于前台
2025-10-23 00:53:41 [TRACE] 发现已存在的游戏窗口:绝区零
2025-10-23 00:53:41 [TRACE] 窗口处于前台
2025-10-23 00:53:41 [TRACE] 发现已存在的游戏窗口:绝区零
2025-10-23 00:53:41 [TRACE] 窗口处于前台
2025-10-23 00:53:41 [TRACE] 发现已存在的游戏窗口:绝区零
2025-10-23 00:53:41 [TRACE] 窗口处于前台
2025-10-23 00:53:42 [TRACE] 发现已存在的游戏窗口:绝区零
2025-10-23 00:53:42 [TRACE] 窗口处于前台
2025-10-23 00:53:42 [TRACE] 发现已存在的游戏窗口:绝区零
2025-10-23 00:53:42 [TRACE] 窗口处于前台
2025-10-23 00:53:43 [TRACE] 【空洞监听】无匹配已持续：0秒
2025-10-23 00:53:43 [TRACE] 【目标检测】微调超时，无法对齐！
2025-10-23 00:53:43 [TRACE] 发现已存在的游戏窗口:绝区零
2025-10-23 00:53:43 [TRACE] 窗口处于前台
2025-10-23 00:53:44 [TRACE] 发现已存在的游戏窗口:绝区零
2025-10-23 00:53:44 [TRACE] 窗口处于前台
2025-10-23 00:53:44 [TRACE] 发现已存在的游戏窗口:绝区零
2025-10-23 00:53:44 [TRACE] 窗口处于前台
2025-10-23 00:53:45 [TRACE] 发现已存在的游戏窗口:绝区零
2025-10-23 00:53:45 [TRACE] 窗口处于前台
2025-10-23 00:53:45 [TRACE] 发现已存在的游戏窗口:绝区零
2025-10-23 00:53:45 [TRACE] 窗口处于前台
2025-10-23 00:53:45 [TRACE] 发现已存在的游戏窗口:绝区零
2025-10-23 00:53:45 [TRACE] 窗口处于前台
2025-10-23 00:53:47 [TRACE] 发现已存在的游戏窗口:绝区零
2025-10-23 00:53:47 [TRACE] 窗口未激活，尝试恢复窗口
2025-10-23 00:53:47 [TRACE] 发现已存在的游戏窗口:绝区零
2025-10-23 00:53:47 [TRACE] 窗口处于前台
2025-10-23 00:53:48 [TRACE] 发现已存在的游戏窗口:绝区零
2025-10-23 00:53:48 [TRACE] 窗口处于前台
2025-10-23 00:53:48 [TRACE] 发现已存在的游戏窗口:绝区零
2025-10-23 00:53:48 [TRACE] 窗口处于前台
2025-10-23 00:53:48 [TRACE] 【目标检测】屏幕内没有目标
2025-10-23 00:53:48 [TRACE] 发现已存在的游戏窗口:绝区零
2025-10-23 00:53:48 [TRACE] 窗口处于前台
2025-10-23 00:53:49 [TRACE] 发现已存在的游戏窗口:绝区零
2025-10-23 00:53:49 [TRACE] 窗口处于前台
2025-10-23 00:53:49 [TRACE] 【目标检测】屏幕内没有目标
2025-10-23 00:53:49 [TRACE] 【空洞监听】无匹配已持续：6秒
2025-10-23 00:53:50 [TRACE] 发现已存在的游戏窗口:绝区零
2025-10-23 00:53:50 [TRACE] 窗口处于前台
2025-10-23 00:53:50 [TRACE] 【目标检测】屏幕内没有目标
2025-10-23 00:53:50 [TRACE] 发现已存在的游戏窗口:绝区零
2025-10-23 00:53:50 [TRACE] 窗口处于前台
2025-10-23 00:53:50 [TRACE] 发现已存在的游戏窗口:绝区零
2025-10-23 00:53:50 [TRACE] 窗口处于前台
2025-10-23 00:53:51 [TRACE] 发现已存在的游戏窗口:绝区零
2025-10-23 00:53:51 [TRACE] 窗口处于前台
2025-10-23 00:53:51 [TRACE] 发现已存在的游戏窗口:绝区零
2025-10-23 00:53:51 [TRACE] 窗口处于前台
2025-10-23 00:53:51 [TRACE] 发现已存在的游戏窗口:绝区零
2025-10-23 00:53:51 [TRACE] 窗口处于前台
2025-10-23 00:53:53 [TRACE] 发现已存在的游戏窗口:绝区零
2025-10-23 00:53:53 [TRACE] 窗口未激活，尝试恢复窗口
2025-10-23 00:53:53 [TRACE] 发现已存在的游戏窗口:绝区零
2025-10-23 00:53:53 [TRACE] 窗口处于前台
2025-10-23 00:53:54 [TRACE] 发现已存在的游戏窗口:绝区零
2025-10-23 00:53:54 [TRACE] 窗口处于前台
2025-10-23 00:53:54 [TRACE] 【目标检测】屏幕内没有目标
2025-10-23 00:53:54 [TRACE] 发现已存在的游戏窗口:绝区零
2025-10-23 00:53:54 [TRACE] 窗口处于前台
2025-10-23 00:53:54 [TRACE] 发现已存在的游戏窗口:绝区零
2025-10-23 00:53:54 [TRACE] 窗口处于前台
2025-10-23 00:53:55 [TRACE] 发现已存在的游戏窗口:绝区零
2025-10-23 00:53:55 [TRACE] 窗口处于前台
2025-10-23 00:53:56 [TRACE] 【空洞监听】无匹配已持续：13秒
2025-10-23 00:53:56 [TRACE] 发现已存在的游戏窗口:绝区零
2025-10-23 00:53:56 [TRACE] 窗口未激活，尝试恢复窗口
2025-10-23 00:53:56 [TRACE] 【目标检测】屏幕内没有目标
2025-10-23 00:53:57 [TRACE] 发现已存在的游戏窗口:绝区零
2025-10-23 00:53:57 [TRACE] 窗口处于前台
2025-10-23 00:53:57 [TRACE] 发现已存在的游戏窗口:绝区零
2025-10-23 00:53:57 [TRACE] 窗口未激活，尝试恢复窗口
2025-10-23 00:53:57 [TRACE] 发现已存在的游戏窗口:绝区零
2025-10-23 00:53:57 [TRACE] 窗口处于前台
2025-10-23 00:53:58 [TRACE] 发现已存在的游戏窗口:绝区零
2025-10-23 00:53:58 [TRACE] 窗口未激活，尝试恢复窗口
2025-10-23 00:53:58 [TRACE] 发现已存在的游戏窗口:绝区零
2025-10-23 00:53:58 [TRACE] 窗口未激活，尝试恢复窗口
2025-10-23 00:53:59 [TRACE] 【目标检测】微调超时，无法对齐！
2025-10-23 00:54:00 [TRACE] 发现已存在的游戏窗口:绝区零
2025-10-23 00:54:00 [TRACE] 窗口未激活，尝试恢复窗口
2025-10-23 00:54:01 [TRACE] 发现已存在的游戏窗口:绝区零
2025-10-23 00:54:01 [TRACE] 窗口未激活，尝试恢复窗口
2025-10-23 00:54:01 [TRACE] 【目标检测】屏幕内没有目标
2025-10-23 00:54:01 [TRACE] 发现已存在的游戏窗口:绝区零
2025-10-23 00:54:01 [TRACE] 窗口处于前台
2025-10-23 00:54:02 [TRACE] 发现已存在的游戏窗口:绝区零
2025-10-23 00:54:02 [TRACE] 窗口处于前台
2025-10-23 00:54:02 [TRACE] 发现已存在的游戏窗口:绝区零
2025-10-23 00:54:02 [TRACE] 窗口处于前台
2025-10-23 00:54:02 [TRACE] 发现已存在的游戏窗口:绝区零
2025-10-23 00:54:02 [TRACE] 窗口处于前台
2025-10-23 00:54:03 [TRACE] 【空洞监听】无匹配已持续：20秒
2025-10-23 00:54:04 [TRACE] 发现已存在的游戏窗口:绝区零
2025-10-23 00:54:04 [TRACE] 窗口未激活，尝试恢复窗口
2025-10-23 00:54:04 [TRACE] 发现已存在的游戏窗口:绝区零
2025-10-23 00:54:04 [TRACE] 窗口处于前台
2025-10-23 00:54:04 [TRACE] 发现已存在的游戏窗口:绝区零
2025-10-23 00:54:04 [TRACE] 窗口处于前台
2025-10-23 00:54:04 [TRACE] 【目标检测】屏幕内没有目标
2025-10-23 00:54:05 [TRACE] 发现已存在的游戏窗口:绝区零
2025-10-23 00:54:05 [TRACE] 窗口处于前台
2025-10-23 00:54:05 [TRACE] 发现已存在的游戏窗口:绝区零
2025-10-23 00:54:05 [TRACE] 窗口处于前台
2025-10-23 00:54:05 [TRACE] 发现已存在的游戏窗口:绝区零
2025-10-23 00:54:05 [TRACE] 窗口处于前台
2025-10-23 00:54:06 [TRACE] 发现已存在的游戏窗口:绝区零
2025-10-23 00:54:06 [TRACE] 窗口未激活，尝试恢复窗口
2025-10-23 00:54:07 [TRACE] 发现已存在的游戏窗口:绝区零
2025-10-23 00:54:07 [TRACE] 窗口处于前台
2025-10-23 00:54:07 [TRACE] 发现已存在的游戏窗口:绝区零
2025-10-23 00:54:07 [TRACE] 窗口未激活，尝试恢复窗口
2025-10-23 00:54:08 [TRACE] 发现已存在的游戏窗口:绝区零
2025-10-23 00:54:08 [TRACE] 窗口处于前台
2025-10-23 00:54:08 [TRACE] 发现已存在的游戏窗口:绝区零
2025-10-23 00:54:08 [TRACE] 窗口处于前台
2025-10-23 00:54:09 [TRACE] 发现已存在的游戏窗口:绝区零
2025-10-23 00:54:09 [TRACE] 窗口未激活，尝试恢复窗口
2025-10-23 00:54:09 [TRACE] 【目标检测】屏幕内没有目标
2025-10-23 00:54:10 [TRACE] 【空洞监听】无匹配已持续：27秒
2025-10-23 00:54:10 [TRACE] 发现已存在的游戏窗口:绝区零
2025-10-23 00:54:10 [TRACE] 窗口未激活，尝试恢复窗口
2025-10-23 00:54:10 [TRACE] 【目标检测】屏幕内没有目标
2025-10-23 00:54:10 [TRACE] 发现已存在的游戏窗口:绝区零
2025-10-23 00:54:10 [TRACE] 窗口处于前台
2025-10-23 00:54:11 [TRACE] 发现已存在的游戏窗口:绝区零
2025-10-23 00:54:11 [TRACE] 窗口处于前台
2025-10-23 00:54:11 [TRACE] 发现已存在的游戏窗口:绝区零
2025-10-23 00:54:11 [TRACE] 窗口处于前台
2025-10-23 00:54:11 [TRACE] 发现已存在的游戏窗口:绝区零
2025-10-23 00:54:11 [TRACE] 窗口处于前台
2025-10-23 00:54:12 [TRACE] 发现已存在的游戏窗口:绝区零
2025-10-23 00:54:12 [TRACE] 窗口未激活，尝试恢复窗口
2025-10-23 00:54:13 [TRACE] 【目标检测】屏幕内没有目标
2025-10-23 00:54:13 [TRACE] 发现已存在的游戏窗口:绝区零
2025-10-23 00:54:13 [TRACE] 窗口处于前台
2025-10-23 00:54:13 [TRACE] 发现已存在的游戏窗口:绝区零
2025-10-23 00:54:13 [TRACE] 窗口处于前台
2025-10-23 00:54:14 [TRACE] 发现已存在的游戏窗口:绝区零
2025-10-23 00:54:14 [TRACE] 窗口处于前台
2025-10-23 00:54:14 [TRACE] 【目标检测】微调超时，无法对齐！
2025-10-23 00:54:14 [TRACE] 发现已存在的游戏窗口:绝区零
2025-10-23 00:54:14 [TRACE] 窗口处于前台
2025-10-23 00:54:15 [TRACE] 发现已存在的游戏窗口:绝区零
2025-10-23 00:54:15 [TRACE] 窗口处于前台
2025-10-23 00:54:15 [TRACE] 发现已存在的游戏窗口:绝区零
2025-10-23 00:54:15 [TRACE] 窗口处于前台
2025-10-23 00:54:16 [TRACE] 【空洞监听】无匹配已持续：33秒
2025-10-23 00:54:16 [TRACE] 发现已存在的游戏窗口:绝区零
2025-10-23 00:54:16 [TRACE] 窗口处于前台
2025-10-23 00:54:17 [TRACE] 发现已存在的游戏窗口:绝区零
2025-10-23 00:54:17 [TRACE] 窗口处于前台
2025-10-23 00:54:17 [TRACE] 发现已存在的游戏窗口:绝区零
2025-10-23 00:54:17 [TRACE] 窗口处于前台
2025-10-23 00:54:17 [TRACE] 【目标检测】TRAPPED！ 类型：interact 置信度：0.9154295325279236
2025-10-23 00:54:17 [TRACE] 发现已存在的游戏窗口:绝区零
2025-10-23 00:54:17 [TRACE] 窗口处于前台
2025-10-23 00:54:18 [TRACE] 发现已存在的游戏窗口:绝区零
2025-10-23 00:54:18 [TRACE] 窗口处于前台
2025-10-23 00:54:18 [TRACE] 发现已存在的游戏窗口:绝区零
2025-10-23 00:54:18 [TRACE] 窗口处于前台
2025-10-23 00:54:19 [TRACE] 发现已存在的游戏窗口:绝区零
2025-10-23 00:54:19 [TRACE] 窗口处于前台
2025-10-23 00:54:19 [TRACE] 发现已存在的游戏窗口:绝区零
2025-10-23 00:54:19 [TRACE] 窗口处于前台
2025-10-23 00:54:20 [TRACE] 发现已存在的游戏窗口:绝区零
2025-10-23 00:54:20 [TRACE] 窗口处于前台
2025-10-23 00:54:20 [TRACE] 发现已存在的游戏窗口:绝区零
2025-10-23 00:54:20 [TRACE] 窗口处于前台
2025-10-23 00:54:20 [TRACE] 发现已存在的游戏窗口:绝区零
2025-10-23 00:54:20 [TRACE] 窗口处于前台
2025-10-23 00:54:21 [TRACE] 发现已存在的游戏窗口:绝区零
2025-10-23 00:54:21 [TRACE] 窗口处于前台
2025-10-23 00:54:22 [TRACE] 发现已存在的游戏窗口:绝区零
2025-10-23 00:54:22 [TRACE] 窗口处于前台
